<?xml version="1.0" encoding="UTF-8" ?>
<testsuites name="vitest tests" tests="10033" failures="0" errors="0" time="111.8732645">
    <testsuite name="tests/hooks/use-lazy-query.test.ts" timestamp="2026-06-25T18:28:24.964Z" hostname="Desktop" tests="17" failures="0" errors="0" skipped="0" time="0.6250321">
        <testcase classname="tests/hooks/use-lazy-query.test.ts" name="useLazyQuery &gt; starts with data=null, loading=false, error=null" time="0.1213397">
        </testcase>
        <testcase classname="tests/hooks/use-lazy-query.test.ts" name="useLazyQuery &gt; trigger() runs the query and exposes the resolved data" time="0.0400395">
        </testcase>
        <testcase classname="tests/hooks/use-lazy-query.test.ts" name="useLazyQuery &gt; sets loading=true while the query is in flight" time="0.0287122">
        </testcase>
        <testcase classname="tests/hooks/use-lazy-query.test.ts" name="useLazyQuery &gt; captures the error string when the query rejects" time="0.0313701">
        </testcase>
        <testcase classname="tests/hooks/use-lazy-query.test.ts" name="useLazyQuery &gt; converts a non-Error rejection to a string via String()" time="0.0301957">
        </testcase>
        <testcase classname="tests/hooks/use-lazy-query.test.ts" name="useLazyQuery &gt; ignores a second trigger() call while the first is still loading" time="0.0062425">
        </testcase>
        <testcase classname="tests/hooks/use-lazy-query.test.ts" name="useLazyQuery &gt; does not create an observer when ref.current is null (no element attached)" time="0.0048231">
        </testcase>
        <testcase classname="tests/hooks/use-lazy-query.test.ts" name="useLazyQuery &gt; runs the query when the observed element enters the viewport" time="0.0207154">
        </testcase>
        <testcase classname="tests/hooks/use-lazy-query.test.ts" name="useLazyQuery &gt; does not run the query when the observed element is NOT intersecting" time="0.0052689">
        </testcase>
        <testcase classname="tests/hooks/use-lazy-query.test.ts" name="useLazyQuery &gt; does not re-run the query on a second intersection if already ran" time="0.0391947">
        </testcase>
        <testcase classname="tests/hooks/use-lazy-query.test.ts" name="useLazyQuery &gt; disconnects the IntersectionObserver on unmount" time="0.0082117">
        </testcase>
        <testcase classname="tests/hooks/use-lazy-query.test.ts" name="useLazyQuery &gt; falls back to an immediate run when IntersectionObserver is undefined" time="0.0757522">
        </testcase>
        <testcase classname="tests/hooks/use-lazy-query.test.ts" name="useLazyQuery &gt; fallback: does not run again when already ran before IO-undefined effect fires" time="0.0841252">
        </testcase>
        <testcase classname="tests/hooks/use-lazy-query.test.ts" name="useLazyQuery &gt; re-runs the query when deps change while already visible" time="0.0343879">
        </testcase>
        <testcase classname="tests/hooks/use-lazy-query.test.ts" name="useLazyQuery &gt; resets ran flag on dep change but does not re-run if not yet visible" time="0.0096662">
        </testcase>
        <testcase classname="tests/hooks/use-lazy-query.test.ts" name="useLazyQuery &gt; accepts no deps argument (defaults to empty array)" time="0.036051">
        </testcase>
        <testcase classname="tests/hooks/use-lazy-query.test.ts" name="useLazyQuery &gt; clears a previous error when the query succeeds on a subsequent trigger" time="0.0391412">
        </testcase>
    </testsuite>
    <testsuite name="tests/hooks/use-mobile.test.ts" timestamp="2026-06-25T18:28:24.968Z" hostname="Desktop" tests="9" failures="0" errors="0" skipped="0" time="0.1521685">
        <testcase classname="tests/hooks/use-mobile.test.ts" name="useIsMobile &gt; returns false when innerWidth is &gt;= 768 (desktop)" time="0.0670504">
        </testcase>
        <testcase classname="tests/hooks/use-mobile.test.ts" name="useIsMobile &gt; returns true when innerWidth is &lt; 768 (mobile)" time="0.0117466">
        </testcase>
        <testcase classname="tests/hooks/use-mobile.test.ts" name="useIsMobile &gt; returns false when innerWidth is exactly 768 (not mobile)" time="0.0099289">
        </testcase>
        <testcase classname="tests/hooks/use-mobile.test.ts" name="useIsMobile &gt; returns true when innerWidth is exactly 767 (mobile boundary)" time="0.0058739">
        </testcase>
        <testcase classname="tests/hooks/use-mobile.test.ts" name="useIsMobile &gt; updates to true when the media query change event fires and width drops below 768" time="0.0073933">
        </testcase>
        <testcase classname="tests/hooks/use-mobile.test.ts" name="useIsMobile &gt; updates to false when the media query change event fires and width rises above 768" time="0.0073667">
        </testcase>
        <testcase classname="tests/hooks/use-mobile.test.ts" name="useIsMobile &gt; removes the media query event listener when the component unmounts" time="0.0161423">
        </testcase>
        <testcase classname="tests/hooks/use-mobile.test.ts" name="useIsMobile &gt; calls matchMedia with the (max-width: 767px) query" time="0.0050194">
        </testcase>
        <testcase classname="tests/hooks/use-mobile.test.ts" name="useIsMobile &gt; always returns a strict boolean, not undefined" time="0.0058956">
        </testcase>
    </testsuite>
    <testsuite name="tests/electron/collab-pairing.test.ts" timestamp="2026-06-25T18:28:24.970Z" hostname="Desktop" tests="6" failures="0" errors="0" skipped="0" time="0.1820429">
        <testcase classname="tests/electron/collab-pairing.test.ts" name="generatePairingCode (hub, CSPRNG) &gt; always returns a 6-digit numeric string in [100000, 999999]" time="0.1573595">
        </testcase>
        <testcase classname="tests/electron/collab-pairing.test.ts" name="generatePairingCode (hub, CSPRNG) &gt; produces varied codes (not predictable/constant)" time="0.0041387">
        </testcase>
        <testcase classname="tests/electron/collab-pairing.test.ts" name="pairingCodesMatch (fail-closed, constant-time) &gt; returns true only for an exact match" time="0.0062677">
        </testcase>
        <testcase classname="tests/electron/collab-pairing.test.ts" name="pairingCodesMatch (fail-closed, constant-time) &gt; fails closed when the expected code is empty (no open-room bypass)" time="0.0011035">
        </testcase>
        <testcase classname="tests/electron/collab-pairing.test.ts" name="pairingCodesMatch (fail-closed, constant-time) &gt; fails closed when the supplied code is missing or empty" time="0.0029011">
        </testcase>
        <testcase classname="tests/electron/collab-pairing.test.ts" name="pairingCodesMatch (fail-closed, constant-time) &gt; returns false (never throws) on a length mismatch" time="0.000717">
        </testcase>
    </testsuite>
    <testsuite name="tests/electron/ipc-concurrency.test.ts" timestamp="2026-06-25T18:28:24.971Z" hostname="Desktop" tests="36" failures="0" errors="0" skipped="0" time="0.1248823">
        <testcase classname="tests/electron/ipc-concurrency.test.ts" name="ConcurrencyLimitError &gt; has code E_CONCURRENCY_LIMIT and name ConcurrencyLimitError" time="0.0067187">
        </testcase>
        <testcase classname="tests/electron/ipc-concurrency.test.ts" name="TaskTimeoutError &gt; has code E_TASK_TIMEOUT and name TaskTimeoutError" time="0.0015485">
        </testcase>
        <testcase classname="tests/electron/ipc-concurrency.test.ts" name="createConcurrencyLimiter &gt; runs a single task and returns its value" time="0.001766">
        </testcase>
        <testcase classname="tests/electron/ipc-concurrency.test.ts" name="createConcurrencyLimiter &gt; reports correct stats" time="0.0015295">
        </testcase>
        <testcase classname="tests/electron/ipc-concurrency.test.ts" name="createConcurrencyLimiter &gt; defaults maxQueue to maxConcurrent * 4 when undefined" time="0.0006994">
        </testcase>
        <testcase classname="tests/electron/ipc-concurrency.test.ts" name="createConcurrencyLimiter &gt; clamps maxConcurrent to at least 1" time="0.0006602">
        </testcase>
        <testcase classname="tests/electron/ipc-concurrency.test.ts" name="createConcurrencyLimiter &gt; clamps maxQueue to at least 0" time="0.0029558">
        </testcase>
        <testcase classname="tests/electron/ipc-concurrency.test.ts" name="createConcurrencyLimiter &gt; runs up to maxConcurrent tasks simultaneously" time="0.0031836">
        </testcase>
        <testcase classname="tests/electron/ipc-concurrency.test.ts" name="createConcurrencyLimiter &gt; queues tasks beyond maxConcurrent and drains them as slots free" time="0.0018591">
        </testcase>
        <testcase classname="tests/electron/ipc-concurrency.test.ts" name="createConcurrencyLimiter &gt; release() does not start a next task when the queue is empty" time="0.0006398">
        </testcase>
        <testcase classname="tests/electron/ipc-concurrency.test.ts" name="createConcurrencyLimiter &gt; rejects fast with ConcurrencyLimitError when the queue is full" time="0.018256">
        </testcase>
        <testcase classname="tests/electron/ipc-concurrency.test.ts" name="createConcurrencyLimiter &gt; releases the slot when a task rejects, allowing subsequent tasks to run" time="0.0195883">
        </testcase>
        <testcase classname="tests/electron/ipc-concurrency.test.ts" name="createConcurrencyLimiter &gt; queued task propagates rejection from the queued task itself" time="0.0011624">
        </testcase>
        <testcase classname="tests/electron/ipc-concurrency.test.ts" name="createConcurrencyLimiter &gt; handles maxQueue === 0 (no queue, immediate overflow)" time="0.0039322">
        </testcase>
        <testcase classname="tests/electron/ipc-concurrency.test.ts" name="createConcurrencyLimiter &gt; floors fractional maxConcurrent via Math.floor" time="0.0006139">
        </testcase>
        <testcase classname="tests/electron/ipc-concurrency.test.ts" name="createConcurrencyLimiter &gt; floors fractional maxQueue via Math.floor" time="0.0003557">
        </testcase>
        <testcase classname="tests/electron/ipc-concurrency.test.ts" name="withTimeout &gt; resolves with the task value when it finishes before the deadline" time="0.0008619">
        </testcase>
        <testcase classname="tests/electron/ipc-concurrency.test.ts" name="withTimeout &gt; runs without timeout when timeoutMs &lt;= 0 (zero)" time="0.0005154">
        </testcase>
        <testcase classname="tests/electron/ipc-concurrency.test.ts" name="withTimeout &gt; runs without timeout when timeoutMs is negative" time="0.0008777">
        </testcase>
        <testcase classname="tests/electron/ipc-concurrency.test.ts" name="withTimeout &gt; runs without timeout when timeoutMs is NaN (not finite)" time="0.0004236">
        </testcase>
        <testcase classname="tests/electron/ipc-concurrency.test.ts" name="withTimeout &gt; runs without timeout when timeoutMs is Infinity" time="0.000358">
        </testcase>
        <testcase classname="tests/electron/ipc-concurrency.test.ts" name="withTimeout &gt; rejects with TaskTimeoutError and aborts signal when deadline elapses" time="0.0115524">
        </testcase>
        <testcase classname="tests/electron/ipc-concurrency.test.ts" name="withTimeout &gt; task rejects with error before deadline — error propagates, timer cleared" time="0.0024737">
        </testcase>
        <testcase classname="tests/electron/ipc-concurrency.test.ts" name="withTimeout &gt; task rejects asynchronously before deadline — error propagates" time="0.0013208">
        </testcase>
        <testcase classname="tests/electron/ipc-concurrency.test.ts" name="withTimeout &gt; settled=true guard: timeout fires after task already resolved (no double settle)" time="0.0019388">
        </testcase>
        <testcase classname="tests/electron/ipc-concurrency.test.ts" name="withTimeout &gt; settled=true guard: timeout fires after task already rejected (no double settle)" time="0.002999">
        </testcase>
        <testcase classname="tests/electron/ipc-concurrency.test.ts" name="withTimeout &gt; settled=true guard: task resolves after timeout already fired (no double settle)" time="0.0028881">
        </testcase>
        <testcase classname="tests/electron/ipc-concurrency.test.ts" name="withTimeout &gt; uses injectable setTimeoutFn when provided" time="0.0048663">
        </testcase>
        <testcase classname="tests/electron/ipc-concurrency.test.ts" name="withTimeout &gt; uses injectable clearTimeoutFn when provided — handle is undefined" time="0.0021674">
        </testcase>
        <testcase classname="tests/electron/ipc-concurrency.test.ts" name="withTimeout &gt; uses default setTimeout/clearTimeout when no injectable provided" time="0.0007103">
        </testcase>
        <testcase classname="tests/electron/ipc-concurrency.test.ts" name="withTimeout &gt; task receives an AbortSignal that is not yet aborted while running" time="0.0008843">
        </testcase>
        <testcase classname="tests/electron/ipc-concurrency.test.ts" name="withTimeout &gt; signal is aborted after TaskTimeoutError fires" time="0.0025468">
        </testcase>
        <testcase classname="tests/electron/ipc-concurrency.test.ts" name="runBounded &gt; applies both the limiter and the timeout, returning the task value" time="0.0010053">
        </testcase>
        <testcase classname="tests/electron/ipc-concurrency.test.ts" name="runBounded &gt; rejects with ConcurrencyLimitError when the limiter queue is saturated" time="0.0008448">
        </testcase>
        <testcase classname="tests/electron/ipc-concurrency.test.ts" name="runBounded &gt; rejects with TaskTimeoutError when bounded task exceeds timeout" time="0.002732">
        </testcase>
        <testcase classname="tests/electron/ipc-concurrency.test.ts" name="runBounded &gt; passes AbortSignal to the task via runBounded" time="0.0068722">
        </testcase>
    </testsuite>
    <testsuite name="tests/electron/llama-service.test.ts" timestamp="2026-06-25T18:28:24.976Z" hostname="Desktop" tests="3" failures="0" errors="0" skipped="0" time="0.178229">
        <testcase classname="tests/electron/llama-service.test.ts" name="llama-service backend selection &gt; initializes CPU-only by default and never attempts a GPU backend" time="0.1142468">
        </testcase>
        <testcase classname="tests/electron/llama-service.test.ts" name="llama-service backend selection &gt; attempts a GPU backend only when DN_LLAMA_GPU is explicitly set" time="0.0111718">
        </testcase>
        <testcase classname="tests/electron/llama-service.test.ts" name="llama-service backend selection &gt; falls back to CPU when an opted-in GPU backend fails to initialize" time="0.0364372">
            <system-err>
[llama] GPU init failed, falling back to CPU: Error: vk::Queue::submit: ErrorDeviceLost
    at D:/data-navigator/tests/electron/llama-service.test.ts:76:30
    at file:///D:/data-navigator/node_modules/.pnpm/@vitest+runner@4.1.8/node_modules/@vitest/runner/dist/chunk-artifact.js:302:11
    at file:///D:/data-navigator/node_modules/.pnpm/@vitest+runner@4.1.8/node_modules/@vitest/runner/dist/chunk-artifact.js:1903:26
    at file:///D:/data-navigator/node_modules/.pnpm/@vitest+runner@4.1.8/node_modules/@vitest/runner/dist/chunk-artifact.js:2326:20
    at new Promise (&lt;anonymous&gt;)
    at runWithCancel (file:///D:/data-navigator/node_modules/.pnpm/@vitest+runner@4.1.8/node_modules/@vitest/runner/dist/chunk-artifact.js:2323:10)
    at file:///D:/data-navigator/node_modules/.pnpm/@vitest+runner@4.1.8/node_modules/@vitest/runner/dist/chunk-artifact.js:2305:20
    at new Promise (&lt;anonymous&gt;)
    at runWithTimeout (file:///D:/data-navigator/node_modules/.pnpm/@vitest+runner@4.1.8/node_modules/@vitest/runner/dist/chunk-artifact.js:2272:10)
    at file:///D:/data-navigator/node_modules/.pnpm/@vitest+runner@4.1.8/node_modules/@vitest/runner/dist/chunk-artifact.js:2955:64

            </system-err>
        </testcase>
    </testsuite>
    <testsuite name="tests/electron/security.test.ts" timestamp="2026-06-25T18:28:24.977Z" hostname="Desktop" tests="98" failures="0" errors="0" skipped="0" time="0.1869212">
        <testcase classname="tests/electron/security.test.ts" name="normalizePath &gt; resolves an absolute path unchanged" time="0.0181372">
        </testcase>
        <testcase classname="tests/electron/security.test.ts" name="normalizePath &gt; resolves a relative path to an absolute path" time="0.0007905">
        </testcase>
        <testcase classname="tests/electron/security.test.ts" name="isPathInside &gt; returns true when child is exactly the parent" time="0.0014087">
        </testcase>
        <testcase classname="tests/electron/security.test.ts" name="isPathInside &gt; returns true when child is nested inside parent" time="0.0042326">
        </testcase>
        <testcase classname="tests/electron/security.test.ts" name="isPathInside &gt; returns false when child is outside parent via .." time="0.000591">
        </testcase>
        <testcase classname="tests/electron/security.test.ts" name="isPathInside &gt; returns false when child traverses up from parent" time="0.0003827">
        </testcase>
        <testcase classname="tests/electron/security.test.ts" name="isPathInside &gt; returns false for completely unrelated paths" time="0.0003145">
        </testcase>
        <testcase classname="tests/electron/security.test.ts" name="isAllowedAppOrigin &gt; returns false for undefined" time="0.0037247">
        </testcase>
        <testcase classname="tests/electron/security.test.ts" name="isAllowedAppOrigin &gt; returns false for empty string" time="0.0006247">
        </testcase>
        <testcase classname="tests/electron/security.test.ts" name="isAllowedAppOrigin &gt; returns true for file:// origin" time="0.0003447">
        </testcase>
        <testcase classname="tests/electron/security.test.ts" name="isAllowedAppOrigin &gt; returns true for localhost origin" time="0.000363">
        </testcase>
        <testcase classname="tests/electron/security.test.ts" name="isAllowedAppOrigin &gt; returns true for 127.0.0.1 origin" time="0.0002518">
        </testcase>
        <testcase classname="tests/electron/security.test.ts" name="isAllowedAppOrigin &gt; returns false for a remote http origin" time="0.0051743">
        </testcase>
        <testcase classname="tests/electron/security.test.ts" name="isAllowedAppOrigin &gt; returns false for an invalid/malformed URL" time="0.0007145">
        </testcase>
        <testcase classname="tests/electron/security.test.ts" name="isAllowedAppOrigin &gt; returns false for data: URL" time="0.0004552">
        </testcase>
        <testcase classname="tests/electron/security.test.ts" name="isAllowedAppOrigin &gt; returns false for about:blank" time="0.0003089">
        </testcase>
        <testcase classname="tests/electron/security.test.ts" name="wantsMicrophone &gt; returns true when details is undefined" time="0.0044974">
        </testcase>
        <testcase classname="tests/electron/security.test.ts" name="wantsMicrophone &gt; returns true when details is null-ish (no details passed)" time="0.000418">
        </testcase>
        <testcase classname="tests/electron/security.test.ts" name="wantsMicrophone &gt; returns true when mediaTypes includes audio" time="0.0005667">
        </testcase>
        <testcase classname="tests/electron/security.test.ts" name="wantsMicrophone &gt; returns false when mediaTypes is present but does not include audio" time="0.0003634">
        </testcase>
        <testcase classname="tests/electron/security.test.ts" name="wantsMicrophone &gt; returns true when mediaType is audio" time="0.005457">
        </testcase>
        <testcase classname="tests/electron/security.test.ts" name="wantsMicrophone &gt; returns true when mediaType is unknown" time="0.0008674">
        </testcase>
        <testcase classname="tests/electron/security.test.ts" name="wantsMicrophone &gt; returns false when mediaType is video" time="0.0059136">
        </testcase>
        <testcase classname="tests/electron/security.test.ts" name="wantsMicrophone &gt; returns true when neither mediaTypes nor mediaType is set (empty details)" time="0.0014709">
        </testcase>
        <testcase classname="tests/electron/security.test.ts" name="wantsMicrophone &gt; returns false when mediaTypes is empty array" time="0.0004225">
        </testcase>
        <testcase classname="tests/electron/security.test.ts" name="getStringProperty &gt; returns the string value when valid" time="0.0004759">
        </testcase>
        <testcase classname="tests/electron/security.test.ts" name="getStringProperty &gt; throws when input is null" time="0.0032492">
        </testcase>
        <testcase classname="tests/electron/security.test.ts" name="getStringProperty &gt; throws when input is undefined" time="0.0006558">
        </testcase>
        <testcase classname="tests/electron/security.test.ts" name="getStringProperty &gt; throws when input is a number" time="0.004235">
        </testcase>
        <testcase classname="tests/electron/security.test.ts" name="getStringProperty &gt; throws when input is a string" time="0.0040698">
        </testcase>
        <testcase classname="tests/electron/security.test.ts" name="getStringProperty &gt; throws when property is missing" time="0.0026227">
        </testcase>
        <testcase classname="tests/electron/security.test.ts" name="getStringProperty &gt; throws when property is an empty string" time="0.0008219">
        </testcase>
        <testcase classname="tests/electron/security.test.ts" name="getStringProperty &gt; throws when property is only whitespace" time="0.0005429">
        </testcase>
        <testcase classname="tests/electron/security.test.ts" name="getStringProperty &gt; throws when property is a number" time="0.0007372">
        </testcase>
        <testcase classname="tests/electron/security.test.ts" name="getStringProperty &gt; returns string with whitespace (non-empty after trim check)" time="0.0003652">
        </testcase>
        <testcase classname="tests/electron/security.test.ts" name="PathAccessController &gt; dataDir getter &gt; returns the normalized data dir" time="0.0009527">
        </testcase>
        <testcase classname="tests/electron/security.test.ts" name="PathAccessController &gt; isInsideDataDir &gt; returns true for a path inside data dir" time="0.0006875">
        </testcase>
        <testcase classname="tests/electron/security.test.ts" name="PathAccessController &gt; isInsideDataDir &gt; returns false for a path outside data dir" time="0.0004252">
        </testcase>
        <testcase classname="tests/electron/security.test.ts" name="PathAccessController &gt; rememberReadPath + assertAllowedReadPath &gt; allows a path after rememberReadPath" time="0.0039581">
        </testcase>
        <testcase classname="tests/electron/security.test.ts" name="PathAccessController &gt; rememberReadPath + assertAllowedReadPath &gt; allows a file inside a remembered read directory" time="0.0017761">
        </testcase>
        <testcase classname="tests/electron/security.test.ts" name="PathAccessController &gt; rememberReadPath + assertAllowedReadPath &gt; allows a path inside the data dir without explicit remember" time="0.0010579">
        </testcase>
        <testcase classname="tests/electron/security.test.ts" name="PathAccessController &gt; rememberReadPath + assertAllowedReadPath &gt; throws for an untrusted path not remembered and not in data dir" time="0.0012491">
        </testcase>
        <testcase classname="tests/electron/security.test.ts" name="PathAccessController &gt; rememberReadPath + assertAllowedReadPath &gt; iterates multiple allowed directories and finds a match on the second one (covers loop false branch)" time="0.0007154">
        </testcase>
        <testcase classname="tests/electron/security.test.ts" name="PathAccessController &gt; rememberReadPath + assertAllowedReadPath &gt; iterates allowed directories and throws when none match (covers loop false branch then throw)" time="0.0014472">
        </testcase>
        <testcase classname="tests/electron/security.test.ts" name="PathAccessController &gt; rememberSavePath + assertAllowedWritePath &gt; allows write to a remembered save path" time="0.0008674">
        </testcase>
        <testcase classname="tests/electron/security.test.ts" name="PathAccessController &gt; rememberSavePath + assertAllowedWritePath &gt; allows write to a path inside data dir" time="0.0005648">
        </testcase>
        <testcase classname="tests/electron/security.test.ts" name="PathAccessController &gt; rememberSavePath + assertAllowedWritePath &gt; throws for an untrusted write path" time="0.0006252">
        </testcase>
        <testcase classname="tests/electron/security.test.ts" name="PathAccessController &gt; assertAllowedDeletePath &gt; allows delete for a path inside data dir" time="0.0005248">
        </testcase>
        <testcase classname="tests/electron/security.test.ts" name="PathAccessController &gt; assertAllowedDeletePath &gt; throws for a path outside data dir" time="0.000618">
        </testcase>
        <testcase classname="tests/electron/security.test.ts" name="PathAccessController &gt; rememberDirectory + assertAllowedDirectoryPath &gt; allows a directory after rememberDirectory" time="0.0012231">
        </testcase>
        <testcase classname="tests/electron/security.test.ts" name="PathAccessController &gt; rememberDirectory + assertAllowedDirectoryPath &gt; allows data dir itself as a directory" time="0.000554">
        </testcase>
        <testcase classname="tests/electron/security.test.ts" name="PathAccessController &gt; rememberDirectory + assertAllowedDirectoryPath &gt; allows a subdirectory of data dir" time="0.0006446">
        </testcase>
        <testcase classname="tests/electron/security.test.ts" name="PathAccessController &gt; rememberDirectory + assertAllowedDirectoryPath &gt; throws for an untrusted directory path" time="0.0008675">
        </testcase>
        <testcase classname="tests/electron/security.test.ts" name="CROSS_ORIGIN_ISOLATION_HEADERS &gt; has the correct keys and values" time="0.0027828">
        </testcase>
        <testcase classname="tests/electron/security.test.ts" name="withCrossOriginIsolationHeaders &gt; adds isolation headers when responseHeaders is undefined" time="0.0015229">
        </testcase>
        <testcase classname="tests/electron/security.test.ts" name="withCrossOriginIsolationHeaders &gt; adds isolation headers when responseHeaders is empty" time="0.0004966">
        </testcase>
        <testcase classname="tests/electron/security.test.ts" name="withCrossOriginIsolationHeaders &gt; keeps unmanaged headers and adds isolation headers" time="0.0005326">
        </testcase>
        <testcase classname="tests/electron/security.test.ts" name="withCrossOriginIsolationHeaders &gt; strips existing managed headers (any casing) and replaces with policy" time="0.0006555">
        </testcase>
        <testcase classname="tests/electron/security.test.ts" name="withCrossOriginIsolationHeaders &gt; handles string array values in response headers" time="0.0010313">
        </testcase>
        <testcase classname="tests/electron/security.test.ts" name="buildRendererCsp &gt; returns enforce and reportOnly strings for dev=false" time="0.0014945">
        </testcase>
        <testcase classname="tests/electron/security.test.ts" name="buildRendererCsp &gt; includes unsafe-eval in enforce when dev=true" time="0.0004857">
        </testcase>
        <testcase classname="tests/electron/security.test.ts" name="buildRendererCsp &gt; enforce includes unsafe-inline style-src when not strict" time="0.000466">
        </testcase>
        <testcase classname="tests/electron/security.test.ts" name="buildRendererCsp &gt; reportOnly does not include unsafe-inline style-src (strict)" time="0.000521">
        </testcase>
        <testcase classname="tests/electron/security.test.ts" name="buildRendererCsp &gt; both include wasm-unsafe-eval" time="0.0004088">
        </testcase>
        <testcase classname="tests/electron/security.test.ts" name="buildRendererCsp &gt; includes worker-src self blob:" time="0.0006198">
        </testcase>
        <testcase classname="tests/electron/security.test.ts" name="STATIC_SECURITY_HEADERS &gt; contains X-Content-Type-Options: nosniff" time="0.001445">
        </testcase>
        <testcase classname="tests/electron/security.test.ts" name="STATIC_SECURITY_HEADERS &gt; contains X-Frame-Options: SAMEORIGIN" time="0.0004999">
        </testcase>
        <testcase classname="tests/electron/security.test.ts" name="STATIC_SECURITY_HEADERS &gt; contains Referrer-Policy: no-referrer" time="0.0004427">
        </testcase>
        <testcase classname="tests/electron/security.test.ts" name="withRendererSecurityHeaders &gt; adds all security headers to empty headers, dev=false, enforceCsp default" time="0.0010764">
        </testcase>
        <testcase classname="tests/electron/security.test.ts" name="withRendererSecurityHeaders &gt; does not include CSP enforce header when enforceCsp=false" time="0.0004775">
        </testcase>
        <testcase classname="tests/electron/security.test.ts" name="withRendererSecurityHeaders &gt; includes CSP enforce header when enforceCsp=true explicitly" time="0.0010436">
        </testcase>
        <testcase classname="tests/electron/security.test.ts" name="withRendererSecurityHeaders &gt; strips existing security-related headers (case-insensitive)" time="0.0007891">
        </testcase>
        <testcase classname="tests/electron/security.test.ts" name="withRendererSecurityHeaders &gt; keeps unmanaged headers" time="0.0013228">
        </testcase>
        <testcase classname="tests/electron/security.test.ts" name="withRendererSecurityHeaders &gt; includes unsafe-eval in CSP when dev=true" time="0.0012735">
        </testcase>
        <testcase classname="tests/electron/security.test.ts" name="isLoopbackHostname &gt; returns false for undefined" time="0.0004882">
        </testcase>
        <testcase classname="tests/electron/security.test.ts" name="isLoopbackHostname &gt; returns false for empty string" time="0.0003146">
        </testcase>
        <testcase classname="tests/electron/security.test.ts" name="isLoopbackHostname &gt; returns true for 127.0.0.1" time="0.0003356">
        </testcase>
        <testcase classname="tests/electron/security.test.ts" name="isLoopbackHostname &gt; returns true for localhost" time="0.0002955">
        </testcase>
        <testcase classname="tests/electron/security.test.ts" name="isLoopbackHostname &gt; returns true for ::1" time="0.0010141">
        </testcase>
        <testcase classname="tests/electron/security.test.ts" name="isLoopbackHostname &gt; returns true for [::1]" time="0.0003781">
        </testcase>
        <testcase classname="tests/electron/security.test.ts" name="isLoopbackHostname &gt; returns false for external hostname" time="0.0002772">
        </testcase>
        <testcase classname="tests/electron/security.test.ts" name="isLoopbackHostname &gt; is case-insensitive and trims whitespace" time="0.0002764">
        </testcase>
        <testcase classname="tests/electron/security.test.ts" name="assertLoopbackHostname &gt; returns the hostname when it is a loopback address" time="0.0006693">
        </testcase>
        <testcase classname="tests/electron/security.test.ts" name="assertLoopbackHostname &gt; throws for a non-loopback hostname" time="0.0018923">
        </testcase>
        <testcase classname="tests/electron/security.test.ts" name="assertLoopbackHostname &gt; throws for an external domain" time="0.0005361">
        </testcase>
        <testcase classname="tests/electron/security.test.ts" name="loadOrCreateAuthSecret &gt; returns existing secret when file exists and secret is long enough" time="0.0053498">
        </testcase>
        <testcase classname="tests/electron/security.test.ts" name="loadOrCreateAuthSecret &gt; generates a new secret when file exists but secret is too short" time="0.0120947">
        </testcase>
        <testcase classname="tests/electron/security.test.ts" name="loadOrCreateAuthSecret &gt; generates and writes a new secret when file does not exist" time="0.011844">
        </testcase>
        <testcase classname="tests/electron/security.test.ts" name="loadOrCreateAuthSecret &gt; each new secret is a 64-char hex string" time="0.0007118">
        </testcase>
        <testcase classname="tests/electron/security.test.ts" name="ensureAuthSecretEnv &gt; returns existing env var when it is long enough (&gt;= 32 chars)" time="0.0058765">
        </testcase>
        <testcase classname="tests/electron/security.test.ts" name="ensureAuthSecretEnv &gt; loads/creates secret when env var is not set" time="0.0009797">
        </testcase>
        <testcase classname="tests/electron/security.test.ts" name="ensureAuthSecretEnv &gt; loads/creates secret when env var is too short" time="0.0007342">
        </testcase>
        <testcase classname="tests/electron/security.test.ts" name="ensureAuthSecretEnv &gt; loads/creates secret when env var is whitespace-only" time="0.0013827">
        </testcase>
        <testcase classname="tests/electron/security.test.ts" name="PRODUCTION_FUSE_CONFIG &gt; has RunAsNode set to false" time="0.0010746">
        </testcase>
        <testcase classname="tests/electron/security.test.ts" name="PRODUCTION_FUSE_CONFIG &gt; has EnableCookieEncryption set to true" time="0.0003257">
        </testcase>
        <testcase classname="tests/electron/security.test.ts" name="PRODUCTION_FUSE_CONFIG &gt; has OnlyLoadAppFromAsar set to true" time="0.0003595">
        </testcase>
        <testcase classname="tests/electron/security.test.ts" name="PRODUCTION_FUSE_CONFIG &gt; has GrantFileProtocolExtraPrivileges set to false" time="0.0003016">
        </testcase>
        <testcase classname="tests/electron/security.test.ts" name="PRODUCTION_FUSE_CONFIG &gt; has LoadBrowserProcessSpecificV8Snapshot set to true" time="0.0012556">
        </testcase>
    </testsuite>
    <testsuite name="tests/electron/sql-guard.test.ts" timestamp="2026-06-25T18:28:24.989Z" hostname="Desktop" tests="72" failures="0" errors="0" skipped="0" time="0.1369461">
        <testcase classname="tests/electron/sql-guard.test.ts" name="assertSafeFilterFragment &gt; returns the original string when the fragment is safe" time="0.011609">
        </testcase>
        <testcase classname="tests/electron/sql-guard.test.ts" name="assertSafeFilterFragment &gt; returns an empty string fragment without throwing" time="0.0165094">
        </testcase>
        <testcase classname="tests/electron/sql-guard.test.ts" name="assertSafeFilterFragment &gt; returns a simple numeric comparison without throwing" time="0.0006455">
        </testcase>
        <testcase classname="tests/electron/sql-guard.test.ts" name="assertSafeFilterFragment &gt; returns a multi-condition LIKE fragment without throwing" time="0.0004004">
        </testcase>
        <testcase classname="tests/electron/sql-guard.test.ts" name="assertSafeFilterFragment &gt; returns a fragment with IN list without throwing" time="0.0045761">
        </testcase>
        <testcase classname="tests/electron/sql-guard.test.ts" name="assertSafeFilterFragment &gt; returns a fragment with IS NULL / IS NOT NULL without throwing" time="0.0006814">
        </testcase>
        <testcase classname="tests/electron/sql-guard.test.ts" name="assertSafeFilterFragment &gt; throws on a bare semicolon injection" time="0.0023913">
        </testcase>
        <testcase classname="tests/electron/sql-guard.test.ts" name="assertSafeFilterFragment &gt; throws on a semicolon used to chain ATTACH" time="0.0012473">
        </testcase>
        <testcase classname="tests/electron/sql-guard.test.ts" name="assertSafeFilterFragment &gt; does NOT throw when a semicolon appears only inside a string literal" time="0.0007488">
        </testcase>
        <testcase classname="tests/electron/sql-guard.test.ts" name="assertSafeFilterFragment &gt; throws when a semicolon appears after a string literal (outside it)" time="0.0009018">
        </testcase>
        <testcase classname="tests/electron/sql-guard.test.ts" name="assertSafeFilterFragment &gt; throws on double-dash comment" time="0.0007321">
        </testcase>
        <testcase classname="tests/electron/sql-guard.test.ts" name="assertSafeFilterFragment &gt; throws on block comment open (/*)" time="0.0007056">
        </testcase>
        <testcase classname="tests/electron/sql-guard.test.ts" name="assertSafeFilterFragment &gt; throws on block comment close (*/) used to end an injected open" time="0.001555">
        </testcase>
        <testcase classname="tests/electron/sql-guard.test.ts" name="assertSafeFilterFragment &gt; does NOT throw when -- appears only inside a string literal" time="0.0004438">
        </testcase>
        <testcase classname="tests/electron/sql-guard.test.ts" name="assertSafeFilterFragment &gt; does NOT throw when /* appears only inside a string literal" time="0.0003902">
        </testcase>
        <testcase classname="tests/electron/sql-guard.test.ts" name="assertSafeFilterFragment &gt; throws on keyword CREATE (uppercase)" time="0.005549">
        </testcase>
        <testcase classname="tests/electron/sql-guard.test.ts" name="assertSafeFilterFragment &gt; throws on keyword CREATE (lowercase)" time="0.005073">
        </testcase>
        <testcase classname="tests/electron/sql-guard.test.ts" name="assertSafeFilterFragment &gt; throws on keyword DROP (uppercase)" time="0.0006487">
        </testcase>
        <testcase classname="tests/electron/sql-guard.test.ts" name="assertSafeFilterFragment &gt; throws on keyword DROP (lowercase)" time="0.0005298">
        </testcase>
        <testcase classname="tests/electron/sql-guard.test.ts" name="assertSafeFilterFragment &gt; throws on keyword ALTER (uppercase)" time="0.0003438">
        </testcase>
        <testcase classname="tests/electron/sql-guard.test.ts" name="assertSafeFilterFragment &gt; throws on keyword ALTER (lowercase)" time="0.0070761">
        </testcase>
        <testcase classname="tests/electron/sql-guard.test.ts" name="assertSafeFilterFragment &gt; throws on keyword INSERT (uppercase)" time="0.0019078">
        </testcase>
        <testcase classname="tests/electron/sql-guard.test.ts" name="assertSafeFilterFragment &gt; throws on keyword INSERT (lowercase)" time="0.0038835">
        </testcase>
        <testcase classname="tests/electron/sql-guard.test.ts" name="assertSafeFilterFragment &gt; throws on keyword UPDATE (uppercase)" time="0.0007752">
        </testcase>
        <testcase classname="tests/electron/sql-guard.test.ts" name="assertSafeFilterFragment &gt; throws on keyword UPDATE (lowercase)" time="0.0081804">
        </testcase>
        <testcase classname="tests/electron/sql-guard.test.ts" name="assertSafeFilterFragment &gt; throws on keyword DELETE (uppercase)" time="0.0012655">
        </testcase>
        <testcase classname="tests/electron/sql-guard.test.ts" name="assertSafeFilterFragment &gt; throws on keyword DELETE (lowercase)" time="0.0040698">
        </testcase>
        <testcase classname="tests/electron/sql-guard.test.ts" name="assertSafeFilterFragment &gt; throws on keyword COPY (uppercase)" time="0.0004721">
        </testcase>
        <testcase classname="tests/electron/sql-guard.test.ts" name="assertSafeFilterFragment &gt; throws on keyword COPY (lowercase)" time="0.0064494">
        </testcase>
        <testcase classname="tests/electron/sql-guard.test.ts" name="assertSafeFilterFragment &gt; throws on keyword EXPORT (uppercase)" time="0.0004273">
        </testcase>
        <testcase classname="tests/electron/sql-guard.test.ts" name="assertSafeFilterFragment &gt; throws on keyword EXPORT (lowercase)" time="0.0002809">
        </testcase>
        <testcase classname="tests/electron/sql-guard.test.ts" name="assertSafeFilterFragment &gt; throws on keyword IMPORT (uppercase)" time="0.0002647">
        </testcase>
        <testcase classname="tests/electron/sql-guard.test.ts" name="assertSafeFilterFragment &gt; throws on keyword IMPORT (lowercase)" time="0.0002706">
        </testcase>
        <testcase classname="tests/electron/sql-guard.test.ts" name="assertSafeFilterFragment &gt; throws on keyword ATTACH (uppercase)" time="0.0002767">
        </testcase>
        <testcase classname="tests/electron/sql-guard.test.ts" name="assertSafeFilterFragment &gt; throws on keyword ATTACH (lowercase)" time="0.000276">
        </testcase>
        <testcase classname="tests/electron/sql-guard.test.ts" name="assertSafeFilterFragment &gt; throws on keyword DETACH (uppercase)" time="0.0003091">
        </testcase>
        <testcase classname="tests/electron/sql-guard.test.ts" name="assertSafeFilterFragment &gt; throws on keyword DETACH (lowercase)" time="0.0002828">
        </testcase>
        <testcase classname="tests/electron/sql-guard.test.ts" name="assertSafeFilterFragment &gt; throws on keyword INSTALL (uppercase)" time="0.0003359">
        </testcase>
        <testcase classname="tests/electron/sql-guard.test.ts" name="assertSafeFilterFragment &gt; throws on keyword INSTALL (lowercase)" time="0.0003355">
        </testcase>
        <testcase classname="tests/electron/sql-guard.test.ts" name="assertSafeFilterFragment &gt; throws on keyword LOAD (uppercase)" time="0.0002882">
        </testcase>
        <testcase classname="tests/electron/sql-guard.test.ts" name="assertSafeFilterFragment &gt; throws on keyword LOAD (lowercase)" time="0.0003651">
        </testcase>
        <testcase classname="tests/electron/sql-guard.test.ts" name="assertSafeFilterFragment &gt; throws on keyword CALL (uppercase)" time="0.000371">
        </testcase>
        <testcase classname="tests/electron/sql-guard.test.ts" name="assertSafeFilterFragment &gt; throws on keyword CALL (lowercase)" time="0.0004445">
        </testcase>
        <testcase classname="tests/electron/sql-guard.test.ts" name="assertSafeFilterFragment &gt; throws on keyword PRAGMA (uppercase)" time="0.0002751">
        </testcase>
        <testcase classname="tests/electron/sql-guard.test.ts" name="assertSafeFilterFragment &gt; throws on keyword PRAGMA (lowercase)" time="0.0002925">
        </testcase>
        <testcase classname="tests/electron/sql-guard.test.ts" name="assertSafeFilterFragment &gt; throws on keyword SET (uppercase)" time="0.0004263">
        </testcase>
        <testcase classname="tests/electron/sql-guard.test.ts" name="assertSafeFilterFragment &gt; throws on keyword SET (lowercase)" time="0.000369">
        </testcase>
        <testcase classname="tests/electron/sql-guard.test.ts" name="assertSafeFilterFragment &gt; does NOT throw when a keyword appears only inside a string literal" time="0.0003612">
        </testcase>
        <testcase classname="tests/electron/sql-guard.test.ts" name="assertSafeFilterFragment &gt; does NOT throw when DROP appears only inside a string literal" time="0.0004674">
        </testcase>
        <testcase classname="tests/electron/sql-guard.test.ts" name="assertSafeFilterFragment &gt; does NOT throw when SET appears only inside a string literal" time="0.0002991">
        </testcase>
        <testcase classname="tests/electron/sql-guard.test.ts" name="assertSafeFilterFragment &gt; throws on keyword with mixed case (case-insensitive check)" time="0.0004733">
        </testcase>
        <testcase classname="tests/electron/sql-guard.test.ts" name="assertSafeFilterFragment &gt; throws on file/IO function: read_csv" time="0.0009382">
        </testcase>
        <testcase classname="tests/electron/sql-guard.test.ts" name="assertSafeFilterFragment &gt; throws on file/IO function: read_csv_auto" time="0.0004479">
        </testcase>
        <testcase classname="tests/electron/sql-guard.test.ts" name="assertSafeFilterFragment &gt; throws on file/IO function: read_parquet" time="0.0004321">
        </testcase>
        <testcase classname="tests/electron/sql-guard.test.ts" name="assertSafeFilterFragment &gt; throws on file/IO function: parquet_metadata" time="0.0003677">
        </testcase>
        <testcase classname="tests/electron/sql-guard.test.ts" name="assertSafeFilterFragment &gt; throws on file/IO function: parquet_schema" time="0.0008426">
        </testcase>
        <testcase classname="tests/electron/sql-guard.test.ts" name="assertSafeFilterFragment &gt; throws on file/IO function: read_json" time="0.0004296">
        </testcase>
        <testcase classname="tests/electron/sql-guard.test.ts" name="assertSafeFilterFragment &gt; throws on file/IO function: read_json_auto" time="0.000357">
        </testcase>
        <testcase classname="tests/electron/sql-guard.test.ts" name="assertSafeFilterFragment &gt; throws on file/IO function: read_json_objects" time="0.0003398">
        </testcase>
        <testcase classname="tests/electron/sql-guard.test.ts" name="assertSafeFilterFragment &gt; throws on file/IO function: read_ndjson" time="0.000845">
        </testcase>
        <testcase classname="tests/electron/sql-guard.test.ts" name="assertSafeFilterFragment &gt; throws on file/IO function: read_ndjson_auto" time="0.0005711">
        </testcase>
        <testcase classname="tests/electron/sql-guard.test.ts" name="assertSafeFilterFragment &gt; throws on file/IO function: read_text" time="0.0004551">
        </testcase>
        <testcase classname="tests/electron/sql-guard.test.ts" name="assertSafeFilterFragment &gt; throws on file/IO function: read_blob" time="0.0003305">
        </testcase>
        <testcase classname="tests/electron/sql-guard.test.ts" name="assertSafeFilterFragment &gt; throws on file/IO function: sniff_csv" time="0.0004256">
        </testcase>
        <testcase classname="tests/electron/sql-guard.test.ts" name="assertSafeFilterFragment &gt; throws on file/IO function: glob" time="0.0005652">
        </testcase>
        <testcase classname="tests/electron/sql-guard.test.ts" name="assertSafeFilterFragment &gt; throws on file/IO function: getenv" time="0.0041346">
        </testcase>
        <testcase classname="tests/electron/sql-guard.test.ts" name="assertSafeFilterFragment &gt; does NOT throw when read_csv appears only inside a string literal" time="0.0005456">
        </testcase>
        <testcase classname="tests/electron/sql-guard.test.ts" name="assertSafeFilterFragment &gt; handles &apos;&apos; (escaped single quote inside string literal) correctly" time="0.0004676">
        </testcase>
        <testcase classname="tests/electron/sql-guard.test.ts" name="assertSafeFilterFragment &gt; throws when injection follows a string with escaped quote" time="0.0005733">
        </testcase>
        <testcase classname="tests/electron/sql-guard.test.ts" name="assertSafeFilterFragment &gt; strips multiple adjacent string literals before inspection" time="0.0002682">
        </testcase>
        <testcase classname="tests/electron/sql-guard.test.ts" name="assertSafeFilterFragment &gt; throws on read_csv with uppercase R (case-insensitive match)" time="0.0004028">
        </testcase>
        <testcase classname="tests/electron/sql-guard.test.ts" name="assertSafeFilterFragment &gt; throws on parquet_ with a custom suffix (wildcard \w+)" time="0.0034722">
        </testcase>
    </testsuite>
    <testsuite name="tests/security/auth-db-encryption.test.ts" timestamp="2026-06-25T18:28:24.999Z" hostname="Desktop" tests="17" failures="0" errors="0" skipped="0" time="0.0223851">
        <testcase classname="tests/security/auth-db-encryption.test.ts" name="isAuthDbEncryptionRequested (DEFAULT OFF) &gt; is OFF when unset" time="0.0045687">
        </testcase>
        <testcase classname="tests/security/auth-db-encryption.test.ts" name="isAuthDbEncryptionRequested (DEFAULT OFF) &gt; is OFF for empty / disabling values" time="0.0010382">
        </testcase>
        <testcase classname="tests/security/auth-db-encryption.test.ts" name="isAuthDbEncryptionRequested (DEFAULT OFF) &gt; is ON only for explicit enabling values (case-insensitive, trimmed)" time="0.0008955">
        </testcase>
        <testcase classname="tests/security/auth-db-encryption.test.ts" name="normalizeDekHex / resolveDekFromEnv &gt; accepts a 64-char hex key (lowercased)" time="0.0008939">
        </testcase>
        <testcase classname="tests/security/auth-db-encryption.test.ts" name="normalizeDekHex / resolveDekFromEnv &gt; rejects wrong length / non-hex / undefined" time="0.0008127">
        </testcase>
        <testcase classname="tests/security/auth-db-encryption.test.ts" name="normalizeDekHex / resolveDekFromEnv &gt; resolves from the env var" time="0.0005845">
        </testcase>
        <testcase classname="tests/security/auth-db-encryption.test.ts" name="decideAuthDbPlan &gt; flag OFF → plaintext (prior behavior), regardless of key/db" time="0.001993">
        </testcase>
        <testcase classname="tests/security/auth-db-encryption.test.ts" name="decideAuthDbPlan &gt; flag ON + no key → plaintext (refuse to lock out the DB)" time="0.0005762">
        </testcase>
        <testcase classname="tests/security/auth-db-encryption.test.ts" name="decideAuthDbPlan &gt; flag ON + key + no existing DB → encrypted, no migration" time="0.0004948">
        </testcase>
        <testcase classname="tests/security/auth-db-encryption.test.ts" name="decideAuthDbPlan &gt; flag ON + key + already-encrypted DB → encrypted, no migration" time="0.0003884">
        </testcase>
        <testcase classname="tests/security/auth-db-encryption.test.ts" name="decideAuthDbPlan &gt; flag ON + key + existing PLAINTEXT DB → encrypted WITH migration" time="0.000382">
        </testcase>
        <testcase classname="tests/security/auth-db-encryption.test.ts" name="backup / temp path derivation &gt; appends the documented suffixes" time="0.0005016">
        </testcase>
        <testcase classname="tests/security/auth-db-encryption.test.ts" name="looksLikePlaintextSqlite (migration safety probe) &gt; recognizes the unencrypted SQLite magic header" time="0.0003916">
        </testcase>
        <testcase classname="tests/security/auth-db-encryption.test.ts" name="looksLikePlaintextSqlite (migration safety probe) &gt; rejects the printable magic WITHOUT the trailing NUL (wrong 16th byte)" time="0.0003078">
        </testcase>
        <testcase classname="tests/security/auth-db-encryption.test.ts" name="looksLikePlaintextSqlite (migration safety probe) &gt; treats encrypted/garbled headers as NOT plaintext (bias to no migration)" time="0.0003044">
        </testcase>
        <testcase classname="tests/security/auth-db-encryption.test.ts" name="looksLikePlaintextSqlite (migration safety probe) &gt; treats short / empty reads as NOT plaintext" time="0.0003891">
        </testcase>
        <testcase classname="tests/security/auth-db-encryption.test.ts" name="looksLikePlaintextSqlite (migration safety probe) &gt; works with a Uint8Array as well as a Buffer" time="0.0002771">
        </testcase>
    </testsuite>
    <testsuite name="tests/security/electron-security.test.ts" timestamp="2026-06-25T18:28:25.001Z" hostname="Desktop" tests="47" failures="0" errors="0" skipped="0" time="0.1952651">
        <testcase classname="tests/security/electron-security.test.ts" name="normalizePath &gt; resolves to an absolute path" time="0.003732">
        </testcase>
        <testcase classname="tests/security/electron-security.test.ts" name="normalizePath &gt; collapses traversal segments" time="0.0005565">
        </testcase>
        <testcase classname="tests/security/electron-security.test.ts" name="isPathInside &gt; accepts the parent itself" time="0.0007523">
        </testcase>
        <testcase classname="tests/security/electron-security.test.ts" name="isPathInside &gt; accepts nested children" time="0.0005706">
        </testcase>
        <testcase classname="tests/security/electron-security.test.ts" name="isPathInside &gt; rejects siblings" time="0.000437">
        </testcase>
        <testcase classname="tests/security/electron-security.test.ts" name="isPathInside &gt; rejects path-traversal escapes" time="0.0003493">
        </testcase>
        <testcase classname="tests/security/electron-security.test.ts" name="isPathInside &gt; rejects a parent of the parent" time="0.0003232">
        </testcase>
        <testcase classname="tests/security/electron-security.test.ts" name="isAllowedAppOrigin &gt; allows file:// origins" time="0.0004431">
        </testcase>
        <testcase classname="tests/security/electron-security.test.ts" name="isAllowedAppOrigin &gt; allows localhost and 127.0.0.1" time="0.0005319">
        </testcase>
        <testcase classname="tests/security/electron-security.test.ts" name="isAllowedAppOrigin &gt; rejects remote origins" time="0.0003821">
        </testcase>
        <testcase classname="tests/security/electron-security.test.ts" name="isAllowedAppOrigin &gt; rejects empty / malformed / undefined" time="0.0005024">
        </testcase>
        <testcase classname="tests/security/electron-security.test.ts" name="wantsMicrophone &gt; defaults to true when details are absent" time="0.0004675">
        </testcase>
        <testcase classname="tests/security/electron-security.test.ts" name="wantsMicrophone &gt; reads the mediaTypes array" time="0.0010236">
        </testcase>
        <testcase classname="tests/security/electron-security.test.ts" name="wantsMicrophone &gt; reads the singular mediaType" time="0.0013887">
        </testcase>
        <testcase classname="tests/security/electron-security.test.ts" name="wantsMicrophone &gt; fails open (true) when details carry neither mediaTypes nor mediaType" time="0.0005249">
        </testcase>
        <testcase classname="tests/security/electron-security.test.ts" name="getStringProperty &gt; returns a valid non-empty string" time="0.0004465">
        </testcase>
        <testcase classname="tests/security/electron-security.test.ts" name="getStringProperty &gt; throws for non-object input" time="0.0020469">
        </testcase>
        <testcase classname="tests/security/electron-security.test.ts" name="getStringProperty &gt; throws for missing / empty / non-string values" time="0.0008081">
        </testcase>
        <testcase classname="tests/security/electron-security.test.ts" name="PathAccessController &gt; exposes a normalized data dir" time="0.0008047">
        </testcase>
        <testcase classname="tests/security/electron-security.test.ts" name="PathAccessController &gt; reads &gt; allows reads inside the data dir" time="0.0027275">
        </testcase>
        <testcase classname="tests/security/electron-security.test.ts" name="PathAccessController &gt; reads &gt; denies arbitrary reads by default" time="0.0007228">
        </testcase>
        <testcase classname="tests/security/electron-security.test.ts" name="PathAccessController &gt; reads &gt; allows a read after the file was remembered (dialog selection)" time="0.0003775">
        </testcase>
        <testcase classname="tests/security/electron-security.test.ts" name="PathAccessController &gt; reads &gt; allows reads under a remembered directory but not its siblings" time="0.0067158">
        </testcase>
        <testcase classname="tests/security/electron-security.test.ts" name="PathAccessController &gt; reads &gt; blocks traversal out of a remembered directory" time="0.0008419">
        </testcase>
        <testcase classname="tests/security/electron-security.test.ts" name="PathAccessController &gt; writes &gt; allows writes inside the data dir" time="0.0006067">
        </testcase>
        <testcase classname="tests/security/electron-security.test.ts" name="PathAccessController &gt; writes &gt; denies arbitrary writes by default" time="0.0008417">
        </testcase>
        <testcase classname="tests/security/electron-security.test.ts" name="PathAccessController &gt; writes &gt; allows a write only after the save target was remembered" time="0.0011702">
        </testcase>
        <testcase classname="tests/security/electron-security.test.ts" name="PathAccessController &gt; writes &gt; does not let a remembered read path grant write access" time="0.0015338">
        </testcase>
        <testcase classname="tests/security/electron-security.test.ts" name="PathAccessController &gt; deletes &gt; allows deletes inside the data dir" time="0.0012266">
        </testcase>
        <testcase classname="tests/security/electron-security.test.ts" name="PathAccessController &gt; deletes &gt; blocks deletes outside the data dir even if remembered" time="0.0007157">
        </testcase>
        <testcase classname="tests/security/electron-security.test.ts" name="PathAccessController &gt; directories &gt; allows the data dir and remembered dirs" time="0.0021536">
        </testcase>
        <testcase classname="tests/security/electron-security.test.ts" name="PathAccessController &gt; directories &gt; denies unknown directories" time="0.0020653">
        </testcase>
        <testcase classname="tests/security/electron-security.test.ts" name="buildRendererCsp &gt; allows the WASM/Worker engine in BOTH policies (or it hard-breaks DuckDB/LLM)" time="0.002057">
        </testcase>
        <testcase classname="tests/security/electron-security.test.ts" name="buildRendererCsp &gt; locks down the high-value directives" time="0.000596">
        </testcase>
        <testcase classname="tests/security/electron-security.test.ts" name="buildRendererCsp &gt; enforce tolerates inline (Next/Tailwind); report-only is the stricter target" time="0.0004691">
        </testcase>
        <testcase classname="tests/security/electron-security.test.ts" name="buildRendererCsp &gt; permits eval ONLY in dev (HMR), never in production" time="0.0003748">
        </testcase>
        <testcase classname="tests/security/electron-security.test.ts" name="withRendererSecurityHeaders &gt; keeps cross-origin isolation and adds the static + CSP headers" time="0.0028066">
        </testcase>
        <testcase classname="tests/security/electron-security.test.ts" name="withRendererSecurityHeaders &gt; emits ONLY the report-only CSP when enforceCsp is false" time="0.0005593">
        </testcase>
        <testcase classname="tests/security/electron-security.test.ts" name="withRendererSecurityHeaders &gt; strips any upstream X-Powered-By / pre-existing CSP (case-insensitive)" time="0.0149776">
        </testcase>
        <testcase classname="tests/security/electron-security.test.ts" name="isLoopbackHostname / assertLoopbackHostname &gt; recognizes loopback hosts" time="0.0022383">
        </testcase>
        <testcase classname="tests/security/electron-security.test.ts" name="isLoopbackHostname / assertLoopbackHostname &gt; rejects non-loopback and empty hosts" time="0.0033261">
        </testcase>
        <testcase classname="tests/security/electron-security.test.ts" name="isLoopbackHostname / assertLoopbackHostname &gt; assert returns the host for loopback and throws otherwise (fail closed)" time="0.0054736">
        </testcase>
        <testcase classname="tests/security/electron-security.test.ts" name="loadOrCreateAuthSecret / ensureAuthSecretEnv &gt; generates a 256-bit hex secret on first run and persists it" time="0.0128485">
        </testcase>
        <testcase classname="tests/security/electron-security.test.ts" name="loadOrCreateAuthSecret / ensureAuthSecretEnv &gt; returns the same persisted secret on subsequent runs (stable signing key)" time="0.06317">
        </testcase>
        <testcase classname="tests/security/electron-security.test.ts" name="loadOrCreateAuthSecret / ensureAuthSecretEnv &gt; regenerates when the persisted secret is too short to be trustworthy" time="0.0231136">
        </testcase>
        <testcase classname="tests/security/electron-security.test.ts" name="loadOrCreateAuthSecret / ensureAuthSecretEnv &gt; ensureAuthSecretEnv respects an already-set strong env secret (no disk write)" time="0.0066179">
        </testcase>
        <testcase classname="tests/security/electron-security.test.ts" name="loadOrCreateAuthSecret / ensureAuthSecretEnv &gt; ensureAuthSecretEnv populates the env from disk when unset" time="0.0046614">
        </testcase>
    </testsuite>
    <testsuite name="tests/security/ipc-concurrency.test.ts" timestamp="2026-06-25T18:28:25.007Z" hostname="Desktop" tests="11" failures="0" errors="0" skipped="0" time="0.1007637">
        <testcase classname="tests/security/ipc-concurrency.test.ts" name="createConcurrencyLimiter &gt; runs up to maxConcurrent tasks simultaneously" time="0.031166">
        </testcase>
        <testcase classname="tests/security/ipc-concurrency.test.ts" name="createConcurrencyLimiter &gt; queues tasks beyond maxConcurrent and drains them as slots free up" time="0.0048879">
        </testcase>
        <testcase classname="tests/security/ipc-concurrency.test.ts" name="createConcurrencyLimiter &gt; rejects fast with ConcurrencyLimitError when the queue is saturated" time="0.0070757">
        </testcase>
        <testcase classname="tests/security/ipc-concurrency.test.ts" name="createConcurrencyLimiter &gt; releases a slot even when a task rejects" time="0.0042272">
        </testcase>
        <testcase classname="tests/security/ipc-concurrency.test.ts" name="createConcurrencyLimiter &gt; clamps invalid options to safe minimums" time="0.0008506">
        </testcase>
        <testcase classname="tests/security/ipc-concurrency.test.ts" name="withTimeout &gt; resolves with the task value when it finishes before the deadline" time="0.0011427">
        </testcase>
        <testcase classname="tests/security/ipc-concurrency.test.ts" name="withTimeout &gt; rejects with TaskTimeoutError and aborts the signal when the deadline elapses" time="0.014849">
        </testcase>
        <testcase classname="tests/security/ipc-concurrency.test.ts" name="withTimeout &gt; does not reject after the task already resolved (timer cleared)" time="0.0126975">
        </testcase>
        <testcase classname="tests/security/ipc-concurrency.test.ts" name="withTimeout &gt; runs without a deadline when timeoutMs is non-positive" time="0.0008229">
        </testcase>
        <testcase classname="tests/security/ipc-concurrency.test.ts" name="runBounded &gt; applies both the limiter and the timeout" time="0.0008137">
        </testcase>
        <testcase classname="tests/security/ipc-concurrency.test.ts" name="runBounded &gt; rejects when the limiter queue is saturated before the task ever starts" time="0.0007539">
        </testcase>
    </testsuite>
    <testsuite name="tests/security/ipc-validation.test.ts" timestamp="2026-06-25T18:28:25.010Z" hostname="Desktop" tests="13" failures="0" errors="0" skipped="0" time="0.0349864">
        <testcase classname="tests/security/ipc-validation.test.ts" name="parseIpc &gt; returns parsed data on success" time="0.0050859">
        </testcase>
        <testcase classname="tests/security/ipc-validation.test.ts" name="parseIpc &gt; throws a channel-tagged error on failure" time="0.003598">
        </testcase>
        <testcase classname="tests/security/ipc-validation.test.ts" name="SqlSchema &gt; accepts a non-empty string" time="0.0006618">
        </testcase>
        <testcase classname="tests/security/ipc-validation.test.ts" name="SqlSchema &gt; rejects empty, non-string, and oversized SQL" time="0.0014005">
        </testcase>
        <testcase classname="tests/security/ipc-validation.test.ts" name="RegisterCsvSchema &gt; accepts a minimal valid payload and the documented optionals" time="0.0035135">
        </testcase>
        <testcase classname="tests/security/ipc-validation.test.ts" name="RegisterCsvSchema &gt; requires a string filePath" time="0.0009985">
        </testcase>
        <testcase classname="tests/security/ipc-validation.test.ts" name="RegisterCsvSchema &gt; rejects an unknown encoding" time="0.0008824">
        </testcase>
        <testcase classname="tests/security/ipc-validation.test.ts" name="RegisterCsvSchema &gt; strips unknown keys (prototype-pollution / extra-field defense)" time="0.0021243">
        </testcase>
        <testcase classname="tests/security/ipc-validation.test.ts" name="DatasetOnlySchema &gt; requires a non-empty datasetId" time="0.0015731">
        </testcase>
        <testcase classname="tests/security/ipc-validation.test.ts" name="ModelDownloadSchema &gt; requires a non-empty key" time="0.0015615">
        </testcase>
        <testcase classname="tests/security/ipc-validation.test.ts" name="LlamaGenerateSchema &gt; requires a prompt and caps its length" time="0.0023587">
        </testcase>
        <testcase classname="tests/security/ipc-validation.test.ts" name="CollabStartSchema &gt; accepts undefined and a valid partial config" time="0.0023726">
        </testcase>
        <testcase classname="tests/security/ipc-validation.test.ts" name="CollabStartSchema &gt; rejects an out-of-range port" time="0.0008572">
        </testcase>
    </testsuite>
    <testsuite name="tests/security/secure-store.test.ts" timestamp="2026-06-25T18:28:25.012Z" hostname="Desktop" tests="12" failures="0" errors="0" skipped="0" time="0.0897298">
        <testcase classname="tests/security/secure-store.test.ts" name="isEncryptionEnabledByFlag &gt; defaults to enabled when unset" time="0.0069636">
        </testcase>
        <testcase classname="tests/security/secure-store.test.ts" name="isEncryptionEnabledByFlag &gt; is disabled for 0/false/off (case-insensitive)" time="0.0024114">
        </testcase>
        <testcase classname="tests/security/secure-store.test.ts" name="isEncryptionEnabledByFlag &gt; is enabled for any other value" time="0.0017442">
        </testcase>
        <testcase classname="tests/security/secure-store.test.ts" name="loadOrCreateWrappedDek &gt; returns null and writes nothing when encryption is unavailable" time="0.0042223">
        </testcase>
        <testcase classname="tests/security/secure-store.test.ts" name="loadOrCreateWrappedDek &gt; generates a 256-bit hex DEK on first run" time="0.0041956">
        </testcase>
        <testcase classname="tests/security/secure-store.test.ts" name="loadOrCreateWrappedDek &gt; persists the wrapped form, never the bare DEK (real safeStorage encrypts)" time="0.0221485">
        </testcase>
        <testcase classname="tests/security/secure-store.test.ts" name="loadOrCreateWrappedDek &gt; is stable across calls (same key returned)" time="0.0237006">
        </testcase>
        <testcase classname="tests/security/secure-store.test.ts" name="loadOrCreateWrappedDek &gt; refuses to overwrite an undecryptable wrapped key" time="0.0070361">
        </testcase>
        <testcase classname="tests/security/secure-store.test.ts" name="ensureAuthDbKeyEnv &gt; sets the env var to a hex DEK when available" time="0.0044678">
        </testcase>
        <testcase classname="tests/security/secure-store.test.ts" name="ensureAuthDbKeyEnv &gt; leaves the env var unset when encryption is unavailable" time="0.0017915">
        </testcase>
        <testcase classname="tests/security/secure-store.test.ts" name="ensureAuthDbKeyEnv &gt; does not expose a key when the flag disables encryption" time="0.0015645">
        </testcase>
        <testcase classname="tests/security/secure-store.test.ts" name="ensureAuthDbKeyEnv &gt; respects an operator-provided key already in the env" time="0.0022088">
        </testcase>
    </testsuite>
    <testsuite name="tests/security/waf-policy.test.ts" timestamp="2026-06-25T18:28:25.014Z" hostname="Desktop" tests="15" failures="0" errors="0" skipped="0" time="0.0239818">
        <testcase classname="tests/security/waf-policy.test.ts" name="classifyWafBody — settings write route (false-positive regression) &gt; skips ONLY the body for PUT /api/settings/{ns}/{key}" time="0.0047966">
        </testcase>
        <testcase classname="tests/security/waf-policy.test.ts" name="classifyWafBody — settings write route (false-positive regression) &gt; matches the method case-insensitively" time="0.0006483">
        </testcase>
        <testcase classname="tests/security/waf-policy.test.ts" name="classifyWafBody — settings write route (false-positive regression) &gt; still fully inspects GET/DELETE on the same path" time="0.0006118">
        </testcase>
        <testcase classname="tests/security/waf-policy.test.ts" name="classifyWafBody — credentials &amp; other routes stay fully inspected &gt; never skips the body for /api/auth (credentials)" time="0.0005503">
        </testcase>
        <testcase classname="tests/security/waf-policy.test.ts" name="classifyWafBody — credentials &amp; other routes stay fully inspected &gt; does not match the single-segment export read route" time="0.0004904">
        </testcase>
        <testcase classname="tests/security/waf-policy.test.ts" name="classifyWafBody — credentials &amp; other routes stay fully inspected &gt; is anchored — does not over-match shorter/deeper paths" time="0.0004871">
        </testcase>
        <testcase classname="tests/security/waf-policy.test.ts" name="classifyWafBody — credentials &amp; other routes stay fully inspected &gt; fully inspects arbitrary page/API routes" time="0.000384">
        </testcase>
        <testcase classname="tests/security/waf-policy.test.ts" name="CRS_RULE_EXCLUSIONS — protocol-enforcement false positives &gt; removes the method allowlist rule (911100) so PUT/DELETE are not blocked" time="0.0005525">
        </testcase>
        <testcase classname="tests/security/waf-policy.test.ts" name="CRS_RULE_EXCLUSIONS — protocol-enforcement false positives &gt; removes the content-type allowlist rule (920420) so application/json is not blocked" time="0.0004231">
        </testcase>
        <testcase classname="tests/security/waf-policy.test.ts" name="CRS_RULE_EXCLUSIONS — protocol-enforcement false positives &gt; does not disable any attack-detection family (no broad removals)" time="0.0006181">
        </testcase>
        <testcase classname="tests/security/waf-policy.test.ts" name="TRUSTED_SKIP_BODY_ROUTES allowlist invariants &gt; exempts exactly one route today" time="0.0022319">
        </testcase>
        <testcase classname="tests/security/waf-policy.test.ts" name="TRUSTED_SKIP_BODY_ROUTES allowlist invariants &gt; no entry matches an /api/auth path (credentials must never be exempt)" time="0.0005683">
        </testcase>
        <testcase classname="tests/security/waf-policy.test.ts" name="formatWafBlockDiagnostics &gt; classifies a real CRS hit as source &apos;crs&apos; and captures request context" time="0.0030782">
        </testcase>
        <testcase classname="tests/security/waf-policy.test.ts" name="formatWafBlockDiagnostics &gt; distinguishes an adapter/WAF availability failure as source &apos;waf-error&apos;" time="0.0005732">
        </testcase>
        <testcase classname="tests/security/waf-policy.test.ts" name="formatWafBlockDiagnostics &gt; falls back to the raw url when it is not parseable" time="0.0004804">
        </testcase>
    </testsuite>
    <testsuite name="tests/shared/duckdb-summary.prop.test.ts" timestamp="2026-06-25T18:28:25.016Z" hostname="Desktop" tests="17" failures="0" errors="0" skipped="0" time="0.3461106">
        <testcase classname="tests/shared/duckdb-summary.prop.test.ts" name="numberOrUndefined — coercion properties (fuzzed) &gt; is total over the realistic SUMMARIZE domain and never returns NaN or Infinity (only a finite number or undefined) (with seed=-320110708)" time="0.0297321">
        </testcase>
        <testcase classname="tests/shared/duckdb-summary.prop.test.ts" name="numberOrUndefined — coercion properties (fuzzed) &gt; round-trips any finite double unchanged (with seed=-832534338)" time="0.0085093">
        </testcase>
        <testcase classname="tests/shared/duckdb-summary.prop.test.ts" name="numberOrUndefined — coercion properties (fuzzed) &gt; round-trips safe-range bigint COUNT/approx_unique values to the equal number (with seed=983871474)" time="0.0796382">
        </testcase>
        <testcase classname="tests/shared/duckdb-summary.prop.test.ts" name="numberOrUndefined — coercion properties (fuzzed) &gt; returns undefined for non-finite numeric inputs (with seed=879823938)" time="0.0143548">
        </testcase>
        <testcase classname="tests/shared/duckdb-summary.prop.test.ts" name="numberOrUndefined — coercion properties (fuzzed) &gt; THROWS on an object with a non-callable toString (real totality gap, not realistic SUMMARIZE input)" time="0.0035748">
        </testcase>
        <testcase classname="tests/shared/duckdb-summary.prop.test.ts" name="numberOrUndefined — coercion properties (fuzzed) &gt; THROWS on a Symbol (Number(symbol) is illegal) — documented totality gap" time="0.0009049">
        </testcase>
        <testcase classname="tests/shared/duckdb-summary.prop.test.ts" name="nullRateFromSummary — rate ∈ [0,1] (fuzzed) &gt; returns a number in [0,1] over the realistic SUMMARIZE domain (with seed=915123636)" time="0.0596291">
        </testcase>
        <testcase classname="tests/shared/duckdb-summary.prop.test.ts" name="nullRateFromSummary — rate ∈ [0,1] (fuzzed) &gt; maps a 0..100 percentage to the matching 0..1 rate (with seed=-1570281339)" time="0.009226">
        </testcase>
        <testcase classname="tests/shared/duckdb-summary.prop.test.ts" name="nullRateFromSummary — rate ∈ [0,1] (fuzzed) &gt; accepts the `%`-suffixed string form DuckDB sometimes emits (with seed=-285016781)" time="0.0075319">
        </testcase>
        <testcase classname="tests/shared/duckdb-summary.prop.test.ts" name="nullRateFromSummary — rate ∈ [0,1] (fuzzed) &gt; clamps out-of-range percentages to 1 (with seed=-836723518)" time="0.0275559">
        </testcase>
        <testcase classname="tests/shared/duckdb-summary.prop.test.ts" name="nullRateFromSummary — rate ∈ [0,1] (fuzzed) &gt; clamps negative percentages to 0 (with seed=-188223889)" time="0.0072427">
        </testcase>
        <testcase classname="tests/shared/duckdb-summary.prop.test.ts" name="nullRateFromSummary — rate ∈ [0,1] (fuzzed) &gt; THROWS on an object with a non-callable toString (real totality gap)" time="0.0007548">
        </testcase>
        <testcase classname="tests/shared/duckdb-summary.prop.test.ts" name="mapDuckTypeToColumnInfoType — total over arbitrary type names (fuzzed) &gt; is TOTAL: always returns a valid ColumnInfo type for ANY string (with seed=700030947)" time="0.037897">
        </testcase>
        <testcase classname="tests/shared/duckdb-summary.prop.test.ts" name="mapDuckTypeToColumnInfoType — total over arbitrary type names (fuzzed) &gt; classifies every numeric DuckDB type as &apos;number&apos; (with seed=1058080769)" time="0.0223707">
        </testcase>
        <testcase classname="tests/shared/duckdb-summary.prop.test.ts" name="mapDuckTypeToColumnInfoType — total over arbitrary type names (fuzzed) &gt; classifies every temporal DuckDB type as &apos;date&apos; (with seed=2008183047)" time="0.0114406">
        </testcase>
        <testcase classname="tests/shared/duckdb-summary.prop.test.ts" name="mapDuckTypeToColumnInfoType — total over arbitrary type names (fuzzed) &gt; classifies boolean DuckDB types as &apos;boolean&apos; (with seed=-148373830)" time="0.0070772">
        </testcase>
        <testcase classname="tests/shared/duckdb-summary.prop.test.ts" name="mapDuckTypeToColumnInfoType — total over arbitrary type names (fuzzed) &gt; is case-insensitive: upper- and lower-cased type names map identically (with seed=-146634454)" time="0.0101048">
        </testcase>
    </testsuite>
    <testsuite name="tests/shared/duckdb-summary.test.ts" timestamp="2026-06-25T18:28:25.018Z" hostname="Desktop" tests="17" failures="0" errors="0" skipped="0" time="0.0211883">
        <testcase classname="tests/shared/duckdb-summary.test.ts" name="numberOrUndefined &gt; returns finite numbers unchanged" time="0.0044413">
        </testcase>
        <testcase classname="tests/shared/duckdb-summary.test.ts" name="numberOrUndefined &gt; coerces numeric strings to numbers" time="0.000653">
        </testcase>
        <testcase classname="tests/shared/duckdb-summary.test.ts" name="numberOrUndefined &gt; round-trips bigint COUNT/approx_unique values" time="0.0003779">
        </testcase>
        <testcase classname="tests/shared/duckdb-summary.test.ts" name="numberOrUndefined &gt; returns undefined for null and undefined" time="0.0004019">
        </testcase>
        <testcase classname="tests/shared/duckdb-summary.test.ts" name="numberOrUndefined &gt; returns undefined for non-finite results" time="0.0003545">
        </testcase>
        <testcase classname="tests/shared/duckdb-summary.test.ts" name="numberOrUndefined &gt; returns undefined for unparseable strings" time="0.0004142">
        </testcase>
        <testcase classname="tests/shared/duckdb-summary.test.ts" name="numberOrUndefined &gt; treats an empty string as zero (Number(&apos;&apos;) === 0)" time="0.0002703">
        </testcase>
        <testcase classname="tests/shared/duckdb-summary.test.ts" name="numberOrUndefined &gt; returns undefined for objects that do not coerce to a number" time="0.0003234">
        </testcase>
        <testcase classname="tests/shared/duckdb-summary.test.ts" name="nullRateFromSummary &gt; parses a plain numeric percentage into a 0..1 rate" time="0.0009147">
        </testcase>
        <testcase classname="tests/shared/duckdb-summary.test.ts" name="nullRateFromSummary &gt; parses a percent-suffixed string" time="0.0005679">
        </testcase>
        <testcase classname="tests/shared/duckdb-summary.test.ts" name="nullRateFromSummary &gt; tolerates surrounding whitespace" time="0.000445">
        </testcase>
        <testcase classname="tests/shared/duckdb-summary.test.ts" name="nullRateFromSummary &gt; returns 0 for the lower boundary" time="0.0003834">
        </testcase>
        <testcase classname="tests/shared/duckdb-summary.test.ts" name="nullRateFromSummary &gt; returns 1 for a full-null column" time="0.0002681">
        </testcase>
        <testcase classname="tests/shared/duckdb-summary.test.ts" name="nullRateFromSummary &gt; clamps values above 100% down to 1" time="0.0003379">
        </testcase>
        <testcase classname="tests/shared/duckdb-summary.test.ts" name="nullRateFromSummary &gt; clamps negative values up to 0" time="0.0003985">
        </testcase>
        <testcase classname="tests/shared/duckdb-summary.test.ts" name="nullRateFromSummary &gt; returns 0 for nullish input" time="0.0003673">
        </testcase>
        <testcase classname="tests/shared/duckdb-summary.test.ts" name="nullRateFromSummary &gt; returns 0 for unparseable input" time="0.0003278">
        </testcase>
    </testsuite>
    <testsuite name="tests/shared/types.test.ts" timestamp="2026-06-25T18:28:25.021Z" hostname="Desktop" tests="2" failures="0" errors="0" skipped="0" time="0.0073993">
        <testcase classname="tests/shared/types.test.ts" name="Shared Types &gt; should support NonEmptyArray type" time="0.0029965">
        </testcase>
        <testcase classname="tests/shared/types.test.ts" name="Shared Types &gt; should support SupportedExtensions type" time="0.0002774">
        </testcase>
    </testsuite>
    <testsuite name="tests/shared/utils.test.ts" timestamp="2026-06-25T18:28:25.021Z" hostname="Desktop" tests="8" failures="0" errors="0" skipped="0" time="0.0301365">
        <testcase classname="tests/shared/utils.test.ts" name="cn utility &gt; should merge class names correctly" time="0.0169518">
        </testcase>
        <testcase classname="tests/shared/utils.test.ts" name="cn utility &gt; should handle conditional classes" time="0.0012175">
        </testcase>
        <testcase classname="tests/shared/utils.test.ts" name="cn utility &gt; should handle undefined and null values" time="0.0008835">
        </testcase>
        <testcase classname="tests/shared/utils.test.ts" name="cn utility &gt; should merge tailwind classes correctly" time="0.0018839">
        </testcase>
        <testcase classname="tests/shared/utils.test.ts" name="cn utility &gt; should handle array of classes" time="0.0006932">
        </testcase>
        <testcase classname="tests/shared/utils.test.ts" name="cn utility &gt; should handle object syntax" time="0.0004173">
        </testcase>
        <testcase classname="tests/shared/utils.test.ts" name="cn utility &gt; should return empty string for no arguments" time="0.00039">
        </testcase>
        <testcase classname="tests/shared/utils.test.ts" name="cn utility &gt; should handle nested arrays" time="0.0008106">
        </testcase>
    </testsuite>
    <testsuite name="tests/workers/analysis.worker.test.ts" timestamp="2026-06-25T18:28:25.023Z" hostname="Desktop" tests="79" failures="0" errors="0" skipped="0" time="0.2180931">
        <testcase classname="tests/workers/analysis.worker.test.ts" name="kMeans &gt; returns empty result for empty data" time="0.0107845">
        </testcase>
        <testcase classname="tests/workers/analysis.worker.test.ts" name="kMeans &gt; returns empty result when data has zero-length rows" time="0.0110694">
        </testcase>
        <testcase classname="tests/workers/analysis.worker.test.ts" name="kMeans &gt; clusters a trivial single-point dataset (k clipped to 1)" time="0.0186249">
        </testcase>
        <testcase classname="tests/workers/analysis.worker.test.ts" name="kMeans &gt; clusters two perfectly separated 1-D groups into k=2" time="0.0177722">
        </testcase>
        <testcase classname="tests/workers/analysis.worker.test.ts" name="kMeans &gt; respects a custom seed for determinism" time="0.0017002">
        </testcase>
        <testcase classname="tests/workers/analysis.worker.test.ts" name="kMeans &gt; respects maxIterations" time="0.0100527">
        </testcase>
        <testcase classname="tests/workers/analysis.worker.test.ts" name="kMeans &gt; handles k=1 (all points in one cluster, withinss = total SSE)" time="0.0026756">
        </testcase>
        <testcase classname="tests/workers/analysis.worker.test.ts" name="kMeans &gt; returns correct dimensionality in centroids for multi-dimensional data" time="0.0026535">
        </testcase>
        <testcase classname="tests/workers/analysis.worker.test.ts" name="dbscan &gt; returns empty result for empty data" time="0.0013139">
        </testcase>
        <testcase classname="tests/workers/analysis.worker.test.ts" name="dbscan &gt; assigns all points to cluster 0 with a generous eps" time="0.0016333">
        </testcase>
        <testcase classname="tests/workers/analysis.worker.test.ts" name="dbscan &gt; marks all points as noise when eps is near zero" time="0.0016689">
        </testcase>
        <testcase classname="tests/workers/analysis.worker.test.ts" name="dbscan &gt; uses default eps=0.5 and minPts=5 when not supplied" time="0.0005612">
        </testcase>
        <testcase classname="tests/workers/analysis.worker.test.ts" name="attribution &gt; returns zeros for n &lt; 2" time="0.0015965">
        </testcase>
        <testcase classname="tests/workers/analysis.worker.test.ts" name="attribution &gt; returns zeros when d &lt; 1 (no features)" time="0.0024414">
        </testcase>
        <testcase classname="tests/workers/analysis.worker.test.ts" name="attribution &gt; returns zeros when y length does not match n" time="0.000669">
        </testcase>
        <testcase classname="tests/workers/analysis.worker.test.ts" name="attribution &gt; fits a perfect linear relationship and returns high r-squared" time="0.0151152">
        </testcase>
        <testcase classname="tests/workers/analysis.worker.test.ts" name="attribution &gt; returns r-squared in [0, 1] for noisy data" time="0.0020517">
        </testcase>
        <testcase classname="tests/workers/analysis.worker.test.ts" name="correlationMatrix &gt; returns identity matrix for n &lt; 2 rows" time="0.0011453">
        </testcase>
        <testcase classname="tests/workers/analysis.worker.test.ts" name="correlationMatrix &gt; returns identity matrix for zero columns" time="0.0007923">
        </testcase>
        <testcase classname="tests/workers/analysis.worker.test.ts" name="correlationMatrix &gt; uses provided column names" time="0.0007683">
        </testcase>
        <testcase classname="tests/workers/analysis.worker.test.ts" name="correlationMatrix &gt; fills missing column names with col_N" time="0.0003742">
        </testcase>
        <testcase classname="tests/workers/analysis.worker.test.ts" name="correlationMatrix &gt; returns 1 on the diagonal for normal data" time="0.0003938">
        </testcase>
        <testcase classname="tests/workers/analysis.worker.test.ts" name="correlationMatrix &gt; detects perfect positive correlation" time="0.0003791">
        </testcase>
        <testcase classname="tests/workers/analysis.worker.test.ts" name="correlationMatrix &gt; detects perfect negative correlation" time="0.0019132">
        </testcase>
        <testcase classname="tests/workers/analysis.worker.test.ts" name="correlationMatrix &gt; returns 0 for a constant column (zero std)" time="0.0006759">
        </testcase>
        <testcase classname="tests/workers/analysis.worker.test.ts" name="welchTTest &gt; returns degenerate result when a has fewer than 2 elements" time="0.0008518">
        </testcase>
        <testcase classname="tests/workers/analysis.worker.test.ts" name="welchTTest &gt; returns degenerate result when b has fewer than 2 elements" time="0.0008614">
        </testcase>
        <testcase classname="tests/workers/analysis.worker.test.ts" name="welchTTest &gt; returns non-significant result for identical groups" time="0.0021293">
        </testcase>
        <testcase classname="tests/workers/analysis.worker.test.ts" name="welchTTest &gt; flags significant difference for clearly separated groups" time="0.0035935">
        </testcase>
        <testcase classname="tests/workers/analysis.worker.test.ts" name="welchTTest &gt; returns valid confidence interval" time="0.0013799">
        </testcase>
        <testcase classname="tests/workers/analysis.worker.test.ts" name="welchTTest &gt; returns meanA and meanB matching the group means" time="0.0007844">
        </testcase>
        <testcase classname="tests/workers/analysis.worker.test.ts" name="welchTTest &gt; respects custom alpha level" time="0.0025841">
        </testcase>
        <testcase classname="tests/workers/analysis.worker.test.ts" name="anova1 &gt; returns degenerate result for fewer than 2 groups" time="0.0015431">
        </testcase>
        <testcase classname="tests/workers/analysis.worker.test.ts" name="anova1 &gt; returns degenerate result when n &lt;= k" time="0.000452">
        </testcase>
        <testcase classname="tests/workers/analysis.worker.test.ts" name="anova1 &gt; detects significant difference between well-separated groups" time="0.0008175">
        </testcase>
        <testcase classname="tests/workers/analysis.worker.test.ts" name="anova1 &gt; returns non-significant result for identical groups" time="0.0017714">
        </testcase>
        <testcase classname="tests/workers/analysis.worker.test.ts" name="anova1 &gt; converts numeric factor values to strings for grouping" time="0.0015056">
        </testcase>
        <testcase classname="tests/workers/analysis.worker.test.ts" name="anova1 &gt; computes correct dfBetween and dfWithin" time="0.0005198">
        </testcase>
        <testcase classname="tests/workers/analysis.worker.test.ts" name="detectAnomalies &gt; returns empty for arrays shorter than 4 elements" time="0.0016299">
        </testcase>
        <testcase classname="tests/workers/analysis.worker.test.ts" name="detectAnomalies &gt; detects a clear outlier using IQR (default method)" time="0.0030104">
        </testcase>
        <testcase classname="tests/workers/analysis.worker.test.ts" name="detectAnomalies &gt; returns empty for constant series under IQR (iqr == 0)" time="0.0006464">
        </testcase>
        <testcase classname="tests/workers/analysis.worker.test.ts" name="detectAnomalies &gt; detects outlier using z-score method" time="0.0008737">
        </testcase>
        <testcase classname="tests/workers/analysis.worker.test.ts" name="detectAnomalies &gt; returns empty for constant series under z-score (std == 0)" time="0.0004119">
        </testcase>
        <testcase classname="tests/workers/analysis.worker.test.ts" name="detectAnomalies &gt; detects outlier using MAD method" time="0.0007659">
        </testcase>
        <testcase classname="tests/workers/analysis.worker.test.ts" name="detectAnomalies &gt; returns empty for constant series under MAD (mad == 0)" time="0.0003844">
        </testcase>
        <testcase classname="tests/workers/analysis.worker.test.ts" name="detectAnomalies &gt; uses default IQR threshold of 1.5" time="0.0047832">
        </testcase>
        <testcase classname="tests/workers/analysis.worker.test.ts" name="detectAnomalies &gt; uses default z-score threshold of 3 when method is zscore" time="0.000622">
        </testcase>
        <testcase classname="tests/workers/analysis.worker.test.ts" name="gesdAnomalies &gt; returns empty for arrays shorter than 4 elements" time="0.0049243">
        </testcase>
        <testcase classname="tests/workers/analysis.worker.test.ts" name="gesdAnomalies &gt; returns empty when maxAnomalies &lt; 1" time="0.0006044">
        </testcase>
        <testcase classname="tests/workers/analysis.worker.test.ts" name="gesdAnomalies &gt; detects a clear single outlier" time="0.0018861">
        </testcase>
        <testcase classname="tests/workers/analysis.worker.test.ts" name="gesdAnomalies &gt; returns empty for normally distributed data with no extreme outliers" time="0.0005601">
        </testcase>
        <testcase classname="tests/workers/analysis.worker.test.ts" name="gesdAnomalies &gt; respects maxAnomalies cap" time="0.0005135">
        </testcase>
        <testcase classname="tests/workers/analysis.worker.test.ts" name="gesdAnomalies &gt; handles constant std deviation gracefully (breaks inner loop)" time="0.0003589">
        </testcase>
        <testcase classname="tests/workers/analysis.worker.test.ts" name="ewma &gt; returns empty for empty input" time="0.0008095">
        </testcase>
        <testcase classname="tests/workers/analysis.worker.test.ts" name="ewma &gt; returns the single value unchanged for length-1 input" time="0.0005886">
        </testcase>
        <testcase classname="tests/workers/analysis.worker.test.ts" name="ewma &gt; applies exponential smoothing with default alpha = 0.3" time="0.0155165">
        </testcase>
        <testcase classname="tests/workers/analysis.worker.test.ts" name="ewma &gt; clamps alpha to EPSILON when alpha &lt;= 0 (no update)" time="0.000691">
        </testcase>
        <testcase classname="tests/workers/analysis.worker.test.ts" name="ewma &gt; clamps alpha to 1 for alpha &gt; 1 (instant update)" time="0.0004442">
        </testcase>
        <testcase classname="tests/workers/analysis.worker.test.ts" name="ewma &gt; produces a smoothed output (no aliasing with input)" time="0.0006694">
        </testcase>
        <testcase classname="tests/workers/analysis.worker.test.ts" name="stlDecompose &gt; returns passthrough for empty values" time="0.0025853">
        </testcase>
        <testcase classname="tests/workers/analysis.worker.test.ts" name="stlDecompose &gt; returns passthrough when period &lt; 2" time="0.0017356">
        </testcase>
        <testcase classname="tests/workers/analysis.worker.test.ts" name="stlDecompose &gt; decomposes a pure trend (no seasonality) correctly" time="0.0037292">
        </testcase>
        <testcase classname="tests/workers/analysis.worker.test.ts" name="stlDecompose &gt; approximates identity decomposition: trend+seasonal+residual ≈ values" time="0.0011214">
        </testcase>
        <testcase classname="tests/workers/analysis.worker.test.ts" name="stlDecompose &gt; handles period longer than series length" time="0.000812">
        </testcase>
        <testcase classname="tests/workers/analysis.worker.test.ts" name="pelt &gt; returns empty for arrays shorter than 4 elements" time="0.0007534">
        </testcase>
        <testcase classname="tests/workers/analysis.worker.test.ts" name="pelt &gt; returns empty for constant series (no change points)" time="0.0008645">
        </testcase>
        <testcase classname="tests/workers/analysis.worker.test.ts" name="pelt &gt; detects a clear change point in a step function" time="0.0006183">
        </testcase>
        <testcase classname="tests/workers/analysis.worker.test.ts" name="pelt &gt; returns sorted change points" time="0.0006742">
        </testcase>
        <testcase classname="tests/workers/analysis.worker.test.ts" name="pelt &gt; respects custom penalty" time="0.0009289">
        </testcase>
        <testcase classname="tests/workers/analysis.worker.test.ts" name="pelt &gt; respects custom minSize" time="0.0005982">
        </testcase>
        <testcase classname="tests/workers/analysis.worker.test.ts" name="pelt &gt; handles input of exactly 4 elements" time="0.0041419">
        </testcase>
        <testcase classname="tests/workers/analysis.worker.test.ts" name="holtWinters &gt; returns empty for empty input" time="0.0019432">
        </testcase>
        <testcase classname="tests/workers/analysis.worker.test.ts" name="holtWinters &gt; applies Holt linear (no seasonality) when period &lt; 2" time="0.0008304">
        </testcase>
        <testcase classname="tests/workers/analysis.worker.test.ts" name="holtWinters &gt; applies Holt linear when n &lt; 2 * period" time="0.0006006">
        </testcase>
        <testcase classname="tests/workers/analysis.worker.test.ts" name="holtWinters &gt; applies full additive seasonal HW when n &gt;= 2 * period" time="0.0050844">
        </testcase>
        <testcase classname="tests/workers/analysis.worker.test.ts" name="holtWinters &gt; produces finite fitted and forecast values for seasonal data" time="0.0013711">
        </testcase>
        <testcase classname="tests/workers/analysis.worker.test.ts" name="holtWinters &gt; uses default horizon of 5 when not specified" time="0.0005447">
        </testcase>
        <testcase classname="tests/workers/analysis.worker.test.ts" name="holtWinters &gt; respects custom smoothing parameters alpha/beta/gamma" time="0.0006329">
        </testcase>
        <testcase classname="tests/workers/analysis.worker.test.ts" name="holtWinters &gt; Holt linear: forecast length matches horizon for single value" time="0.0006964">
        </testcase>
    </testsuite>
    <testsuite name="tests/workers/parse-cast.test.ts" timestamp="2026-06-25T18:28:25.032Z" hostname="Desktop" tests="84" failures="0" errors="0" skipped="0" time="0.1123212">
        <testcase classname="tests/workers/parse-cast.test.ts" name="detectType &gt; returns &apos;string&apos; for an empty array (nonEmpty === 0)" time="0.0061634">
        </testcase>
        <testcase classname="tests/workers/parse-cast.test.ts" name="detectType &gt; returns &apos;string&apos; when every value is an empty string (all skipped)" time="0.0015391">
        </testcase>
        <testcase classname="tests/workers/parse-cast.test.ts" name="detectType &gt; returns &apos;string&apos; when every value is whitespace-only (trimmed to &apos;&apos;, skipped)" time="0.000552">
        </testcase>
        <testcase classname="tests/workers/parse-cast.test.ts" name="detectType &gt; returns &apos;string&apos; when values array contains only nullish entries" time="0.0005097">
        </testcase>
        <testcase classname="tests/workers/parse-cast.test.ts" name="detectType &gt; detects an all-integer column as &apos;number&apos;" time="0.0010913">
        </testcase>
        <testcase classname="tests/workers/parse-cast.test.ts" name="detectType &gt; detects a decimal / negative column as &apos;number&apos;" time="0.0012347">
        </testcase>
        <testcase classname="tests/workers/parse-cast.test.ts" name="detectType &gt; detects a column with ≥90% numeric ratio as &apos;number&apos;" time="0.0006605">
        </testcase>
        <testcase classname="tests/workers/parse-cast.test.ts" name="detectType &gt; falls to &apos;string&apos; when numeric ratio is exactly 89% (below 0.9 threshold)" time="0.0004781">
        </testcase>
        <testcase classname="tests/workers/parse-cast.test.ts" name="detectType &gt; ignores empty/whitespace cells in ratio computation" time="0.0004055">
        </testcase>
        <testcase classname="tests/workers/parse-cast.test.ts" name="detectType &gt; treats &apos;NaN&apos; as non-numeric (Number(&apos;NaN&apos;) = NaN, not finite)" time="0.0002922">
        </testcase>
        <testcase classname="tests/workers/parse-cast.test.ts" name="detectType &gt; treats &apos;Infinity&apos; as numeric (Number.isFinite(Number(&apos;Infinity&apos;)) is false)" time="0.0003271">
        </testcase>
        <testcase classname="tests/workers/parse-cast.test.ts" name="detectType &gt; detects a column of true/false strings as &apos;boolean&apos;" time="0.0011796">
        </testcase>
        <testcase classname="tests/workers/parse-cast.test.ts" name="detectType &gt; detects yes/no as boolean" time="0.0004531">
        </testcase>
        <testcase classname="tests/workers/parse-cast.test.ts" name="detectType &gt; detects y/n as boolean" time="0.0003045">
        </testcase>
        <testcase classname="tests/workers/parse-cast.test.ts" name="detectType &gt; detects t/f as boolean" time="0.000333">
        </testcase>
        <testcase classname="tests/workers/parse-cast.test.ts" name="detectType &gt; detects 1/0 tokens as boolean (not numeric — boolean is checked after numeric)" time="0.0002952">
        </testcase>
        <testcase classname="tests/workers/parse-cast.test.ts" name="detectType &gt; is case-insensitive for boolean tokens" time="0.0002775">
        </testcase>
        <testcase classname="tests/workers/parse-cast.test.ts" name="detectType &gt; detects column with ≥90% boolean ratio as &apos;boolean&apos;" time="0.001204">
        </testcase>
        <testcase classname="tests/workers/parse-cast.test.ts" name="detectType &gt; detects ISO date strings (yyyy-mm-dd) as &apos;date&apos;" time="0.000645">
        </testcase>
        <testcase classname="tests/workers/parse-cast.test.ts" name="detectType &gt; detects month-name dates as &apos;date&apos;" time="0.0005381">
        </testcase>
        <testcase classname="tests/workers/parse-cast.test.ts" name="detectType &gt; rejects short strings (length &lt; 6) as dates" time="0.0022908">
        </testcase>
        <testcase classname="tests/workers/parse-cast.test.ts" name="detectType &gt; rejects numeric strings from date detection (isNumeric guard in isDateLike)" time="0.0024736">
        </testcase>
        <testcase classname="tests/workers/parse-cast.test.ts" name="detectType &gt; detects column with ≥80% date ratio as &apos;date&apos;" time="0.0008896">
        </testcase>
        <testcase classname="tests/workers/parse-cast.test.ts" name="detectType &gt; falls to &apos;string&apos; when date ratio is below 0.8 (79%)" time="0.0012081">
        </testcase>
        <testcase classname="tests/workers/parse-cast.test.ts" name="detectType &gt; only samples the first 1000 values when the array is longer" time="0.006062">
        </testcase>
        <testcase classname="tests/workers/parse-cast.test.ts" name="detectType &gt; processes the full array when it has exactly 1000 values" time="0.0010847">
        </testcase>
        <testcase classname="tests/workers/parse-cast.test.ts" name="detectType &gt; returns &apos;string&apos; for a mixed column where no type dominates" time="0.000515">
        </testcase>
        <testcase classname="tests/workers/parse-cast.test.ts" name="detectType &gt; returns &apos;string&apos; for purely alphabetic text" time="0.0006767">
        </testcase>
        <testcase classname="tests/workers/parse-cast.test.ts" name="detectType &gt; numeric wins over boolean when numeric ratio ≥0.9 even with boolean tokens" time="0.0004476">
        </testcase>
        <testcase classname="tests/workers/parse-cast.test.ts" name="castValue &gt; returns null for null regardless of type" time="0.0014405">
        </testcase>
        <testcase classname="tests/workers/parse-cast.test.ts" name="castValue &gt; returns null for undefined regardless of type" time="0.0007163">
        </testcase>
        <testcase classname="tests/workers/parse-cast.test.ts" name="castValue &gt; returns null for empty string regardless of type" time="0.0009657">
        </testcase>
        <testcase classname="tests/workers/parse-cast.test.ts" name="castValue &gt; returns null for whitespace-only string (trimmed to &apos;&apos;) regardless of type" time="0.0004946">
        </testcase>
        <testcase classname="tests/workers/parse-cast.test.ts" name="castValue &gt; casts an integer string to a number" time="0.0003188">
        </testcase>
        <testcase classname="tests/workers/parse-cast.test.ts" name="castValue &gt; casts a negative integer string to a number" time="0.0002974">
        </testcase>
        <testcase classname="tests/workers/parse-cast.test.ts" name="castValue &gt; casts a decimal string to a number" time="0.0002739">
        </testcase>
        <testcase classname="tests/workers/parse-cast.test.ts" name="castValue &gt; casts a negative decimal string to a number" time="0.0004802">
        </testcase>
        <testcase classname="tests/workers/parse-cast.test.ts" name="castValue &gt; casts &apos;0&apos; to the number 0" time="0.0005645">
        </testcase>
        <testcase classname="tests/workers/parse-cast.test.ts" name="castValue &gt; trims surrounding whitespace before numeric parsing" time="0.0002974">
        </testcase>
        <testcase classname="tests/workers/parse-cast.test.ts" name="castValue &gt; returns null for a non-numeric string under type &apos;number&apos;" time="0.0003093">
        </testcase>
        <testcase classname="tests/workers/parse-cast.test.ts" name="castValue &gt; returns null for &apos;NaN&apos; under type &apos;number&apos; (not finite)" time="0.0002675">
        </testcase>
        <testcase classname="tests/workers/parse-cast.test.ts" name="castValue &gt; returns null for &apos;Infinity&apos; under type &apos;number&apos; (not finite)" time="0.0002692">
        </testcase>
        <testcase classname="tests/workers/parse-cast.test.ts" name="castValue &gt; returns null for &apos;-Infinity&apos; under type &apos;number&apos; (not finite)" time="0.0002434">
        </testcase>
        <testcase classname="tests/workers/parse-cast.test.ts" name="castValue &gt; casts scientific notation to a number" time="0.000261">
        </testcase>
        <testcase classname="tests/workers/parse-cast.test.ts" name="castValue &gt; casts &apos;true&apos; to true" time="0.0002579">
        </testcase>
        <testcase classname="tests/workers/parse-cast.test.ts" name="castValue &gt; casts &apos;TRUE&apos; (uppercase) to true" time="0.0004371">
        </testcase>
        <testcase classname="tests/workers/parse-cast.test.ts" name="castValue &gt; casts &apos;yes&apos; to true" time="0.0003983">
        </testcase>
        <testcase classname="tests/workers/parse-cast.test.ts" name="castValue &gt; casts &apos;y&apos; to true" time="0.000393">
        </testcase>
        <testcase classname="tests/workers/parse-cast.test.ts" name="castValue &gt; casts &apos;1&apos; to true" time="0.0003074">
        </testcase>
        <testcase classname="tests/workers/parse-cast.test.ts" name="castValue &gt; casts &apos;t&apos; to true" time="0.0002398">
        </testcase>
        <testcase classname="tests/workers/parse-cast.test.ts" name="castValue &gt; casts &apos;false&apos; to false" time="0.0044656">
        </testcase>
        <testcase classname="tests/workers/parse-cast.test.ts" name="castValue &gt; casts &apos;FALSE&apos; (uppercase) to false" time="0.0003697">
        </testcase>
        <testcase classname="tests/workers/parse-cast.test.ts" name="castValue &gt; casts &apos;no&apos; to false" time="0.0002662">
        </testcase>
        <testcase classname="tests/workers/parse-cast.test.ts" name="castValue &gt; casts &apos;n&apos; to false" time="0.0003113">
        </testcase>
        <testcase classname="tests/workers/parse-cast.test.ts" name="castValue &gt; casts &apos;0&apos; to false" time="0.0003604">
        </testcase>
        <testcase classname="tests/workers/parse-cast.test.ts" name="castValue &gt; casts &apos;f&apos; to false" time="0.0002396">
        </testcase>
        <testcase classname="tests/workers/parse-cast.test.ts" name="castValue &gt; returns null for an unrecognised boolean token" time="0.0079789">
        </testcase>
        <testcase classname="tests/workers/parse-cast.test.ts" name="castValue &gt; is case-insensitive: mixed-case &apos;Yes&apos; → true" time="0.000691">
        </testcase>
        <testcase classname="tests/workers/parse-cast.test.ts" name="castValue &gt; is case-insensitive: mixed-case &apos;No&apos; → false" time="0.00036">
        </testcase>
        <testcase classname="tests/workers/parse-cast.test.ts" name="castValue &gt; casts an ISO date string to an ISO string" time="0.0010308">
        </testcase>
        <testcase classname="tests/workers/parse-cast.test.ts" name="castValue &gt; returns an ISO 8601 string for a parseable date" time="0.0004218">
        </testcase>
        <testcase classname="tests/workers/parse-cast.test.ts" name="castValue &gt; returns the trimmed input when the date is not parseable" time="0.0003853">
        </testcase>
        <testcase classname="tests/workers/parse-cast.test.ts" name="castValue &gt; trims then returns the original text for an unparseable date" time="0.0007877">
        </testcase>
        <testcase classname="tests/workers/parse-cast.test.ts" name="castValue &gt; trims whitespace before attempting date parse" time="0.000494">
        </testcase>
        <testcase classname="tests/workers/parse-cast.test.ts" name="castValue &gt; returns the trimmed text for type &apos;string&apos;" time="0.0003438">
        </testcase>
        <testcase classname="tests/workers/parse-cast.test.ts" name="castValue &gt; returns the text as-is (trimmed) for type &apos;string&apos; with no leading/trailing spaces" time="0.000278">
        </testcase>
        <testcase classname="tests/workers/parse-cast.test.ts" name="castValue &gt; does not strip commas for type &apos;string&apos;" time="0.000404">
        </testcase>
        <testcase classname="tests/workers/parse-cast.test.ts" name="castValue &gt; handles numeric-looking text as a plain string under type &apos;string&apos;" time="0.0003327">
        </testcase>
        <testcase classname="tests/workers/parse-cast.test.ts" name="mapUdsvType &gt; maps &apos;n&apos; to &apos;number&apos;" time="0.0006764">
        </testcase>
        <testcase classname="tests/workers/parse-cast.test.ts" name="mapUdsvType &gt; maps &apos;d&apos; to &apos;date&apos;" time="0.0004379">
        </testcase>
        <testcase classname="tests/workers/parse-cast.test.ts" name="mapUdsvType &gt; maps &apos;t&apos; to &apos;date&apos; (timestamp)" time="0.0004531">
        </testcase>
        <testcase classname="tests/workers/parse-cast.test.ts" name="mapUdsvType &gt; maps &apos;s&apos; to &apos;string&apos;" time="0.0034684">
        </testcase>
        <testcase classname="tests/workers/parse-cast.test.ts" name="mapUdsvType &gt; maps &apos;j&apos; to &apos;string&apos; (JSON)" time="0.0004121">
        </testcase>
        <testcase classname="tests/workers/parse-cast.test.ts" name="mapUdsvType &gt; maps &apos;b&apos; (bare boolean code) to &apos;boolean&apos;" time="0.0002223">
        </testcase>
        <testcase classname="tests/workers/parse-cast.test.ts" name="mapUdsvType &gt; maps &apos;b:tf&apos; (true/false variant) to &apos;boolean&apos;" time="0.0001646">
        </testcase>
        <testcase classname="tests/workers/parse-cast.test.ts" name="mapUdsvType &gt; maps &apos;b:yn&apos; (yes/no variant) to &apos;boolean&apos;" time="0.0009534">
        </testcase>
        <testcase classname="tests/workers/parse-cast.test.ts" name="mapUdsvType &gt; maps &apos;b:10&apos; (1/0 variant) to &apos;boolean&apos;" time="0.0028876">
        </testcase>
        <testcase classname="tests/workers/parse-cast.test.ts" name="mapUdsvType &gt; maps any code starting with &apos;b&apos; to &apos;boolean&apos;" time="0.0011394">
        </testcase>
        <testcase classname="tests/workers/parse-cast.test.ts" name="mapUdsvType &gt; maps an unknown code to &apos;string&apos;" time="0.0005389">
        </testcase>
        <testcase classname="tests/workers/parse-cast.test.ts" name="mapUdsvType &gt; maps empty string to &apos;string&apos;" time="0.0026619">
        </testcase>
        <testcase classname="tests/workers/parse-cast.test.ts" name="mapUdsvType &gt; maps a completely unknown code like &apos;z&apos; to &apos;string&apos;" time="0.0004443">
        </testcase>
        <testcase classname="tests/workers/parse-cast.test.ts" name="mapUdsvType &gt; is case-sensitive: &apos;N&apos; (uppercase) falls through to &apos;string&apos;" time="0.0003889">
        </testcase>
        <testcase classname="tests/workers/parse-cast.test.ts" name="mapUdsvType &gt; is case-sensitive: &apos;B&apos; (uppercase) does not match startsWith(&apos;b&apos;)" time="0.0005364">
        </testcase>
        <testcase classname="tests/workers/parse-cast.test.ts" name="mapUdsvType &gt; is case-sensitive: &apos;S&apos; (uppercase) falls through to &apos;string&apos;" time="0.0141375">
        </testcase>
    </testsuite>
    <testsuite name="tests/workers/resvg-raster.test.ts" timestamp="2026-06-25T18:28:25.043Z" hostname="Desktop" tests="16" failures="0" errors="0" skipped="0" time="0.1165503">
        <testcase classname="tests/workers/resvg-raster.test.ts" name="resvg-raster &gt; svgToPng &gt; calls fetch with the self-hosted wasm URL" time="0.0285244">
        </testcase>
        <testcase classname="tests/workers/resvg-raster.test.ts" name="resvg-raster &gt; svgToPng &gt; passes the SVG string and default width 1200 to the Resvg constructor" time="0.0071239">
        </testcase>
        <testcase classname="tests/workers/resvg-raster.test.ts" name="resvg-raster &gt; svgToPng &gt; accepts a custom widthPx and passes it to Resvg" time="0.002323">
        </testcase>
        <testcase classname="tests/workers/resvg-raster.test.ts" name="resvg-raster &gt; svgToPng &gt; uses the default widthPx=1200 when no second argument is provided" time="0.0006577">
        </testcase>
        <testcase classname="tests/workers/resvg-raster.test.ts" name="resvg-raster &gt; svgToPng &gt; calls render() then asPng() and returns the PNG bytes" time="0.0016601">
        </testcase>
        <testcase classname="tests/workers/resvg-raster.test.ts" name="resvg-raster &gt; svgToPng &gt; returns a Uint8Array" time="0.0009367">
        </testcase>
        <testcase classname="tests/workers/resvg-raster.test.ts" name="resvg-raster &gt; svgToPng &gt; sets background:&apos;white&apos; and loadSystemFonts:false on every call" time="0.0006495">
        </testcase>
        <testcase classname="tests/workers/resvg-raster.test.ts" name="resvg-raster &gt; svgToPng &gt; initWasm is called at most once even across repeated svgToPng calls" time="0.0007421">
        </testcase>
        <testcase classname="tests/workers/resvg-raster.test.ts" name="resvg-raster &gt; pngToDataUri &gt; returns a string starting with &apos;data:image/png;base64,&apos;" time="0.003165">
        </testcase>
        <testcase classname="tests/workers/resvg-raster.test.ts" name="resvg-raster &gt; pngToDataUri &gt; produces a valid base64 data URI for a known PNG header" time="0.000813">
        </testcase>
        <testcase classname="tests/workers/resvg-raster.test.ts" name="resvg-raster &gt; pngToDataUri &gt; handles an empty Uint8Array (produces &apos;data:image/png;base64,&apos;)" time="0.0005043">
        </testcase>
        <testcase classname="tests/workers/resvg-raster.test.ts" name="resvg-raster &gt; pngToDataUri &gt; handles small inputs (fewer than one chunk = 0x8000 bytes)" time="0.0046735">
        </testcase>
        <testcase classname="tests/workers/resvg-raster.test.ts" name="resvg-raster &gt; pngToDataUri &gt; handles inputs exactly equal to one chunk size (0x8000 = 32768 bytes)" time="0.0091057">
        </testcase>
        <testcase classname="tests/workers/resvg-raster.test.ts" name="resvg-raster &gt; pngToDataUri &gt; handles inputs larger than one chunk (multi-chunk path exercises the loop)" time="0.0343735">
        </testcase>
        <testcase classname="tests/workers/resvg-raster.test.ts" name="resvg-raster &gt; pngToDataUri &gt; produces the correct base64 string for a single-byte input" time="0.0011256">
        </testcase>
        <testcase classname="tests/workers/resvg-raster.test.ts" name="resvg-raster &gt; pngToDataUri &gt; round-trips correctly: decoded base64 matches original bytes" time="0.0053966">
        </testcase>
    </testsuite>
    <testsuite name="tests/core/queries/datasets.test.ts" timestamp="2026-06-25T18:28:25.046Z" hostname="Desktop" tests="50" failures="0" errors="0" skipped="0" time="2.2458191">
        <testcase classname="tests/core/queries/datasets.test.ts" name="useDatasets &gt; returns all datasets when no filters are applied" time="0.110287">
        </testcase>
        <testcase classname="tests/core/queries/datasets.test.ts" name="useDatasets &gt; filters by source when filters.source is provided" time="0.0846496">
        </testcase>
        <testcase classname="tests/core/queries/datasets.test.ts" name="useDatasets &gt; filters by format when filters.format is provided" time="0.0784681">
        </testcase>
        <testcase classname="tests/core/queries/datasets.test.ts" name="useDatasets &gt; filters by both source and format simultaneously" time="0.0810324">
        </testcase>
        <testcase classname="tests/core/queries/datasets.test.ts" name="useDatasets &gt; returns empty array when no datasets match" time="0.0786068">
        </testcase>
        <testcase classname="tests/core/queries/datasets.test.ts" name="useDatasets &gt; returns empty array when store is empty" time="0.0795909">
        </testcase>
        <testcase classname="tests/core/queries/datasets.test.ts" name="useDataset &gt; returns the dataset when id matches" time="0.0787665">
        </testcase>
        <testcase classname="tests/core/queries/datasets.test.ts" name="useDataset &gt; returns null when id is not found" time="0.0779518">
        </testcase>
        <testcase classname="tests/core/queries/datasets.test.ts" name="useDataset &gt; is disabled and uses null key when id is null" time="0.0638694">
        </testcase>
        <testcase classname="tests/core/queries/datasets.test.ts" name="useDatasetByTable &gt; returns the dataset when tableName matches" time="0.0792112">
        </testcase>
        <testcase classname="tests/core/queries/datasets.test.ts" name="useDatasetByTable &gt; returns null when no dataset matches tableName" time="0.0780638">
        </testcase>
        <testcase classname="tests/core/queries/datasets.test.ts" name="useDatasetByTable &gt; is disabled when tableName is null (uses null-table key)" time="0.0627931">
        </testcase>
        <testcase classname="tests/core/queries/datasets.test.ts" name="useActiveDataset &gt; returns null when no active dataset is set" time="0.0794793">
        </testcase>
        <testcase classname="tests/core/queries/datasets.test.ts" name="useActiveDataset &gt; returns the active dataset when activeDatasetId is set" time="0.0793937">
        </testcase>
        <testcase classname="tests/core/queries/datasets.test.ts" name="useActiveDataset &gt; uses the detail queryKey when activeDatasetId is set" time="0.0778709">
        </testcase>
        <testcase classname="tests/core/queries/datasets.test.ts" name="useAddDataset &gt; adds a dataset to the store and returns it" time="0.0075535">
        </testcase>
        <testcase classname="tests/core/queries/datasets.test.ts" name="useAddDataset &gt; invalidates dataset list queries on success" time="0.0095541">
        </testcase>
        <testcase classname="tests/core/queries/datasets.test.ts" name="useAddDataset &gt; sets query data for dataset detail and byTable on success" time="0.0151823">
        </testcase>
        <testcase classname="tests/core/queries/datasets.test.ts" name="useUpdateDataset &gt; updates the dataset in the store and returns { id, patch }" time="0.0037704">
        </testcase>
        <testcase classname="tests/core/queries/datasets.test.ts" name="useUpdateDataset &gt; invalidates detail and list queries on success" time="0.0114075">
        </testcase>
        <testcase classname="tests/core/queries/datasets.test.ts" name="useRemoveDataset &gt; removes the dataset from the store and returns the id" time="0.0042705">
        </testcase>
        <testcase classname="tests/core/queries/datasets.test.ts" name="useRemoveDataset &gt; removes queries and invalidates lists on success" time="0.0114144">
        </testcase>
        <testcase classname="tests/core/queries/datasets.test.ts" name="useSetActiveDataset &gt; sets the active dataset id and returns it" time="0.0030846">
        </testcase>
        <testcase classname="tests/core/queries/datasets.test.ts" name="useSetActiveDataset &gt; accepts null to clear active dataset" time="0.0027526">
        </testcase>
        <testcase classname="tests/core/queries/datasets.test.ts" name="useSetActiveDataset &gt; invalidates all dataset queries on success" time="0.0106152">
        </testcase>
        <testcase classname="tests/core/queries/datasets.test.ts" name="useQueryHistory &gt; returns all query history when datasetId is not provided" time="0.0798682">
        </testcase>
        <testcase classname="tests/core/queries/datasets.test.ts" name="useQueryHistory &gt; filters query history by datasetId when provided" time="0.0785604">
        </testcase>
        <testcase classname="tests/core/queries/datasets.test.ts" name="useQueryHistory &gt; returns empty array when no history entries match the datasetId" time="0.0788864">
        </testcase>
        <testcase classname="tests/core/queries/datasets.test.ts" name="useAddQueryHistory &gt; adds a query history item and returns it" time="0.0032301">
        </testcase>
        <testcase classname="tests/core/queries/datasets.test.ts" name="useAddQueryHistory &gt; invalidates query history queries on success" time="0.0134582">
        </testcase>
        <testcase classname="tests/core/queries/datasets.test.ts" name="useClearQueryHistory &gt; clears all query history and returns void" time="0.0038745">
        </testcase>
        <testcase classname="tests/core/queries/datasets.test.ts" name="useClearQueryHistory &gt; invalidates all query history queries on success" time="0.011832">
        </testcase>
        <testcase classname="tests/core/queries/datasets.test.ts" name="useSavedCharts &gt; returns all charts when no datasetId is provided" time="0.0791665">
        </testcase>
        <testcase classname="tests/core/queries/datasets.test.ts" name="useSavedCharts &gt; filters charts by datasetId when provided" time="0.0773833">
        </testcase>
        <testcase classname="tests/core/queries/datasets.test.ts" name="useSavedCharts &gt; returns empty array when no charts match" time="0.0795778">
        </testcase>
        <testcase classname="tests/core/queries/datasets.test.ts" name="useSaveChart &gt; saves a chart and returns it" time="0.0035858">
        </testcase>
        <testcase classname="tests/core/queries/datasets.test.ts" name="useSaveChart &gt; invalidates chart queries on success" time="0.0121558">
        </testcase>
        <testcase classname="tests/core/queries/datasets.test.ts" name="useRemoveChart &gt; removes a chart and returns the id" time="0.0045269">
        </testcase>
        <testcase classname="tests/core/queries/datasets.test.ts" name="useRemoveChart &gt; invalidates all chart queries on success" time="0.0110464">
        </testcase>
        <testcase classname="tests/core/queries/datasets.test.ts" name="useTransforms &gt; returns all transforms when no datasetId is provided" time="0.0750766">
        </testcase>
        <testcase classname="tests/core/queries/datasets.test.ts" name="useTransforms &gt; filters transforms by datasetId when provided" time="0.0779623">
        </testcase>
        <testcase classname="tests/core/queries/datasets.test.ts" name="useTransforms &gt; returns empty array when no transforms match" time="0.0786395">
        </testcase>
        <testcase classname="tests/core/queries/datasets.test.ts" name="useAddTransform &gt; adds a transform and returns it" time="0.0052435">
        </testcase>
        <testcase classname="tests/core/queries/datasets.test.ts" name="useAddTransform &gt; invalidates transform queries on success" time="0.0111152">
        </testcase>
        <testcase classname="tests/core/queries/datasets.test.ts" name="useLoadedTableNames &gt; returns the loaded table names from the store" time="0.0777523">
        </testcase>
        <testcase classname="tests/core/queries/datasets.test.ts" name="useLoadedTableNames &gt; returns an empty array when no tables are loaded" time="0.0794531">
        </testcase>
        <testcase classname="tests/core/queries/datasets.test.ts" name="useMarkTableLoaded &gt; marks a table as loaded and returns the tableName" time="0.0057349">
        </testcase>
        <testcase classname="tests/core/queries/datasets.test.ts" name="useMarkTableLoaded &gt; invalidates the loadedTables query on success" time="0.0077731">
        </testcase>
        <testcase classname="tests/core/queries/datasets.test.ts" name="usePrefetchDataset &gt; sets query data in the cache when the dataset is found" time="0.0061318">
        </testcase>
        <testcase classname="tests/core/queries/datasets.test.ts" name="usePrefetchDataset &gt; does nothing when the dataset is not found (no error thrown)" time="0.0033033">
        </testcase>
    </testsuite>
    <testsuite name="tests/core/queries/datasets.test.tsx" timestamp="2026-06-25T18:28:25.053Z" hostname="Desktop" tests="45" failures="0" errors="0" skipped="0" time="1.6941313">
        <testcase classname="tests/core/queries/datasets.test.tsx" name="useDatasets &gt; returns all datasets when no filters are provided" time="0.1128375">
        </testcase>
        <testcase classname="tests/core/queries/datasets.test.tsx" name="useDatasets &gt; returns an empty array when the store has no datasets" time="0.0732553">
        </testcase>
        <testcase classname="tests/core/queries/datasets.test.tsx" name="useDatasets &gt; filters by source only" time="0.0040647">
        </testcase>
        <testcase classname="tests/core/queries/datasets.test.tsx" name="useDatasets &gt; filters by format only" time="0.0039531">
        </testcase>
        <testcase classname="tests/core/queries/datasets.test.tsx" name="useDatasets &gt; applies source AND format filters together" time="0.0044185">
        </testcase>
        <testcase classname="tests/core/queries/datasets.test.tsx" name="useDatasets &gt; returns an empty array when filters match nothing" time="0.0040013">
        </testcase>
        <testcase classname="tests/core/queries/datasets.test.tsx" name="useDatasets &gt; ignores filters whose value is an empty string (falsy)" time="0.0039552">
        </testcase>
        <testcase classname="tests/core/queries/datasets.test.tsx" name="useDataset &gt; returns the matching dataset by id" time="0.0746839">
        </testcase>
        <testcase classname="tests/core/queries/datasets.test.tsx" name="useDataset &gt; returns null when the id is not present in the store" time="0.0783898">
        </testcase>
        <testcase classname="tests/core/queries/datasets.test.tsx" name="useDataset &gt; is disabled (idle) and does not fetch when id is null" time="0.0028545">
        </testcase>
        <testcase classname="tests/core/queries/datasets.test.tsx" name="useDatasetByTable &gt; returns the dataset matched by its tableName" time="0.0761304">
        </testcase>
        <testcase classname="tests/core/queries/datasets.test.tsx" name="useDatasetByTable &gt; also matches by viewName (getDatasetByTable checks both)" time="0.0792009">
        </testcase>
        <testcase classname="tests/core/queries/datasets.test.tsx" name="useDatasetByTable &gt; returns null when no table or view matches" time="0.0800766">
        </testcase>
        <testcase classname="tests/core/queries/datasets.test.tsx" name="useDatasetByTable &gt; is disabled (idle) when tableName is null" time="0.0034763">
        </testcase>
        <testcase classname="tests/core/queries/datasets.test.tsx" name="useActiveDataset &gt; returns the active dataset resolved from the store" time="0.0752097">
        </testcase>
        <testcase classname="tests/core/queries/datasets.test.tsx" name="useActiveDataset &gt; returns null when there is no active dataset id" time="0.0785494">
        </testcase>
        <testcase classname="tests/core/queries/datasets.test.tsx" name="useActiveDataset &gt; returns null when the active id points at a missing dataset" time="0.0788181">
        </testcase>
        <testcase classname="tests/core/queries/datasets.test.tsx" name="useQueryHistory &gt; returns the full history when no datasetId is given" time="0.063702">
        </testcase>
        <testcase classname="tests/core/queries/datasets.test.tsx" name="useQueryHistory &gt; filters history to a specific datasetId" time="0.0792851">
        </testcase>
        <testcase classname="tests/core/queries/datasets.test.tsx" name="useQueryHistory &gt; returns an empty array when no history matches the datasetId" time="0.0745754">
        </testcase>
        <testcase classname="tests/core/queries/datasets.test.tsx" name="useSavedCharts &gt; returns all saved charts when no datasetId is given" time="0.0777242">
        </testcase>
        <testcase classname="tests/core/queries/datasets.test.tsx" name="useSavedCharts &gt; filters charts by datasetId" time="0.0786625">
        </testcase>
        <testcase classname="tests/core/queries/datasets.test.tsx" name="useTransforms &gt; returns all transforms when no datasetId is given" time="0.0791452">
        </testcase>
        <testcase classname="tests/core/queries/datasets.test.tsx" name="useTransforms &gt; filters transforms by their inputDatasetId" time="0.0767058">
        </testcase>
        <testcase classname="tests/core/queries/datasets.test.tsx" name="useLoadedTableNames &gt; returns the loaded table names from the store" time="0.0618661">
        </testcase>
        <testcase classname="tests/core/queries/datasets.test.tsx" name="useLoadedTableNames &gt; returns an empty array when nothing is loaded" time="0.0833378">
        </testcase>
        <testcase classname="tests/core/queries/datasets.test.tsx" name="useAddDataset &gt; adds the dataset to the store and returns it" time="0.0151576">
        </testcase>
        <testcase classname="tests/core/queries/datasets.test.tsx" name="useAddDataset &gt; seeds the RQ detail + byTable caches via onSuccess" time="0.0100359">
        </testcase>
        <testcase classname="tests/core/queries/datasets.test.tsx" name="useUpdateDataset &gt; applies the patch to the matching dataset in the store" time="0.0087936">
        </testcase>
        <testcase classname="tests/core/queries/datasets.test.tsx" name="useUpdateDataset &gt; leaves other datasets untouched when patching one" time="0.0045162">
        </testcase>
        <testcase classname="tests/core/queries/datasets.test.tsx" name="useRemoveDataset &gt; removes the dataset from the store and returns the id" time="0.0064632">
        </testcase>
        <testcase classname="tests/core/queries/datasets.test.tsx" name="useRemoveDataset &gt; removes the detail query from the RQ cache via onSuccess" time="0.0213064">
        </testcase>
        <testcase classname="tests/core/queries/datasets.test.tsx" name="useSetActiveDataset &gt; sets the active dataset id in the store" time="0.0058091">
        </testcase>
        <testcase classname="tests/core/queries/datasets.test.tsx" name="useSetActiveDataset &gt; clears the active dataset when passed null" time="0.0096209">
        </testcase>
        <testcase classname="tests/core/queries/datasets.test.tsx" name="useAddQueryHistory &gt; prepends the history item to the store" time="0.0133587">
        </testcase>
        <testcase classname="tests/core/queries/datasets.test.tsx" name="useClearQueryHistory &gt; empties the query history in the store" time="0.006315">
        </testcase>
        <testcase classname="tests/core/queries/datasets.test.tsx" name="useSaveChart &gt; prepends the chart to the store and returns it" time="0.007841">
        </testcase>
        <testcase classname="tests/core/queries/datasets.test.tsx" name="useRemoveChart &gt; removes the chart by id and returns the id" time="0.0071358">
        </testcase>
        <testcase classname="tests/core/queries/datasets.test.tsx" name="useRemoveChart &gt; is a no-op when the chart id does not exist" time="0.0048879">
        </testcase>
        <testcase classname="tests/core/queries/datasets.test.tsx" name="useAddTransform &gt; prepends the transform to the store and returns it" time="0.0078214">
        </testcase>
        <testcase classname="tests/core/queries/datasets.test.tsx" name="useMarkTableLoaded &gt; adds a new table name to loadedTableNames and returns it" time="0.0067746">
        </testcase>
        <testcase classname="tests/core/queries/datasets.test.tsx" name="useMarkTableLoaded &gt; does not duplicate an already-loaded table name" time="0.0076708">
        </testcase>
        <testcase classname="tests/core/queries/datasets.test.tsx" name="usePrefetchDataset &gt; seeds the RQ detail cache when the dataset exists in the store" time="0.0096">
        </testcase>
        <testcase classname="tests/core/queries/datasets.test.tsx" name="usePrefetchDataset &gt; does nothing when the dataset id is not found" time="0.0049165">
        </testcase>
        <testcase classname="tests/core/queries/datasets.test.tsx" name="usePrefetchDataset &gt; returns a stable callback reference across re-renders" time="0.0162773">
        </testcase>
    </testsuite>
    <testsuite name="tests/core/queries/duckdb.test.ts" timestamp="2026-06-25T18:28:25.059Z" hostname="Desktop" tests="41" failures="0" errors="0" skipped="0" time="2.0388925">
        <testcase classname="tests/core/queries/duckdb.test.ts" name="useDuckDBQuery &gt; fetches and returns rows for a valid SQL string" time="0.1112063">
        </testcase>
        <testcase classname="tests/core/queries/duckdb.test.ts" name="useDuckDBQuery &gt; returns an empty array without calling runReadOnlyQuery when sql is empty" time="0.0701541">
        </testcase>
        <testcase classname="tests/core/queries/duckdb.test.ts" name="useDuckDBQuery &gt; returns an empty array without calling runReadOnlyQuery when sql is whitespace-only" time="0.0613949">
        </testcase>
        <testcase classname="tests/core/queries/duckdb.test.ts" name="useDuckDBQuery &gt; is disabled when options.enabled is false" time="0.0637429">
        </testcase>
        <testcase classname="tests/core/queries/duckdb.test.ts" name="useDuckDBQuery &gt; propagates runReadOnlyQuery errors into the error state" time="0.0789792">
        </testcase>
        <testcase classname="tests/core/queries/duckdb.test.ts" name="useDuckDBQuery &gt; passes params as part of the query key (does not bind them as SQL params)" time="0.0804673">
        </testcase>
        <testcase classname="tests/core/queries/duckdb.test.ts" name="useDuckDBQuery &gt; respects a custom staleTime option" time="0.0777699">
        </testcase>
        <testcase classname="tests/core/queries/duckdb.test.ts" name="useTableSchema &gt; returns null without calling listRegisteredDatasets when tableName is null" time="0.0632361">
        </testcase>
        <testcase classname="tests/core/queries/duckdb.test.ts" name="useTableSchema &gt; resolves schema by dataset id" time="0.0792071">
        </testcase>
        <testcase classname="tests/core/queries/duckdb.test.ts" name="useTableSchema &gt; resolves schema by viewName" time="0.0684632">
        </testcase>
        <testcase classname="tests/core/queries/duckdb.test.ts" name="useTableSchema &gt; resolves schema by displayName" time="0.0571492">
        </testcase>
        <testcase classname="tests/core/queries/duckdb.test.ts" name="useTableSchema &gt; throws when no dataset matches the given tableName" time="0.079281">
        </testcase>
        <testcase classname="tests/core/queries/duckdb.test.ts" name="useTableSchema &gt; throws when the dataset list is empty" time="0.0793257">
        </testcase>
        <testcase classname="tests/core/queries/duckdb.test.ts" name="useTableSchema &gt; propagates listRegisteredDatasets errors" time="0.0795897">
        </testcase>
        <testcase classname="tests/core/queries/duckdb.test.ts" name="useTablePreview &gt; is disabled when tableName is null" time="0.0624348">
        </testcase>
        <testcase classname="tests/core/queries/duckdb.test.ts" name="useTablePreview &gt; issues SELECT * with default limit 100 and quotes the identifier" time="0.0780284">
        </testcase>
        <testcase classname="tests/core/queries/duckdb.test.ts" name="useTablePreview &gt; issues SELECT * with a custom limit" time="0.0804378">
        </testcase>
        <testcase classname="tests/core/queries/duckdb.test.ts" name="useTablePreview &gt; floors a fractional limit to an integer" time="0.0793773">
        </testcase>
        <testcase classname="tests/core/queries/duckdb.test.ts" name="useTablePreview &gt; escapes double-quotes in the table name" time="0.0792524">
        </testcase>
        <testcase classname="tests/core/queries/duckdb.test.ts" name="useTableRowCount &gt; is disabled when tableName is null" time="0.0628246">
        </testcase>
        <testcase classname="tests/core/queries/duckdb.test.ts" name="useTableRowCount &gt; returns the row count as a number" time="0.0788569">
        </testcase>
        <testcase classname="tests/core/queries/duckdb.test.ts" name="useTableRowCount &gt; coerces the count value from a string to a number" time="0.0782256">
        </testcase>
        <testcase classname="tests/core/queries/duckdb.test.ts" name="useTableRowCount &gt; defaults to 0 when the rows array is empty" time="0.0797604">
        </testcase>
        <testcase classname="tests/core/queries/duckdb.test.ts" name="useTableRowCount &gt; defaults to 0 when rows[0].count is nullish" time="0.0792312">
        </testcase>
        <testcase classname="tests/core/queries/duckdb.test.ts" name="useTableRowCount &gt; escapes double-quotes in the table name for the COUNT query" time="0.0746473">
        </testcase>
        <testcase classname="tests/core/queries/duckdb.test.ts" name="useTableRowCount &gt; propagates runReadOnlyQuery errors" time="0.0784374">
        </testcase>
        <testcase classname="tests/core/queries/duckdb.test.ts" name="useInvalidateDuckDBQueries &gt; invalidateAll invalidates the [&apos;duckdb&apos;] key prefix" time="0.0055481">
        </testcase>
        <testcase classname="tests/core/queries/duckdb.test.ts" name="useInvalidateDuckDBQueries &gt; invalidateTable calls invalidateQueries for schema, preview, count, and query keys" time="0.0071689">
        </testcase>
        <testcase classname="tests/core/queries/duckdb.test.ts" name="useInvalidateDuckDBQueries &gt; invalidateDataset invalidates duckdb, datasets, and dataset-specific keys" time="0.005712">
        </testcase>
        <testcase classname="tests/core/queries/duckdb.test.ts" name="usePrefetchDuckDBQuery &gt; prefetch returns early without calling runReadOnlyQuery for an empty sql string" time="0.0044288">
        </testcase>
        <testcase classname="tests/core/queries/duckdb.test.ts" name="usePrefetchDuckDBQuery &gt; prefetch returns early for a whitespace-only sql string" time="0.003009">
        </testcase>
        <testcase classname="tests/core/queries/duckdb.test.ts" name="usePrefetchDuckDBQuery &gt; prefetch calls runReadOnlyQuery for a valid sql string" time="0.0034967">
        </testcase>
        <testcase classname="tests/core/queries/duckdb.test.ts" name="usePrefetchDuckDBQuery &gt; prefetch accepts optional params without including them in the SQL call" time="0.0061192">
        </testcase>
        <testcase classname="tests/core/queries/duckdb.test.ts" name="usePrefetchDuckDBQuery &gt; prefetchSchema resolves schema for a dataset matched by id" time="0.0043022">
        </testcase>
        <testcase classname="tests/core/queries/duckdb.test.ts" name="usePrefetchDuckDBQuery &gt; prefetchSchema throws when dataset is not found" time="0.0027557">
        </testcase>
        <testcase classname="tests/core/queries/duckdb.test.ts" name="usePrefetchDuckDBQuery &gt; prefetchSchema resolves by viewName when id does not match" time="0.0058474">
        </testcase>
        <testcase classname="tests/core/queries/duckdb.test.ts" name="usePrefetchDuckDBQuery &gt; prefetchSchema resolves by displayName when id and viewName do not match" time="0.0052376">
        </testcase>
        <testcase classname="tests/core/queries/duckdb.test.ts" name="usePrefetchDuckDBQuery &gt; prefetchPreview calls runReadOnlyQuery with a quoted SELECT * LIMIT query" time="0.0035168">
        </testcase>
        <testcase classname="tests/core/queries/duckdb.test.ts" name="usePrefetchDuckDBQuery &gt; prefetchPreview uses a custom limit" time="0.003492">
        </testcase>
        <testcase classname="tests/core/queries/duckdb.test.ts" name="usePrefetchDuckDBQuery &gt; prefetchPreview escapes double-quotes in the table name" time="0.0033958">
        </testcase>
        <testcase classname="tests/core/queries/duckdb.test.ts" name="usePrefetchDuckDBQuery &gt; prefetchPreview stores the result in the QueryClient cache" time="0.003734">
        </testcase>
    </testsuite>
    <testsuite name="tests/core/queries/folders.test.ts" timestamp="2026-06-25T18:28:25.065Z" hostname="Desktop" tests="44" failures="0" errors="0" skipped="0" time="1.4052304">
        <testcase classname="tests/core/queries/folders.test.ts" name="useFolders &gt; returns all folders when parentId is undefined" time="0.1696476">
        </testcase>
        <testcase classname="tests/core/queries/folders.test.ts" name="useFolders &gt; returns only root-level folders when parentId is null" time="0.07565">
        </testcase>
        <testcase classname="tests/core/queries/folders.test.ts" name="useFolders &gt; returns only children of the specified parentId" time="0.0788468">
        </testcase>
        <testcase classname="tests/core/queries/folders.test.ts" name="useFolders &gt; returns an empty array when no folder matches parentId" time="0.0789435">
        </testcase>
        <testcase classname="tests/core/queries/folders.test.ts" name="useAllFolders &gt; returns all folders regardless of hierarchy" time="0.0788077">
        </testcase>
        <testcase classname="tests/core/queries/folders.test.ts" name="useAllFolders &gt; returns an empty array when store has no folders" time="0.0780485">
        </testcase>
        <testcase classname="tests/core/queries/folders.test.ts" name="useFolder &gt; returns null and is not enabled when id is null" time="0.0039686">
        </testcase>
        <testcase classname="tests/core/queries/folders.test.ts" name="useFolder &gt; finds and returns the folder matching the given id" time="0.0649236">
        </testcase>
        <testcase classname="tests/core/queries/folders.test.ts" name="useFolder &gt; returns null when the id does not match any folder" time="0.0746784">
        </testcase>
        <testcase classname="tests/core/queries/folders.test.ts" name="useDatasetFolderMap &gt; returns the full dataset-to-folder map from the store" time="0.0795369">
        </testcase>
        <testcase classname="tests/core/queries/folders.test.ts" name="useDatasetFolderMap &gt; returns an empty object when the map is empty" time="0.0770023">
        </testcase>
        <testcase classname="tests/core/queries/folders.test.ts" name="useDatasetFolder &gt; is not enabled and returns undefined when datasetId is null" time="0.0055711">
        </testcase>
        <testcase classname="tests/core/queries/folders.test.ts" name="useDatasetFolder &gt; returns the folderId for a known datasetId" time="0.0745067">
        </testcase>
        <testcase classname="tests/core/queries/folders.test.ts" name="useDatasetFolder &gt; returns null when the datasetId is not in the map" time="0.0774976">
        </testcase>
        <testcase classname="tests/core/queries/folders.test.ts" name="useDatasetFolder &gt; returns null when the dataset is mapped to null (root level)" time="0.0792996">
        </testcase>
        <testcase classname="tests/core/queries/folders.test.ts" name="useStarredDatasets &gt; returns the current list of starred dataset ids" time="0.0805289">
        </testcase>
        <testcase classname="tests/core/queries/folders.test.ts" name="useStarredDatasets &gt; returns an empty array when no datasets are starred" time="0.0787726">
        </testcase>
        <testcase classname="tests/core/queries/folders.test.ts" name="useAddFolder &gt; adds a folder to the store and invalidates the folders list query" time="0.0099898">
        </testcase>
        <testcase classname="tests/core/queries/folders.test.ts" name="useAddFolder &gt; returns the folder from mutateAsync" time="0.0041077">
        </testcase>
        <testcase classname="tests/core/queries/folders.test.ts" name="useAddFolder &gt; invalidates list query for the folder&apos;s parentId" time="0.0165532">
        </testcase>
        <testcase classname="tests/core/queries/folders.test.ts" name="useRemoveFolder &gt; removes the folder from the store" time="0.0029065">
        </testcase>
        <testcase classname="tests/core/queries/folders.test.ts" name="useRemoveFolder &gt; returns the removed folder id from mutateAsync" time="0.0023693">
        </testcase>
        <testcase classname="tests/core/queries/folders.test.ts" name="useRemoveFolder &gt; invalidates all folders and dataset map queries on success" time="0.0099446">
        </testcase>
        <testcase classname="tests/core/queries/folders.test.ts" name="useRenameFolder &gt; renames the target folder in the store" time="0.0022637">
        </testcase>
        <testcase classname="tests/core/queries/folders.test.ts" name="useRenameFolder &gt; returns { id, name } from mutateAsync" time="0.0025718">
        </testcase>
        <testcase classname="tests/core/queries/folders.test.ts" name="useRenameFolder &gt; invalidates all folder queries on success" time="0.0124212">
        </testcase>
        <testcase classname="tests/core/queries/folders.test.ts" name="useStarFolder &gt; toggles the starred flag on a folder" time="0.0034745">
        </testcase>
        <testcase classname="tests/core/queries/folders.test.ts" name="useStarFolder &gt; returns the folder id from mutateAsync" time="0.0021756">
        </testcase>
        <testcase classname="tests/core/queries/folders.test.ts" name="useStarFolder &gt; invalidates folder queries on success" time="0.0094286">
        </testcase>
        <testcase classname="tests/core/queries/folders.test.ts" name="useMoveFolder &gt; moves a folder to a new parent" time="0.003418">
        </testcase>
        <testcase classname="tests/core/queries/folders.test.ts" name="useMoveFolder &gt; moves a folder to root (newParentId = null)" time="0.0015743">
        </testcase>
        <testcase classname="tests/core/queries/folders.test.ts" name="useMoveFolder &gt; returns { id, newParentId } from mutateAsync" time="0.0015219">
        </testcase>
        <testcase classname="tests/core/queries/folders.test.ts" name="useMoveFolder &gt; invalidates all folder queries on success" time="0.0110383">
        </testcase>
        <testcase classname="tests/core/queries/folders.test.ts" name="useMoveDatasetToFolder &gt; moves a dataset into a folder" time="0.0025287">
        </testcase>
        <testcase classname="tests/core/queries/folders.test.ts" name="useMoveDatasetToFolder &gt; moves a dataset to root (folderId = null)" time="0.0016741">
        </testcase>
        <testcase classname="tests/core/queries/folders.test.ts" name="useMoveDatasetToFolder &gt; returns { datasetId, folderId } from mutateAsync" time="0.001405">
        </testcase>
        <testcase classname="tests/core/queries/folders.test.ts" name="useMoveDatasetToFolder &gt; invalidates the datasetMap and all folder queries on success" time="0.0077485">
        </testcase>
        <testcase classname="tests/core/queries/folders.test.ts" name="useRemoveDatasetFromMap &gt; removes the dataset entry from the map" time="0.0030686">
        </testcase>
        <testcase classname="tests/core/queries/folders.test.ts" name="useRemoveDatasetFromMap &gt; returns the removed datasetId from mutateAsync" time="0.0019734">
        </testcase>
        <testcase classname="tests/core/queries/folders.test.ts" name="useRemoveDatasetFromMap &gt; invalidates the datasetMap query on success" time="0.0109073">
        </testcase>
        <testcase classname="tests/core/queries/folders.test.ts" name="useStarDataset &gt; adds a dataset to the starred list" time="0.0035027">
        </testcase>
        <testcase classname="tests/core/queries/folders.test.ts" name="useStarDataset &gt; toggles a starred dataset back off" time="0.0034994">
        </testcase>
        <testcase classname="tests/core/queries/folders.test.ts" name="useStarDataset &gt; returns the datasetId from mutateAsync" time="0.0030276">
        </testcase>
        <testcase classname="tests/core/queries/folders.test.ts" name="useStarDataset &gt; invalidates the starred query on success" time="0.0055697">
        </testcase>
    </testsuite>
    <testsuite name="tests/core/queries/folders.test.tsx" timestamp="2026-06-25T18:28:25.072Z" hostname="Desktop" tests="15" failures="0" errors="0" skipped="0" time="1.2113341">
        <testcase classname="tests/core/queries/folders.test.tsx" name="useFolders &gt; returns all folders when no parentId argument is provided" time="0.1533016">
        </testcase>
        <testcase classname="tests/core/queries/folders.test.tsx" name="useFolders &gt; filters to direct children of a given parentId" time="0.0855772">
        </testcase>
        <testcase classname="tests/core/queries/folders.test.tsx" name="useFolders &gt; returns only top-level folders when parentId is null" time="0.0782205">
        </testcase>
        <testcase classname="tests/core/queries/folders.test.tsx" name="useFolders &gt; returns an empty array when no folder matches the parentId" time="0.0961075">
        </testcase>
        <testcase classname="tests/core/queries/folders.test.tsx" name="useFolder &gt; returns the matching folder by id" time="0.1098862">
        </testcase>
        <testcase classname="tests/core/queries/folders.test.tsx" name="useFolder &gt; returns null when the id is not found" time="0.0888027">
        </testcase>
        <testcase classname="tests/core/queries/folders.test.tsx" name="useFolder &gt; is disabled (does not fetch) when id is null" time="0.0071288">
        </testcase>
        <testcase classname="tests/core/queries/folders.test.tsx" name="useDatasetFolderMap &gt; returns the full dataset-to-folder mapping" time="0.0633311">
        </testcase>
        <testcase classname="tests/core/queries/folders.test.tsx" name="useDatasetFolderMap &gt; returns an empty object when nothing is mapped" time="0.0890464">
        </testcase>
        <testcase classname="tests/core/queries/folders.test.tsx" name="useDatasetFolder &gt; returns the folder id for a placed dataset" time="0.0800939">
        </testcase>
        <testcase classname="tests/core/queries/folders.test.tsx" name="useDatasetFolder &gt; returns null for a dataset that is mapped to root (null)" time="0.079493">
        </testcase>
        <testcase classname="tests/core/queries/folders.test.tsx" name="useDatasetFolder &gt; returns null for a dataset that has no mapping entry" time="0.0927869">
        </testcase>
        <testcase classname="tests/core/queries/folders.test.tsx" name="useDatasetFolder &gt; is disabled when datasetId is null" time="0.0118109">
        </testcase>
        <testcase classname="tests/core/queries/folders.test.tsx" name="useStarredDatasets &gt; returns the list of starred dataset ids" time="0.0867626">
        </testcase>
        <testcase classname="tests/core/queries/folders.test.tsx" name="useStarredDatasets &gt; returns an empty array when nothing is starred" time="0.0783995">
        </testcase>
    </testsuite>
    <testsuite name="tests/core/queries/keys.test.ts" timestamp="2026-06-25T18:28:25.074Z" hostname="Desktop" tests="59" failures="0" errors="0" skipped="0" time="0.0359536">
        <testcase classname="tests/core/queries/keys.test.ts" name="queryKeys.datasets &gt; all() returns the base tuple" time="0.0057399">
        </testcase>
        <testcase classname="tests/core/queries/keys.test.ts" name="queryKeys.datasets &gt; lists() returns the list prefix" time="0.0007667">
        </testcase>
        <testcase classname="tests/core/queries/keys.test.ts" name="queryKeys.datasets &gt; list() without filters appends an empty object" time="0.0006228">
        </testcase>
        <testcase classname="tests/core/queries/keys.test.ts" name="queryKeys.datasets &gt; list(undefined) appends an empty object (same as no arg)" time="0.0004334">
        </testcase>
        <testcase classname="tests/core/queries/keys.test.ts" name="queryKeys.datasets &gt; list({ source }) appends the filter object" time="0.0003903">
        </testcase>
        <testcase classname="tests/core/queries/keys.test.ts" name="queryKeys.datasets &gt; list({ format }) appends the filter object" time="0.000411">
        </testcase>
        <testcase classname="tests/core/queries/keys.test.ts" name="queryKeys.datasets &gt; list({ source, format }) appends both filters" time="0.0003975">
        </testcase>
        <testcase classname="tests/core/queries/keys.test.ts" name="queryKeys.datasets &gt; details() returns the detail prefix" time="0.0003323">
        </testcase>
        <testcase classname="tests/core/queries/keys.test.ts" name="queryKeys.datasets &gt; detail(id) appends the id" time="0.0004105">
        </testcase>
        <testcase classname="tests/core/queries/keys.test.ts" name="queryKeys.datasets &gt; byTable(tableName) appends byTable and the table name" time="0.0003289">
        </testcase>
        <testcase classname="tests/core/queries/keys.test.ts" name="queryKeys.queryHistory &gt; all() returns the base tuple" time="0.0005674">
        </testcase>
        <testcase classname="tests/core/queries/keys.test.ts" name="queryKeys.queryHistory &gt; lists() returns the list prefix" time="0.0003427">
        </testcase>
        <testcase classname="tests/core/queries/keys.test.ts" name="queryKeys.queryHistory &gt; list() without datasetId appends { datasetId: undefined }" time="0.0003388">
        </testcase>
        <testcase classname="tests/core/queries/keys.test.ts" name="queryKeys.queryHistory &gt; list(datasetId) appends the datasetId filter" time="0.0002866">
        </testcase>
        <testcase classname="tests/core/queries/keys.test.ts" name="queryKeys.queryHistory &gt; detail(id) appends the id directly under the root" time="0.000361">
        </testcase>
        <testcase classname="tests/core/queries/keys.test.ts" name="queryKeys.savedCharts &gt; all() returns the base tuple" time="0.0004357">
        </testcase>
        <testcase classname="tests/core/queries/keys.test.ts" name="queryKeys.savedCharts &gt; lists() returns the list prefix" time="0.0003011">
        </testcase>
        <testcase classname="tests/core/queries/keys.test.ts" name="queryKeys.savedCharts &gt; list() without datasetId appends { datasetId: undefined }" time="0.0005394">
        </testcase>
        <testcase classname="tests/core/queries/keys.test.ts" name="queryKeys.savedCharts &gt; list(datasetId) appends the datasetId filter" time="0.0004355">
        </testcase>
        <testcase classname="tests/core/queries/keys.test.ts" name="queryKeys.savedCharts &gt; detail(id) appends the id directly under the root" time="0.000397">
        </testcase>
        <testcase classname="tests/core/queries/keys.test.ts" name="queryKeys.transforms &gt; all() returns the base tuple" time="0.0003094">
        </testcase>
        <testcase classname="tests/core/queries/keys.test.ts" name="queryKeys.transforms &gt; lists() returns the list prefix" time="0.0011165">
        </testcase>
        <testcase classname="tests/core/queries/keys.test.ts" name="queryKeys.transforms &gt; list() without datasetId appends { datasetId: undefined }" time="0.0011508">
        </testcase>
        <testcase classname="tests/core/queries/keys.test.ts" name="queryKeys.transforms &gt; list(datasetId) appends the datasetId filter" time="0.000748">
        </testcase>
        <testcase classname="tests/core/queries/keys.test.ts" name="queryKeys.transforms &gt; detail(id) appends the id directly under the root" time="0.0004243">
        </testcase>
        <testcase classname="tests/core/queries/keys.test.ts" name="queryKeys.files &gt; all() returns the base tuple" time="0.0003915">
        </testcase>
        <testcase classname="tests/core/queries/keys.test.ts" name="queryKeys.files &gt; lists() returns the list prefix" time="0.0003199">
        </testcase>
        <testcase classname="tests/core/queries/keys.test.ts" name="queryKeys.files &gt; list() without folderId appends { folderId: undefined }" time="0.000348">
        </testcase>
        <testcase classname="tests/core/queries/keys.test.ts" name="queryKeys.files &gt; list(null) appends { folderId: null }" time="0.0002636">
        </testcase>
        <testcase classname="tests/core/queries/keys.test.ts" name="queryKeys.files &gt; list(folderId) appends the folderId filter" time="0.0003016">
        </testcase>
        <testcase classname="tests/core/queries/keys.test.ts" name="queryKeys.files &gt; detail(id) appends the id directly under the root" time="0.0002957">
        </testcase>
        <testcase classname="tests/core/queries/keys.test.ts" name="queryKeys.files &gt; uploadProgress(fileId) appends the uploadProgress segment and fileId" time="0.0002863">
        </testcase>
        <testcase classname="tests/core/queries/keys.test.ts" name="queryKeys.folders &gt; all() returns the base tuple" time="0.0002586">
        </testcase>
        <testcase classname="tests/core/queries/keys.test.ts" name="queryKeys.folders &gt; lists() returns the list prefix" time="0.000266">
        </testcase>
        <testcase classname="tests/core/queries/keys.test.ts" name="queryKeys.folders &gt; list() without parentId appends { parentId: undefined }" time="0.0003273">
        </testcase>
        <testcase classname="tests/core/queries/keys.test.ts" name="queryKeys.folders &gt; list(null) appends { parentId: null }" time="0.0002565">
        </testcase>
        <testcase classname="tests/core/queries/keys.test.ts" name="queryKeys.folders &gt; list(parentId) appends the parentId filter" time="0.000222">
        </testcase>
        <testcase classname="tests/core/queries/keys.test.ts" name="queryKeys.folders &gt; detail(id) appends the id directly under the root" time="0.0002169">
        </testcase>
        <testcase classname="tests/core/queries/keys.test.ts" name="queryKeys.folders &gt; starred() appends the &apos;starred&apos; segment" time="0.0002485">
        </testcase>
        <testcase classname="tests/core/queries/keys.test.ts" name="queryKeys.folders &gt; datasetMap() appends the &apos;datasetMap&apos; segment" time="0.0002853">
        </testcase>
        <testcase classname="tests/core/queries/keys.test.ts" name="queryKeys.duckdb &gt; tables() returns the tables key" time="0.0002545">
        </testcase>
        <testcase classname="tests/core/queries/keys.test.ts" name="queryKeys.duckdb &gt; query(sql) without params defaults to empty array" time="0.0002703">
        </testcase>
        <testcase classname="tests/core/queries/keys.test.ts" name="queryKeys.duckdb &gt; query(sql, params) uses the provided params array" time="0.0002014">
        </testcase>
        <testcase classname="tests/core/queries/keys.test.ts" name="queryKeys.duckdb &gt; query(sql, undefined) falls back to empty array" time="0.0001955">
        </testcase>
        <testcase classname="tests/core/queries/keys.test.ts" name="queryKeys.duckdb &gt; schema(tableName) returns the schema key" time="0.0002266">
        </testcase>
        <testcase classname="tests/core/queries/keys.test.ts" name="queryKeys.duckdb &gt; preview(tableName) without limit defaults to 100" time="0.0002286">
        </testcase>
        <testcase classname="tests/core/queries/keys.test.ts" name="queryKeys.duckdb &gt; preview(tableName, undefined) defaults to 100" time="0.0006746">
        </testcase>
        <testcase classname="tests/core/queries/keys.test.ts" name="queryKeys.duckdb &gt; preview(tableName, limit) uses the provided limit" time="0.000401">
        </testcase>
        <testcase classname="tests/core/queries/keys.test.ts" name="queryKeys.telecom &gt; all() returns the base tuple" time="0.0003238">
        </testcase>
        <testcase classname="tests/core/queries/keys.test.ts" name="queryKeys.telecom &gt; analytics(tableName, mappingHash) builds the full key" time="0.0003493">
        </testcase>
        <testcase classname="tests/core/queries/keys.test.ts" name="queryKeys.telecom &gt; kpi(tableName) builds the kpi key" time="0.0003464">
        </testcase>
        <testcase classname="tests/core/queries/keys.test.ts" name="queryKeys.telecom &gt; hourly(tableName) builds the hourly key" time="0.0002857">
        </testcase>
        <testcase classname="tests/core/queries/keys.test.ts" name="queryKeys.telecom &gt; canals(tableName) builds the canals key" time="0.0003122">
        </testcase>
        <testcase classname="tests/core/queries/keys.test.ts" name="queryKeys.telecom &gt; operators(tableName) builds the operators key" time="0.000286">
        </testcase>
        <testcase classname="tests/core/queries/keys.test.ts" name="queryKeys.telecom &gt; regions(tableName) builds the regions key" time="0.0002327">
        </testcase>
        <testcase classname="tests/core/queries/keys.test.ts" name="queryKeys.telecom &gt; statusBreakdown(tableName) builds the statusBreakdown key" time="0.0002237">
        </testcase>
        <testcase classname="tests/core/queries/keys.test.ts" name="queryKeys.telecom &gt; forecast(tableName, hours) builds the forecast key" time="0.0002557">
        </testcase>
        <testcase classname="tests/core/queries/keys.test.ts" name="queryKeys.settings &gt; all() returns the base tuple" time="0.0002349">
        </testcase>
        <testcase classname="tests/core/queries/keys.test.ts" name="queryKeys.settings &gt; current() appends the &apos;current&apos; segment" time="0.0001787">
        </testcase>
    </testsuite>
    <testsuite name="tests/core/types/types.test.ts" timestamp="2026-06-25T18:28:25.081Z" hostname="Desktop" tests="7" failures="0" errors="0" skipped="0" time="0.0157544">
        <testcase classname="tests/core/types/types.test.ts" name="Core Types &gt; should validate DataColumn structure" time="0.0039335">
        </testcase>
        <testcase classname="tests/core/types/types.test.ts" name="Core Types &gt; should validate DataColumn with number type" time="0.0005329">
        </testcase>
        <testcase classname="tests/core/types/types.test.ts" name="Core Types &gt; should validate DataTransform structure" time="0.0004847">
        </testcase>
        <testcase classname="tests/core/types/types.test.ts" name="Core Types &gt; should validate filter DataTransform" time="0.0003704">
        </testcase>
        <testcase classname="tests/core/types/types.test.ts" name="Core Types &gt; should validate FileItem structure" time="0.0005077">
        </testcase>
        <testcase classname="tests/core/types/types.test.ts" name="Core Types &gt; should validate Folder structure" time="0.0004503">
        </testcase>
        <testcase classname="tests/core/types/types.test.ts" name="Core Types &gt; should validate ParsedData structure" time="0.0032019">
        </testcase>
    </testsuite>
    <testsuite name="tests/components/auth/password-strength.test.ts" timestamp="2026-06-25T18:28:25.082Z" hostname="Desktop" tests="5" failures="0" errors="0" skipped="0" time="0.0097546">
        <testcase classname="tests/components/auth/password-strength.test.ts" name="scorePassword &gt; rates an empty or too-short password as score 0" time="0.0033776">
        </testcase>
        <testcase classname="tests/components/auth/password-strength.test.ts" name="scorePassword &gt; gives 8+ lowercase-only one point (weak)" time="0.0003893">
        </testcase>
        <testcase classname="tests/components/auth/password-strength.test.ts" name="scorePassword &gt; rewards mixed case and digits" time="0.000256">
        </testcase>
        <testcase classname="tests/components/auth/password-strength.test.ts" name="scorePassword &gt; caps at 4 (strong) for long, varied passwords" time="0.0002814">
        </testcase>
        <testcase classname="tests/components/auth/password-strength.test.ts" name="scorePassword &gt; exposes a tailwind tone class for every level" time="0.0003926">
        </testcase>
    </testsuite>
    <testsuite name="tests/components/ui/empty.test.tsx" timestamp="2026-06-25T18:28:25.083Z" hostname="Desktop" tests="10" failures="0" errors="0" skipped="0" time="0.207968">
        <testcase classname="tests/components/ui/empty.test.tsx" name="Empty component &gt; should render with default classes" time="0.0900688">
        </testcase>
        <testcase classname="tests/components/ui/empty.test.tsx" name="Empty component &gt; should merge custom className" time="0.0056982">
        </testcase>
        <testcase classname="tests/components/ui/empty.test.tsx" name="Empty component &gt; should render children" time="0.0245921">
        </testcase>
        <testcase classname="tests/components/ui/empty.test.tsx" name="EmptyHeader &gt; should render with correct classes" time="0.0046466">
        </testcase>
        <testcase classname="tests/components/ui/empty.test.tsx" name="EmptyMedia &gt; should render with default variant" time="0.0199822">
        </testcase>
        <testcase classname="tests/components/ui/empty.test.tsx" name="EmptyMedia &gt; should render with icon variant" time="0.0065641">
        </testcase>
        <testcase classname="tests/components/ui/empty.test.tsx" name="EmptyMedia &gt; should merge custom className" time="0.0042629">
        </testcase>
        <testcase classname="tests/components/ui/empty.test.tsx" name="EmptyTitle &gt; should render with heading styles" time="0.008726">
        </testcase>
        <testcase classname="tests/components/ui/empty.test.tsx" name="EmptyDescription &gt; should render with description styles" time="0.0315665">
        </testcase>
        <testcase classname="tests/components/ui/empty.test.tsx" name="EmptyContent &gt; should render with content styles" time="0.0041554">
        </testcase>
    </testsuite>
    <testsuite name="tests/core/stores/activity-store.test.ts" timestamp="2026-06-25T18:28:25.084Z" hostname="Desktop" tests="14" failures="0" errors="0" skipped="0" time="0.3992802">
        <testcase classname="tests/core/stores/activity-store.test.ts" name="useActivityStore &gt; defaults &gt; starts with an empty event log" time="0.0128141">
        </testcase>
        <testcase classname="tests/core/stores/activity-store.test.ts" name="useActivityStore &gt; addEvent &gt; stores the provided event fields verbatim" time="0.0029561">
        </testcase>
        <testcase classname="tests/core/stores/activity-store.test.ts" name="useActivityStore &gt; addEvent &gt; generates an id and an ISO createdAt timestamp" time="0.0073888">
        </testcase>
        <testcase classname="tests/core/stores/activity-store.test.ts" name="useActivityStore &gt; addEvent &gt; prepends new events so the newest is first (most-recent ordering)" time="0.001586">
        </testcase>
        <testcase classname="tests/core/stores/activity-store.test.ts" name="useActivityStore &gt; addEvent &gt; produces distinct ids across rapid successive calls" time="0.00168">
        </testcase>
        <testcase classname="tests/core/stores/activity-store.test.ts" name="useActivityStore &gt; addEvent &gt; omits optional fields that were not supplied" time="0.0009967">
        </testcase>
        <testcase classname="tests/core/stores/activity-store.test.ts" name="useActivityStore &gt; ring buffer cap &gt; caps the log at MAX_ACTIVITY_EVENTS, dropping the oldest entries" time="0.1576629">
        </testcase>
        <testcase classname="tests/core/stores/activity-store.test.ts" name="useActivityStore &gt; ring buffer cap &gt; keeps exactly MAX_ACTIVITY_EVENTS when pushing exactly the cap" time="0.1339357">
        </testcase>
        <testcase classname="tests/core/stores/activity-store.test.ts" name="useActivityStore &gt; clearEvents &gt; empties a populated log" time="0.0019502">
        </testcase>
        <testcase classname="tests/core/stores/activity-store.test.ts" name="useActivityStore &gt; clearEvents &gt; is safe to call on an already-empty log" time="0.0007812">
        </testcase>
        <testcase classname="tests/core/stores/activity-store.test.ts" name="useActivityStore &gt; immutability &gt; does not mutate the previous events array reference on addEvent" time="0.0029578">
        </testcase>
        <testcase classname="tests/core/stores/activity-store.test.ts" name="useActivityStore &gt; selector hooks &gt; useActivityEvents reflects the current log" time="0.0508064">
        </testcase>
        <testcase classname="tests/core/stores/activity-store.test.ts" name="useActivityStore &gt; selector hooks &gt; useActivityActions exposes working add/clear actions" time="0.009486">
        </testcase>
        <testcase classname="tests/core/stores/activity-store.test.ts" name="useActivityStore &gt; activity types &gt; accepts every known activity type" time="0.0053547">
        </testcase>
    </testsuite>
    <testsuite name="tests/core/stores/app-context-store.test.ts" timestamp="2026-06-25T18:28:25.086Z" hostname="Desktop" tests="11" failures="0" errors="0" skipped="0" time="0.1109852">
        <testcase classname="tests/core/stores/app-context-store.test.ts" name="useAppContextStore &gt; defaults &gt; starts with the telecom domain and null dataset/table ids" time="0.0063639">
        </testcase>
        <testcase classname="tests/core/stores/app-context-store.test.ts" name="useAppContextStore &gt; setActiveDomain &gt; switches between the two known domains" time="0.0014084">
        </testcase>
        <testcase classname="tests/core/stores/app-context-store.test.ts" name="useAppContextStore &gt; setActiveDomain &gt; leaves dataset and table ids untouched" time="0.0010418">
        </testcase>
        <testcase classname="tests/core/stores/app-context-store.test.ts" name="useAppContextStore &gt; setActiveDatasetId &gt; stores a dataset id" time="0.0007119">
        </testcase>
        <testcase classname="tests/core/stores/app-context-store.test.ts" name="useAppContextStore &gt; setActiveDatasetId &gt; accepts null to clear the active dataset" time="0.0008415">
        </testcase>
        <testcase classname="tests/core/stores/app-context-store.test.ts" name="useAppContextStore &gt; setActiveTableName &gt; stores a table name and clears it with null" time="0.0007012">
        </testcase>
        <testcase classname="tests/core/stores/app-context-store.test.ts" name="useAppContextStore &gt; setContext &gt; merges a partial patch over current state" time="0.0009521">
        </testcase>
        <testcase classname="tests/core/stores/app-context-store.test.ts" name="useAppContextStore &gt; setContext &gt; is a no-op for state fields when given an empty patch" time="0.0007427">
        </testcase>
        <testcase classname="tests/core/stores/app-context-store.test.ts" name="useAppContextStore &gt; setContext &gt; can explicitly null out ids through the patch" time="0.0009112">
        </testcase>
        <testcase classname="tests/core/stores/app-context-store.test.ts" name="useAppContextStore &gt; selector hooks &gt; useAppContextSlice exposes the current context values" time="0.0785587">
        </testcase>
        <testcase classname="tests/core/stores/app-context-store.test.ts" name="useAppContextStore &gt; selector hooks &gt; useAppContextActions exposes the mutating actions and they work" time="0.0112389">
        </testcase>
    </testsuite>
    <testsuite name="tests/core/stores/app-session-store.test.ts" timestamp="2026-06-25T18:28:25.088Z" hostname="Desktop" tests="13" failures="0" errors="0" skipped="0" time="0.1347657">
        <testcase classname="tests/core/stores/app-session-store.test.ts" name="useTelecomSessionStore &gt; defaults &gt; starts with the canonical telecom table and empty file/date" time="0.0096354">
        </testcase>
        <testcase classname="tests/core/stores/app-session-store.test.ts" name="useTelecomSessionStore &gt; setTableName &gt; updates the active table name" time="0.001967">
        </testcase>
        <testcase classname="tests/core/stores/app-session-store.test.ts" name="useTelecomSessionStore &gt; setTableName &gt; does not modify file or report date" time="0.0012445">
        </testcase>
        <testcase classname="tests/core/stores/app-session-store.test.ts" name="useTelecomSessionStore &gt; setFileName &gt; stores the source file name" time="0.0006463">
        </testcase>
        <testcase classname="tests/core/stores/app-session-store.test.ts" name="useTelecomSessionStore &gt; setFileName &gt; accepts an empty string to clear it" time="0.0049557">
        </testcase>
        <testcase classname="tests/core/stores/app-session-store.test.ts" name="useTelecomSessionStore &gt; setReportDate &gt; stores the report date string verbatim" time="0.00068">
        </testcase>
        <testcase classname="tests/core/stores/app-session-store.test.ts" name="useTelecomSessionStore &gt; setSession &gt; merges all three provided fields at once" time="0.0058305">
        </testcase>
        <testcase classname="tests/core/stores/app-session-store.test.ts" name="useTelecomSessionStore &gt; setSession &gt; preserves existing fields that are omitted from the patch" time="0.0010519">
        </testcase>
        <testcase classname="tests/core/stores/app-session-store.test.ts" name="useTelecomSessionStore &gt; setSession &gt; treats undefined patch fields as &apos;keep current&apos; via the ?? fallback" time="0.0015172">
        </testcase>
        <testcase classname="tests/core/stores/app-session-store.test.ts" name="useTelecomSessionStore &gt; setSession &gt; does allow an empty string to overwrite (only undefined is treated as keep)" time="0.0021083">
        </testcase>
        <testcase classname="tests/core/stores/app-session-store.test.ts" name="useTelecomSessionStore &gt; setSession &gt; is a no-op when given an empty patch" time="0.0010453">
        </testcase>
        <testcase classname="tests/core/stores/app-session-store.test.ts" name="useTelecomSessionStore &gt; selector hooks &gt; useTelecomSession reflects the current session snapshot" time="0.0781854">
        </testcase>
        <testcase classname="tests/core/stores/app-session-store.test.ts" name="useTelecomSessionStore &gt; selector hooks &gt; useTelecomSessionActions exposes working mutators" time="0.0056711">
        </testcase>
    </testsuite>
    <testsuite name="tests/core/stores/data-store.test.ts" timestamp="2026-06-25T18:28:25.089Z" hostname="Desktop" tests="56" failures="0" errors="0" skipped="0" time="0.0876464">
        <testcase classname="tests/core/stores/data-store.test.ts" name="addDataset &gt; prepends the dataset and sets it active when none is active" time="0.0083032">
        </testcase>
        <testcase classname="tests/core/stores/data-store.test.ts" name="addDataset &gt; keeps the existing active dataset when one is already active" time="0.0030997">
        </testcase>
        <testcase classname="tests/core/stores/data-store.test.ts" name="addDataset &gt; records the table name in loadedTableNames without duplicating" time="0.0010979">
        </testcase>
        <testcase classname="tests/core/stores/data-store.test.ts" name="upsertDataset &gt; inserts a new dataset when the id does not exist" time="0.0010745">
        </testcase>
        <testcase classname="tests/core/stores/data-store.test.ts" name="upsertDataset &gt; merges into an existing dataset while preserving user metadata" time="0.0013309">
        </testcase>
        <testcase classname="tests/core/stores/data-store.test.ts" name="upsertDataset &gt; does not create a duplicate entry when upserting an existing id" time="0.0011189">
        </testcase>
        <testcase classname="tests/core/stores/data-store.test.ts" name="updateDataset &gt; applies a partial patch and refreshes updatedAt" time="0.0023779">
        </testcase>
        <testcase classname="tests/core/stores/data-store.test.ts" name="updateDataset &gt; is a no-op when the id is not present" time="0.0006114">
        </testcase>
        <testcase classname="tests/core/stores/data-store.test.ts" name="removeDataset &gt; removes the dataset and prunes its table/view names" time="0.0012759">
        </testcase>
        <testcase classname="tests/core/stores/data-store.test.ts" name="removeDataset &gt; reassigns the active dataset to the first remaining when the active one is removed" time="0.0005215">
        </testcase>
        <testcase classname="tests/core/stores/data-store.test.ts" name="removeDataset &gt; sets active to null when the last dataset is removed" time="0.0006987">
        </testcase>
        <testcase classname="tests/core/stores/data-store.test.ts" name="removeDataset &gt; leaves the active id untouched when a non-active dataset is removed" time="0.0004914">
        </testcase>
        <testcase classname="tests/core/stores/data-store.test.ts" name="removeDataset &gt; does nothing when the id is unknown" time="0.001291">
        </testcase>
        <testcase classname="tests/core/stores/data-store.test.ts" name="setActiveDataset / getActiveDataset &gt; setActiveDataset updates the active id" time="0.0006134">
        </testcase>
        <testcase classname="tests/core/stores/data-store.test.ts" name="setActiveDataset / getActiveDataset &gt; setActiveDataset accepts null" time="0.0004157">
        </testcase>
        <testcase classname="tests/core/stores/data-store.test.ts" name="setActiveDataset / getActiveDataset &gt; getActiveDataset returns the dataset matching the active id" time="0.0005627">
        </testcase>
        <testcase classname="tests/core/stores/data-store.test.ts" name="setActiveDataset / getActiveDataset &gt; getActiveDataset returns undefined when no dataset is active" time="0.000468">
        </testcase>
        <testcase classname="tests/core/stores/data-store.test.ts" name="replaceDatasetsFromCatalog &gt; maps catalog rows into store datasets with inferred types and quality score" time="0.0039511">
        </testcase>
        <testcase classname="tests/core/stores/data-store.test.ts" name="replaceDatasetsFromCatalog &gt; preserves non-catalog local datasets that are not in the incoming set" time="0.0024437">
        </testcase>
        <testcase classname="tests/core/stores/data-store.test.ts" name="replaceDatasetsFromCatalog &gt; merges existing user metadata onto incoming catalog datasets by id" time="0.0010583">
        </testcase>
        <testcase classname="tests/core/stores/data-store.test.ts" name="replaceDatasetsFromCatalog &gt; keeps the active dataset id when it still exists after replacement" time="0.0007307">
        </testcase>
        <testcase classname="tests/core/stores/data-store.test.ts" name="replaceDatasetsFromCatalog &gt; falls back to the first dataset when the active id is gone" time="0.0004729">
        </testcase>
        <testcase classname="tests/core/stores/data-store.test.ts" name="replaceDatasetsFromCatalog &gt; rebuilds loadedTableNames from the resulting datasets" time="0.0005579">
        </testcase>
        <testcase classname="tests/core/stores/data-store.test.ts" name="replaceDatasetsFromCatalog &gt; clears datasets and active id when given an empty catalog" time="0.0007899">
        </testcase>
        <testcase classname="tests/core/stores/data-store.test.ts" name="upsertDatasetFromCatalog &gt; inserts a mapped catalog dataset via the upsert path" time="0.0010688">
        </testcase>
        <testcase classname="tests/core/stores/data-store.test.ts" name="markTableLoaded / markDatasetViewLoaded &gt; markTableLoaded appends a new table name" time="0.0008824">
        </testcase>
        <testcase classname="tests/core/stores/data-store.test.ts" name="markTableLoaded / markDatasetViewLoaded &gt; markTableLoaded dedupes already-present names" time="0.00048">
        </testcase>
        <testcase classname="tests/core/stores/data-store.test.ts" name="markTableLoaded / markDatasetViewLoaded &gt; markDatasetViewLoaded appends and dedupes view names" time="0.0004714">
        </testcase>
        <testcase classname="tests/core/stores/data-store.test.ts" name="addQueryHistory &gt; prepends new query history items" time="0.0006255">
        </testcase>
        <testcase classname="tests/core/stores/data-store.test.ts" name="addQueryHistory &gt; caps the history at 200 items, keeping the most recent" time="0.0081231">
        </testcase>
        <testcase classname="tests/core/stores/data-store.test.ts" name="clearQueryHistory &gt; empties the query history" time="0.0007069">
        </testcase>
        <testcase classname="tests/core/stores/data-store.test.ts" name="saveChart / removeChart &gt; prepends saved charts" time="0.0009053">
        </testcase>
        <testcase classname="tests/core/stores/data-store.test.ts" name="saveChart / removeChart &gt; removes the chart with the matching id and leaves the rest" time="0.0010576">
        </testcase>
        <testcase classname="tests/core/stores/data-store.test.ts" name="saveChart / removeChart &gt; removeChart is a no-op for an unknown id" time="0.0010097">
        </testcase>
        <testcase classname="tests/core/stores/data-store.test.ts" name="addTransform &gt; prepends transforms in most-recent-first order" time="0.0010095">
        </testcase>
        <testcase classname="tests/core/stores/data-store.test.ts" name="getDatasetById / getDatasetByTable / getDatasetByView &gt; getDatasetById finds by id" time="0.0011472">
        </testcase>
        <testcase classname="tests/core/stores/data-store.test.ts" name="getDatasetById / getDatasetByTable / getDatasetByView &gt; getDatasetById returns undefined when not found" time="0.0006105">
        </testcase>
        <testcase classname="tests/core/stores/data-store.test.ts" name="getDatasetById / getDatasetByTable / getDatasetByView &gt; getDatasetByTable matches either tableName or viewName" time="0.0005382">
        </testcase>
        <testcase classname="tests/core/stores/data-store.test.ts" name="getDatasetById / getDatasetByTable / getDatasetByView &gt; getDatasetByTable returns undefined for an unknown name" time="0.0003265">
        </testcase>
        <testcase classname="tests/core/stores/data-store.test.ts" name="getDatasetById / getDatasetByTable / getDatasetByView &gt; getDatasetByView matches only the viewName" time="0.0008442">
        </testcase>
        <testcase classname="tests/core/stores/data-store.test.ts" name="inferColType &gt; classifies numeric DuckDB types as number" time="0.0008767">
        </testcase>
        <testcase classname="tests/core/stores/data-store.test.ts" name="inferColType &gt; classifies temporal types as date" time="0.0007521">
        </testcase>
        <testcase classname="tests/core/stores/data-store.test.ts" name="inferColType &gt; classifies INTERVAL as number because &apos;INT&apos; matches the numeric regex first" time="0.0077941">
        </testcase>
        <testcase classname="tests/core/stores/data-store.test.ts" name="inferColType &gt; classifies boolean types as boolean" time="0.0007887">
        </testcase>
        <testcase classname="tests/core/stores/data-store.test.ts" name="inferColType &gt; classifies textual types as string" time="0.0005326">
        </testcase>
        <testcase classname="tests/core/stores/data-store.test.ts" name="inferColType &gt; returns unknown for unrecognized types" time="0.0003917">
        </testcase>
        <testcase classname="tests/core/stores/data-store.test.ts" name="computeQualityScore &gt; returns 0 when there are no columns" time="0.000319">
        </testcase>
        <testcase classname="tests/core/stores/data-store.test.ts" name="computeQualityScore &gt; returns 0 when the row count is 0" time="0.005767">
        </testcase>
        <testcase classname="tests/core/stores/data-store.test.ts" name="computeQualityScore &gt; scores a fully complete, fully unique column at 100" time="0.0009527">
        </testcase>
        <testcase classname="tests/core/stores/data-store.test.ts" name="computeQualityScore &gt; penalizes nulls via the completeness weight" time="0.0004097">
        </testcase>
        <testcase classname="tests/core/stores/data-store.test.ts" name="computeQualityScore &gt; blends completeness (0.7) and uniqueness (0.3)" time="0.0002774">
        </testcase>
        <testcase classname="tests/core/stores/data-store.test.ts" name="toTableName &gt; strips the extension and lowercases" time="0.0005913">
        </testcase>
        <testcase classname="tests/core/stores/data-store.test.ts" name="toTableName &gt; replaces non-identifier characters with single underscores" time="0.0008443">
        </testcase>
        <testcase classname="tests/core/stores/data-store.test.ts" name="toTableName &gt; does not retain a leading-digit underscore because the edge trim strips it" time="0.0009728">
        </testcase>
        <testcase classname="tests/core/stores/data-store.test.ts" name="toTableName &gt; falls back to &apos;dataset&apos; when the name reduces to empty" time="0.0005426">
        </testcase>
        <testcase classname="tests/core/stores/data-store.test.ts" name="toTableName &gt; collapses repeated separators and trims edge underscores" time="0.0007554">
        </testcase>
    </testsuite>
    <testsuite name="tests/core/stores/folders-store.test.ts" timestamp="2026-06-25T18:28:25.096Z" hostname="Desktop" tests="23" failures="0" errors="0" skipped="0" time="0.1721106">
        <testcase classname="tests/core/stores/folders-store.test.ts" name="useFoldersStore — folders &gt; starts with empty folders, map, and starred datasets" time="0.0376979">
        </testcase>
        <testcase classname="tests/core/stores/folders-store.test.ts" name="useFoldersStore — folders &gt; addFolder appends a folder and stamps a serialisable createdAt" time="0.0098718">
        </testcase>
        <testcase classname="tests/core/stores/folders-store.test.ts" name="useFoldersStore — folders &gt; addFolder preserves an explicit parentId and color" time="0.0039933">
        </testcase>
        <testcase classname="tests/core/stores/folders-store.test.ts" name="useFoldersStore — folders &gt; addFolder does not mutate the previous folders array (immutability)" time="0.0056222">
        </testcase>
        <testcase classname="tests/core/stores/folders-store.test.ts" name="useFoldersStore — folders &gt; renameFolder updates only the targeted folder" time="0.0092748">
        </testcase>
        <testcase classname="tests/core/stores/folders-store.test.ts" name="useFoldersStore — folders &gt; renameFolder is a no-op when the folder does not exist" time="0.0036928">
        </testcase>
        <testcase classname="tests/core/stores/folders-store.test.ts" name="useFoldersStore — folders &gt; starFolder toggles the starred flag on and off" time="0.0048119">
        </testcase>
        <testcase classname="tests/core/stores/folders-store.test.ts" name="useFoldersStore — folders &gt; moveFolder re-parents the targeted folder" time="0.0034457">
        </testcase>
        <testcase classname="tests/core/stores/folders-store.test.ts" name="useFoldersStore — folders &gt; moveFolder can move a folder back to root (null parent)" time="0.0035849">
        </testcase>
        <testcase classname="tests/core/stores/folders-store.test.ts" name="useFoldersStore — removeFolder cascade &gt; removes a leaf folder and leaves siblings intact" time="0.0037361">
        </testcase>
        <testcase classname="tests/core/stores/folders-store.test.ts" name="useFoldersStore — removeFolder cascade &gt; removes a folder together with all nested descendants" time="0.0041019">
        </testcase>
        <testcase classname="tests/core/stores/folders-store.test.ts" name="useFoldersStore — removeFolder cascade &gt; reparents datasets in removed folders back to root (null)" time="0.0067473">
        </testcase>
        <testcase classname="tests/core/stores/folders-store.test.ts" name="useFoldersStore — removeFolder cascade &gt; leaves datasets already at root untouched on removal" time="0.0091094">
        </testcase>
        <testcase classname="tests/core/stores/folders-store.test.ts" name="useFoldersStore — removeFolder cascade &gt; is a no-op when removing a non-existent folder id" time="0.0045567">
        </testcase>
        <testcase classname="tests/core/stores/folders-store.test.ts" name="useFoldersStore — dataset placement &gt; moveDataset records a datasetId -&gt; folderId mapping" time="0.0034112">
        </testcase>
        <testcase classname="tests/core/stores/folders-store.test.ts" name="useFoldersStore — dataset placement &gt; moveDataset to null places the dataset at root" time="0.0043152">
        </testcase>
        <testcase classname="tests/core/stores/folders-store.test.ts" name="useFoldersStore — dataset placement &gt; moveDataset overwrites a previous placement for the same dataset" time="0.0039858">
        </testcase>
        <testcase classname="tests/core/stores/folders-store.test.ts" name="useFoldersStore — dataset placement &gt; removeDatasetFromMap deletes the entry entirely" time="0.0036346">
        </testcase>
        <testcase classname="tests/core/stores/folders-store.test.ts" name="useFoldersStore — dataset placement &gt; removeDatasetFromMap is a no-op for an unknown dataset" time="0.0065335">
        </testcase>
        <testcase classname="tests/core/stores/folders-store.test.ts" name="useFoldersStore — dataset starring &gt; starDataset adds an unstarred dataset to the starred list" time="0.0147955">
        </testcase>
        <testcase classname="tests/core/stores/folders-store.test.ts" name="useFoldersStore — dataset starring &gt; starDataset toggles a starred dataset back off" time="0.0063836">
        </testcase>
        <testcase classname="tests/core/stores/folders-store.test.ts" name="useFoldersStore — dataset starring &gt; starDataset tracks multiple distinct datasets" time="0.0041228">
        </testcase>
        <testcase classname="tests/core/stores/folders-store.test.ts" name="useFoldersStore — dataset starring &gt; does not duplicate a dataset id when toggled on twice across other ops" time="0.0058235">
        </testcase>
    </testsuite>
    <testsuite name="tests/core/stores/report-draft-store.test.ts" timestamp="2026-06-25T18:28:25.100Z" hostname="Desktop" tests="25" failures="0" errors="0" skipped="0" time="0.2896514">
        <testcase classname="tests/core/stores/report-draft-store.test.ts" name="useReportDraftStore &gt; initial state &gt; starts with an empty items list" time="0.0096301">
        </testcase>
        <testcase classname="tests/core/stores/report-draft-store.test.ts" name="useReportDraftStore &gt; addItem &gt; adds an item with auto-generated id and createdAt" time="0.0149283">
        </testcase>
        <testcase classname="tests/core/stores/report-draft-store.test.ts" name="useReportDraftStore &gt; addItem &gt; prepends new items so the newest is first" time="0.0014453">
        </testcase>
        <testcase classname="tests/core/stores/report-draft-store.test.ts" name="useReportDraftStore &gt; addItem &gt; generates distinct ids for rapid successive calls" time="0.0049197">
        </testcase>
        <testcase classname="tests/core/stores/report-draft-store.test.ts" name="useReportDraftStore &gt; addItem &gt; stores all optional fields when supplied" time="0.0019764">
        </testcase>
        <testcase classname="tests/core/stores/report-draft-store.test.ts" name="useReportDraftStore &gt; addItem &gt; stores item without optional fields (undefined for summary, datasetId, payload)" time="0.0015833">
        </testcase>
        <testcase classname="tests/core/stores/report-draft-store.test.ts" name="useReportDraftStore &gt; addItem &gt; supports all ReportDraftKind values" time="0.0011933">
        </testcase>
        <testcase classname="tests/core/stores/report-draft-store.test.ts" name="useReportDraftStore &gt; addItem &gt; caps items at MAX_DRAFT_ITEMS, dropping the oldest" time="0.0600338">
        </testcase>
        <testcase classname="tests/core/stores/report-draft-store.test.ts" name="useReportDraftStore &gt; addItem &gt; keeps exactly MAX_DRAFT_ITEMS when pushing exactly the cap" time="0.0324055">
        </testcase>
        <testcase classname="tests/core/stores/report-draft-store.test.ts" name="useReportDraftStore &gt; removeItem &gt; removes the item with the matching id" time="0.0038964">
        </testcase>
        <testcase classname="tests/core/stores/report-draft-store.test.ts" name="useReportDraftStore &gt; removeItem &gt; is a no-op for a non-existent id" time="0.0010335">
        </testcase>
        <testcase classname="tests/core/stores/report-draft-store.test.ts" name="useReportDraftStore &gt; removeItem &gt; is safe to call on an empty store" time="0.0008561">
        </testcase>
        <testcase classname="tests/core/stores/report-draft-store.test.ts" name="useReportDraftStore &gt; removeItem &gt; does not mutate the array reference from the previous state" time="0.0026611">
        </testcase>
        <testcase classname="tests/core/stores/report-draft-store.test.ts" name="useReportDraftStore &gt; clear &gt; empties a populated items list" time="0.0011178">
        </testcase>
        <testcase classname="tests/core/stores/report-draft-store.test.ts" name="useReportDraftStore &gt; clear &gt; is safe to call on an already-empty store" time="0.0030249">
        </testcase>
        <testcase classname="tests/core/stores/report-draft-store.test.ts" name="useReportDraftStore &gt; selector hooks &gt; useReportDraftItems &gt; returns the current items list" time="0.0470696">
        </testcase>
        <testcase classname="tests/core/stores/report-draft-store.test.ts" name="useReportDraftStore &gt; selector hooks &gt; useReportDraftItems &gt; returns an empty array when the store is empty" time="0.0092896">
        </testcase>
        <testcase classname="tests/core/stores/report-draft-store.test.ts" name="useReportDraftStore &gt; selector hooks &gt; useReportDraftCount &gt; returns 0 when the store is empty" time="0.0102183">
        </testcase>
        <testcase classname="tests/core/stores/report-draft-store.test.ts" name="useReportDraftStore &gt; selector hooks &gt; useReportDraftCount &gt; returns the number of items currently in the store" time="0.0132325">
        </testcase>
        <testcase classname="tests/core/stores/report-draft-store.test.ts" name="useReportDraftStore &gt; selector hooks &gt; useReportDraftCount &gt; updates reactively when items are added" time="0.011282">
        </testcase>
        <testcase classname="tests/core/stores/report-draft-store.test.ts" name="useReportDraftStore &gt; selector hooks &gt; useReportDraftActions &gt; exposes addItem, removeItem, and clear actions" time="0.0086273">
        </testcase>
        <testcase classname="tests/core/stores/report-draft-store.test.ts" name="useReportDraftStore &gt; selector hooks &gt; useReportDraftActions &gt; addItem via hook adds to the store" time="0.0068616">
        </testcase>
        <testcase classname="tests/core/stores/report-draft-store.test.ts" name="useReportDraftStore &gt; selector hooks &gt; useReportDraftActions &gt; removeItem via hook removes from the store" time="0.0098188">
        </testcase>
        <testcase classname="tests/core/stores/report-draft-store.test.ts" name="useReportDraftStore &gt; selector hooks &gt; useReportDraftActions &gt; clear via hook empties the store" time="0.0115359">
        </testcase>
        <testcase classname="tests/core/stores/report-draft-store.test.ts" name="useReportDraftStore &gt; immutability &gt; does not mutate the previous items array reference on addItem" time="0.0062935">
        </testcase>
    </testsuite>
    <testsuite name="tests/core/stores/settings-store.test.ts" timestamp="2026-06-25T18:28:25.103Z" hostname="Desktop" tests="17" failures="0" errors="0" skipped="0" time="0.4603985">
        <testcase classname="tests/core/stores/settings-store.test.ts" name="Settings Store &gt; should have correct default values" time="0.1001905">
            <system-err>
[drizzle-storage] set failed for settings/data-navigator-settings [TypeError: Failed to parse URL from /api/settings/settings/data-navigator-settings] {
  [cause]: TypeError: Invalid URL
      at new URL (node:internal/url:819:25)
      at new URL (file:///D:/data-navigator/node_modules/.pnpm/vitest@4.1.8_@opentelemetry_e8045d3dd70c829c3e0cd5bcf0b71907/node_modules/vitest/dist/chunks/index.DC7d2Pf8.js:557:2)
      at new Request (node:internal/deps/undici/undici:11832:25)
      at fetch (node:internal/deps/undici/undici:12757:25)
      at fetch (node:internal/deps/undici/undici:17407:10)
      at fetch (node:internal/bootstrap/web/exposed-window-or-worker:83:12)
      at putAppSettingRemote (D:/data-navigator/src/platform/settings/settings-client.ts:99:26)
      at Object.setItem (D:/data-navigator/src/platform/storage/drizzle-storage.ts:145:12)
      at Object.setItem (file:///D:/data-navigator/node_modules/.pnpm/zustand@5.0.14_@types+react_162857702e0a6d9db9dbe61bddf43b4e/node_modules/zustand/esm/middleware.mjs:300:42)
      at setItem (file:///D:/data-navigator/node_modules/.pnpm/zustand@5.0.14_@types+react_162857702e0a6d9db9dbe61bddf43b4e/node_modules/zustand/esm/middleware.mjs:360:20) {
    code: &apos;ERR_INVALID_URL&apos;,
    input: &apos;/api/settings/settings/data-navigator-settings&apos;
  }
}

            </system-err>
        </testcase>
        <testcase classname="tests/core/stores/settings-store.test.ts" name="Settings Store &gt; should update theme" time="0.0243676">
            <system-err>
[drizzle-storage] set failed for settings/data-navigator-settings [TypeError: Failed to parse URL from /api/settings/settings/data-navigator-settings] {
  [cause]: TypeError: Invalid URL
      at new URL (node:internal/url:819:25)
      at new URL (file:///D:/data-navigator/node_modules/.pnpm/vitest@4.1.8_@opentelemetry_e8045d3dd70c829c3e0cd5bcf0b71907/node_modules/vitest/dist/chunks/index.DC7d2Pf8.js:557:2)
      at new Request (node:internal/deps/undici/undici:11832:25)
      at fetch (node:internal/deps/undici/undici:12757:25)
      at fetch (node:internal/deps/undici/undici:17407:10)
      at fetch (node:internal/bootstrap/web/exposed-window-or-worker:83:12)
      at putAppSettingRemote (D:/data-navigator/src/platform/settings/settings-client.ts:99:26)
      at Object.setItem (D:/data-navigator/src/platform/storage/drizzle-storage.ts:145:12)
      at Object.setItem (file:///D:/data-navigator/node_modules/.pnpm/zustand@5.0.14_@types+react_162857702e0a6d9db9dbe61bddf43b4e/node_modules/zustand/esm/middleware.mjs:300:42)
      at setItem (file:///D:/data-navigator/node_modules/.pnpm/zustand@5.0.14_@types+react_162857702e0a6d9db9dbe61bddf43b4e/node_modules/zustand/esm/middleware.mjs:360:20) {
    code: &apos;ERR_INVALID_URL&apos;,
    input: &apos;/api/settings/settings/data-navigator-settings&apos;
  }
}

[drizzle-storage] set failed for settings/data-navigator-settings [TypeError: Failed to parse URL from /api/settings/settings/data-navigator-settings] {
  [cause]: TypeError: Invalid URL
      at new URL (node:internal/url:819:25)
      at new URL (file:///D:/data-navigator/node_modules/.pnpm/vitest@4.1.8_@opentelemetry_e8045d3dd70c829c3e0cd5bcf0b71907/node_modules/vitest/dist/chunks/index.DC7d2Pf8.js:557:2)
      at new Request (node:internal/deps/undici/undici:11832:25)
      at fetch (node:internal/deps/undici/undici:12757:25)
      at fetch (node:internal/deps/undici/undici:17407:10)
      at fetch (node:internal/bootstrap/web/exposed-window-or-worker:83:12)
      at putAppSettingRemote (D:/data-navigator/src/platform/settings/settings-client.ts:99:26)
      at Object.setItem (D:/data-navigator/src/platform/storage/drizzle-storage.ts:145:12)
      at Object.setItem (file:///D:/data-navigator/node_modules/.pnpm/zustand@5.0.14_@types+react_162857702e0a6d9db9dbe61bddf43b4e/node_modules/zustand/esm/middleware.mjs:300:42)
      at setItem (file:///D:/data-navigator/node_modules/.pnpm/zustand@5.0.14_@types+react_162857702e0a6d9db9dbe61bddf43b4e/node_modules/zustand/esm/middleware.mjs:360:20) {
    code: &apos;ERR_INVALID_URL&apos;,
    input: &apos;/api/settings/settings/data-navigator-settings&apos;
  }
}

            </system-err>
        </testcase>
        <testcase classname="tests/core/stores/settings-store.test.ts" name="Settings Store &gt; should update accent color" time="0.0329976">
            <system-err>
[drizzle-storage] set failed for settings/data-navigator-settings [TypeError: Failed to parse URL from /api/settings/settings/data-navigator-settings] {
  [cause]: TypeError: Invalid URL
      at new URL (node:internal/url:819:25)
      at new URL (file:///D:/data-navigator/node_modules/.pnpm/vitest@4.1.8_@opentelemetry_e8045d3dd70c829c3e0cd5bcf0b71907/node_modules/vitest/dist/chunks/index.DC7d2Pf8.js:557:2)
      at new Request (node:internal/deps/undici/undici:11832:25)
      at fetch (node:internal/deps/undici/undici:12757:25)
      at fetch (node:internal/deps/undici/undici:17407:10)
      at fetch (node:internal/bootstrap/web/exposed-window-or-worker:83:12)
      at putAppSettingRemote (D:/data-navigator/src/platform/settings/settings-client.ts:99:26)
      at Object.setItem (D:/data-navigator/src/platform/storage/drizzle-storage.ts:145:12)
      at Object.setItem (file:///D:/data-navigator/node_modules/.pnpm/zustand@5.0.14_@types+react_162857702e0a6d9db9dbe61bddf43b4e/node_modules/zustand/esm/middleware.mjs:300:42)
      at setItem (file:///D:/data-navigator/node_modules/.pnpm/zustand@5.0.14_@types+react_162857702e0a6d9db9dbe61bddf43b4e/node_modules/zustand/esm/middleware.mjs:360:20) {
    code: &apos;ERR_INVALID_URL&apos;,
    input: &apos;/api/settings/settings/data-navigator-settings&apos;
  }
}

[drizzle-storage] set failed for settings/data-navigator-settings [TypeError: Failed to parse URL from /api/settings/settings/data-navigator-settings] {
  [cause]: TypeError: Invalid URL
      at new URL (node:internal/url:819:25)
      at new URL (file:///D:/data-navigator/node_modules/.pnpm/vitest@4.1.8_@opentelemetry_e8045d3dd70c829c3e0cd5bcf0b71907/node_modules/vitest/dist/chunks/index.DC7d2Pf8.js:557:2)
      at new Request (node:internal/deps/undici/undici:11832:25)
      at fetch (node:internal/deps/undici/undici:12757:25)
      at fetch (node:internal/deps/undici/undici:17407:10)
      at fetch (node:internal/bootstrap/web/exposed-window-or-worker:83:12)
      at putAppSettingRemote (D:/data-navigator/src/platform/settings/settings-client.ts:99:26)
      at Object.setItem (D:/data-navigator/src/platform/storage/drizzle-storage.ts:145:12)
      at Object.setItem (file:///D:/data-navigator/node_modules/.pnpm/zustand@5.0.14_@types+react_162857702e0a6d9db9dbe61bddf43b4e/node_modules/zustand/esm/middleware.mjs:300:42)
      at setItem (file:///D:/data-navigator/node_modules/.pnpm/zustand@5.0.14_@types+react_162857702e0a6d9db9dbe61bddf43b4e/node_modules/zustand/esm/middleware.mjs:360:20) {
    code: &apos;ERR_INVALID_URL&apos;,
    input: &apos;/api/settings/settings/data-navigator-settings&apos;
  }
}
[drizzle-storage] set failed for settings/data-navigator-settings [TypeError: Failed to parse URL from /api/settings/settings/data-navigator-settings] {
  [cause]: TypeError: Invalid URL
      at new URL (node:internal/url:819:25)
      at new URL (file:///D:/data-navigator/node_modules/.pnpm/vitest@4.1.8_@opentelemetry_e8045d3dd70c829c3e0cd5bcf0b71907/node_modules/vitest/dist/chunks/index.DC7d2Pf8.js:557:2)
      at new Request (node:internal/deps/undici/undici:11832:25)
      at fetch (node:internal/deps/undici/undici:12757:25)
      at fetch (node:internal/deps/undici/undici:17407:10)
      at fetch (node:internal/bootstrap/web/exposed-window-or-worker:83:12)
      at putAppSettingRemote (D:/data-navigator/src/platform/settings/settings-client.ts:99:26)
      at Object.setItem (D:/data-navigator/src/platform/storage/drizzle-storage.ts:145:12)
      at Object.setItem (file:///D:/data-navigator/node_modules/.pnpm/zustand@5.0.14_@types+react_162857702e0a6d9db9dbe61bddf43b4e/node_modules/zustand/esm/middleware.mjs:300:42)
      at setItem (file:///D:/data-navigator/node_modules/.pnpm/zustand@5.0.14_@types+react_162857702e0a6d9db9dbe61bddf43b4e/node_modules/zustand/esm/middleware.mjs:360:20) {
    code: &apos;ERR_INVALID_URL&apos;,
    input: &apos;/api/settings/settings/data-navigator-settings&apos;
  }
}
[drizzle-storage] set failed for settings/data-navigator-settings [TypeError: Failed to parse URL from /api/settings/settings/data-navigator-settings] {
  [cause]: TypeError: Invalid URL
      at new URL (node:internal/url:819:25)
      at new URL (file:///D:/data-navigator/node_modules/.pnpm/vitest@4.1.8_@opentelemetry_e8045d3dd70c829c3e0cd5bcf0b71907/node_modules/vitest/dist/chunks/index.DC7d2Pf8.js:557:2)
      at new Request (node:internal/deps/undici/undici:11832:25)
      at fetch (node:internal/deps/undici/undici:12757:25)
      at fetch (node:internal/deps/undici/undici:17407:10)
      at fetch (node:internal/bootstrap/web/exposed-window-or-worker:83:12)
      at putAppSettingRemote (D:/data-navigator/src/platform/settings/settings-client.ts:99:26)
      at Object.setItem (D:/data-navigator/src/platform/storage/drizzle-storage.ts:145:12)
      at Object.setItem (file:///D:/data-navigator/node_modules/.pnpm/zustand@5.0.14_@types+react_162857702e0a6d9db9dbe61bddf43b4e/node_modules/zustand/esm/middleware.mjs:300:42)
      at setItem (file:///D:/data-navigator/node_modules/.pnpm/zustand@5.0.14_@types+react_162857702e0a6d9db9dbe61bddf43b4e/node_modules/zustand/esm/middleware.mjs:360:20) {
    code: &apos;ERR_INVALID_URL&apos;,
    input: &apos;/api/settings/settings/data-navigator-settings&apos;
  }
}
[drizzle-storage] set failed for settings/data-navigator-settings [TypeError: Failed to parse URL from /api/settings/settings/data-navigator-settings] {
  [cause]: TypeError: Invalid URL
      at new URL (node:internal/url:819:25)
      at new URL (file:///D:/data-navigator/node_modules/.pnpm/vitest@4.1.8_@opentelemetry_e8045d3dd70c829c3e0cd5bcf0b71907/node_modules/vitest/dist/chunks/index.DC7d2Pf8.js:557:2)
      at new Request (node:internal/deps/undici/undici:11832:25)
      at fetch (node:internal/deps/undici/undici:12757:25)
      at fetch (node:internal/deps/undici/undici:17407:10)
      at fetch (node:internal/bootstrap/web/exposed-window-or-worker:83:12)
      at putAppSettingRemote (D:/data-navigator/src/platform/settings/settings-client.ts:99:26)
      at Object.setItem (D:/data-navigator/src/platform/storage/drizzle-storage.ts:145:12)
      at Object.setItem (file:///D:/data-navigator/node_modules/.pnpm/zustand@5.0.14_@types+react_162857702e0a6d9db9dbe61bddf43b4e/node_modules/zustand/esm/middleware.mjs:300:42)
      at setItem (file:///D:/data-navigator/node_modules/.pnpm/zustand@5.0.14_@types+react_162857702e0a6d9db9dbe61bddf43b4e/node_modules/zustand/esm/middleware.mjs:360:20) {
    code: &apos;ERR_INVALID_URL&apos;,
    input: &apos;/api/settings/settings/data-navigator-settings&apos;
  }
}
[drizzle-storage] set failed for settings/data-navigator-settings [TypeError: Failed to parse URL from /api/settings/settings/data-navigator-settings] {
  [cause]: TypeError: Invalid URL
      at new URL (node:internal/url:819:25)
      at new URL (file:///D:/data-navigator/node_modules/.pnpm/vitest@4.1.8_@opentelemetry_e8045d3dd70c829c3e0cd5bcf0b71907/node_modules/vitest/dist/chunks/index.DC7d2Pf8.js:557:2)
      at new Request (node:internal/deps/undici/undici:11832:25)
      at fetch (node:internal/deps/undici/undici:12757:25)
      at fetch (node:internal/deps/undici/undici:17407:10)
      at fetch (node:internal/bootstrap/web/exposed-window-or-worker:83:12)
      at putAppSettingRemote (D:/data-navigator/src/platform/settings/settings-client.ts:99:26)
      at Object.setItem (D:/data-navigator/src/platform/storage/drizzle-storage.ts:145:12)
      at Object.setItem (file:///D:/data-navigator/node_modules/.pnpm/zustand@5.0.14_@types+react_162857702e0a6d9db9dbe61bddf43b4e/node_modules/zustand/esm/middleware.mjs:300:42)
      at setItem (file:///D:/data-navigator/node_modules/.pnpm/zustand@5.0.14_@types+react_162857702e0a6d9db9dbe61bddf43b4e/node_modules/zustand/esm/middleware.mjs:360:20) {
    code: &apos;ERR_INVALID_URL&apos;,
    input: &apos;/api/settings/settings/data-navigator-settings&apos;
  }
}
[drizzle-storage] set failed for settings/data-navigator-settings [TypeError: Failed to parse URL from /api/settings/settings/data-navigator-settings] {
  [cause]: TypeError: Invalid URL
      at new URL (node:internal/url:819:25)
      at new URL (file:///D:/data-navigator/node_modules/.pnpm/vitest@4.1.8_@opentelemetry_e8045d3dd70c829c3e0cd5bcf0b71907/node_modules/vitest/dist/chunks/index.DC7d2Pf8.js:557:2)
      at new Request (node:internal/deps/undici/undici:11832:25)
      at fetch (node:internal/deps/undici/undici:12757:25)
      at fetch (node:internal/deps/undici/undici:17407:10)
      at fetch (node:internal/bootstrap/web/exposed-window-or-worker:83:12)
      at putAppSettingRemote (D:/data-navigator/src/platform/settings/settings-client.ts:99:26)
      at Object.setItem (D:/data-navigator/src/platform/storage/drizzle-storage.ts:145:12)
      at Object.setItem (file:///D:/data-navigator/node_modules/.pnpm/zustand@5.0.14_@types+react_162857702e0a6d9db9dbe61bddf43b4e/node_modules/zustand/esm/middleware.mjs:300:42)
      at setItem (file:///D:/data-navigator/node_modules/.pnpm/zustand@5.0.14_@types+react_162857702e0a6d9db9dbe61bddf43b4e/node_modules/zustand/esm/middleware.mjs:360:20) {
    code: &apos;ERR_INVALID_URL&apos;,
    input: &apos;/api/settings/settings/data-navigator-settings&apos;
  }
}

            </system-err>
        </testcase>
        <testcase classname="tests/core/stores/settings-store.test.ts" name="Settings Store &gt; should update density" time="0.037678">
            <system-err>
[drizzle-storage] set failed for settings/data-navigator-settings [TypeError: Failed to parse URL from /api/settings/settings/data-navigator-settings] {
  [cause]: TypeError: Invalid URL
      at new URL (node:internal/url:819:25)
      at new URL (file:///D:/data-navigator/node_modules/.pnpm/vitest@4.1.8_@opentelemetry_e8045d3dd70c829c3e0cd5bcf0b71907/node_modules/vitest/dist/chunks/index.DC7d2Pf8.js:557:2)
      at new Request (node:internal/deps/undici/undici:11832:25)
      at fetch (node:internal/deps/undici/undici:12757:25)
      at fetch (node:internal/deps/undici/undici:17407:10)
      at fetch (node:internal/bootstrap/web/exposed-window-or-worker:83:12)
      at putAppSettingRemote (D:/data-navigator/src/platform/settings/settings-client.ts:99:26)
      at Object.setItem (D:/data-navigator/src/platform/storage/drizzle-storage.ts:145:12)
      at Object.setItem (file:///D:/data-navigator/node_modules/.pnpm/zustand@5.0.14_@types+react_162857702e0a6d9db9dbe61bddf43b4e/node_modules/zustand/esm/middleware.mjs:300:42)
      at setItem (file:///D:/data-navigator/node_modules/.pnpm/zustand@5.0.14_@types+react_162857702e0a6d9db9dbe61bddf43b4e/node_modules/zustand/esm/middleware.mjs:360:20) {
    code: &apos;ERR_INVALID_URL&apos;,
    input: &apos;/api/settings/settings/data-navigator-settings&apos;
  }
}

[drizzle-storage] set failed for settings/data-navigator-settings [TypeError: Failed to parse URL from /api/settings/settings/data-navigator-settings] {
  [cause]: TypeError: Invalid URL
      at new URL (node:internal/url:819:25)
      at new URL (file:///D:/data-navigator/node_modules/.pnpm/vitest@4.1.8_@opentelemetry_e8045d3dd70c829c3e0cd5bcf0b71907/node_modules/vitest/dist/chunks/index.DC7d2Pf8.js:557:2)
      at new Request (node:internal/deps/undici/undici:11832:25)
      at fetch (node:internal/deps/undici/undici:12757:25)
      at fetch (node:internal/deps/undici/undici:17407:10)
      at fetch (node:internal/bootstrap/web/exposed-window-or-worker:83:12)
      at putAppSettingRemote (D:/data-navigator/src/platform/settings/settings-client.ts:99:26)
      at Object.setItem (D:/data-navigator/src/platform/storage/drizzle-storage.ts:145:12)
      at Object.setItem (file:///D:/data-navigator/node_modules/.pnpm/zustand@5.0.14_@types+react_162857702e0a6d9db9dbe61bddf43b4e/node_modules/zustand/esm/middleware.mjs:300:42)
      at setItem (file:///D:/data-navigator/node_modules/.pnpm/zustand@5.0.14_@types+react_162857702e0a6d9db9dbe61bddf43b4e/node_modules/zustand/esm/middleware.mjs:360:20) {
    code: &apos;ERR_INVALID_URL&apos;,
    input: &apos;/api/settings/settings/data-navigator-settings&apos;
  }
}
[drizzle-storage] set failed for settings/data-navigator-settings [TypeError: Failed to parse URL from /api/settings/settings/data-navigator-settings] {
  [cause]: TypeError: Invalid URL
      at new URL (node:internal/url:819:25)
      at new URL (file:///D:/data-navigator/node_modules/.pnpm/vitest@4.1.8_@opentelemetry_e8045d3dd70c829c3e0cd5bcf0b71907/node_modules/vitest/dist/chunks/index.DC7d2Pf8.js:557:2)
      at new Request (node:internal/deps/undici/undici:11832:25)
      at fetch (node:internal/deps/undici/undici:12757:25)
      at fetch (node:internal/deps/undici/undici:17407:10)
      at fetch (node:internal/bootstrap/web/exposed-window-or-worker:83:12)
      at putAppSettingRemote (D:/data-navigator/src/platform/settings/settings-client.ts:99:26)
      at Object.setItem (D:/data-navigator/src/platform/storage/drizzle-storage.ts:145:12)
      at Object.setItem (file:///D:/data-navigator/node_modules/.pnpm/zustand@5.0.14_@types+react_162857702e0a6d9db9dbe61bddf43b4e/node_modules/zustand/esm/middleware.mjs:300:42)
      at setItem (file:///D:/data-navigator/node_modules/.pnpm/zustand@5.0.14_@types+react_162857702e0a6d9db9dbe61bddf43b4e/node_modules/zustand/esm/middleware.mjs:360:20) {
    code: &apos;ERR_INVALID_URL&apos;,
    input: &apos;/api/settings/settings/data-navigator-settings&apos;
  }
}
[drizzle-storage] set failed for settings/data-navigator-settings [TypeError: Failed to parse URL from /api/settings/settings/data-navigator-settings] {
  [cause]: TypeError: Invalid URL
      at new URL (node:internal/url:819:25)
      at new URL (file:///D:/data-navigator/node_modules/.pnpm/vitest@4.1.8_@opentelemetry_e8045d3dd70c829c3e0cd5bcf0b71907/node_modules/vitest/dist/chunks/index.DC7d2Pf8.js:557:2)
      at new Request (node:internal/deps/undici/undici:11832:25)
      at fetch (node:internal/deps/undici/undici:12757:25)
      at fetch (node:internal/deps/undici/undici:17407:10)
      at fetch (node:internal/bootstrap/web/exposed-window-or-worker:83:12)
      at putAppSettingRemote (D:/data-navigator/src/platform/settings/settings-client.ts:99:26)
      at Object.setItem (D:/data-navigator/src/platform/storage/drizzle-storage.ts:145:12)
      at Object.setItem (file:///D:/data-navigator/node_modules/.pnpm/zustand@5.0.14_@types+react_162857702e0a6d9db9dbe61bddf43b4e/node_modules/zustand/esm/middleware.mjs:300:42)
      at setItem (file:///D:/data-navigator/node_modules/.pnpm/zustand@5.0.14_@types+react_162857702e0a6d9db9dbe61bddf43b4e/node_modules/zustand/esm/middleware.mjs:360:20) {
    code: &apos;ERR_INVALID_URL&apos;,
    input: &apos;/api/settings/settings/data-navigator-settings&apos;
  }
}

            </system-err>
        </testcase>
        <testcase classname="tests/core/stores/settings-store.test.ts" name="Settings Store &gt; should update sidebar style" time="0.0185678">
            <system-err>
[drizzle-storage] set failed for settings/data-navigator-settings [TypeError: Failed to parse URL from /api/settings/settings/data-navigator-settings] {
  [cause]: TypeError: Invalid URL
      at new URL (node:internal/url:819:25)
      at new URL (file:///D:/data-navigator/node_modules/.pnpm/vitest@4.1.8_@opentelemetry_e8045d3dd70c829c3e0cd5bcf0b71907/node_modules/vitest/dist/chunks/index.DC7d2Pf8.js:557:2)
      at new Request (node:internal/deps/undici/undici:11832:25)
      at fetch (node:internal/deps/undici/undici:12757:25)
      at fetch (node:internal/deps/undici/undici:17407:10)
      at fetch (node:internal/bootstrap/web/exposed-window-or-worker:83:12)
      at putAppSettingRemote (D:/data-navigator/src/platform/settings/settings-client.ts:99:26)
      at Object.setItem (D:/data-navigator/src/platform/storage/drizzle-storage.ts:145:12)
      at Object.setItem (file:///D:/data-navigator/node_modules/.pnpm/zustand@5.0.14_@types+react_162857702e0a6d9db9dbe61bddf43b4e/node_modules/zustand/esm/middleware.mjs:300:42)
      at setItem (file:///D:/data-navigator/node_modules/.pnpm/zustand@5.0.14_@types+react_162857702e0a6d9db9dbe61bddf43b4e/node_modules/zustand/esm/middleware.mjs:360:20) {
    code: &apos;ERR_INVALID_URL&apos;,
    input: &apos;/api/settings/settings/data-navigator-settings&apos;
  }
}

[drizzle-storage] set failed for settings/data-navigator-settings [TypeError: Failed to parse URL from /api/settings/settings/data-navigator-settings] {
  [cause]: TypeError: Invalid URL
      at new URL (node:internal/url:819:25)
      at new URL (file:///D:/data-navigator/node_modules/.pnpm/vitest@4.1.8_@opentelemetry_e8045d3dd70c829c3e0cd5bcf0b71907/node_modules/vitest/dist/chunks/index.DC7d2Pf8.js:557:2)
      at new Request (node:internal/deps/undici/undici:11832:25)
      at fetch (node:internal/deps/undici/undici:12757:25)
      at fetch (node:internal/deps/undici/undici:17407:10)
      at fetch (node:internal/bootstrap/web/exposed-window-or-worker:83:12)
      at putAppSettingRemote (D:/data-navigator/src/platform/settings/settings-client.ts:99:26)
      at Object.setItem (D:/data-navigator/src/platform/storage/drizzle-storage.ts:145:12)
      at Object.setItem (file:///D:/data-navigator/node_modules/.pnpm/zustand@5.0.14_@types+react_162857702e0a6d9db9dbe61bddf43b4e/node_modules/zustand/esm/middleware.mjs:300:42)
      at setItem (file:///D:/data-navigator/node_modules/.pnpm/zustand@5.0.14_@types+react_162857702e0a6d9db9dbe61bddf43b4e/node_modules/zustand/esm/middleware.mjs:360:20) {
    code: &apos;ERR_INVALID_URL&apos;,
    input: &apos;/api/settings/settings/data-navigator-settings&apos;
  }
}
[drizzle-storage] set failed for settings/data-navigator-settings [TypeError: Failed to parse URL from /api/settings/settings/data-navigator-settings] {
  [cause]: TypeError: Invalid URL
      at new URL (node:internal/url:819:25)
      at new URL (file:///D:/data-navigator/node_modules/.pnpm/vitest@4.1.8_@opentelemetry_e8045d3dd70c829c3e0cd5bcf0b71907/node_modules/vitest/dist/chunks/index.DC7d2Pf8.js:557:2)
      at new Request (node:internal/deps/undici/undici:11832:25)
      at fetch (node:internal/deps/undici/undici:12757:25)
      at fetch (node:internal/deps/undici/undici:17407:10)
      at fetch (node:internal/bootstrap/web/exposed-window-or-worker:83:12)
      at putAppSettingRemote (D:/data-navigator/src/platform/settings/settings-client.ts:99:26)
      at Object.setItem (D:/data-navigator/src/platform/storage/drizzle-storage.ts:145:12)
      at Object.setItem (file:///D:/data-navigator/node_modules/.pnpm/zustand@5.0.14_@types+react_162857702e0a6d9db9dbe61bddf43b4e/node_modules/zustand/esm/middleware.mjs:300:42)
      at setItem (file:///D:/data-navigator/node_modules/.pnpm/zustand@5.0.14_@types+react_162857702e0a6d9db9dbe61bddf43b4e/node_modules/zustand/esm/middleware.mjs:360:20) {
    code: &apos;ERR_INVALID_URL&apos;,
    input: &apos;/api/settings/settings/data-navigator-settings&apos;
  }
}
[drizzle-storage] set failed for settings/data-navigator-settings [TypeError: Failed to parse URL from /api/settings/settings/data-navigator-settings] {
  [cause]: TypeError: Invalid URL
      at new URL (node:internal/url:819:25)
      at new URL (file:///D:/data-navigator/node_modules/.pnpm/vitest@4.1.8_@opentelemetry_e8045d3dd70c829c3e0cd5bcf0b71907/node_modules/vitest/dist/chunks/index.DC7d2Pf8.js:557:2)
      at new Request (node:internal/deps/undici/undici:11832:25)
      at fetch (node:internal/deps/undici/undici:12757:25)
      at fetch (node:internal/deps/undici/undici:17407:10)
      at fetch (node:internal/bootstrap/web/exposed-window-or-worker:83:12)
      at putAppSettingRemote (D:/data-navigator/src/platform/settings/settings-client.ts:99:26)
      at Object.setItem (D:/data-navigator/src/platform/storage/drizzle-storage.ts:145:12)
      at Object.setItem (file:///D:/data-navigator/node_modules/.pnpm/zustand@5.0.14_@types+react_162857702e0a6d9db9dbe61bddf43b4e/node_modules/zustand/esm/middleware.mjs:300:42)
      at setItem (file:///D:/data-navigator/node_modules/.pnpm/zustand@5.0.14_@types+react_162857702e0a6d9db9dbe61bddf43b4e/node_modules/zustand/esm/middleware.mjs:360:20) {
    code: &apos;ERR_INVALID_URL&apos;,
    input: &apos;/api/settings/settings/data-navigator-settings&apos;
  }
}

            </system-err>
        </testcase>
        <testcase classname="tests/core/stores/settings-store.test.ts" name="Settings Store &gt; should update max file size" time="0.0149759">
            <system-err>
[drizzle-storage] set failed for settings/data-navigator-settings [TypeError: Failed to parse URL from /api/settings/settings/data-navigator-settings] {
  [cause]: TypeError: Invalid URL
      at new URL (node:internal/url:819:25)
      at new URL (file:///D:/data-navigator/node_modules/.pnpm/vitest@4.1.8_@opentelemetry_e8045d3dd70c829c3e0cd5bcf0b71907/node_modules/vitest/dist/chunks/index.DC7d2Pf8.js:557:2)
      at new Request (node:internal/deps/undici/undici:11832:25)
      at fetch (node:internal/deps/undici/undici:12757:25)
      at fetch (node:internal/deps/undici/undici:17407:10)
      at fetch (node:internal/bootstrap/web/exposed-window-or-worker:83:12)
      at putAppSettingRemote (D:/data-navigator/src/platform/settings/settings-client.ts:99:26)
      at Object.setItem (D:/data-navigator/src/platform/storage/drizzle-storage.ts:145:12)
      at Object.setItem (file:///D:/data-navigator/node_modules/.pnpm/zustand@5.0.14_@types+react_162857702e0a6d9db9dbe61bddf43b4e/node_modules/zustand/esm/middleware.mjs:300:42)
      at setItem (file:///D:/data-navigator/node_modules/.pnpm/zustand@5.0.14_@types+react_162857702e0a6d9db9dbe61bddf43b4e/node_modules/zustand/esm/middleware.mjs:360:20) {
    code: &apos;ERR_INVALID_URL&apos;,
    input: &apos;/api/settings/settings/data-navigator-settings&apos;
  }
}

[drizzle-storage] set failed for settings/data-navigator-settings [TypeError: Failed to parse URL from /api/settings/settings/data-navigator-settings] {
  [cause]: TypeError: Invalid URL
      at new URL (node:internal/url:819:25)
      at new URL (file:///D:/data-navigator/node_modules/.pnpm/vitest@4.1.8_@opentelemetry_e8045d3dd70c829c3e0cd5bcf0b71907/node_modules/vitest/dist/chunks/index.DC7d2Pf8.js:557:2)
      at new Request (node:internal/deps/undici/undici:11832:25)
      at fetch (node:internal/deps/undici/undici:12757:25)
      at fetch (node:internal/deps/undici/undici:17407:10)
      at fetch (node:internal/bootstrap/web/exposed-window-or-worker:83:12)
      at putAppSettingRemote (D:/data-navigator/src/platform/settings/settings-client.ts:99:26)
      at Object.setItem (D:/data-navigator/src/platform/storage/drizzle-storage.ts:145:12)
      at Object.setItem (file:///D:/data-navigator/node_modules/.pnpm/zustand@5.0.14_@types+react_162857702e0a6d9db9dbe61bddf43b4e/node_modules/zustand/esm/middleware.mjs:300:42)
      at setItem (file:///D:/data-navigator/node_modules/.pnpm/zustand@5.0.14_@types+react_162857702e0a6d9db9dbe61bddf43b4e/node_modules/zustand/esm/middleware.mjs:360:20) {
    code: &apos;ERR_INVALID_URL&apos;,
    input: &apos;/api/settings/settings/data-navigator-settings&apos;
  }
}

            </system-err>
        </testcase>
        <testcase classname="tests/core/stores/settings-store.test.ts" name="Settings Store &gt; should update max files" time="0.0170596">
            <system-err>
[drizzle-storage] set failed for settings/data-navigator-settings [TypeError: Failed to parse URL from /api/settings/settings/data-navigator-settings] {
  [cause]: TypeError: Invalid URL
      at new URL (node:internal/url:819:25)
      at new URL (file:///D:/data-navigator/node_modules/.pnpm/vitest@4.1.8_@opentelemetry_e8045d3dd70c829c3e0cd5bcf0b71907/node_modules/vitest/dist/chunks/index.DC7d2Pf8.js:557:2)
      at new Request (node:internal/deps/undici/undici:11832:25)
      at fetch (node:internal/deps/undici/undici:12757:25)
      at fetch (node:internal/deps/undici/undici:17407:10)
      at fetch (node:internal/bootstrap/web/exposed-window-or-worker:83:12)
      at putAppSettingRemote (D:/data-navigator/src/platform/settings/settings-client.ts:99:26)
      at Object.setItem (D:/data-navigator/src/platform/storage/drizzle-storage.ts:145:12)
      at Object.setItem (file:///D:/data-navigator/node_modules/.pnpm/zustand@5.0.14_@types+react_162857702e0a6d9db9dbe61bddf43b4e/node_modules/zustand/esm/middleware.mjs:300:42)
      at setItem (file:///D:/data-navigator/node_modules/.pnpm/zustand@5.0.14_@types+react_162857702e0a6d9db9dbe61bddf43b4e/node_modules/zustand/esm/middleware.mjs:360:20) {
    code: &apos;ERR_INVALID_URL&apos;,
    input: &apos;/api/settings/settings/data-navigator-settings&apos;
  }
}

[drizzle-storage] set failed for settings/data-navigator-settings [TypeError: Failed to parse URL from /api/settings/settings/data-navigator-settings] {
  [cause]: TypeError: Invalid URL
      at new URL (node:internal/url:819:25)
      at new URL (file:///D:/data-navigator/node_modules/.pnpm/vitest@4.1.8_@opentelemetry_e8045d3dd70c829c3e0cd5bcf0b71907/node_modules/vitest/dist/chunks/index.DC7d2Pf8.js:557:2)
      at new Request (node:internal/deps/undici/undici:11832:25)
      at fetch (node:internal/deps/undici/undici:12757:25)
      at fetch (node:internal/deps/undici/undici:17407:10)
      at fetch (node:internal/bootstrap/web/exposed-window-or-worker:83:12)
      at putAppSettingRemote (D:/data-navigator/src/platform/settings/settings-client.ts:99:26)
      at Object.setItem (D:/data-navigator/src/platform/storage/drizzle-storage.ts:145:12)
      at Object.setItem (file:///D:/data-navigator/node_modules/.pnpm/zustand@5.0.14_@types+react_162857702e0a6d9db9dbe61bddf43b4e/node_modules/zustand/esm/middleware.mjs:300:42)
      at setItem (file:///D:/data-navigator/node_modules/.pnpm/zustand@5.0.14_@types+react_162857702e0a6d9db9dbe61bddf43b4e/node_modules/zustand/esm/middleware.mjs:360:20) {
    code: &apos;ERR_INVALID_URL&apos;,
    input: &apos;/api/settings/settings/data-navigator-settings&apos;
  }
}

            </system-err>
        </testcase>
        <testcase classname="tests/core/stores/settings-store.test.ts" name="Settings Store &gt; should update default folder id" time="0.0166208">
            <system-err>
[drizzle-storage] set failed for settings/data-navigator-settings [TypeError: Failed to parse URL from /api/settings/settings/data-navigator-settings] {
  [cause]: TypeError: Invalid URL
      at new URL (node:internal/url:819:25)
      at new URL (file:///D:/data-navigator/node_modules/.pnpm/vitest@4.1.8_@opentelemetry_e8045d3dd70c829c3e0cd5bcf0b71907/node_modules/vitest/dist/chunks/index.DC7d2Pf8.js:557:2)
      at new Request (node:internal/deps/undici/undici:11832:25)
      at fetch (node:internal/deps/undici/undici:12757:25)
      at fetch (node:internal/deps/undici/undici:17407:10)
      at fetch (node:internal/bootstrap/web/exposed-window-or-worker:83:12)
      at putAppSettingRemote (D:/data-navigator/src/platform/settings/settings-client.ts:99:26)
      at Object.setItem (D:/data-navigator/src/platform/storage/drizzle-storage.ts:145:12)
      at Object.setItem (file:///D:/data-navigator/node_modules/.pnpm/zustand@5.0.14_@types+react_162857702e0a6d9db9dbe61bddf43b4e/node_modules/zustand/esm/middleware.mjs:300:42)
      at setItem (file:///D:/data-navigator/node_modules/.pnpm/zustand@5.0.14_@types+react_162857702e0a6d9db9dbe61bddf43b4e/node_modules/zustand/esm/middleware.mjs:360:20) {
    code: &apos;ERR_INVALID_URL&apos;,
    input: &apos;/api/settings/settings/data-navigator-settings&apos;
  }
}

[drizzle-storage] set failed for settings/data-navigator-settings [TypeError: Failed to parse URL from /api/settings/settings/data-navigator-settings] {
  [cause]: TypeError: Invalid URL
      at new URL (node:internal/url:819:25)
      at new URL (file:///D:/data-navigator/node_modules/.pnpm/vitest@4.1.8_@opentelemetry_e8045d3dd70c829c3e0cd5bcf0b71907/node_modules/vitest/dist/chunks/index.DC7d2Pf8.js:557:2)
      at new Request (node:internal/deps/undici/undici:11832:25)
      at fetch (node:internal/deps/undici/undici:12757:25)
      at fetch (node:internal/deps/undici/undici:17407:10)
      at fetch (node:internal/bootstrap/web/exposed-window-or-worker:83:12)
      at putAppSettingRemote (D:/data-navigator/src/platform/settings/settings-client.ts:99:26)
      at Object.setItem (D:/data-navigator/src/platform/storage/drizzle-storage.ts:145:12)
      at Object.setItem (file:///D:/data-navigator/node_modules/.pnpm/zustand@5.0.14_@types+react_162857702e0a6d9db9dbe61bddf43b4e/node_modules/zustand/esm/middleware.mjs:300:42)
      at setItem (file:///D:/data-navigator/node_modules/.pnpm/zustand@5.0.14_@types+react_162857702e0a6d9db9dbe61bddf43b4e/node_modules/zustand/esm/middleware.mjs:360:20) {
    code: &apos;ERR_INVALID_URL&apos;,
    input: &apos;/api/settings/settings/data-navigator-settings&apos;
  }
}
[drizzle-storage] set failed for settings/data-navigator-settings [TypeError: Failed to parse URL from /api/settings/settings/data-navigator-settings] {
  [cause]: TypeError: Invalid URL
      at new URL (node:internal/url:819:25)
      at new URL (file:///D:/data-navigator/node_modules/.pnpm/vitest@4.1.8_@opentelemetry_e8045d3dd70c829c3e0cd5bcf0b71907/node_modules/vitest/dist/chunks/index.DC7d2Pf8.js:557:2)
      at new Request (node:internal/deps/undici/undici:11832:25)
      at fetch (node:internal/deps/undici/undici:12757:25)
      at fetch (node:internal/deps/undici/undici:17407:10)
      at fetch (node:internal/bootstrap/web/exposed-window-or-worker:83:12)
      at putAppSettingRemote (D:/data-navigator/src/platform/settings/settings-client.ts:99:26)
      at Object.setItem (D:/data-navigator/src/platform/storage/drizzle-storage.ts:145:12)
      at Object.setItem (file:///D:/data-navigator/node_modules/.pnpm/zustand@5.0.14_@types+react_162857702e0a6d9db9dbe61bddf43b4e/node_modules/zustand/esm/middleware.mjs:300:42)
      at setItem (file:///D:/data-navigator/node_modules/.pnpm/zustand@5.0.14_@types+react_162857702e0a6d9db9dbe61bddf43b4e/node_modules/zustand/esm/middleware.mjs:360:20) {
    code: &apos;ERR_INVALID_URL&apos;,
    input: &apos;/api/settings/settings/data-navigator-settings&apos;
  }
}

            </system-err>
        </testcase>
        <testcase classname="tests/core/stores/settings-store.test.ts" name="Settings Store &gt; should toggle animations" time="0.0166639">
            <system-err>
[drizzle-storage] set failed for settings/data-navigator-settings [TypeError: Failed to parse URL from /api/settings/settings/data-navigator-settings] {
  [cause]: TypeError: Invalid URL
      at new URL (node:internal/url:819:25)
      at new URL (file:///D:/data-navigator/node_modules/.pnpm/vitest@4.1.8_@opentelemetry_e8045d3dd70c829c3e0cd5bcf0b71907/node_modules/vitest/dist/chunks/index.DC7d2Pf8.js:557:2)
      at new Request (node:internal/deps/undici/undici:11832:25)
      at fetch (node:internal/deps/undici/undici:12757:25)
      at fetch (node:internal/deps/undici/undici:17407:10)
      at fetch (node:internal/bootstrap/web/exposed-window-or-worker:83:12)
      at putAppSettingRemote (D:/data-navigator/src/platform/settings/settings-client.ts:99:26)
      at Object.setItem (D:/data-navigator/src/platform/storage/drizzle-storage.ts:145:12)
      at Object.setItem (file:///D:/data-navigator/node_modules/.pnpm/zustand@5.0.14_@types+react_162857702e0a6d9db9dbe61bddf43b4e/node_modules/zustand/esm/middleware.mjs:300:42)
      at setItem (file:///D:/data-navigator/node_modules/.pnpm/zustand@5.0.14_@types+react_162857702e0a6d9db9dbe61bddf43b4e/node_modules/zustand/esm/middleware.mjs:360:20) {
    code: &apos;ERR_INVALID_URL&apos;,
    input: &apos;/api/settings/settings/data-navigator-settings&apos;
  }
}

[drizzle-storage] set failed for settings/data-navigator-settings [TypeError: Failed to parse URL from /api/settings/settings/data-navigator-settings] {
  [cause]: TypeError: Invalid URL
      at new URL (node:internal/url:819:25)
      at new URL (file:///D:/data-navigator/node_modules/.pnpm/vitest@4.1.8_@opentelemetry_e8045d3dd70c829c3e0cd5bcf0b71907/node_modules/vitest/dist/chunks/index.DC7d2Pf8.js:557:2)
      at new Request (node:internal/deps/undici/undici:11832:25)
      at fetch (node:internal/deps/undici/undici:12757:25)
      at fetch (node:internal/deps/undici/undici:17407:10)
      at fetch (node:internal/bootstrap/web/exposed-window-or-worker:83:12)
      at putAppSettingRemote (D:/data-navigator/src/platform/settings/settings-client.ts:99:26)
      at Object.setItem (D:/data-navigator/src/platform/storage/drizzle-storage.ts:145:12)
      at Object.setItem (file:///D:/data-navigator/node_modules/.pnpm/zustand@5.0.14_@types+react_162857702e0a6d9db9dbe61bddf43b4e/node_modules/zustand/esm/middleware.mjs:300:42)
      at setItem (file:///D:/data-navigator/node_modules/.pnpm/zustand@5.0.14_@types+react_162857702e0a6d9db9dbe61bddf43b4e/node_modules/zustand/esm/middleware.mjs:360:20) {
    code: &apos;ERR_INVALID_URL&apos;,
    input: &apos;/api/settings/settings/data-navigator-settings&apos;
  }
}

            </system-err>
        </testcase>
        <testcase classname="tests/core/stores/settings-store.test.ts" name="Settings Store &gt; should toggle sidebar pinned" time="0.0187866">
            <system-err>
[drizzle-storage] set failed for settings/data-navigator-settings [TypeError: Failed to parse URL from /api/settings/settings/data-navigator-settings] {
  [cause]: TypeError: Invalid URL
      at new URL (node:internal/url:819:25)
      at new URL (file:///D:/data-navigator/node_modules/.pnpm/vitest@4.1.8_@opentelemetry_e8045d3dd70c829c3e0cd5bcf0b71907/node_modules/vitest/dist/chunks/index.DC7d2Pf8.js:557:2)
      at new Request (node:internal/deps/undici/undici:11832:25)
      at fetch (node:internal/deps/undici/undici:12757:25)
      at fetch (node:internal/deps/undici/undici:17407:10)
      at fetch (node:internal/bootstrap/web/exposed-window-or-worker:83:12)
      at putAppSettingRemote (D:/data-navigator/src/platform/settings/settings-client.ts:99:26)
      at Object.setItem (D:/data-navigator/src/platform/storage/drizzle-storage.ts:145:12)
      at Object.setItem (file:///D:/data-navigator/node_modules/.pnpm/zustand@5.0.14_@types+react_162857702e0a6d9db9dbe61bddf43b4e/node_modules/zustand/esm/middleware.mjs:300:42)
      at setItem (file:///D:/data-navigator/node_modules/.pnpm/zustand@5.0.14_@types+react_162857702e0a6d9db9dbe61bddf43b4e/node_modules/zustand/esm/middleware.mjs:360:20) {
    code: &apos;ERR_INVALID_URL&apos;,
    input: &apos;/api/settings/settings/data-navigator-settings&apos;
  }
}

[drizzle-storage] set failed for settings/data-navigator-settings [TypeError: Failed to parse URL from /api/settings/settings/data-navigator-settings] {
  [cause]: TypeError: Invalid URL
      at new URL (node:internal/url:819:25)
      at new URL (file:///D:/data-navigator/node_modules/.pnpm/vitest@4.1.8_@opentelemetry_e8045d3dd70c829c3e0cd5bcf0b71907/node_modules/vitest/dist/chunks/index.DC7d2Pf8.js:557:2)
      at new Request (node:internal/deps/undici/undici:11832:25)
      at fetch (node:internal/deps/undici/undici:12757:25)
      at fetch (node:internal/deps/undici/undici:17407:10)
      at fetch (node:internal/bootstrap/web/exposed-window-or-worker:83:12)
      at putAppSettingRemote (D:/data-navigator/src/platform/settings/settings-client.ts:99:26)
      at Object.setItem (D:/data-navigator/src/platform/storage/drizzle-storage.ts:145:12)
      at Object.setItem (file:///D:/data-navigator/node_modules/.pnpm/zustand@5.0.14_@types+react_162857702e0a6d9db9dbe61bddf43b4e/node_modules/zustand/esm/middleware.mjs:300:42)
      at setItem (file:///D:/data-navigator/node_modules/.pnpm/zustand@5.0.14_@types+react_162857702e0a6d9db9dbe61bddf43b4e/node_modules/zustand/esm/middleware.mjs:360:20) {
    code: &apos;ERR_INVALID_URL&apos;,
    input: &apos;/api/settings/settings/data-navigator-settings&apos;
  }
}

            </system-err>
        </testcase>
        <testcase classname="tests/core/stores/settings-store.test.ts" name="Settings Store &gt; should toggle breadcrumbs" time="0.019672">
            <system-err>
[drizzle-storage] set failed for settings/data-navigator-settings [TypeError: Failed to parse URL from /api/settings/settings/data-navigator-settings] {
  [cause]: TypeError: Invalid URL
      at new URL (node:internal/url:819:25)
      at new URL (file:///D:/data-navigator/node_modules/.pnpm/vitest@4.1.8_@opentelemetry_e8045d3dd70c829c3e0cd5bcf0b71907/node_modules/vitest/dist/chunks/index.DC7d2Pf8.js:557:2)
      at new Request (node:internal/deps/undici/undici:11832:25)
      at fetch (node:internal/deps/undici/undici:12757:25)
      at fetch (node:internal/deps/undici/undici:17407:10)
      at fetch (node:internal/bootstrap/web/exposed-window-or-worker:83:12)
      at putAppSettingRemote (D:/data-navigator/src/platform/settings/settings-client.ts:99:26)
      at Object.setItem (D:/data-navigator/src/platform/storage/drizzle-storage.ts:145:12)
      at Object.setItem (file:///D:/data-navigator/node_modules/.pnpm/zustand@5.0.14_@types+react_162857702e0a6d9db9dbe61bddf43b4e/node_modules/zustand/esm/middleware.mjs:300:42)
      at setItem (file:///D:/data-navigator/node_modules/.pnpm/zustand@5.0.14_@types+react_162857702e0a6d9db9dbe61bddf43b4e/node_modules/zustand/esm/middleware.mjs:360:20) {
    code: &apos;ERR_INVALID_URL&apos;,
    input: &apos;/api/settings/settings/data-navigator-settings&apos;
  }
}

[drizzle-storage] set failed for settings/data-navigator-settings [TypeError: Failed to parse URL from /api/settings/settings/data-navigator-settings] {
  [cause]: TypeError: Invalid URL
      at new URL (node:internal/url:819:25)
      at new URL (file:///D:/data-navigator/node_modules/.pnpm/vitest@4.1.8_@opentelemetry_e8045d3dd70c829c3e0cd5bcf0b71907/node_modules/vitest/dist/chunks/index.DC7d2Pf8.js:557:2)
      at new Request (node:internal/deps/undici/undici:11832:25)
      at fetch (node:internal/deps/undici/undici:12757:25)
      at fetch (node:internal/deps/undici/undici:17407:10)
      at fetch (node:internal/bootstrap/web/exposed-window-or-worker:83:12)
      at putAppSettingRemote (D:/data-navigator/src/platform/settings/settings-client.ts:99:26)
      at Object.setItem (D:/data-navigator/src/platform/storage/drizzle-storage.ts:145:12)
      at Object.setItem (file:///D:/data-navigator/node_modules/.pnpm/zustand@5.0.14_@types+react_162857702e0a6d9db9dbe61bddf43b4e/node_modules/zustand/esm/middleware.mjs:300:42)
      at setItem (file:///D:/data-navigator/node_modules/.pnpm/zustand@5.0.14_@types+react_162857702e0a6d9db9dbe61bddf43b4e/node_modules/zustand/esm/middleware.mjs:360:20) {
    code: &apos;ERR_INVALID_URL&apos;,
    input: &apos;/api/settings/settings/data-navigator-settings&apos;
  }
}

            </system-err>
        </testcase>
        <testcase classname="tests/core/stores/settings-store.test.ts" name="Settings Store &gt; should toggle compact numbers" time="0.0143466">
            <system-err>
[drizzle-storage] set failed for settings/data-navigator-settings [TypeError: Failed to parse URL from /api/settings/settings/data-navigator-settings] {
  [cause]: TypeError: Invalid URL
      at new URL (node:internal/url:819:25)
      at new URL (file:///D:/data-navigator/node_modules/.pnpm/vitest@4.1.8_@opentelemetry_e8045d3dd70c829c3e0cd5bcf0b71907/node_modules/vitest/dist/chunks/index.DC7d2Pf8.js:557:2)
      at new Request (node:internal/deps/undici/undici:11832:25)
      at fetch (node:internal/deps/undici/undici:12757:25)
      at fetch (node:internal/deps/undici/undici:17407:10)
      at fetch (node:internal/bootstrap/web/exposed-window-or-worker:83:12)
      at putAppSettingRemote (D:/data-navigator/src/platform/settings/settings-client.ts:99:26)
      at Object.setItem (D:/data-navigator/src/platform/storage/drizzle-storage.ts:145:12)
      at Object.setItem (file:///D:/data-navigator/node_modules/.pnpm/zustand@5.0.14_@types+react_162857702e0a6d9db9dbe61bddf43b4e/node_modules/zustand/esm/middleware.mjs:300:42)
      at setItem (file:///D:/data-navigator/node_modules/.pnpm/zustand@5.0.14_@types+react_162857702e0a6d9db9dbe61bddf43b4e/node_modules/zustand/esm/middleware.mjs:360:20) {
    code: &apos;ERR_INVALID_URL&apos;,
    input: &apos;/api/settings/settings/data-navigator-settings&apos;
  }
}

[drizzle-storage] set failed for settings/data-navigator-settings [TypeError: Failed to parse URL from /api/settings/settings/data-navigator-settings] {
  [cause]: TypeError: Invalid URL
      at new URL (node:internal/url:819:25)
      at new URL (file:///D:/data-navigator/node_modules/.pnpm/vitest@4.1.8_@opentelemetry_e8045d3dd70c829c3e0cd5bcf0b71907/node_modules/vitest/dist/chunks/index.DC7d2Pf8.js:557:2)
      at new Request (node:internal/deps/undici/undici:11832:25)
      at fetch (node:internal/deps/undici/undici:12757:25)
      at fetch (node:internal/deps/undici/undici:17407:10)
      at fetch (node:internal/bootstrap/web/exposed-window-or-worker:83:12)
      at putAppSettingRemote (D:/data-navigator/src/platform/settings/settings-client.ts:99:26)
      at Object.setItem (D:/data-navigator/src/platform/storage/drizzle-storage.ts:145:12)
      at Object.setItem (file:///D:/data-navigator/node_modules/.pnpm/zustand@5.0.14_@types+react_162857702e0a6d9db9dbe61bddf43b4e/node_modules/zustand/esm/middleware.mjs:300:42)
      at setItem (file:///D:/data-navigator/node_modules/.pnpm/zustand@5.0.14_@types+react_162857702e0a6d9db9dbe61bddf43b4e/node_modules/zustand/esm/middleware.mjs:360:20) {
    code: &apos;ERR_INVALID_URL&apos;,
    input: &apos;/api/settings/settings/data-navigator-settings&apos;
  }
}

            </system-err>
        </testcase>
        <testcase classname="tests/core/stores/settings-store.test.ts" name="Settings Store &gt; should update data settings" time="0.0112238">
            <system-err>
[drizzle-storage] set failed for settings/data-navigator-settings [TypeError: Failed to parse URL from /api/settings/settings/data-navigator-settings] {
  [cause]: TypeError: Invalid URL
      at new URL (node:internal/url:819:25)
      at new URL (file:///D:/data-navigator/node_modules/.pnpm/vitest@4.1.8_@opentelemetry_e8045d3dd70c829c3e0cd5bcf0b71907/node_modules/vitest/dist/chunks/index.DC7d2Pf8.js:557:2)
      at new Request (node:internal/deps/undici/undici:11832:25)
      at fetch (node:internal/deps/undici/undici:12757:25)
      at fetch (node:internal/deps/undici/undici:17407:10)
      at fetch (node:internal/bootstrap/web/exposed-window-or-worker:83:12)
      at putAppSettingRemote (D:/data-navigator/src/platform/settings/settings-client.ts:99:26)
      at Object.setItem (D:/data-navigator/src/platform/storage/drizzle-storage.ts:145:12)
      at Object.setItem (file:///D:/data-navigator/node_modules/.pnpm/zustand@5.0.14_@types+react_162857702e0a6d9db9dbe61bddf43b4e/node_modules/zustand/esm/middleware.mjs:300:42)
      at setItem (file:///D:/data-navigator/node_modules/.pnpm/zustand@5.0.14_@types+react_162857702e0a6d9db9dbe61bddf43b4e/node_modules/zustand/esm/middleware.mjs:360:20) {
    code: &apos;ERR_INVALID_URL&apos;,
    input: &apos;/api/settings/settings/data-navigator-settings&apos;
  }
}

[drizzle-storage] set failed for settings/data-navigator-settings [TypeError: Failed to parse URL from /api/settings/settings/data-navigator-settings] {
  [cause]: TypeError: Invalid URL
      at new URL (node:internal/url:819:25)
      at new URL (file:///D:/data-navigator/node_modules/.pnpm/vitest@4.1.8_@opentelemetry_e8045d3dd70c829c3e0cd5bcf0b71907/node_modules/vitest/dist/chunks/index.DC7d2Pf8.js:557:2)
      at new Request (node:internal/deps/undici/undici:11832:25)
      at fetch (node:internal/deps/undici/undici:12757:25)
      at fetch (node:internal/deps/undici/undici:17407:10)
      at fetch (node:internal/bootstrap/web/exposed-window-or-worker:83:12)
      at putAppSettingRemote (D:/data-navigator/src/platform/settings/settings-client.ts:99:26)
      at Object.setItem (D:/data-navigator/src/platform/storage/drizzle-storage.ts:145:12)
      at Object.setItem (file:///D:/data-navigator/node_modules/.pnpm/zustand@5.0.14_@types+react_162857702e0a6d9db9dbe61bddf43b4e/node_modules/zustand/esm/middleware.mjs:300:42)
      at setItem (file:///D:/data-navigator/node_modules/.pnpm/zustand@5.0.14_@types+react_162857702e0a6d9db9dbe61bddf43b4e/node_modules/zustand/esm/middleware.mjs:360:20) {
    code: &apos;ERR_INVALID_URL&apos;,
    input: &apos;/api/settings/settings/data-navigator-settings&apos;
  }
}

            </system-err>
        </testcase>
        <testcase classname="tests/core/stores/settings-store.test.ts" name="Settings Store &gt; should update performance settings" time="0.016174">
            <system-err>
[drizzle-storage] set failed for settings/data-navigator-settings [TypeError: Failed to parse URL from /api/settings/settings/data-navigator-settings] {
  [cause]: TypeError: Invalid URL
      at new URL (node:internal/url:819:25)
      at new URL (file:///D:/data-navigator/node_modules/.pnpm/vitest@4.1.8_@opentelemetry_e8045d3dd70c829c3e0cd5bcf0b71907/node_modules/vitest/dist/chunks/index.DC7d2Pf8.js:557:2)
      at new Request (node:internal/deps/undici/undici:11832:25)
      at fetch (node:internal/deps/undici/undici:12757:25)
      at fetch (node:internal/deps/undici/undici:17407:10)
      at fetch (node:internal/bootstrap/web/exposed-window-or-worker:83:12)
      at putAppSettingRemote (D:/data-navigator/src/platform/settings/settings-client.ts:99:26)
      at Object.setItem (D:/data-navigator/src/platform/storage/drizzle-storage.ts:145:12)
      at Object.setItem (file:///D:/data-navigator/node_modules/.pnpm/zustand@5.0.14_@types+react_162857702e0a6d9db9dbe61bddf43b4e/node_modules/zustand/esm/middleware.mjs:300:42)
      at setItem (file:///D:/data-navigator/node_modules/.pnpm/zustand@5.0.14_@types+react_162857702e0a6d9db9dbe61bddf43b4e/node_modules/zustand/esm/middleware.mjs:360:20) {
    code: &apos;ERR_INVALID_URL&apos;,
    input: &apos;/api/settings/settings/data-navigator-settings&apos;
  }
}

[drizzle-storage] set failed for settings/data-navigator-settings [TypeError: Failed to parse URL from /api/settings/settings/data-navigator-settings] {
  [cause]: TypeError: Invalid URL
      at new URL (node:internal/url:819:25)
      at new URL (file:///D:/data-navigator/node_modules/.pnpm/vitest@4.1.8_@opentelemetry_e8045d3dd70c829c3e0cd5bcf0b71907/node_modules/vitest/dist/chunks/index.DC7d2Pf8.js:557:2)
      at new Request (node:internal/deps/undici/undici:11832:25)
      at fetch (node:internal/deps/undici/undici:12757:25)
      at fetch (node:internal/deps/undici/undici:17407:10)
      at fetch (node:internal/bootstrap/web/exposed-window-or-worker:83:12)
      at putAppSettingRemote (D:/data-navigator/src/platform/settings/settings-client.ts:99:26)
      at Object.setItem (D:/data-navigator/src/platform/storage/drizzle-storage.ts:145:12)
      at Object.setItem (file:///D:/data-navigator/node_modules/.pnpm/zustand@5.0.14_@types+react_162857702e0a6d9db9dbe61bddf43b4e/node_modules/zustand/esm/middleware.mjs:300:42)
      at setItem (file:///D:/data-navigator/node_modules/.pnpm/zustand@5.0.14_@types+react_162857702e0a6d9db9dbe61bddf43b4e/node_modules/zustand/esm/middleware.mjs:360:20) {
    code: &apos;ERR_INVALID_URL&apos;,
    input: &apos;/api/settings/settings/data-navigator-settings&apos;
  }
}

            </system-err>
        </testcase>
        <testcase classname="tests/core/stores/settings-store.test.ts" name="Settings Store &gt; should update notification settings" time="0.017088">
            <system-err>
[drizzle-storage] set failed for settings/data-navigator-settings [TypeError: Failed to parse URL from /api/settings/settings/data-navigator-settings] {
  [cause]: TypeError: Invalid URL
      at new URL (node:internal/url:819:25)
      at new URL (file:///D:/data-navigator/node_modules/.pnpm/vitest@4.1.8_@opentelemetry_e8045d3dd70c829c3e0cd5bcf0b71907/node_modules/vitest/dist/chunks/index.DC7d2Pf8.js:557:2)
      at new Request (node:internal/deps/undici/undici:11832:25)
      at fetch (node:internal/deps/undici/undici:12757:25)
      at fetch (node:internal/deps/undici/undici:17407:10)
      at fetch (node:internal/bootstrap/web/exposed-window-or-worker:83:12)
      at putAppSettingRemote (D:/data-navigator/src/platform/settings/settings-client.ts:99:26)
      at Object.setItem (D:/data-navigator/src/platform/storage/drizzle-storage.ts:145:12)
      at Object.setItem (file:///D:/data-navigator/node_modules/.pnpm/zustand@5.0.14_@types+react_162857702e0a6d9db9dbe61bddf43b4e/node_modules/zustand/esm/middleware.mjs:300:42)
      at setItem (file:///D:/data-navigator/node_modules/.pnpm/zustand@5.0.14_@types+react_162857702e0a6d9db9dbe61bddf43b4e/node_modules/zustand/esm/middleware.mjs:360:20) {
    code: &apos;ERR_INVALID_URL&apos;,
    input: &apos;/api/settings/settings/data-navigator-settings&apos;
  }
}

[drizzle-storage] set failed for settings/data-navigator-settings [TypeError: Failed to parse URL from /api/settings/settings/data-navigator-settings] {
  [cause]: TypeError: Invalid URL
      at new URL (node:internal/url:819:25)
      at new URL (file:///D:/data-navigator/node_modules/.pnpm/vitest@4.1.8_@opentelemetry_e8045d3dd70c829c3e0cd5bcf0b71907/node_modules/vitest/dist/chunks/index.DC7d2Pf8.js:557:2)
      at new Request (node:internal/deps/undici/undici:11832:25)
      at fetch (node:internal/deps/undici/undici:12757:25)
      at fetch (node:internal/deps/undici/undici:17407:10)
      at fetch (node:internal/bootstrap/web/exposed-window-or-worker:83:12)
      at putAppSettingRemote (D:/data-navigator/src/platform/settings/settings-client.ts:99:26)
      at Object.setItem (D:/data-navigator/src/platform/storage/drizzle-storage.ts:145:12)
      at Object.setItem (file:///D:/data-navigator/node_modules/.pnpm/zustand@5.0.14_@types+react_162857702e0a6d9db9dbe61bddf43b4e/node_modules/zustand/esm/middleware.mjs:300:42)
      at setItem (file:///D:/data-navigator/node_modules/.pnpm/zustand@5.0.14_@types+react_162857702e0a6d9db9dbe61bddf43b4e/node_modules/zustand/esm/middleware.mjs:360:20) {
    code: &apos;ERR_INVALID_URL&apos;,
    input: &apos;/api/settings/settings/data-navigator-settings&apos;
  }
}

            </system-err>
        </testcase>
        <testcase classname="tests/core/stores/settings-store.test.ts" name="Settings Store &gt; should toggle pinned items" time="0.0270104">
            <system-err>
[drizzle-storage] set failed for settings/data-navigator-settings [TypeError: Failed to parse URL from /api/settings/settings/data-navigator-settings] {
  [cause]: TypeError: Invalid URL
      at new URL (node:internal/url:819:25)
      at new URL (file:///D:/data-navigator/node_modules/.pnpm/vitest@4.1.8_@opentelemetry_e8045d3dd70c829c3e0cd5bcf0b71907/node_modules/vitest/dist/chunks/index.DC7d2Pf8.js:557:2)
      at new Request (node:internal/deps/undici/undici:11832:25)
      at fetch (node:internal/deps/undici/undici:12757:25)
      at fetch (node:internal/deps/undici/undici:17407:10)
      at fetch (node:internal/bootstrap/web/exposed-window-or-worker:83:12)
      at putAppSettingRemote (D:/data-navigator/src/platform/settings/settings-client.ts:99:26)
      at Object.setItem (D:/data-navigator/src/platform/storage/drizzle-storage.ts:145:12)
      at Object.setItem (file:///D:/data-navigator/node_modules/.pnpm/zustand@5.0.14_@types+react_162857702e0a6d9db9dbe61bddf43b4e/node_modules/zustand/esm/middleware.mjs:300:42)
      at setItem (file:///D:/data-navigator/node_modules/.pnpm/zustand@5.0.14_@types+react_162857702e0a6d9db9dbe61bddf43b4e/node_modules/zustand/esm/middleware.mjs:360:20) {
    code: &apos;ERR_INVALID_URL&apos;,
    input: &apos;/api/settings/settings/data-navigator-settings&apos;
  }
}

[drizzle-storage] set failed for settings/data-navigator-settings [TypeError: Failed to parse URL from /api/settings/settings/data-navigator-settings] {
  [cause]: TypeError: Invalid URL
      at new URL (node:internal/url:819:25)
      at new URL (file:///D:/data-navigator/node_modules/.pnpm/vitest@4.1.8_@opentelemetry_e8045d3dd70c829c3e0cd5bcf0b71907/node_modules/vitest/dist/chunks/index.DC7d2Pf8.js:557:2)
      at new Request (node:internal/deps/undici/undici:11832:25)
      at fetch (node:internal/deps/undici/undici:12757:25)
      at fetch (node:internal/deps/undici/undici:17407:10)
      at fetch (node:internal/bootstrap/web/exposed-window-or-worker:83:12)
      at putAppSettingRemote (D:/data-navigator/src/platform/settings/settings-client.ts:99:26)
      at Object.setItem (D:/data-navigator/src/platform/storage/drizzle-storage.ts:145:12)
      at Object.setItem (file:///D:/data-navigator/node_modules/.pnpm/zustand@5.0.14_@types+react_162857702e0a6d9db9dbe61bddf43b4e/node_modules/zustand/esm/middleware.mjs:300:42)
      at setItem (file:///D:/data-navigator/node_modules/.pnpm/zustand@5.0.14_@types+react_162857702e0a6d9db9dbe61bddf43b4e/node_modules/zustand/esm/middleware.mjs:360:20) {
    code: &apos;ERR_INVALID_URL&apos;,
    input: &apos;/api/settings/settings/data-navigator-settings&apos;
  }
}
[drizzle-storage] set failed for settings/data-navigator-settings [TypeError: Failed to parse URL from /api/settings/settings/data-navigator-settings] {
  [cause]: TypeError: Invalid URL
      at new URL (node:internal/url:819:25)
      at new URL (file:///D:/data-navigator/node_modules/.pnpm/vitest@4.1.8_@opentelemetry_e8045d3dd70c829c3e0cd5bcf0b71907/node_modules/vitest/dist/chunks/index.DC7d2Pf8.js:557:2)
      at new Request (node:internal/deps/undici/undici:11832:25)
      at fetch (node:internal/deps/undici/undici:12757:25)
      at fetch (node:internal/deps/undici/undici:17407:10)
      at fetch (node:internal/bootstrap/web/exposed-window-or-worker:83:12)
      at putAppSettingRemote (D:/data-navigator/src/platform/settings/settings-client.ts:99:26)
      at Object.setItem (D:/data-navigator/src/platform/storage/drizzle-storage.ts:145:12)
      at Object.setItem (file:///D:/data-navigator/node_modules/.pnpm/zustand@5.0.14_@types+react_162857702e0a6d9db9dbe61bddf43b4e/node_modules/zustand/esm/middleware.mjs:300:42)
      at setItem (file:///D:/data-navigator/node_modules/.pnpm/zustand@5.0.14_@types+react_162857702e0a6d9db9dbe61bddf43b4e/node_modules/zustand/esm/middleware.mjs:360:20) {
    code: &apos;ERR_INVALID_URL&apos;,
    input: &apos;/api/settings/settings/data-navigator-settings&apos;
  }
}

            </system-err>
        </testcase>
        <testcase classname="tests/core/stores/settings-store.test.ts" name="Settings Store &gt; should reset to defaults" time="0.040691">
            <system-err>
[drizzle-storage] set failed for settings/data-navigator-settings [TypeError: Failed to parse URL from /api/settings/settings/data-navigator-settings] {
  [cause]: TypeError: Invalid URL
      at new URL (node:internal/url:819:25)
      at new URL (file:///D:/data-navigator/node_modules/.pnpm/vitest@4.1.8_@opentelemetry_e8045d3dd70c829c3e0cd5bcf0b71907/node_modules/vitest/dist/chunks/index.DC7d2Pf8.js:557:2)
      at new Request (node:internal/deps/undici/undici:11832:25)
      at fetch (node:internal/deps/undici/undici:12757:25)
      at fetch (node:internal/deps/undici/undici:17407:10)
      at fetch (node:internal/bootstrap/web/exposed-window-or-worker:83:12)
      at putAppSettingRemote (D:/data-navigator/src/platform/settings/settings-client.ts:99:26)
      at Object.setItem (D:/data-navigator/src/platform/storage/drizzle-storage.ts:145:12)
      at Object.setItem (file:///D:/data-navigator/node_modules/.pnpm/zustand@5.0.14_@types+react_162857702e0a6d9db9dbe61bddf43b4e/node_modules/zustand/esm/middleware.mjs:300:42)
      at setItem (file:///D:/data-navigator/node_modules/.pnpm/zustand@5.0.14_@types+react_162857702e0a6d9db9dbe61bddf43b4e/node_modules/zustand/esm/middleware.mjs:360:20) {
    code: &apos;ERR_INVALID_URL&apos;,
    input: &apos;/api/settings/settings/data-navigator-settings&apos;
  }
}

[drizzle-storage] set failed for settings/data-navigator-settings [TypeError: Failed to parse URL from /api/settings/settings/data-navigator-settings] {
  [cause]: TypeError: Invalid URL
      at new URL (node:internal/url:819:25)
      at new URL (file:///D:/data-navigator/node_modules/.pnpm/vitest@4.1.8_@opentelemetry_e8045d3dd70c829c3e0cd5bcf0b71907/node_modules/vitest/dist/chunks/index.DC7d2Pf8.js:557:2)
      at new Request (node:internal/deps/undici/undici:11832:25)
      at fetch (node:internal/deps/undici/undici:12757:25)
      at fetch (node:internal/deps/undici/undici:17407:10)
      at fetch (node:internal/bootstrap/web/exposed-window-or-worker:83:12)
      at putAppSettingRemote (D:/data-navigator/src/platform/settings/settings-client.ts:99:26)
      at Object.setItem (D:/data-navigator/src/platform/storage/drizzle-storage.ts:145:12)
      at Object.setItem (file:///D:/data-navigator/node_modules/.pnpm/zustand@5.0.14_@types+react_162857702e0a6d9db9dbe61bddf43b4e/node_modules/zustand/esm/middleware.mjs:300:42)
      at setItem (file:///D:/data-navigator/node_modules/.pnpm/zustand@5.0.14_@types+react_162857702e0a6d9db9dbe61bddf43b4e/node_modules/zustand/esm/middleware.mjs:360:20) {
    code: &apos;ERR_INVALID_URL&apos;,
    input: &apos;/api/settings/settings/data-navigator-settings&apos;
  }
}
[drizzle-storage] set failed for settings/data-navigator-settings [TypeError: Failed to parse URL from /api/settings/settings/data-navigator-settings] {
  [cause]: TypeError: Invalid URL
      at new URL (node:internal/url:819:25)
      at new URL (file:///D:/data-navigator/node_modules/.pnpm/vitest@4.1.8_@opentelemetry_e8045d3dd70c829c3e0cd5bcf0b71907/node_modules/vitest/dist/chunks/index.DC7d2Pf8.js:557:2)
      at new Request (node:internal/deps/undici/undici:11832:25)
      at fetch (node:internal/deps/undici/undici:12757:25)
      at fetch (node:internal/deps/undici/undici:17407:10)
      at fetch (node:internal/bootstrap/web/exposed-window-or-worker:83:12)
      at putAppSettingRemote (D:/data-navigator/src/platform/settings/settings-client.ts:99:26)
      at Object.setItem (D:/data-navigator/src/platform/storage/drizzle-storage.ts:145:12)
      at Object.setItem (file:///D:/data-navigator/node_modules/.pnpm/zustand@5.0.14_@types+react_162857702e0a6d9db9dbe61bddf43b4e/node_modules/zustand/esm/middleware.mjs:300:42)
      at setItem (file:///D:/data-navigator/node_modules/.pnpm/zustand@5.0.14_@types+react_162857702e0a6d9db9dbe61bddf43b4e/node_modules/zustand/esm/middleware.mjs:360:20) {
    code: &apos;ERR_INVALID_URL&apos;,
    input: &apos;/api/settings/settings/data-navigator-settings&apos;
  }
}
[drizzle-storage] set failed for settings/data-navigator-settings [TypeError: Failed to parse URL from /api/settings/settings/data-navigator-settings] {
  [cause]: TypeError: Invalid URL
      at new URL (node:internal/url:819:25)
      at new URL (file:///D:/data-navigator/node_modules/.pnpm/vitest@4.1.8_@opentelemetry_e8045d3dd70c829c3e0cd5bcf0b71907/node_modules/vitest/dist/chunks/index.DC7d2Pf8.js:557:2)
      at new Request (node:internal/deps/undici/undici:11832:25)
      at fetch (node:internal/deps/undici/undici:12757:25)
      at fetch (node:internal/deps/undici/undici:17407:10)
      at fetch (node:internal/bootstrap/web/exposed-window-or-worker:83:12)
      at putAppSettingRemote (D:/data-navigator/src/platform/settings/settings-client.ts:99:26)
      at Object.setItem (D:/data-navigator/src/platform/storage/drizzle-storage.ts:145:12)
      at Object.setItem (file:///D:/data-navigator/node_modules/.pnpm/zustand@5.0.14_@types+react_162857702e0a6d9db9dbe61bddf43b4e/node_modules/zustand/esm/middleware.mjs:300:42)
      at setItem (file:///D:/data-navigator/node_modules/.pnpm/zustand@5.0.14_@types+react_162857702e0a6d9db9dbe61bddf43b4e/node_modules/zustand/esm/middleware.mjs:360:20) {
    code: &apos;ERR_INVALID_URL&apos;,
    input: &apos;/api/settings/settings/data-navigator-settings&apos;
  }
}
[drizzle-storage] set failed for settings/data-navigator-settings [TypeError: Failed to parse URL from /api/settings/settings/data-navigator-settings] {
  [cause]: TypeError: Invalid URL
      at new URL (node:internal/url:819:25)
      at new URL (file:///D:/data-navigator/node_modules/.pnpm/vitest@4.1.8_@opentelemetry_e8045d3dd70c829c3e0cd5bcf0b71907/node_modules/vitest/dist/chunks/index.DC7d2Pf8.js:557:2)
      at new Request (node:internal/deps/undici/undici:11832:25)
      at fetch (node:internal/deps/undici/undici:12757:25)
      at fetch (node:internal/deps/undici/undici:17407:10)
      at fetch (node:internal/bootstrap/web/exposed-window-or-worker:83:12)
      at putAppSettingRemote (D:/data-navigator/src/platform/settings/settings-client.ts:99:26)
      at Object.setItem (D:/data-navigator/src/platform/storage/drizzle-storage.ts:145:12)
      at Object.setItem (file:///D:/data-navigator/node_modules/.pnpm/zustand@5.0.14_@types+react_162857702e0a6d9db9dbe61bddf43b4e/node_modules/zustand/esm/middleware.mjs:300:42)
      at setItem (file:///D:/data-navigator/node_modules/.pnpm/zustand@5.0.14_@types+react_162857702e0a6d9db9dbe61bddf43b4e/node_modules/zustand/esm/middleware.mjs:360:20) {
    code: &apos;ERR_INVALID_URL&apos;,
    input: &apos;/api/settings/settings/data-navigator-settings&apos;
  }
}
[drizzle-storage] set failed for settings/data-navigator-settings [TypeError: Failed to parse URL from /api/settings/settings/data-navigator-settings] {
  [cause]: TypeError: Invalid URL
      at new URL (node:internal/url:819:25)
      at new URL (file:///D:/data-navigator/node_modules/.pnpm/vitest@4.1.8_@opentelemetry_e8045d3dd70c829c3e0cd5bcf0b71907/node_modules/vitest/dist/chunks/index.DC7d2Pf8.js:557:2)
      at new Request (node:internal/deps/undici/undici:11832:25)
      at fetch (node:internal/deps/undici/undici:12757:25)
      at fetch (node:internal/deps/undici/undici:17407:10)
      at fetch (node:internal/bootstrap/web/exposed-window-or-worker:83:12)
      at putAppSettingRemote (D:/data-navigator/src/platform/settings/settings-client.ts:99:26)
      at Object.setItem (D:/data-navigator/src/platform/storage/drizzle-storage.ts:145:12)
      at Object.setItem (file:///D:/data-navigator/node_modules/.pnpm/zustand@5.0.14_@types+react_162857702e0a6d9db9dbe61bddf43b4e/node_modules/zustand/esm/middleware.mjs:300:42)
      at setItem (file:///D:/data-navigator/node_modules/.pnpm/zustand@5.0.14_@types+react_162857702e0a6d9db9dbe61bddf43b4e/node_modules/zustand/esm/middleware.mjs:360:20) {
    code: &apos;ERR_INVALID_URL&apos;,
    input: &apos;/api/settings/settings/data-navigator-settings&apos;
  }
}
[drizzle-storage] set failed for settings/data-navigator-settings [TypeError: Failed to parse URL from /api/settings/settings/data-navigator-settings] {
  [cause]: TypeError: Invalid URL
      at new URL (node:internal/url:819:25)
      at new URL (file:///D:/data-navigator/node_modules/.pnpm/vitest@4.1.8_@opentelemetry_e8045d3dd70c829c3e0cd5bcf0b71907/node_modules/vitest/dist/chunks/index.DC7d2Pf8.js:557:2)
      at new Request (node:internal/deps/undici/undici:11832:25)
      at fetch (node:internal/deps/undici/undici:12757:25)
      at fetch (node:internal/deps/undici/undici:17407:10)
      at fetch (node:internal/bootstrap/web/exposed-window-or-worker:83:12)
      at putAppSettingRemote (D:/data-navigator/src/platform/settings/settings-client.ts:99:26)
      at Object.setItem (D:/data-navigator/src/platform/storage/drizzle-storage.ts:145:12)
      at Object.setItem (file:///D:/data-navigator/node_modules/.pnpm/zustand@5.0.14_@types+react_162857702e0a6d9db9dbe61bddf43b4e/node_modules/zustand/esm/middleware.mjs:300:42)
      at setItem (file:///D:/data-navigator/node_modules/.pnpm/zustand@5.0.14_@types+react_162857702e0a6d9db9dbe61bddf43b4e/node_modules/zustand/esm/middleware.mjs:360:20) {
    code: &apos;ERR_INVALID_URL&apos;,
    input: &apos;/api/settings/settings/data-navigator-settings&apos;
  }
}

            </system-err>
        </testcase>
    </testsuite>
    <testsuite name="tests/platform/ai/embeddings.test.ts" timestamp="2026-06-25T18:28:25.108Z" hostname="Desktop" tests="23" failures="0" errors="0" skipped="0" time="0.0431435">
        <testcase classname="tests/platform/ai/embeddings.test.ts" name="isEmbeddingsReady &gt; returns a boolean" time="0.0043567">
        </testcase>
        <testcase classname="tests/platform/ai/embeddings.test.ts" name="isEmbeddingsReady &gt; returns true after embedRaw is called successfully" time="0.0012432">
        </testcase>
        <testcase classname="tests/platform/ai/embeddings.test.ts" name="embedRaw &gt; delegates to embedTexts and returns the Float32Arrays verbatim" time="0.0038172">
        </testcase>
        <testcase classname="tests/platform/ai/embeddings.test.ts" name="embedRaw &gt; passes through an empty array when called with no texts" time="0.0005508">
        </testcase>
        <testcase classname="tests/platform/ai/embeddings.test.ts" name="embedRaw &gt; sets embedderReady to true after a successful call" time="0.0003889">
        </testcase>
        <testcase classname="tests/platform/ai/embeddings.test.ts" name="embedRaw &gt; propagates a rejection from embedTexts" time="0.0036745">
        </testcase>
        <testcase classname="tests/platform/ai/embeddings.test.ts" name="preloadEmbeddings &gt; calls preloadEmbedder and sets embedderReady when the promise resolves" time="0.000899">
        </testcase>
        <testcase classname="tests/platform/ai/embeddings.test.ts" name="preloadEmbeddings &gt; silently swallows a rejection from preloadEmbedder" time="0.0087335">
        </testcase>
        <testcase classname="tests/platform/ai/embeddings.test.ts" name="semanticColumnMatch — happy path &gt; returns the top-K columns sorted by cosine similarity" time="0.002814">
        </testcase>
        <testcase classname="tests/platform/ai/embeddings.test.ts" name="semanticColumnMatch — happy path &gt; enriches column texts for number / string / date types" time="0.0012646">
        </testcase>
        <testcase classname="tests/platform/ai/embeddings.test.ts" name="semanticColumnMatch — happy path &gt; defaults topK to 3" time="0.0008737">
        </testcase>
        <testcase classname="tests/platform/ai/embeddings.test.ts" name="semanticColumnMatch — happy path &gt; returns fewer than topK when there are fewer columns" time="0.0006256">
        </testcase>
        <testcase classname="tests/platform/ai/embeddings.test.ts" name="semanticColumnMatch — happy path &gt; handles the zero-norm degenerate case (all-zero vector) without NaN" time="0.0005709">
        </testcase>
        <testcase classname="tests/platform/ai/embeddings.test.ts" name="semanticColumnMatch — fallback path (embed throws) &gt; falls back to substring matching when embed rejects" time="0.0007098">
        </testcase>
        <testcase classname="tests/platform/ai/embeddings.test.ts" name="semanticColumnMatch — fallback path (embed throws) &gt; fallback result is sorted by score descending and sliced to topK" time="0.0007081">
        </testcase>
        <testcase classname="tests/platform/ai/embeddings.test.ts" name="semanticColumnMatch — fallback path (embed throws) &gt; case-insensitive substring check in fallback" time="0.0004782">
        </testcase>
        <testcase classname="tests/platform/ai/embeddings.test.ts" name="semanticColumnRelations — happy path &gt; returns pairs with similarity &gt; 0.5, sorted descending" time="0.0010714">
        </testcase>
        <testcase classname="tests/platform/ai/embeddings.test.ts" name="semanticColumnRelations — happy path &gt; strips underscores when building the text passed to embed()" time="0.0006063">
        </testcase>
        <testcase classname="tests/platform/ai/embeddings.test.ts" name="semanticColumnRelations — happy path &gt; returns an empty array when no pair exceeds the 0.5 threshold" time="0.0004994">
        </testcase>
        <testcase classname="tests/platform/ai/embeddings.test.ts" name="semanticColumnRelations — happy path &gt; returns an empty array for a single column (no pairs possible)" time="0.0004356">
        </testcase>
        <testcase classname="tests/platform/ai/embeddings.test.ts" name="semanticColumnRelations — happy path &gt; returns an empty array for an empty column list" time="0.0004265">
        </testcase>
        <testcase classname="tests/platform/ai/embeddings.test.ts" name="semanticColumnRelations — happy path &gt; sorts multiple relations by similarity descending" time="0.0006745">
        </testcase>
        <testcase classname="tests/platform/ai/embeddings.test.ts" name="semanticColumnRelations — error path &gt; returns an empty array when embed rejects" time="0.0004287">
        </testcase>
    </testsuite>
    <testsuite name="tests/platform/ai/inference-client.test.ts" timestamp="2026-06-25T18:28:25.111Z" hostname="Desktop" tests="22" failures="0" errors="0" skipped="0" time="0.0418568">
        <testcase classname="tests/platform/ai/inference-client.test.ts" name="getInferenceWorker &gt; creates a Worker and returns a Comlink proxy on first call" time="0.0050042">
        </testcase>
        <testcase classname="tests/platform/ai/inference-client.test.ts" name="getInferenceWorker &gt; returns the same proxy on subsequent calls without creating a new Worker" time="0.0013165">
        </testcase>
        <testcase classname="tests/platform/ai/inference-client.test.ts" name="getInferenceWorker &gt; throws when window is undefined (non-browser context)" time="0.0024553">
        </testcase>
        <testcase classname="tests/platform/ai/inference-client.test.ts" name="getInferenceWorker &gt; throws when Worker is undefined (non-browser context)" time="0.0009588">
        </testcase>
        <testcase classname="tests/platform/ai/inference-client.test.ts" name="embedTexts &gt; returns an empty array immediately when texts is empty" time="0.0030631">
        </testcase>
        <testcase classname="tests/platform/ai/inference-client.test.ts" name="embedTexts &gt; calls embedBatch with the provided texts and optional model" time="0.0029456">
        </testcase>
        <testcase classname="tests/platform/ai/inference-client.test.ts" name="embedTexts &gt; calls embedBatch without a model when model is omitted" time="0.0010084">
        </testcase>
        <testcase classname="tests/platform/ai/inference-client.test.ts" name="embedText &gt; calls embed on the proxy with the text and optional model" time="0.0010479">
        </testcase>
        <testcase classname="tests/platform/ai/inference-client.test.ts" name="embedText &gt; calls embed without model when model is omitted" time="0.0008417">
        </testcase>
        <testcase classname="tests/platform/ai/inference-client.test.ts" name="preloadEmbedder &gt; calls loadEmbedder on the proxy with the provided model" time="0.0008473">
        </testcase>
        <testcase classname="tests/platform/ai/inference-client.test.ts" name="preloadEmbedder &gt; calls loadEmbedder without a model when omitted" time="0.000766">
        </testcase>
        <testcase classname="tests/platform/ai/inference-client.test.ts" name="browserGenerate &gt; calls generate with the input and undefined when no onToken callback is provided" time="0.0019678">
        </testcase>
        <testcase classname="tests/platform/ai/inference-client.test.ts" name="browserGenerate &gt; wraps onToken with Comlink.proxy when onToken is provided" time="0.0021598">
        </testcase>
        <testcase classname="tests/platform/ai/inference-client.test.ts" name="browserGenerate &gt; passes all BrowserGenerateInput fields through to generate" time="0.0010203">
        </testcase>
        <testcase classname="tests/platform/ai/inference-client.test.ts" name="preloadBrowserGenerator &gt; calls loadGenerator with model and undefined when no onProgress is provided" time="0.001009">
        </testcase>
        <testcase classname="tests/platform/ai/inference-client.test.ts" name="preloadBrowserGenerator &gt; wraps onProgress with Comlink.proxy when onProgress is provided" time="0.0007622">
        </testcase>
        <testcase classname="tests/platform/ai/inference-client.test.ts" name="preloadBrowserGenerator &gt; calls loadGenerator with undefined model when model is omitted" time="0.0005616">
        </testcase>
        <testcase classname="tests/platform/ai/inference-client.test.ts" name="disposeInferenceWorker &gt; does nothing when no worker has been created (proxy is null)" time="0.0020668">
        </testcase>
        <testcase classname="tests/platform/ai/inference-client.test.ts" name="disposeInferenceWorker &gt; calls proxy.dispose and worker.terminate when a worker exists" time="0.0010659">
        </testcase>
        <testcase classname="tests/platform/ai/inference-client.test.ts" name="disposeInferenceWorker &gt; sets proxy and worker to null after disposal (second dispose is a no-op)" time="0.0013767">
        </testcase>
        <testcase classname="tests/platform/ai/inference-client.test.ts" name="disposeInferenceWorker &gt; swallows errors thrown by proxy.dispose and still terminates the worker" time="0.001668">
        </testcase>
        <testcase classname="tests/platform/ai/inference-client.test.ts" name="disposeInferenceWorker &gt; still sets proxy and worker to null even when dispose throws" time="0.0009791">
        </testcase>
    </testsuite>
    <testsuite name="tests/platform/ai/insights.test.ts" timestamp="2026-06-25T18:28:25.114Z" hostname="Desktop" tests="32" failures="0" errors="0" skipped="0" time="0.0414088">
        <testcase classname="tests/platform/ai/insights.test.ts" name="linearForecast &gt; returns a flat zeroed forecast for fewer than two points" time="0.0063493">
        </testcase>
        <testcase classname="tests/platform/ai/insights.test.ts" name="linearForecast &gt; recovers a known increasing line and predicts the requested steps" time="0.0041163">
        </testcase>
        <testcase classname="tests/platform/ai/insights.test.ts" name="linearForecast &gt; detects a downward trend" time="0.0008662">
        </testcase>
        <testcase classname="tests/platform/ai/insights.test.ts" name="linearForecast &gt; reports a flat trend for constant data" time="0.000537">
        </testcase>
        <testcase classname="tests/platform/ai/insights.test.ts" name="linearForecast &gt; clamps r2 into the [0, 1] range" time="0.0006448">
        </testcase>
        <testcase classname="tests/platform/ai/insights.test.ts" name="linearForecast &gt; defaults to six predicted steps" time="0.0005513">
        </testcase>
        <testcase classname="tests/platform/ai/insights.test.ts" name="generateInsights rule-based quality detection &gt; flags a critical insight when more than half the values are null" time="0.0024268">
        </testcase>
        <testcase classname="tests/platform/ai/insights.test.ts" name="generateInsights rule-based quality detection &gt; flags a warning (not critical) for a moderate null rate" time="0.0009352">
        </testcase>
        <testcase classname="tests/platform/ai/insights.test.ts" name="generateInsights rule-based quality detection &gt; does not emit a quality insight when the null rate is below the threshold" time="0.0007873">
        </testcase>
        <testcase classname="tests/platform/ai/insights.test.ts" name="generateInsights rule-based trend / distribution / correlation &gt; detects an upward trend in a strongly linear series" time="0.0011324">
        </testcase>
        <testcase classname="tests/platform/ai/insights.test.ts" name="generateInsights rule-based trend / distribution / correlation &gt; detects a skewed distribution" time="0.0008907">
        </testcase>
        <testcase classname="tests/platform/ai/insights.test.ts" name="generateInsights rule-based trend / distribution / correlation &gt; detects a strong correlation between two numeric columns" time="0.001174">
        </testcase>
        <testcase classname="tests/platform/ai/insights.test.ts" name="generateInsights rule-based trend / distribution / correlation &gt; returns an empty array for an empty dataset" time="0.0005238">
        </testcase>
        <testcase classname="tests/platform/ai/insights.test.ts" name="generateInsights rule-based trend / distribution / correlation &gt; ignores numeric columns with too few values for skew/trend detection" time="0.0007137">
        </testcase>
        <testcase classname="tests/platform/ai/insights.test.ts" name="generateInsights rule-based trend / distribution / correlation &gt; caps rule-based insights at five" time="0.0022632">
        </testcase>
        <testcase classname="tests/platform/ai/insights.test.ts" name="generateInsights rule-based trend / distribution / correlation &gt; treats a missing numericData argument as no numeric series" time="0.0006476">
        </testcase>
        <testcase classname="tests/platform/ai/insights.test.ts" name="generateInsights LLM path &gt; returns parsed LLM insights when the model is ready and replies with valid JSON" time="0.0011769">
        </testcase>
        <testcase classname="tests/platform/ai/insights.test.ts" name="generateInsights LLM path &gt; extracts a JSON array embedded in prose from the LLM" time="0.0007193">
        </testcase>
        <testcase classname="tests/platform/ai/insights.test.ts" name="generateInsights LLM path &gt; falls back to rule-based insights when the LLM returns no JSON array" time="0.0006015">
        </testcase>
        <testcase classname="tests/platform/ai/insights.test.ts" name="generateInsights LLM path &gt; falls back to rule-based insights when the LLM returns an empty array" time="0.0005295">
        </testcase>
        <testcase classname="tests/platform/ai/insights.test.ts" name="generateInsights LLM path &gt; falls back to rule-based insights when generateText rejects" time="0.000727">
        </testcase>
        <testcase classname="tests/platform/ai/insights.test.ts" name="recommendCharts rule-based path &gt; recommends a bar chart for a numeric + categorical schema" time="0.0010227">
        </testcase>
        <testcase classname="tests/platform/ai/insights.test.ts" name="recommendCharts rule-based path &gt; recommends a line chart when a date column accompanies a numeric column" time="0.000524">
        </testcase>
        <testcase classname="tests/platform/ai/insights.test.ts" name="recommendCharts rule-based path &gt; recommends a scatter chart when two numeric columns exist" time="0.0004399">
        </testcase>
        <testcase classname="tests/platform/ai/insights.test.ts" name="recommendCharts rule-based path &gt; recommends a pie chart for a categorical column within the row-count window" time="0.0003351">
        </testcase>
        <testcase classname="tests/platform/ai/insights.test.ts" name="recommendCharts rule-based path &gt; omits the pie recommendation for very large datasets" time="0.0003752">
        </testcase>
        <testcase classname="tests/platform/ai/insights.test.ts" name="recommendCharts rule-based path &gt; defaults the row count to zero (suppressing pie) when omitted" time="0.0003367">
        </testcase>
        <testcase classname="tests/platform/ai/insights.test.ts" name="recommendCharts rule-based path &gt; returns an empty list for an empty schema" time="0.0003594">
        </testcase>
        <testcase classname="tests/platform/ai/insights.test.ts" name="recommendCharts rule-based path &gt; caps recommendations at three" time="0.0003719">
        </testcase>
        <testcase classname="tests/platform/ai/insights.test.ts" name="recommendCharts LLM path &gt; returns parsed LLM chart recommendations when the model is ready" time="0.0007843">
        </testcase>
        <testcase classname="tests/platform/ai/insights.test.ts" name="recommendCharts LLM path &gt; falls back to rule-based recommendations when the LLM returns no array" time="0.0004895">
        </testcase>
        <testcase classname="tests/platform/ai/insights.test.ts" name="recommendCharts LLM path &gt; falls back to rule-based recommendations when generateText rejects" time="0.0006058">
        </testcase>
    </testsuite>
    <testsuite name="tests/platform/ai/kokoro-tts.test.ts" timestamp="2026-06-25T18:28:25.118Z" hostname="Desktop" tests="22" failures="0" errors="0" skipped="0" time="0.0247422">
        <testcase classname="tests/platform/ai/kokoro-tts.test.ts" name="normalizeText &gt; trims and collapses runs of whitespace to single spaces" time="0.0040116">
        </testcase>
        <testcase classname="tests/platform/ai/kokoro-tts.test.ts" name="normalizeText &gt; strips zero-width and BOM characters" time="0.0006538">
        </testcase>
        <testcase classname="tests/platform/ai/kokoro-tts.test.ts" name="normalizeText &gt; NFKC-folds compatibility characters" time="0.0004556">
        </testcase>
        <testcase classname="tests/platform/ai/kokoro-tts.test.ts" name="normalizeText &gt; returns an empty string for whitespace-only input" time="0.0003986">
        </testcase>
        <testcase classname="tests/platform/ai/kokoro-tts.test.ts" name="normalizeText &gt; preserves interior single spaces between words" time="0.0002851">
        </testcase>
        <testcase classname="tests/platform/ai/kokoro-tts.test.ts" name="splitIntoSentences &gt; returns an empty array for empty or whitespace-only input" time="0.0019981">
        </testcase>
        <testcase classname="tests/platform/ai/kokoro-tts.test.ts" name="splitIntoSentences &gt; splits after sentence-final punctuation" time="0.0009591">
        </testcase>
        <testcase classname="tests/platform/ai/kokoro-tts.test.ts" name="splitIntoSentences &gt; splits on exclamation and question marks" time="0.0006114">
        </testcase>
        <testcase classname="tests/platform/ai/kokoro-tts.test.ts" name="splitIntoSentences &gt; splits on the Arabic question mark" time="0.0010661">
        </testcase>
        <testcase classname="tests/platform/ai/kokoro-tts.test.ts" name="splitIntoSentences &gt; returns the whole normalized text as one part when there is no boundary" time="0.0005894">
        </testcase>
        <testcase classname="tests/platform/ai/kokoro-tts.test.ts" name="splitIntoSentences &gt; does not split when punctuation is not followed by whitespace" time="0.0004535">
        </testcase>
        <testcase classname="tests/platform/ai/kokoro-tts.test.ts" name="splitIntoSentences &gt; normalizes whitespace before splitting" time="0.0003874">
        </testcase>
        <testcase classname="tests/platform/ai/kokoro-tts.test.ts" name="chunkText &gt; returns an empty array for empty input" time="0.0007814">
        </testcase>
        <testcase classname="tests/platform/ai/kokoro-tts.test.ts" name="chunkText &gt; keeps a single short sentence as one chunk" time="0.0005163">
        </testcase>
        <testcase classname="tests/platform/ai/kokoro-tts.test.ts" name="chunkText &gt; packs multiple sentences into one chunk under the bound" time="0.000509">
        </testcase>
        <testcase classname="tests/platform/ai/kokoro-tts.test.ts" name="chunkText &gt; starts a new chunk when adding the next sentence would exceed the bound" time="0.0007932">
        </testcase>
        <testcase classname="tests/platform/ai/kokoro-tts.test.ts" name="chunkText &gt; greedily fills a chunk before opening the next" time="0.0004255">
        </testcase>
        <testcase classname="tests/platform/ai/kokoro-tts.test.ts" name="chunkText &gt; force-splits a single sentence longer than the bound on a word boundary" time="0.0007121">
        </testcase>
        <testcase classname="tests/platform/ai/kokoro-tts.test.ts" name="chunkText &gt; force-splits a long unbroken token without spaces" time="0.0006795">
        </testcase>
        <testcase classname="tests/platform/ai/kokoro-tts.test.ts" name="chunkText &gt; uses the 0.75*maxChars floor when no space precedes the bound" time="0.000366">
        </testcase>
        <testcase classname="tests/platform/ai/kokoro-tts.test.ts" name="chunkText &gt; defaults to DEFAULT_MAX_CHARS_PER_CHUNK when maxChars is omitted" time="0.0007045">
        </testcase>
        <testcase classname="tests/platform/ai/kokoro-tts.test.ts" name="chunkText &gt; exposes a sensible default bound" time="0.0002636">
        </testcase>
    </testsuite>
    <testsuite name="tests/platform/ai/llm-engine.test.ts" timestamp="2026-06-25T18:28:25.121Z" hostname="Desktop" tests="41" failures="0" errors="0" skipped="0" time="0.0850207">
        <testcase classname="tests/platform/ai/llm-engine.test.ts" name="getLLMEngineState &gt; returns the initial idle state before any init" time="0.0040155">
        </testcase>
        <testcase classname="tests/platform/ai/llm-engine.test.ts" name="getLLMEngineState &gt; returns the same shape object (not a stale copy) after a state change" time="0.0030253">
        </testcase>
        <testcase classname="tests/platform/ai/llm-engine.test.ts" name="isLLMReady &gt; returns false when engine status is idle" time="0.0007923">
        </testcase>
        <testcase classname="tests/platform/ai/llm-engine.test.ts" name="isLLMReady &gt; returns true when engine status is ready" time="0.0008057">
        </testcase>
        <testcase classname="tests/platform/ai/llm-engine.test.ts" name="isLLMReady &gt; returns false when engine status is error" time="0.0011137">
        </testcase>
        <testcase classname="tests/platform/ai/llm-engine.test.ts" name="subscribeLLMEngine &gt; calls the subscriber whenever state changes" time="0.0032514">
        </testcase>
        <testcase classname="tests/platform/ai/llm-engine.test.ts" name="subscribeLLMEngine &gt; stops notifying after unsubscribe" time="0.0011052">
        </testcase>
        <testcase classname="tests/platform/ai/llm-engine.test.ts" name="subscribeLLMEngine &gt; does not crash when a subscriber function throws" time="0.0036519">
        </testcase>
        <testcase classname="tests/platform/ai/llm-engine.test.ts" name="subscribeLLMEngine &gt; returns a function that removes exactly the registered listener" time="0.0023447">
        </testcase>
        <testcase classname="tests/platform/ai/llm-engine.test.ts" name="initLLMEngine &gt; transitions through loading → ready on a successful init" time="0.0013859">
        </testcase>
        <testcase classname="tests/platform/ai/llm-engine.test.ts" name="initLLMEngine &gt; uses DEFAULT_MODEL when no model argument is provided" time="0.001236">
        </testcase>
        <testcase classname="tests/platform/ai/llm-engine.test.ts" name="initLLMEngine &gt; sets progress to 100 after a successful init" time="0.0010271">
        </testcase>
        <testcase classname="tests/platform/ai/llm-engine.test.ts" name="initLLMEngine &gt; calls the initProgressCallback supplied to CreateMLCEngine" time="0.0012565">
        </testcase>
        <testcase classname="tests/platform/ai/llm-engine.test.ts" name="initLLMEngine &gt; fires the onProgress callback during loading" time="0.0009373">
        </testcase>
        <testcase classname="tests/platform/ai/llm-engine.test.ts" name="initLLMEngine &gt; does not reinitialize when status is already ready for the same model" time="0.000865">
        </testcase>
        <testcase classname="tests/platform/ai/llm-engine.test.ts" name="initLLMEngine &gt; transitions to error and throws a friendly message on generic failure" time="0.0026027">
        </testcase>
        <testcase classname="tests/platform/ai/llm-engine.test.ts" name="initLLMEngine &gt; returns a WebGPU-specific friendly message when the error mentions webgpu" time="0.0017762">
        </testcase>
        <testcase classname="tests/platform/ai/llm-engine.test.ts" name="initLLMEngine &gt; handles non-Error throw objects by converting them to strings" time="0.0014649">
        </testcase>
        <testcase classname="tests/platform/ai/llm-engine.test.ts" name="initLLMEngine &gt; sets engine to null on failure" time="0.0007795">
        </testcase>
        <testcase classname="tests/platform/ai/llm-engine.test.ts" name="initLLMEngine &gt; waits on the existing initPromise when a second call arrives while loading" time="0.0008523">
        </testcase>
        <testcase classname="tests/platform/ai/llm-engine.test.ts" name="initLLMEngine &gt; attaches onProgress listener when joining an in-flight init" time="0.0007817">
        </testcase>
        <testcase classname="tests/platform/ai/llm-engine.test.ts" name="initLLMEngine &gt; awaits initPromise without onProgress when joining an in-flight init with no callback" time="0.0010261">
        </testcase>
        <testcase classname="tests/platform/ai/llm-engine.test.ts" name="generateText &gt; generates text when the engine is ready" time="0.0016096">
        </testcase>
        <testcase classname="tests/platform/ai/llm-engine.test.ts" name="generateText &gt; automatically inits the engine when not yet loaded" time="0.001171">
        </testcase>
        <testcase classname="tests/platform/ai/llm-engine.test.ts" name="generateText &gt; includes a system prompt in the messages when provided" time="0.0028337">
        </testcase>
        <testcase classname="tests/platform/ai/llm-engine.test.ts" name="generateText &gt; omits system prompt from messages when not provided" time="0.00269">
        </testcase>
        <testcase classname="tests/platform/ai/llm-engine.test.ts" name="generateText &gt; passes maxTokens and temperature options to the engine" time="0.0013214">
        </testcase>
        <testcase classname="tests/platform/ai/llm-engine.test.ts" name="generateText &gt; uses default maxTokens=512 and temperature=0.7 when options omitted" time="0.0010121">
        </testcase>
        <testcase classname="tests/platform/ai/llm-engine.test.ts" name="generateText &gt; returns empty string when reply has no choice content" time="0.0080292">
        </testcase>
        <testcase classname="tests/platform/ai/llm-engine.test.ts" name="generateText &gt; returns empty string when choice message content is undefined" time="0.0023072">
        </testcase>
        <testcase classname="tests/platform/ai/llm-engine.test.ts" name="generateText &gt; sets status to error and rethrows when engine.chat.completions.create fails" time="0.0014326">
        </testcase>
        <testcase classname="tests/platform/ai/llm-engine.test.ts" name="generateText &gt; includes string errors in the thrown message" time="0.0011907">
        </testcase>
        <testcase classname="tests/platform/ai/llm-engine.test.ts" name="generateText &gt; sets status back to ready in the finally block when inferring succeeds" time="0.002486">
        </testcase>
        <testcase classname="tests/platform/ai/llm-engine.test.ts" name="generateText &gt; returns empty string when engine remains null after auto-init fails" time="0.0027524">
        </testcase>
        <testcase classname="tests/platform/ai/llm-engine.test.ts" name="unloadLLMEngine &gt; resets state to idle after a successful init" time="0.0017372">
        </testcase>
        <testcase classname="tests/platform/ai/llm-engine.test.ts" name="unloadLLMEngine &gt; calls engine.unload when the engine is loaded" time="0.0009902">
        </testcase>
        <testcase classname="tests/platform/ai/llm-engine.test.ts" name="unloadLLMEngine &gt; is safe to call when no engine has been loaded" time="0.0018914">
        </testcase>
        <testcase classname="tests/platform/ai/llm-engine.test.ts" name="unloadLLMEngine &gt; handles engine.unload throwing without propagating the error" time="0.0037937">
        </testcase>
        <testcase classname="tests/platform/ai/llm-engine.test.ts" name="unloadLLMEngine &gt; handles an engine without an unload method gracefully" time="0.0018942">
        </testcase>
        <testcase classname="tests/platform/ai/llm-engine.test.ts" name="unloadLLMEngine &gt; notifies subscribers when engine is unloaded" time="0.001005">
        </testcase>
        <testcase classname="tests/platform/ai/llm-engine.test.ts" name="LLMModelId type completeness &gt; allows all three valid model IDs" time="0.000967">
        </testcase>
    </testsuite>
    <testsuite name="tests/platform/ai/llm-hooks.test.ts" timestamp="2026-06-25T18:28:25.126Z" hostname="Desktop" tests="23" failures="0" errors="0" skipped="0" time="0.2136679">
        <testcase classname="tests/platform/ai/llm-hooks.test.ts" name="useLLMEngine &gt; initializes state from getLLMEngineState on mount" time="0.0375614">
        </testcase>
        <testcase classname="tests/platform/ai/llm-hooks.test.ts" name="useLLMEngine &gt; subscribes to state updates via subscribeLLMEngine on mount" time="0.0135934">
        </testcase>
        <testcase classname="tests/platform/ai/llm-hooks.test.ts" name="useLLMEngine &gt; updates state when the subscriber receives a new engine state" time="0.0064925">
        </testcase>
        <testcase classname="tests/platform/ai/llm-hooks.test.ts" name="useLLMEngine &gt; unsubscribes when the component unmounts" time="0.0035024">
        </testcase>
        <testcase classname="tests/platform/ai/llm-hooks.test.ts" name="useLLMEngine &gt; init calls initLLMEngine with the provided model" time="0.0079382">
        </testcase>
        <testcase classname="tests/platform/ai/llm-hooks.test.ts" name="useLLMEngine &gt; init calls initLLMEngine with undefined when no model is supplied" time="0.0033288">
        </testcase>
        <testcase classname="tests/platform/ai/llm-hooks.test.ts" name="useLLMEngine &gt; generate calls generateText with prompt and options" time="0.0092839">
        </testcase>
        <testcase classname="tests/platform/ai/llm-hooks.test.ts" name="useLLMEngine &gt; generate calls generateText with prompt only when opts is omitted" time="0.0037228">
        </testcase>
        <testcase classname="tests/platform/ai/llm-hooks.test.ts" name="useLLMEngine &gt; returns unloadLLMEngine as the unload function" time="0.0038697">
        </testcase>
        <testcase classname="tests/platform/ai/llm-hooks.test.ts" name="useLLMEngine &gt; exposes state, init, generate, and unload in the returned object" time="0.0050563">
        </testcase>
        <testcase classname="tests/platform/ai/llm-hooks.test.ts" name="useLLMGenerate &gt; starts with loading=false and error=null" time="0.0065273">
        </testcase>
        <testcase classname="tests/platform/ai/llm-hooks.test.ts" name="useLLMGenerate &gt; exposes a generate function" time="0.0039655">
        </testcase>
        <testcase classname="tests/platform/ai/llm-hooks.test.ts" name="useLLMGenerate &gt; returns the generated text on success" time="0.0063493">
        </testcase>
        <testcase classname="tests/platform/ai/llm-hooks.test.ts" name="useLLMGenerate &gt; passes opts to generateText when provided" time="0.0075141">
        </testcase>
        <testcase classname="tests/platform/ai/llm-hooks.test.ts" name="useLLMGenerate &gt; sets loading=true while the request is in flight, then false after completion" time="0.0292254">
        </testcase>
        <testcase classname="tests/platform/ai/llm-hooks.test.ts" name="useLLMGenerate &gt; clears error to null at the start of each generate call" time="0.0049558">
        </testcase>
        <testcase classname="tests/platform/ai/llm-hooks.test.ts" name="useLLMGenerate &gt; sets error to err.message and returns &apos;&apos; when generateText throws an Error" time="0.0184292">
        </testcase>
        <testcase classname="tests/platform/ai/llm-hooks.test.ts" name="useLLMGenerate &gt; sets error to String(err) and returns &apos;&apos; when generateText throws a non-Error value" time="0.002929">
        </testcase>
        <testcase classname="tests/platform/ai/llm-hooks.test.ts" name="useLLMGenerate &gt; sets loading=false in the finally block even when an error occurs" time="0.0039983">
        </testcase>
        <testcase classname="tests/platform/ai/llm-hooks.test.ts" name="useLLMGenerate &gt; handles a non-Error object thrown by generateText" time="0.002645">
        </testcase>
        <testcase classname="tests/platform/ai/llm-hooks.test.ts" name="useLLMGenerate &gt; handles an undefined thrown value from generateText" time="0.0045818">
        </testcase>
        <testcase classname="tests/platform/ai/llm-hooks.test.ts" name="useLLMGenerate &gt; returns an empty string when generateText resolves with an empty string" time="0.0029888">
        </testcase>
        <testcase classname="tests/platform/ai/llm-hooks.test.ts" name="useLLMGenerate &gt; can be called multiple times sequentially" time="0.0154868">
        </testcase>
    </testsuite>
    <testsuite name="tests/platform/ai/nlq.prop.test.ts" timestamp="2026-06-25T18:28:25.129Z" hostname="Desktop" tests="5" failures="0" errors="0" skipped="0" time="0.8614068">
        <testcase classname="tests/platform/ai/nlq.prop.test.ts" name="translateNLQ — output is read-only &amp; parseable (fuzzed NL questions) &gt; every output SQL is read-only (begins SELECT/WITH, no mutating keyword) (with seed=1924535842)" time="0.0708947">
        </testcase>
        <testcase classname="tests/platform/ai/nlq.prop.test.ts" name="translateNLQ — output is read-only &amp; parseable (fuzzed NL questions) &gt; every output SQL parses under a DuckDB-adjacent dialect (with seed=-692920228)" time="0.6626314">
        </testcase>
        <testcase classname="tests/platform/ai/nlq.prop.test.ts" name="translateNLQ — output is read-only &amp; parseable (fuzzed NL questions) &gt; is a TOTAL function: never throws for ANY question string and always returns a non-empty SQL string (with seed=-364972665)" time="0.0787356">
        </testcase>
        <testcase classname="tests/platform/ai/nlq.prop.test.ts" name="translateNLQ — output is read-only &amp; parseable (fuzzed NL questions) &gt; every output SQL carries a LIMIT clause (bounded result set) (with seed=400644427)" time="0.0129565">
        </testcase>
        <testcase classname="tests/platform/ai/nlq.prop.test.ts" name="translateNLQ — raw-SQL passthrough contract (documented real behavior) &gt; echoes a leading-write-keyword question back as raw SQL (does NOT sanitize it to read-only) (with seed=-1983013899)" time="0.0291867">
        </testcase>
    </testsuite>
    <testsuite name="tests/platform/ai/nlq.test.ts" timestamp="2026-06-25T18:28:25.130Z" hostname="Desktop" tests="50" failures="0" errors="0" skipped="0" time="0.0735128">
        <testcase classname="tests/platform/ai/nlq.test.ts" name="explainSQL &gt; prefixes the statement with EXPLAIN" time="0.0041563">
        </testcase>
        <testcase classname="tests/platform/ai/nlq.test.ts" name="translateNLQ raw SQL passthrough &gt; executes a SELECT statement verbatim and appends LIMIT 1000" time="0.0014101">
        </testcase>
        <testcase classname="tests/platform/ai/nlq.test.ts" name="translateNLQ raw SQL passthrough &gt; recognises WITH (CTE) statements as raw SQL" time="0.0009666">
        </testcase>
        <testcase classname="tests/platform/ai/nlq.test.ts" name="translateNLQ raw SQL passthrough &gt; does not double-append a LIMIT when one already exists" time="0.0003926">
        </testcase>
        <testcase classname="tests/platform/ai/nlq.test.ts" name="translateNLQ raw SQL passthrough &gt; is case-insensitive about the leading SQL keyword" time="0.0003785">
        </testcase>
        <testcase classname="tests/platform/ai/nlq.test.ts" name="translateNLQ count pattern &gt; builds a COUNT(*) query for &apos;how many rows&apos;" time="0.0009334">
        </testcase>
        <testcase classname="tests/platform/ai/nlq.test.ts" name="translateNLQ top-N pattern &gt; builds a grouped, ordered, limited query honoring N" time="0.0015189">
        </testcase>
        <testcase classname="tests/platform/ai/nlq.test.ts" name="translateNLQ top-N pattern &gt; returns the chosen dimension column in the projection" time="0.000717">
        </testcase>
        <testcase classname="tests/platform/ai/nlq.test.ts" name="translateNLQ average pattern &gt; produces a grouped AVG when a dimension exists" time="0.0013978">
        </testcase>
        <testcase classname="tests/platform/ai/nlq.test.ts" name="translateNLQ average pattern &gt; produces an ungrouped AVG when there is no dimension column" time="0.0010542">
        </testcase>
        <testcase classname="tests/platform/ai/nlq.test.ts" name="translateNLQ sum-by pattern &gt; aggregates a metric grouped by an explicit dimension" time="0.0009337">
        </testcase>
        <testcase classname="tests/platform/ai/nlq.test.ts" name="translateNLQ conditional breakdown pattern &gt; emits a FILTER expression with the parsed operator and value" time="0.0011607">
        </testcase>
        <testcase classname="tests/platform/ai/nlq.test.ts" name="translateNLQ conditional breakdown pattern &gt; supports compound operators like &gt;=" time="0.0006041">
        </testcase>
        <testcase classname="tests/platform/ai/nlq.test.ts" name="translateNLQ distribution pattern &gt; computes counts and percentages per dimension" time="0.0007454">
        </testcase>
        <testcase classname="tests/platform/ai/nlq.test.ts" name="translateNLQ trend pattern &gt; uses DATE_TRUNC on a date column when one is present" time="0.0009324">
        </testcase>
        <testcase classname="tests/platform/ai/nlq.test.ts" name="translateNLQ trend pattern &gt; falls back when there is no date column to trend on" time="0.00127">
        </testcase>
        <testcase classname="tests/platform/ai/nlq.test.ts" name="translateNLQ correlation pattern &gt; selects the two named numeric columns for a scatter plot" time="0.0010053">
        </testcase>
        <testcase classname="tests/platform/ai/nlq.test.ts" name="translateNLQ correlation pattern &gt; falls back to the first two numeric columns at medium confidence when names are unknown" time="0.0004958">
        </testcase>
        <testcase classname="tests/platform/ai/nlq.test.ts" name="translateNLQ correlation pattern &gt; returns the low-confidence fallback when fewer than two numeric columns exist" time="0.0009126">
        </testcase>
        <testcase classname="tests/platform/ai/nlq.test.ts" name="translateNLQ missing-values pattern &gt; counts nulls per column for every column in the schema" time="0.0008167">
        </testcase>
        <testcase classname="tests/platform/ai/nlq.test.ts" name="translateNLQ outliers pattern &gt; uses a stats CTE with a 2-stddev threshold" time="0.0009536">
        </testcase>
        <testcase classname="tests/platform/ai/nlq.test.ts" name="translateNLQ duplicate pattern &gt; groups by leading columns and keeps groups with more than one row" time="0.0010529">
        </testcase>
        <testcase classname="tests/platform/ai/nlq.test.ts" name="translateNLQ show-all pattern &gt; selects all rows with a 500 row cap" time="0.0010195">
        </testcase>
        <testcase classname="tests/platform/ai/nlq.test.ts" name="translateNLQ show-all pattern &gt; threads a WHERE clause when the user supplies one" time="0.0099167">
        </testcase>
        <testcase classname="tests/platform/ai/nlq.test.ts" name="translateNLQ describe pattern &gt; emits per-column min/max/avg aggregates for numeric columns" time="0.0046983">
        </testcase>
        <testcase classname="tests/platform/ai/nlq.test.ts" name="translateNLQ describe pattern &gt; falls back to a basic row summary when there are no numeric columns" time="0.0007824">
        </testcase>
        <testcase classname="tests/platform/ai/nlq.test.ts" name="translateNLQ filter pattern &gt; quotes string filter values" time="0.0007969">
        </testcase>
        <testcase classname="tests/platform/ai/nlq.test.ts" name="translateNLQ filter pattern &gt; leaves numeric filter values unquoted" time="0.0004828">
        </testcase>
        <testcase classname="tests/platform/ai/nlq.test.ts" name="translateNLQ filter pattern &gt; returns the low-confidence fallback when the filter column is unknown" time="0.0004483">
        </testcase>
        <testcase classname="tests/platform/ai/nlq.test.ts" name="translateNLQ min/max pattern &gt; builds a grouped MIN ordered ascending" time="0.0010303">
        </testcase>
        <testcase classname="tests/platform/ai/nlq.test.ts" name="translateNLQ min/max pattern &gt; builds a grouped MAX ordered descending" time="0.0006036">
        </testcase>
        <testcase classname="tests/platform/ai/nlq.test.ts" name="translateNLQ min/max pattern &gt; builds an ungrouped MIN when no dimension exists" time="0.000608">
        </testcase>
        <testcase classname="tests/platform/ai/nlq.test.ts" name="translateNLQ unparseable fallback &gt; returns a grouped low-confidence summary when a dimension is available" time="0.0009364">
        </testcase>
        <testcase classname="tests/platform/ai/nlq.test.ts" name="translateNLQ unparseable fallback &gt; returns a raw row dump when no dimension column exists at all" time="0.0007483">
        </testcase>
        <testcase classname="tests/platform/ai/nlq.test.ts" name="translateNLQ post-processing &gt; expands SELECT * into an explicit column list for non-table charts" time="0.0007964">
        </testcase>
        <testcase classname="tests/platform/ai/nlq.test.ts" name="suggestQuestions &gt; suggests metric-by-dimension questions when both column types exist" time="0.003064">
        </testcase>
        <testcase classname="tests/platform/ai/nlq.test.ts" name="suggestQuestions &gt; suggests a trend question when a date and numeric column are present" time="0.0015703">
        </testcase>
        <testcase classname="tests/platform/ai/nlq.test.ts" name="suggestQuestions &gt; suggests a correlation question when two numeric columns exist" time="0.0006412">
        </testcase>
        <testcase classname="tests/platform/ai/nlq.test.ts" name="suggestQuestions &gt; includes the leading generic data-quality suggestion within the 8-item cap" time="0.0004367">
        </testcase>
        <testcase classname="tests/platform/ai/nlq.test.ts" name="suggestQuestions &gt; surfaces all generic suggestions when the schema yields few schema-specific ones" time="0.0005267">
        </testcase>
        <testcase classname="tests/platform/ai/nlq.test.ts" name="suggestQuestions &gt; caps the list at 8 suggestions" time="0.0005126">
        </testcase>
        <testcase classname="tests/platform/ai/nlq.test.ts" name="suggestQuestions &gt; still returns generic suggestions for an empty schema" time="0.0006475">
        </testcase>
        <testcase classname="tests/platform/ai/nlq.test.ts" name="translateNLQWithLLM &gt; returns the pattern result directly when confidence is not low" time="0.0013083">
        </testcase>
        <testcase classname="tests/platform/ai/nlq.test.ts" name="translateNLQWithLLM &gt; returns the low-confidence pattern result without calling the LLM when it is not ready" time="0.0032846">
        </testcase>
        <testcase classname="tests/platform/ai/nlq.test.ts" name="translateNLQWithLLM &gt; upgrades a low-confidence result with the LLM when it is ready" time="0.0014298">
        </testcase>
        <testcase classname="tests/platform/ai/nlq.test.ts" name="translateNLQWithLLM &gt; recovers JSON embedded in surrounding prose from the LLM" time="0.0011218">
        </testcase>
        <testcase classname="tests/platform/ai/nlq.test.ts" name="translateNLQWithLLM &gt; falls back to the pattern result when the LLM returns no JSON" time="0.0005288">
        </testcase>
        <testcase classname="tests/platform/ai/nlq.test.ts" name="translateNLQWithLLM &gt; falls back to the pattern result when the LLM JSON lacks a sql field" time="0.0004784">
        </testcase>
        <testcase classname="tests/platform/ai/nlq.test.ts" name="translateNLQWithLLM &gt; falls back to the pattern result when generateText rejects" time="0.0006532">
        </testcase>
        <testcase classname="tests/platform/ai/nlq.test.ts" name="translateNLQWithLLM &gt; defaults confidence to medium when the LLM omits it" time="0.0005332">
        </testcase>
    </testsuite>
    <testsuite name="tests/platform/ai/provider-structured.test.ts" timestamp="2026-06-25T18:28:25.136Z" hostname="Desktop" tests="17" failures="0" errors="0" skipped="0" time="0.0814184">
        <testcase classname="tests/platform/ai/provider-structured.test.ts" name="extractJsonBlock &gt; returns a plain object verbatim" time="0.011875">
        </testcase>
        <testcase classname="tests/platform/ai/provider-structured.test.ts" name="extractJsonBlock &gt; recovers JSON wrapped in prose and a markdown fence" time="0.0009872">
        </testcase>
        <testcase classname="tests/platform/ai/provider-structured.test.ts" name="extractJsonBlock &gt; does not break on braces inside string literals" time="0.0008058">
        </testcase>
        <testcase classname="tests/platform/ai/provider-structured.test.ts" name="extractJsonBlock &gt; extracts an array of objects as the array, not the inner object" time="0.0005223">
        </testcase>
        <testcase classname="tests/platform/ai/provider-structured.test.ts" name="extractJsonBlock &gt; handles nested objects" time="0.0003314">
        </testcase>
        <testcase classname="tests/platform/ai/provider-structured.test.ts" name="extractJsonBlock &gt; returns null when there is no JSON" time="0.000268">
        </testcase>
        <testcase classname="tests/platform/ai/provider-structured.test.ts" name="extractJsonBlock &gt; keeps escaped quotes inside string values from breaking balance" time="0.0002069">
        </testcase>
        <testcase classname="tests/platform/ai/provider-structured.test.ts" name="extractJsonBlock &gt; returns null when an opening delimiter never balances (truncated output)" time="0.0002687">
        </testcase>
        <testcase classname="tests/platform/ai/provider-structured.test.ts" name="schemaToGrammarJson &gt; converts a representable zod object into an inline JSON schema" time="0.0183138">
        </testcase>
        <testcase classname="tests/platform/ai/provider-structured.test.ts" name="repairJson &gt; removes trailing commas" time="0.0017085">
        </testcase>
        <testcase classname="tests/platform/ai/provider-structured.test.ts" name="repairJson &gt; normalizes smart quotes inside fences" time="0.00181">
        </testcase>
        <testcase classname="tests/platform/ai/provider-structured.test.ts" name="parseStructured &gt; parses clean schema-valid JSON" time="0.0062803">
        </testcase>
        <testcase classname="tests/platform/ai/provider-structured.test.ts" name="parseStructured &gt; recovers JSON from messy model output" time="0.001599">
        </testcase>
        <testcase classname="tests/platform/ai/provider-structured.test.ts" name="parseStructured &gt; throws a descriptive error on schema violations" time="0.0063848">
        </testcase>
        <testcase classname="tests/platform/ai/provider-structured.test.ts" name="parseStructured &gt; throws when there is no parseable JSON" time="0.0011241">
        </testcase>
        <testcase classname="tests/platform/ai/provider-structured.test.ts" name="buildJsonInstruction &gt; always forbids prose/markdown" time="0.0061509">
        </testcase>
        <testcase classname="tests/platform/ai/provider-structured.test.ts" name="buildJsonInstruction &gt; includes a schema hint when provided" time="0.0015281">
        </testcase>
    </testsuite>
    <testsuite name="tests/platform/ai/report-ai.test.ts" timestamp="2026-06-25T18:28:25.138Z" hostname="Desktop" tests="51" failures="0" errors="0" skipped="0" time="0.0873761">
        <testcase classname="tests/platform/ai/report-ai.test.ts" name="generateReportSummary — rule-based fallback (LLM not ready) &gt; returns a narrative mentioning the total transaction count" time="0.0363516">
        </testcase>
        <testcase classname="tests/platform/ai/report-ai.test.ts" name="generateReportSummary — rule-based fallback (LLM not ready) &gt; includes the date label in the narrative when date is provided" time="0.0008139">
        </testcase>
        <testcase classname="tests/platform/ai/report-ai.test.ts" name="generateReportSummary — rule-based fallback (LLM not ready) &gt; omits the date label when date is not provided" time="0.000615">
        </testcase>
        <testcase classname="tests/platform/ai/report-ai.test.ts" name="generateReportSummary — rule-based fallback (LLM not ready) &gt; returns the top 3 channels from the supplied channel list" time="0.0024974">
        </testcase>
        <testcase classname="tests/platform/ai/report-ai.test.ts" name="generateReportSummary — rule-based fallback (LLM not ready) &gt; handles fewer than 3 channels gracefully" time="0.0006164">
        </testcase>
        <testcase classname="tests/platform/ai/report-ai.test.ts" name="generateReportSummary — rule-based fallback (LLM not ready) &gt; handles an empty channel list" time="0.0019335">
        </testcase>
        <testcase classname="tests/platform/ai/report-ai.test.ts" name="generateReportSummary — rule-based fallback (LLM not ready) &gt; flags a high failure rate when echec/total exceeds 10%" time="0.0008554">
        </testcase>
        <testcase classname="tests/platform/ai/report-ai.test.ts" name="generateReportSummary — rule-based fallback (LLM not ready) &gt; does not flag failure rate when echec/total is at or below 10%" time="0.0004069">
        </testcase>
        <testcase classname="tests/platform/ai/report-ai.test.ts" name="generateReportSummary — rule-based fallback (LLM not ready) &gt; flags in-progress transactions when instance/total exceeds 5%" time="0.0005992">
        </testcase>
        <testcase classname="tests/platform/ai/report-ai.test.ts" name="generateReportSummary — rule-based fallback (LLM not ready) &gt; does not flag in-progress when instance/total is at or below 5%" time="0.0003984">
        </testcase>
        <testcase classname="tests/platform/ai/report-ai.test.ts" name="generateReportSummary — rule-based fallback (LLM not ready) &gt; flags channel concentration when top channel exceeds 60% of transactions" time="0.0005816">
        </testcase>
        <testcase classname="tests/platform/ai/report-ai.test.ts" name="generateReportSummary — rule-based fallback (LLM not ready) &gt; does not flag channel concentration when top channel is at or below 60%" time="0.0003947">
        </testcase>
        <testcase classname="tests/platform/ai/report-ai.test.ts" name="generateReportSummary — rule-based fallback (LLM not ready) &gt; sets the escalation recommendation when failure rate exceeds 15%" time="0.0002677">
        </testcase>
        <testcase classname="tests/platform/ai/report-ai.test.ts" name="generateReportSummary — rule-based fallback (LLM not ready) &gt; sets the reconciliation recommendation when in-progress rate exceeds 5% (but failure ≤15%)" time="0.000244">
        </testcase>
        <testcase classname="tests/platform/ai/report-ai.test.ts" name="generateReportSummary — rule-based fallback (LLM not ready) &gt; uses the default review recommendation when rates are within normal bounds" time="0.0024097">
        </testcase>
        <testcase classname="tests/platform/ai/report-ai.test.ts" name="generateReportSummary — rule-based fallback (LLM not ready) &gt; handles zero total without division-by-zero errors" time="0.0016333">
        </testcase>
        <testcase classname="tests/platform/ai/report-ai.test.ts" name="generateReportSummary — rule-based fallback (LLM not ready) &gt; returns a ReportSummary shape with all required fields" time="0.0013043">
        </testcase>
        <testcase classname="tests/platform/ai/report-ai.test.ts" name="generateReportSummary — LLM path &gt; returns parsed LLM summary when the model is ready and replies with valid JSON" time="0.0068202">
        </testcase>
        <testcase classname="tests/platform/ai/report-ai.test.ts" name="generateReportSummary — LLM path &gt; extracts JSON embedded in prose from the LLM response" time="0.0011432">
        </testcase>
        <testcase classname="tests/platform/ai/report-ai.test.ts" name="generateReportSummary — LLM path &gt; caps topChannels at 3 when LLM returns more than 3" time="0.0008574">
        </testcase>
        <testcase classname="tests/platform/ai/report-ai.test.ts" name="generateReportSummary — LLM path &gt; caps flags at 3 when LLM returns more than 3" time="0.0007256">
        </testcase>
        <testcase classname="tests/platform/ai/report-ai.test.ts" name="generateReportSummary — LLM path &gt; falls back to rule-based topChannels when LLM returns non-array topChannels" time="0.0006609">
        </testcase>
        <testcase classname="tests/platform/ai/report-ai.test.ts" name="generateReportSummary — LLM path &gt; falls back to rule-based flags when LLM returns non-array flags" time="0.0007102">
        </testcase>
        <testcase classname="tests/platform/ai/report-ai.test.ts" name="generateReportSummary — LLM path &gt; uses fallback recommendation when LLM omits recommendation field" time="0.0008291">
        </testcase>
        <testcase classname="tests/platform/ai/report-ai.test.ts" name="generateReportSummary — LLM path &gt; falls back to rule-based summary when LLM response has no JSON object" time="0.0005861">
        </testcase>
        <testcase classname="tests/platform/ai/report-ai.test.ts" name="generateReportSummary — LLM path &gt; falls back to rule-based summary when JSON is missing narrative field" time="0.0006231">
        </testcase>
        <testcase classname="tests/platform/ai/report-ai.test.ts" name="generateReportSummary — LLM path &gt; falls back to rule-based summary when JSON is malformed" time="0.0005425">
        </testcase>
        <testcase classname="tests/platform/ai/report-ai.test.ts" name="generateReportSummary — LLM path &gt; falls back to rule-based summary when generateText rejects" time="0.0008219">
        </testcase>
        <testcase classname="tests/platform/ai/report-ai.test.ts" name="generateReportSummary — LLM path &gt; includes date in user prompt when date is provided" time="0.0005628">
        </testcase>
        <testcase classname="tests/platform/ai/report-ai.test.ts" name="generateReportSummary — LLM path &gt; uses &apos;today&apos; in user prompt when date is not provided" time="0.0005188">
        </testcase>
        <testcase classname="tests/platform/ai/report-ai.test.ts" name="generateReportSummary — LLM path &gt; passes maxTokens=500 and temperature=0.3 to generateText" time="0.0005566">
        </testcase>
        <testcase classname="tests/platform/ai/report-ai.test.ts" name="generateReportSummary — LLM path &gt; includes channel stats in the user prompt (up to 5 channels)" time="0.0006788">
        </testcase>
        <testcase classname="tests/platform/ai/report-ai.test.ts" name="generateReportSummary — LLM path &gt; uses &apos;0&apos; success rate in prompt when total is 0" time="0.0006466">
        </testcase>
        <testcase classname="tests/platform/ai/report-ai.test.ts" name="askReportQuestion — rule-based fallback (LLM not ready) &gt; returns fallback SQL selecting from the table when LLM is not ready" time="0.0007513">
        </testcase>
        <testcase classname="tests/platform/ai/report-ai.test.ts" name="askReportQuestion — rule-based fallback (LLM not ready) &gt; returns a fallback explanation when LLM is not ready" time="0.0004793">
        </testcase>
        <testcase classname="tests/platform/ai/report-ai.test.ts" name="askReportQuestion — rule-based fallback (LLM not ready) &gt; uses the supplied table name in the fallback SQL" time="0.0003994">
        </testcase>
        <testcase classname="tests/platform/ai/report-ai.test.ts" name="askReportQuestion — LLM path &gt; returns parsed SQL and explanation when LLM replies with valid JSON" time="0.0009137">
        </testcase>
        <testcase classname="tests/platform/ai/report-ai.test.ts" name="askReportQuestion — LLM path &gt; extracts JSON embedded in prose from the LLM response" time="0.0006843">
        </testcase>
        <testcase classname="tests/platform/ai/report-ai.test.ts" name="askReportQuestion — LLM path &gt; appends LIMIT 1000 when the LLM-generated SQL does not include LIMIT" time="0.0007729">
        </testcase>
        <testcase classname="tests/platform/ai/report-ai.test.ts" name="askReportQuestion — LLM path &gt; does not duplicate LIMIT when the LLM SQL already includes one" time="0.0006296">
        </testcase>
        <testcase classname="tests/platform/ai/report-ai.test.ts" name="askReportQuestion — LLM path &gt; strips a trailing semicolon from the SQL" time="0.0005955">
        </testcase>
        <testcase classname="tests/platform/ai/report-ai.test.ts" name="askReportQuestion — LLM path &gt; falls back to the default SELECT when LLM response has no JSON" time="0.0005722">
        </testcase>
        <testcase classname="tests/platform/ai/report-ai.test.ts" name="askReportQuestion — LLM path &gt; falls back to the default SELECT when JSON is missing the sql field" time="0.0005505">
        </testcase>
        <testcase classname="tests/platform/ai/report-ai.test.ts" name="askReportQuestion — LLM path &gt; falls back to the default SELECT when JSON is malformed" time="0.0004939">
        </testcase>
        <testcase classname="tests/platform/ai/report-ai.test.ts" name="askReportQuestion — LLM path &gt; falls back to the default SELECT when generateText rejects" time="0.0005319">
        </testcase>
        <testcase classname="tests/platform/ai/report-ai.test.ts" name="askReportQuestion — LLM path &gt; includes the table name and question in the user prompt" time="0.0007717">
        </testcase>
        <testcase classname="tests/platform/ai/report-ai.test.ts" name="askReportQuestion — LLM path &gt; passes maxTokens=400 and temperature=0.2 to generateText" time="0.0005406">
        </testcase>
        <testcase classname="tests/platform/ai/report-ai.test.ts" name="askReportQuestion — LLM path &gt; uses empty string for explanation when LLM omits the field" time="0.0005096">
        </testcase>
        <testcase classname="tests/platform/ai/report-ai.test.ts" name="exported types &gt; ReportSummary conforms to the expected shape" time="0.0006637">
        </testcase>
        <testcase classname="tests/platform/ai/report-ai.test.ts" name="exported types &gt; StatusSummary conforms to the expected shape" time="0.0003956">
        </testcase>
        <testcase classname="tests/platform/ai/report-ai.test.ts" name="exported types &gt; ChannelStat conforms to the expected shape" time="0.0004382">
        </testcase>
    </testsuite>
    <testsuite name="tests/platform/ai/transformers-env.test.ts" timestamp="2026-06-25T18:28:25.144Z" hostname="Desktop" tests="20" failures="0" errors="0" skipped="0" time="0.0859662">
        <testcase classname="tests/platform/ai/transformers-env.test.ts" name="exported constants &gt; LOCAL_ORT_WASM_PATH points to the local onnxruntime-web wasm directory" time="0.0065071">
        </testcase>
        <testcase classname="tests/platform/ai/transformers-env.test.ts" name="exported constants &gt; LOCAL_MODEL_PATH points to the local transformers model directory" time="0.0008914">
        </testcase>
        <testcase classname="tests/platform/ai/transformers-env.test.ts" name="isModelDownloadAllowed &gt; returns true when localStorage has no stored value (default allow)" time="0.0022557">
        </testcase>
        <testcase classname="tests/platform/ai/transformers-env.test.ts" name="isModelDownloadAllowed &gt; returns true when the stored value is &apos;true&apos;" time="0.0026741">
        </testcase>
        <testcase classname="tests/platform/ai/transformers-env.test.ts" name="isModelDownloadAllowed &gt; returns false when the stored value is exactly &apos;false&apos;" time="0.0020129">
        </testcase>
        <testcase classname="tests/platform/ai/transformers-env.test.ts" name="isModelDownloadAllowed &gt; returns true when localStorage is undefined (server/worker context)" time="0.0037228">
        </testcase>
        <testcase classname="tests/platform/ai/transformers-env.test.ts" name="setModelDownloadAllowed &gt; persists &apos;true&apos; to localStorage and sets env.allowRemoteModels = true" time="0.0007991">
        </testcase>
        <testcase classname="tests/platform/ai/transformers-env.test.ts" name="setModelDownloadAllowed &gt; persists &apos;false&apos; to localStorage and sets env.allowRemoteModels = false" time="0.0038832">
        </testcase>
        <testcase classname="tests/platform/ai/transformers-env.test.ts" name="setModelDownloadAllowed &gt; sets env.allowRemoteModels even when localStorage is undefined" time="0.0006007">
        </testcase>
        <testcase classname="tests/platform/ai/transformers-env.test.ts" name="setModelDownloadAllowed &gt; covers the true branch of the ternary — flips back to true after false" time="0.0047952">
        </testcase>
        <testcase classname="tests/platform/ai/transformers-env.test.ts" name="configureTransformersEnv &gt; sets allowLocalModels, localModelPath, and useBrowserCache on env" time="0.0222371">
        </testcase>
        <testcase classname="tests/platform/ai/transformers-env.test.ts" name="configureTransformersEnv &gt; sets wasmPaths on the wasm backend when it is present" time="0.0028768">
        </testcase>
        <testcase classname="tests/platform/ai/transformers-env.test.ts" name="configureTransformersEnv &gt; does not throw and skips wasmPaths when env.backends.onnx.wasm is falsy" time="0.0147545">
        </testcase>
        <testcase classname="tests/platform/ai/transformers-env.test.ts" name="configureTransformersEnv &gt; does not throw when env.backends.onnx is undefined" time="0.0008844">
        </testcase>
        <testcase classname="tests/platform/ai/transformers-env.test.ts" name="configureTransformersEnv &gt; does not throw when env.backends itself is undefined" time="0.0005739">
        </testcase>
        <testcase classname="tests/platform/ai/transformers-env.test.ts" name="configureTransformersEnv &gt; uses options.allowRemoteModels = true, overriding localStorage false" time="0.0003473">
        </testcase>
        <testcase classname="tests/platform/ai/transformers-env.test.ts" name="configureTransformersEnv &gt; uses options.allowRemoteModels = false, overriding localStorage true" time="0.0009274">
        </testcase>
        <testcase classname="tests/platform/ai/transformers-env.test.ts" name="configureTransformersEnv &gt; falls back to isModelDownloadAllowed() when allowRemoteModels is omitted (false path)" time="0.0005174">
        </testcase>
        <testcase classname="tests/platform/ai/transformers-env.test.ts" name="configureTransformersEnv &gt; falls back to isModelDownloadAllowed() when options object is omitted entirely (true path)" time="0.0003478">
        </testcase>
        <testcase classname="tests/platform/ai/transformers-env.test.ts" name="configureTransformersEnv &gt; is idempotent — calling it twice leaves env in the same final state" time="0.0004703">
        </testcase>
    </testsuite>
    <testsuite name="tests/platform/browser/forecast.test.ts" timestamp="2026-06-25T18:28:25.146Z" hostname="Desktop" tests="17" failures="0" errors="0" skipped="0" time="0.0274389">
        <testcase classname="tests/platform/browser/forecast.test.ts" name="forecastNextHours — early return when data is insufficient &gt; returns an empty array when hourly is empty" time="0.0052573">
        </testcase>
        <testcase classname="tests/platform/browser/forecast.test.ts" name="forecastNextHours — early return when data is insufficient &gt; returns an empty array when hourly has fewer than 6 rows (length 1)" time="0.0007612">
        </testcase>
        <testcase classname="tests/platform/browser/forecast.test.ts" name="forecastNextHours — early return when data is insufficient &gt; returns an empty array for exactly 5 rows (boundary — one below threshold)" time="0.00047">
        </testcase>
        <testcase classname="tests/platform/browser/forecast.test.ts" name="forecastNextHours — early return when data is insufficient &gt; returns a non-empty array for exactly 6 rows (boundary — meets threshold)" time="0.0009061">
        </testcase>
        <testcase classname="tests/platform/browser/forecast.test.ts" name="forecastNextHours — normal forecast path &gt; returns exactly horizon points for a standard dataset (default horizon=4)" time="0.0022036">
        </testcase>
        <testcase classname="tests/platform/browser/forecast.test.ts" name="forecastNextHours — normal forecast path &gt; respects a custom horizon value" time="0.0006332">
        </testcase>
        <testcase classname="tests/platform/browser/forecast.test.ts" name="forecastNextHours — normal forecast path &gt; sets isForecast to true on every point" time="0.0008886">
        </testcase>
        <testcase classname="tests/platform/browser/forecast.test.ts" name="forecastNextHours — normal forecast path &gt; wraps hour values correctly using modulo 24" time="0.0004738">
        </testcase>
        <testcase classname="tests/platform/browser/forecast.test.ts" name="forecastNextHours — normal forecast path &gt; limits the input to the last 24 rows when more are provided" time="0.0005142">
        </testcase>
        <testcase classname="tests/platform/browser/forecast.test.ts" name="forecastNextHours — normal forecast path &gt; clamps predictedTotal to be &gt;= 0" time="0.0007791">
        </testcase>
        <testcase classname="tests/platform/browser/forecast.test.ts" name="forecastNextHours — normal forecast path &gt; clamps predictedSuccessRate to [0, 1]" time="0.0009631">
        </testcase>
        <testcase classname="tests/platform/browser/forecast.test.ts" name="forecastNextHours — normal forecast path &gt; produces integer predictedTotal values (Math.round applied)" time="0.0006627">
        </testcase>
        <testcase classname="tests/platform/browser/forecast.test.ts" name="forecastNextHours — zero-total rows (rate ternary branch) &gt; uses 0 as the success rate when total is 0" time="0.0006813">
        </testcase>
        <testcase classname="tests/platform/browser/forecast.test.ts" name="forecastNextHours — zero-total rows (rate ternary branch) &gt; handles a mixed dataset where some rows have zero total" time="0.0013382">
        </testcase>
        <testcase classname="tests/platform/browser/forecast.test.ts" name="forecastNextHours — single-value holtWinters (n=1, trend branch) &gt; still returns forecast points when only 6 rows exist (n=6 for holtWinters)" time="0.0006773">
        </testcase>
        <testcase classname="tests/platform/browser/forecast.test.ts" name="forecastNextHours — holtWinters with single-element series trend=0 branch &gt; returns forecast when given exactly 6 rows with identical values (flattens trend)" time="0.0008126">
        </testcase>
        <testcase classname="tests/platform/browser/forecast.test.ts" name="forecastNextHours — output shape conformance &gt; each point has hour, predictedTotal, predictedSuccessRate, isForecast properties" time="0.0018111">
        </testcase>
    </testsuite>
    <testsuite name="tests/platform/electron/electron-fs.test.ts" timestamp="2026-06-25T18:28:25.149Z" hostname="Desktop" tests="69" failures="0" errors="0" skipped="0" time="0.6702062">
        <testcase classname="tests/platform/electron/electron-fs.test.ts" name="isElectron() &gt; returns false when no bridges are present" time="0.0196165">
        </testcase>
        <testcase classname="tests/platform/electron/electron-fs.test.ts" name="isElectron() &gt; returns false when only electronFS is present" time="0.0089933">
        </testcase>
        <testcase classname="tests/platform/electron/electron-fs.test.ts" name="isElectron() &gt; returns false when only electronDuckDB is present" time="0.001774">
        </testcase>
        <testcase classname="tests/platform/electron/electron-fs.test.ts" name="isElectron() &gt; returns true when both electronFS and electronDuckDB are present" time="0.0033465">
        </testcase>
        <testcase classname="tests/platform/electron/electron-fs.test.ts" name="hasElectronFS() &gt; returns false when electronFS is absent" time="0.001078">
        </testcase>
        <testcase classname="tests/platform/electron/electron-fs.test.ts" name="hasElectronFS() &gt; returns true when electronFS is present" time="0.0042732">
        </testcase>
        <testcase classname="tests/platform/electron/electron-fs.test.ts" name="hasElectronDuckDB() &gt; returns false when electronDuckDB is absent" time="0.0005233">
        </testcase>
        <testcase classname="tests/platform/electron/electron-fs.test.ts" name="hasElectronDuckDB() &gt; returns true when electronDuckDB is present" time="0.0005834">
        </testcase>
        <testcase classname="tests/platform/electron/electron-fs.test.ts" name="hasElectronVoice() &gt; returns false when electronVoice is absent" time="0.001085">
        </testcase>
        <testcase classname="tests/platform/electron/electron-fs.test.ts" name="hasElectronVoice() &gt; returns true when electronVoice is present" time="0.0009784">
        </testcase>
        <testcase classname="tests/platform/electron/electron-fs.test.ts" name="duckdbBridge() exported accessor &gt; throws when electronDuckDB is absent" time="0.0068317">
        </testcase>
        <testcase classname="tests/platform/electron/electron-fs.test.ts" name="duckdbBridge() exported accessor &gt; returns the bridge when electronDuckDB is present" time="0.004935">
        </testcase>
        <testcase classname="tests/platform/electron/electron-fs.test.ts" name="voiceBridge() exported accessor &gt; throws when electronVoice is absent" time="0.0013668">
        </testcase>
        <testcase classname="tests/platform/electron/electron-fs.test.ts" name="voiceBridge() exported accessor &gt; returns the bridge when electronVoice is present" time="0.0021623">
        </testcase>
        <testcase classname="tests/platform/electron/electron-fs.test.ts" name="Filesystem API — happy paths &gt; getDataDir() delegates to fsBridge().getDataDir()" time="0.0077567">
        </testcase>
        <testcase classname="tests/platform/electron/electron-fs.test.ts" name="Filesystem API — happy paths &gt; readLocalFile() delegates to fsBridge().readFile()" time="0.0174605">
        </testcase>
        <testcase classname="tests/platform/electron/electron-fs.test.ts" name="Filesystem API — happy paths &gt; writeLocalFile() delegates to fsBridge().writeFile()" time="0.0013629">
        </testcase>
        <testcase classname="tests/platform/electron/electron-fs.test.ts" name="Filesystem API — happy paths &gt; deleteLocalFile() delegates to fsBridge().deleteFile() and returns boolean" time="0.0190263">
        </testcase>
        <testcase classname="tests/platform/electron/electron-fs.test.ts" name="Filesystem API — happy paths &gt; listLocalFiles() delegates to fsBridge().listFiles()" time="0.0018305">
        </testcase>
        <testcase classname="tests/platform/electron/electron-fs.test.ts" name="Filesystem API — happy paths &gt; listLocalFiles() passes dir argument when provided" time="0.0266866">
        </testcase>
        <testcase classname="tests/platform/electron/electron-fs.test.ts" name="Filesystem API — happy paths &gt; listLocalFilesRecursive() delegates to fsBridge().listFilesRecursive()" time="0.0179126">
        </testcase>
        <testcase classname="tests/platform/electron/electron-fs.test.ts" name="Filesystem API — happy paths &gt; localFileExists() delegates to fsBridge().fileExists()" time="0.0174424">
        </testcase>
        <testcase classname="tests/platform/electron/electron-fs.test.ts" name="Filesystem API — error paths (missing bridge) &gt; getDataDir() throws when electronFS is absent" time="0.0009968">
        </testcase>
        <testcase classname="tests/platform/electron/electron-fs.test.ts" name="Filesystem API — error paths (missing bridge) &gt; readLocalFile() throws when electronFS is absent" time="0.0007629">
        </testcase>
        <testcase classname="tests/platform/electron/electron-fs.test.ts" name="Filesystem API — error paths (missing bridge) &gt; writeLocalFile() throws when electronFS is absent" time="0.0079628">
        </testcase>
        <testcase classname="tests/platform/electron/electron-fs.test.ts" name="Filesystem API — error paths (missing bridge) &gt; deleteLocalFile() throws when electronFS is absent" time="0.0008511">
        </testcase>
        <testcase classname="tests/platform/electron/electron-fs.test.ts" name="openFileDialog() &gt; returns filePaths array when dialog is not canceled" time="0.0144926">
        </testcase>
        <testcase classname="tests/platform/electron/electron-fs.test.ts" name="openFileDialog() &gt; returns empty array when dialog is canceled" time="0.0028469">
        </testcase>
        <testcase classname="tests/platform/electron/electron-fs.test.ts" name="openFileDialog() &gt; passes options through to the bridge" time="0.0036469">
        </testcase>
        <testcase classname="tests/platform/electron/electron-fs.test.ts" name="saveFileDialog() &gt; returns filePath when dialog is not canceled and filePath is present" time="0.0014223">
        </testcase>
        <testcase classname="tests/platform/electron/electron-fs.test.ts" name="saveFileDialog() &gt; returns null when dialog is canceled" time="0.010654">
        </testcase>
        <testcase classname="tests/platform/electron/electron-fs.test.ts" name="saveFileDialog() &gt; returns null when filePath is missing even if not canceled" time="0.0063826">
        </testcase>
        <testcase classname="tests/platform/electron/electron-fs.test.ts" name="saveFileDialog() &gt; passes options (defaultPath, filters) through to the bridge" time="0.0053596">
        </testcase>
        <testcase classname="tests/platform/electron/electron-fs.test.ts" name="localDataPath() &gt; concatenates the data directory and the filename with a slash" time="0.005293">
        </testcase>
        <testcase classname="tests/platform/electron/electron-fs.test.ts" name="localDataPath() &gt; works with nested filenames containing slashes" time="0.0015165">
        </testcase>
        <testcase classname="tests/platform/electron/electron-fs.test.ts" name="getDroppedFilePaths() &gt; returns empty array when electronFS is absent (web context)" time="0.0044236">
        </testcase>
        <testcase classname="tests/platform/electron/electron-fs.test.ts" name="getDroppedFilePaths() &gt; resolves file paths via bridge.getPathForFile when present" time="0.0116995">
        </testcase>
        <testcase classname="tests/platform/electron/electron-fs.test.ts" name="getDroppedFilePaths() &gt; skips files that throw during getPathForFile" time="0.0143675">
        </testcase>
        <testcase classname="tests/platform/electron/electron-fs.test.ts" name="getDroppedFilePaths() &gt; skips files that resolve to a falsy path" time="0.0068374">
        </testcase>
        <testcase classname="tests/platform/electron/electron-fs.test.ts" name="getDroppedFilePaths() &gt; returns all resolved paths when multiple valid files are dropped" time="0.0204055">
        </testcase>
        <testcase classname="tests/platform/electron/electron-fs.test.ts" name="getDroppedFilePaths() &gt; returns empty array for empty file list" time="0.0184262">
        </testcase>
        <testcase classname="tests/platform/electron/electron-fs.test.ts" name="DuckDB Dataset API — happy paths &gt; initDuckDB() calls bridge.init() and resolves" time="0.0033916">
        </testcase>
        <testcase classname="tests/platform/electron/electron-fs.test.ts" name="DuckDB Dataset API — happy paths &gt; registerCSVPathDataset() delegates to bridge with all input fields" time="0.0020778">
        </testcase>
        <testcase classname="tests/platform/electron/electron-fs.test.ts" name="DuckDB Dataset API — happy paths &gt; registerParquetPathDataset() delegates to bridge with input fields" time="0.004462">
        </testcase>
        <testcase classname="tests/platform/electron/electron-fs.test.ts" name="DuckDB Dataset API — happy paths &gt; listDatasets() returns array of datasets from bridge" time="0.0028742">
        </testcase>
        <testcase classname="tests/platform/electron/electron-fs.test.ts" name="DuckDB Dataset API — happy paths &gt; previewDataset() delegates with datasetId, limit and offset" time="0.0067483">
        </testcase>
        <testcase classname="tests/platform/electron/electron-fs.test.ts" name="DuckDB Dataset API — happy paths &gt; summarizeDataset() delegates with datasetId" time="0.0030517">
        </testcase>
        <testcase classname="tests/platform/electron/electron-fs.test.ts" name="DuckDB Dataset API — happy paths &gt; exportDataset() delegates with datasetId and targetPath" time="0.0136982">
        </testcase>
        <testcase classname="tests/platform/electron/electron-fs.test.ts" name="DuckDB Dataset API — happy paths &gt; deleteDataset() delegates with datasetId" time="0.0032655">
        </testcase>
        <testcase classname="tests/platform/electron/electron-fs.test.ts" name="DuckDB Dataset API — happy paths &gt; getDuckDBStatus() returns the bridge status object" time="0.008224">
        </testcase>
        <testcase classname="tests/platform/electron/electron-fs.test.ts" name="DuckDB Dataset API — happy paths &gt; getDuckDBQueryMetrics() returns query metrics array" time="0.0370208">
        </testcase>
        <testcase classname="tests/platform/electron/electron-fs.test.ts" name="DuckDB Dataset API — happy paths &gt; clearDuckDBQueryMetrics() delegates to bridge.clearQueryMetrics()" time="0.0108435">
        </testcase>
        <testcase classname="tests/platform/electron/electron-fs.test.ts" name="DuckDB Dataset API — error paths (missing bridge) &gt; initDuckDB() rejects when electronDuckDB is absent" time="0.0092764">
        </testcase>
        <testcase classname="tests/platform/electron/electron-fs.test.ts" name="DuckDB Dataset API — error paths (missing bridge) &gt; listDatasets() throws when electronDuckDB is absent" time="0.0042214">
        </testcase>
        <testcase classname="tests/platform/electron/electron-fs.test.ts" name="DuckDB Dataset API — error paths (missing bridge) &gt; getDuckDBStatus() throws when electronDuckDB is absent" time="0.0107299">
        </testcase>
        <testcase classname="tests/platform/electron/electron-fs.test.ts" name="DuckDB Dataset API — error paths (missing bridge) &gt; getDuckDBQueryMetrics() throws when electronDuckDB is absent" time="0.0189642">
        </testcase>
        <testcase classname="tests/platform/electron/electron-fs.test.ts" name="getMicrophoneAccessStatus() &gt; returns the microphone status from the voice bridge" time="0.0104858">
        </testcase>
        <testcase classname="tests/platform/electron/electron-fs.test.ts" name="getMicrophoneAccessStatus() &gt; returns &apos;denied&apos; status correctly" time="0.0090194">
        </testcase>
        <testcase classname="tests/platform/electron/electron-fs.test.ts" name="getMicrophoneAccessStatus() &gt; returns &apos;not-determined&apos; status correctly" time="0.0014424">
        </testcase>
        <testcase classname="tests/platform/electron/electron-fs.test.ts" name="getMicrophoneAccessStatus() &gt; throws when electronVoice is absent" time="0.0013406">
        </testcase>
        <testcase classname="tests/platform/electron/electron-fs.test.ts" name="sherpaTranscribe() &gt; returns the text field from the transcription result" time="0.0246603">
        </testcase>
        <testcase classname="tests/platform/electron/electron-fs.test.ts" name="sherpaTranscribe() &gt; passes Float32Array audio correctly" time="0.0905187">
        </testcase>
        <testcase classname="tests/platform/electron/electron-fs.test.ts" name="sherpaTranscribe() &gt; passes number[] audio correctly" time="0.007102">
        </testcase>
        <testcase classname="tests/platform/electron/electron-fs.test.ts" name="sherpaTranscribe() &gt; uses empty opts by default (no extra fields sent)" time="0.0019996">
        </testcase>
        <testcase classname="tests/platform/electron/electron-fs.test.ts" name="sherpaTranscribe() &gt; rejects when electronVoice is absent" time="0.008045">
        </testcase>
        <testcase classname="tests/platform/electron/electron-fs.test.ts" name="sherpaSpeak() &gt; returns wav and sampleRate from the speak result" time="0.0104885">
        </testcase>
        <testcase classname="tests/platform/electron/electron-fs.test.ts" name="sherpaSpeak() &gt; uses empty opts by default (no extra fields sent)" time="0.0090183">
        </testcase>
        <testcase classname="tests/platform/electron/electron-fs.test.ts" name="sherpaSpeak() &gt; passes optional voice and speed through to the bridge" time="0.0121194">
        </testcase>
        <testcase classname="tests/platform/electron/electron-fs.test.ts" name="sherpaSpeak() &gt; rejects when electronVoice is absent" time="0.0077939">
        </testcase>
    </testsuite>
    <testsuite name="tests/platform/duckdb/pushdown.test.ts" timestamp="2026-06-25T18:28:25.157Z" hostname="Desktop" tests="96" failures="0" errors="0" skipped="0" time="0.1783979">
        <testcase classname="tests/platform/duckdb/pushdown.test.ts" name="quoteIdent &gt; wraps a plain identifier in double quotes" time="0.0097027">
        </testcase>
        <testcase classname="tests/platform/duckdb/pushdown.test.ts" name="quoteIdent &gt; doubles embedded double-quotes to escape them" time="0.0012307">
        </testcase>
        <testcase classname="tests/platform/duckdb/pushdown.test.ts" name="quoteIdent &gt; doubles every embedded double-quote, not just the first" time="0.0011337">
        </testcase>
        <testcase classname="tests/platform/duckdb/pushdown.test.ts" name="quoteIdent &gt; quotes an empty identifier as a bare quoted-empty token" time="0.0007689">
        </testcase>
        <testcase classname="tests/platform/duckdb/pushdown.test.ts" name="quoteIdent &gt; preserves single-quotes verbatim (only double-quotes are special here)" time="0.000476">
        </testcase>
        <testcase classname="tests/platform/duckdb/pushdown.test.ts" name="quoteIdent &gt; preserves spaces and SQL-keyword-like names" time="0.0014122">
        </testcase>
        <testcase classname="tests/platform/duckdb/pushdown.test.ts" name="quoteLiteral &gt; wraps a plain string in single quotes" time="0.0088933">
        </testcase>
        <testcase classname="tests/platform/duckdb/pushdown.test.ts" name="quoteLiteral &gt; doubles embedded single-quotes to escape them" time="0.0015978">
        </testcase>
        <testcase classname="tests/platform/duckdb/pushdown.test.ts" name="quoteLiteral &gt; doubles every embedded single-quote" time="0.0019393">
        </testcase>
        <testcase classname="tests/platform/duckdb/pushdown.test.ts" name="quoteLiteral &gt; quotes the empty string" time="0.000542">
        </testcase>
        <testcase classname="tests/platform/duckdb/pushdown.test.ts" name="quoteLiteral &gt; preserves double-quotes verbatim (only single-quotes are special here)" time="0.0005371">
        </testcase>
        <testcase classname="tests/platform/duckdb/pushdown.test.ts" name="buildSummarizeSQL &gt; wraps a string source as a quoted identifier and selects the profile columns" time="0.0102069">
        </testcase>
        <testcase classname="tests/platform/duckdb/pushdown.test.ts" name="buildSummarizeSQL &gt; projects exactly the documented profile columns in order" time="0.0005284">
        </testcase>
        <testcase classname="tests/platform/duckdb/pushdown.test.ts" name="buildSummarizeSQL &gt; accepts an SqlSource object and quotes its view" time="0.00372">
        </testcase>
        <testcase classname="tests/platform/duckdb/pushdown.test.ts" name="buildSummarizeSQL &gt; injects a WHERE filter into the summarized input relation when provided" time="0.0006794">
        </testcase>
        <testcase classname="tests/platform/duckdb/pushdown.test.ts" name="buildSummarizeSQL &gt; omits WHERE when the filter is whitespace-only (treated as absent)" time="0.00075">
        </testcase>
        <testcase classname="tests/platform/duckdb/pushdown.test.ts" name="buildSummarizeSQL &gt; omits WHERE when no filter is passed" time="0.0071847">
        </testcase>
        <testcase classname="tests/platform/duckdb/pushdown.test.ts" name="buildSummarizeSQL &gt; quotes a view name containing a double-quote" time="0.0009784">
        </testcase>
        <testcase classname="tests/platform/duckdb/pushdown.test.ts" name="buildApproxTopKSQL &gt; uses the default k of 10 when omitted" time="0.0005397">
        </testcase>
        <testcase classname="tests/platform/duckdb/pushdown.test.ts" name="buildApproxTopKSQL &gt; quotes the column identifier" time="0.0003595">
        </testcase>
        <testcase classname="tests/platform/duckdb/pushdown.test.ts" name="buildApproxTopKSQL &gt; passes a positive integer k through unchanged" time="0.0002836">
        </testcase>
        <testcase classname="tests/platform/duckdb/pushdown.test.ts" name="buildApproxTopKSQL &gt; truncates a fractional k toward zero" time="0.0003942">
        </testcase>
        <testcase classname="tests/platform/duckdb/pushdown.test.ts" name="buildApproxTopKSQL &gt; clamps k of zero up to the minimum of 1" time="0.0030086">
        </testcase>
        <testcase classname="tests/platform/duckdb/pushdown.test.ts" name="buildApproxTopKSQL &gt; clamps a negative k up to 1" time="0.0014634">
        </testcase>
        <testcase classname="tests/platform/duckdb/pushdown.test.ts" name="buildApproxTopKSQL &gt; clamps a fractional value below 1 up to 1" time="0.0023192">
        </testcase>
        <testcase classname="tests/platform/duckdb/pushdown.test.ts" name="buildApproxCountDistinctSQL &gt; builds an approx_count_distinct projection over the quoted column" time="0.0018358">
        </testcase>
        <testcase classname="tests/platform/duckdb/pushdown.test.ts" name="buildApproxCountDistinctSQL &gt; quotes both column and source view" time="0.0008785">
        </testcase>
        <testcase classname="tests/platform/duckdb/pushdown.test.ts" name="buildHistogramTableSQL &gt; emits the table-macro form with default bins and auto technique" time="0.000574">
        </testcase>
        <testcase classname="tests/platform/duckdb/pushdown.test.ts" name="buildHistogramTableSQL &gt; quotes the technique as a string literal" time="0.0030427">
        </testcase>
        <testcase classname="tests/platform/duckdb/pushdown.test.ts" name="buildHistogramTableSQL &gt; truncates a fractional bin count" time="0.0014634">
        </testcase>
        <testcase classname="tests/platform/duckdb/pushdown.test.ts" name="buildHistogramTableSQL &gt; clamps a zero bin count up to 1" time="0.0004928">
        </testcase>
        <testcase classname="tests/platform/duckdb/pushdown.test.ts" name="buildHistogramTableSQL &gt; clamps a negative bin count up to 1" time="0.0011184">
        </testcase>
        <testcase classname="tests/platform/duckdb/pushdown.test.ts" name="buildHistogramTableSQL &gt; reads the view from an SqlSource object" time="0.0004663">
        </testcase>
        <testcase classname="tests/platform/duckdb/pushdown.test.ts" name="buildHistogramTableSQL &gt; escapes a single-quote inside a technique value via literal quoting" time="0.0002956">
        </testcase>
        <testcase classname="tests/platform/duckdb/pushdown.test.ts" name="buildHistogramAggregateSQL &gt; builds the bare aggregate form with no boundaries" time="0.0004155">
        </testcase>
        <testcase classname="tests/platform/duckdb/pushdown.test.ts" name="buildHistogramAggregateSQL &gt; embeds an explicit boundaries list when provided" time="0.0008782">
        </testcase>
        <testcase classname="tests/platform/duckdb/pushdown.test.ts" name="buildHistogramAggregateSQL &gt; treats an empty boundaries array as no boundaries" time="0.0003732">
        </testcase>
        <testcase classname="tests/platform/duckdb/pushdown.test.ts" name="buildHistogramAggregateSQL &gt; stringifies negative and fractional boundaries" time="0.0003188">
        </testcase>
        <testcase classname="tests/platform/duckdb/pushdown.test.ts" name="buildApproxQuantileSQL &gt; defaults to the median (0.5) when q is omitted" time="0.0004961">
        </testcase>
        <testcase classname="tests/platform/duckdb/pushdown.test.ts" name="buildApproxQuantileSQL &gt; passes a single scalar fraction through as a bare number" time="0.0003356">
        </testcase>
        <testcase classname="tests/platform/duckdb/pushdown.test.ts" name="buildApproxQuantileSQL &gt; renders a list of quantiles as a SQL array literal" time="0.0006405">
        </testcase>
        <testcase classname="tests/platform/duckdb/pushdown.test.ts" name="buildApproxQuantileSQL &gt; handles an empty quantile array as an empty array literal" time="0.0006863">
        </testcase>
        <testcase classname="tests/platform/duckdb/pushdown.test.ts" name="buildQuantileContSQL &gt; defaults to the exact median" time="0.0006659">
        </testcase>
        <testcase classname="tests/platform/duckdb/pushdown.test.ts" name="buildQuantileContSQL &gt; renders an array of fractions" time="0.0004185">
        </testcase>
        <testcase classname="tests/platform/duckdb/pushdown.test.ts" name="buildQuantileContSQL &gt; uses quantile_cont (exact), not approx_quantile" time="0.0003177">
        </testcase>
        <testcase classname="tests/platform/duckdb/pushdown.test.ts" name="buildShapeSQL &gt; selects skewness and kurtosis over the same quoted column" time="0.0046723">
        </testcase>
        <testcase classname="tests/platform/duckdb/pushdown.test.ts" name="buildShapeSQL &gt; quotes a column with special characters once per usage" time="0.0047003">
        </testcase>
        <testcase classname="tests/platform/duckdb/pushdown.test.ts" name="buildCorrelationCrosstabSQL &gt; emits a no-op SELECT and empty pairs for zero columns" time="0.0066087">
        </testcase>
        <testcase classname="tests/platform/duckdb/pushdown.test.ts" name="buildCorrelationCrosstabSQL &gt; emits a no-op SELECT and empty pairs for a single column (no pairs possible)" time="0.0005911">
        </testcase>
        <testcase classname="tests/platform/duckdb/pushdown.test.ts" name="buildCorrelationCrosstabSQL &gt; builds one corr() expression for a single pair" time="0.001265">
        </testcase>
        <testcase classname="tests/platform/duckdb/pushdown.test.ts" name="buildCorrelationCrosstabSQL &gt; builds the full upper triangle for three columns (3 pairs, i&lt;j only)" time="0.0007114">
        </testcase>
        <testcase classname="tests/platform/duckdb/pushdown.test.ts" name="buildCorrelationCrosstabSQL &gt; uses index-based aliases so duplicate column names stay distinct" time="0.0007192">
        </testcase>
        <testcase classname="tests/platform/duckdb/pushdown.test.ts" name="buildCorrelationCrosstabSQL &gt; quotes column identifiers inside corr() arguments" time="0.0010917">
        </testcase>
        <testcase classname="tests/platform/duckdb/pushdown.test.ts" name="buildReservoirSampleSQL &gt; selects all columns with reservoir sampling at the requested size" time="0.0018072">
        </testcase>
        <testcase classname="tests/platform/duckdb/pushdown.test.ts" name="buildReservoirSampleSQL &gt; clamps n of zero up to 1" time="0.0039693">
        </testcase>
        <testcase classname="tests/platform/duckdb/pushdown.test.ts" name="buildReservoirSampleSQL &gt; clamps a negative n up to 1" time="0.0005553">
        </testcase>
        <testcase classname="tests/platform/duckdb/pushdown.test.ts" name="buildReservoirSampleSQL &gt; truncates a fractional n" time="0.000667">
        </testcase>
        <testcase classname="tests/platform/duckdb/pushdown.test.ts" name="buildReservoirSampleSQL &gt; projects only the requested columns, quoted" time="0.0008323">
        </testcase>
        <testcase classname="tests/platform/duckdb/pushdown.test.ts" name="buildReservoirSampleSQL &gt; falls back to * when columns is an empty array" time="0.0004185">
        </testcase>
        <testcase classname="tests/platform/duckdb/pushdown.test.ts" name="buildReservoirSampleSQL &gt; injects a WHERE clause before the SAMPLE clause" time="0.0003424">
        </testcase>
        <testcase classname="tests/platform/duckdb/pushdown.test.ts" name="buildReservoirSampleSQL &gt; ignores a whitespace-only where" time="0.0003892">
        </testcase>
        <testcase classname="tests/platform/duckdb/pushdown.test.ts" name="buildReservoirSampleSQL &gt; appends a REPEATABLE clause with a truncated seed for determinism" time="0.0004694">
        </testcase>
        <testcase classname="tests/platform/duckdb/pushdown.test.ts" name="buildReservoirSampleSQL &gt; treats seed 0 as a valid deterministic seed (not falsy-skipped)" time="0.0002994">
        </testcase>
        <testcase classname="tests/platform/duckdb/pushdown.test.ts" name="buildReservoirSampleSQL &gt; truncates a fractional seed" time="0.0022138">
        </testcase>
        <testcase classname="tests/platform/duckdb/pushdown.test.ts" name="buildReservoirSampleSQL &gt; omits REPEATABLE when no seed is given" time="0.0004466">
        </testcase>
        <testcase classname="tests/platform/duckdb/pushdown.test.ts" name="buildReservoirSampleSQL &gt; composes columns, where, and seed together in order" time="0.0003724">
        </testcase>
        <testcase classname="tests/platform/duckdb/pushdown.test.ts" name="buildCountSQL &gt; counts all rows of a view with no filter" time="0.0003929">
        </testcase>
        <testcase classname="tests/platform/duckdb/pushdown.test.ts" name="buildCountSQL &gt; appends a WHERE clause when a filter is provided" time="0.0004106">
        </testcase>
        <testcase classname="tests/platform/duckdb/pushdown.test.ts" name="buildCountSQL &gt; ignores a whitespace-only filter" time="0.0116018">
        </testcase>
        <testcase classname="tests/platform/duckdb/pushdown.test.ts" name="buildCountSQL &gt; reads the view from an SqlSource object and quotes it" time="0.001451">
        </testcase>
        <testcase classname="tests/platform/duckdb/pushdown.test.ts" name="countCacheKey &gt; joins view and where with the :: separator" time="0.0110819">
        </testcase>
        <testcase classname="tests/platform/duckdb/pushdown.test.ts" name="countCacheKey &gt; uses an empty where segment when where is omitted" time="0.0008278">
        </testcase>
        <testcase classname="tests/platform/duckdb/pushdown.test.ts" name="countCacheKey &gt; trims surrounding whitespace from the where so equivalent filters collide" time="0.0003387">
        </testcase>
        <testcase classname="tests/platform/duckdb/pushdown.test.ts" name="countCacheKey &gt; normalizes undefined and empty-string where to the same key" time="0.0002975">
        </testcase>
        <testcase classname="tests/platform/duckdb/pushdown.test.ts" name="countCacheKey &gt; normalizes a whitespace-only where to the empty-where key" time="0.000393">
        </testcase>
        <testcase classname="tests/platform/duckdb/pushdown.test.ts" name="buildKeysetPageSQL &gt; builds a first page (no cursor) with rowid appended to projection and order" time="0.0026193">
        </testcase>
        <testcase classname="tests/platform/duckdb/pushdown.test.ts" name="buildKeysetPageSQL &gt; projects requested columns plus rowid" time="0.0010335">
        </testcase>
        <testcase classname="tests/platform/duckdb/pushdown.test.ts" name="buildKeysetPageSQL &gt; falls back to *, rowid when columns is empty" time="0.0007433">
        </testcase>
        <testcase classname="tests/platform/duckdb/pushdown.test.ts" name="buildKeysetPageSQL &gt; includes a first-page WHERE when a pre-filter is supplied" time="0.0013416">
        </testcase>
        <testcase classname="tests/platform/duckdb/pushdown.test.ts" name="buildKeysetPageSQL &gt; clamps a limit of zero up to 1" time="0.0004022">
        </testcase>
        <testcase classname="tests/platform/duckdb/pushdown.test.ts" name="buildKeysetPageSQL &gt; truncates a fractional limit" time="0.0003768">
        </testcase>
        <testcase classname="tests/platform/duckdb/pushdown.test.ts" name="buildKeysetPageSQL &gt; honors an explicit DESC direction in ORDER BY and the seek comparator" time="0.0007253">
        </testcase>
        <testcase classname="tests/platform/duckdb/pushdown.test.ts" name="buildKeysetPageSQL &gt; builds the single-key ASC seek predicate exactly as documented" time="0.0008374">
        </testcase>
        <testcase classname="tests/platform/duckdb/pushdown.test.ts" name="buildKeysetPageSQL &gt; builds a lexicographic OR-of-AND seek across two mixed-direction keys" time="0.0006971">
        </testcase>
        <testcase classname="tests/platform/duckdb/pushdown.test.ts" name="buildKeysetPageSQL &gt; combines a pre-filter and the seek predicate with AND" time="0.0005474">
        </testcase>
        <testcase classname="tests/platform/duckdb/pushdown.test.ts" name="buildKeysetPageSQL &gt; quotes sort-key columns with special characters in both ORDER BY and the predicate" time="0.0004235">
        </testcase>
        <testcase classname="tests/platform/duckdb/pushdown.test.ts" name="buildKeysetPageSQL &gt; preserves null/undefined cursor sort values as positional params (never interpolated)" time="0.0004423">
        </testcase>
        <testcase classname="tests/platform/duckdb/pushdown.test.ts" name="buildOffsetPageSQL &gt; builds a basic LIMIT/OFFSET page selecting all columns" time="0.0004802">
        </testcase>
        <testcase classname="tests/platform/duckdb/pushdown.test.ts" name="buildOffsetPageSQL &gt; projects requested columns when provided" time="0.0004386">
        </testcase>
        <testcase classname="tests/platform/duckdb/pushdown.test.ts" name="buildOffsetPageSQL &gt; falls back to * for an empty columns array" time="0.001913">
        </testcase>
        <testcase classname="tests/platform/duckdb/pushdown.test.ts" name="buildOffsetPageSQL &gt; adds WHERE and ORDER BY clauses when supplied" time="0.0005347">
        </testcase>
        <testcase classname="tests/platform/duckdb/pushdown.test.ts" name="buildOffsetPageSQL &gt; ignores whitespace-only where and orderBy" time="0.0005498">
        </testcase>
        <testcase classname="tests/platform/duckdb/pushdown.test.ts" name="buildOffsetPageSQL &gt; permits a zero limit (unlike the other builders which clamp up to 1)" time="0.0004128">
        </testcase>
        <testcase classname="tests/platform/duckdb/pushdown.test.ts" name="buildOffsetPageSQL &gt; clamps a negative limit up to 0" time="0.0003398">
        </testcase>
        <testcase classname="tests/platform/duckdb/pushdown.test.ts" name="buildOffsetPageSQL &gt; clamps a negative offset up to 0" time="0.0014993">
        </testcase>
        <testcase classname="tests/platform/duckdb/pushdown.test.ts" name="buildOffsetPageSQL &gt; truncates fractional limit and offset toward zero" time="0.000478">
        </testcase>
    </testsuite>
    <testsuite name="tests/platform/duckdb/upload-to-duckdb.test.ts" timestamp="2026-06-25T18:28:25.168Z" hostname="Desktop" tests="59" failures="0" errors="0" skipped="0" time="0.2127692">
        <testcase classname="tests/platform/duckdb/upload-to-duckdb.test.ts" name="sanitizeUploadTableName &gt; strips the file extension from a simple filename" time="0.0108191">
        </testcase>
        <testcase classname="tests/platform/duckdb/upload-to-duckdb.test.ts" name="sanitizeUploadTableName &gt; lowercases the resulting name" time="0.0026364">
        </testcase>
        <testcase classname="tests/platform/duckdb/upload-to-duckdb.test.ts" name="sanitizeUploadTableName &gt; replaces non-word characters with underscores" time="0.0007806">
        </testcase>
        <testcase classname="tests/platform/duckdb/upload-to-duckdb.test.ts" name="sanitizeUploadTableName &gt; collapses consecutive underscores into a single one" time="0.0005318">
        </testcase>
        <testcase classname="tests/platform/duckdb/upload-to-duckdb.test.ts" name="sanitizeUploadTableName &gt; strips leading and trailing underscores" time="0.0003452">
        </testcase>
        <testcase classname="tests/platform/duckdb/upload-to-duckdb.test.ts" name="sanitizeUploadTableName &gt; truncates to at most 60 characters" time="0.0003985">
        </testcase>
        <testcase classname="tests/platform/duckdb/upload-to-duckdb.test.ts" name="sanitizeUploadTableName &gt; returns &apos;dataset&apos; as fallback when result would be empty" time="0.0002938">
        </testcase>
        <testcase classname="tests/platform/duckdb/upload-to-duckdb.test.ts" name="sanitizeUploadTableName &gt; handles a name with no extension gracefully" time="0.0002609">
        </testcase>
        <testcase classname="tests/platform/duckdb/upload-to-duckdb.test.ts" name="sanitizeUploadTableName &gt; strips only the last extension when multiple dots are present" time="0.0003158">
        </testcase>
        <testcase classname="tests/platform/duckdb/upload-to-duckdb.test.ts" name="loadUploadPathToDuckDB – CSV path &gt; calls registerCSVPathDataset for a .csv file and returns a LoadedUploadTable" time="0.0068727">
        </testcase>
        <testcase classname="tests/platform/duckdb/upload-to-duckdb.test.ts" name="loadUploadPathToDuckDB – CSV path &gt; passes hasHeader: true by default when not supplied" time="0.0047896">
        </testcase>
        <testcase classname="tests/platform/duckdb/upload-to-duckdb.test.ts" name="loadUploadPathToDuckDB – CSV path &gt; passes caller-supplied hasHeader: false through" time="0.0011313">
        </testcase>
        <testcase classname="tests/platform/duckdb/upload-to-duckdb.test.ts" name="loadUploadPathToDuckDB – CSV path &gt; uses displayName option over tableName when both are given" time="0.0006945">
        </testcase>
        <testcase classname="tests/platform/duckdb/upload-to-duckdb.test.ts" name="loadUploadPathToDuckDB – CSV path &gt; falls back to tableName when displayName is not given" time="0.0039087">
        </testcase>
        <testcase classname="tests/platform/duckdb/upload-to-duckdb.test.ts" name="loadUploadPathToDuckDB – CSV path &gt; derives displayName from the file path when neither option is supplied" time="0.0011653">
        </testcase>
        <testcase classname="tests/platform/duckdb/upload-to-duckdb.test.ts" name="loadUploadPathToDuckDB – CSV path &gt; uses the default preview limit of 100 when previewLimit is omitted" time="0.0030229">
        </testcase>
        <testcase classname="tests/platform/duckdb/upload-to-duckdb.test.ts" name="loadUploadPathToDuckDB – CSV path &gt; passes a caller-supplied previewLimit through" time="0.0008901">
        </testcase>
        <testcase classname="tests/platform/duckdb/upload-to-duckdb.test.ts" name="loadUploadPathToDuckDB – CSV path &gt; injects tab delimiter automatically for TSV files" time="0.0006713">
        </testcase>
        <testcase classname="tests/platform/duckdb/upload-to-duckdb.test.ts" name="loadUploadPathToDuckDB – CSV path &gt; passes an explicit delimiter through unchanged (overrides TSV default)" time="0.0006141">
        </testcase>
        <testcase classname="tests/platform/duckdb/upload-to-duckdb.test.ts" name="loadUploadPathToDuckDB – CSV path &gt; accepts .txt as a csv-like format" time="0.0013711">
        </testcase>
        <testcase classname="tests/platform/duckdb/upload-to-duckdb.test.ts" name="loadUploadPathToDuckDB – CSV path &gt; passes the encoding option through to registerCSVPathDataset" time="0.0015432">
        </testcase>
        <testcase classname="tests/platform/duckdb/upload-to-duckdb.test.ts" name="loadUploadPathToDuckDB – CSV path &gt; passes storeRejects: true through to registerCSVPathDataset" time="0.0007353">
        </testcase>
        <testcase classname="tests/platform/duckdb/upload-to-duckdb.test.ts" name="loadUploadPathToDuckDB – CSV path &gt; includes rejects in the result when the dataset has them" time="0.0063456">
        </testcase>
        <testcase classname="tests/platform/duckdb/upload-to-duckdb.test.ts" name="loadUploadPathToDuckDB – CSV path &gt; omits the rejects field when the dataset has no rejects" time="0.0008395">
        </testcase>
        <testcase classname="tests/platform/duckdb/upload-to-duckdb.test.ts" name="loadUploadPathToDuckDB – CSV path &gt; limits previewRows to the previewLimit" time="0.0146866">
        </testcase>
        <testcase classname="tests/platform/duckdb/upload-to-duckdb.test.ts" name="loadUploadPathToDuckDB – CSV path &gt; propagates rowCount and colCount from the dataset" time="0.0011125">
        </testcase>
        <testcase classname="tests/platform/duckdb/upload-to-duckdb.test.ts" name="loadUploadPathToDuckDB – CSV path &gt; propagates displayName from the dataset" time="0.0005389">
        </testcase>
        <testcase classname="tests/platform/duckdb/upload-to-duckdb.test.ts" name="loadUploadPathToDuckDB – CSV path &gt; surfaces a rejection from registerCSVPathDataset as a thrown error" time="0.004263">
        </testcase>
        <testcase classname="tests/platform/duckdb/upload-to-duckdb.test.ts" name="loadUploadPathToDuckDB – Parquet path &gt; calls registerParquetPathDataset for a .parquet file" time="0.0016934">
        </testcase>
        <testcase classname="tests/platform/duckdb/upload-to-duckdb.test.ts" name="loadUploadPathToDuckDB – Parquet path &gt; accepts the .pq alias for parquet" time="0.0019126">
        </testcase>
        <testcase classname="tests/platform/duckdb/upload-to-duckdb.test.ts" name="loadUploadPathToDuckDB – Parquet path &gt; passes displayName derived from the path when no option is given" time="0.0006153">
        </testcase>
        <testcase classname="tests/platform/duckdb/upload-to-duckdb.test.ts" name="loadUploadPathToDuckDB – Parquet path &gt; passes caller-supplied displayName to registerParquetPathDataset" time="0.0009995">
        </testcase>
        <testcase classname="tests/platform/duckdb/upload-to-duckdb.test.ts" name="loadUploadPathToDuckDB – Parquet path &gt; passes previewLimit to registerParquetPathDataset" time="0.000571">
        </testcase>
        <testcase classname="tests/platform/duckdb/upload-to-duckdb.test.ts" name="loadUploadPathToDuckDB – Parquet path &gt; surfaces a rejection from registerParquetPathDataset" time="0.0009571">
        </testcase>
        <testcase classname="tests/platform/duckdb/upload-to-duckdb.test.ts" name="loadUploadPathToDuckDB – extension normalisation &gt; prefers the explicit fileExtension over the extension in the path" time="0.0097703">
        </testcase>
        <testcase classname="tests/platform/duckdb/upload-to-duckdb.test.ts" name="loadUploadPathToDuckDB – extension normalisation &gt; infers format from the file path extension when given a generic SupportedExtensions value" time="0.0075261">
        </testcase>
        <testcase classname="tests/platform/duckdb/upload-to-duckdb.test.ts" name="loadUploadPathToDuckDB – extension normalisation &gt; throws for an unsupported extension and does not call any DuckDB function" time="0.0098951">
        </testcase>
        <testcase classname="tests/platform/duckdb/upload-to-duckdb.test.ts" name="loadUploadPathToDuckDB – extension normalisation &gt; throws a descriptive message listing all supported types" time="0.0019018">
        </testcase>
        <testcase classname="tests/platform/duckdb/upload-to-duckdb.test.ts" name="loadUploadFileToDuckDB &gt; always throws an error explaining that file-based upload is disabled" time="0.0187409">
        </testcase>
        <testcase classname="tests/platform/duckdb/upload-to-duckdb.test.ts" name="loadUploadFileToDuckDB &gt; includes the file extension in the error message" time="0.0016512">
        </testcase>
        <testcase classname="tests/platform/duckdb/upload-to-duckdb.test.ts" name="loadUploadFileToDuckDB &gt; includes guidance to use openLocalFileDialog in the error" time="0.0028322">
        </testcase>
        <testcase classname="tests/platform/duckdb/upload-to-duckdb.test.ts" name="loadUploadFileToDuckDB &gt; includes guidance to use loadUploadPathToDuckDB in the error" time="0.0133665">
        </testcase>
        <testcase classname="tests/platform/duckdb/upload-to-duckdb.test.ts" name="loadUploadFileToDuckDB &gt; throws even if the file name is empty (falls back to &apos;dataset&apos;)" time="0.0039318">
        </testcase>
        <testcase classname="tests/platform/duckdb/upload-to-duckdb.test.ts" name="loadUploadFileToDuckDB &gt; throws for a parquet file too (not just csv)" time="0.0010844">
        </testcase>
        <testcase classname="tests/platform/duckdb/upload-to-duckdb.test.ts" name="column metadata derivation &gt; includes one metadata entry per column in the dataset" time="0.0008094">
        </testcase>
        <testcase classname="tests/platform/duckdb/upload-to-duckdb.test.ts" name="column metadata derivation &gt; reports the column name from the dataset columns list" time="0.0004987">
        </testcase>
        <testcase classname="tests/platform/duckdb/upload-to-duckdb.test.ts" name="column metadata derivation &gt; uses the DuckDB column type when available" time="0.0004578">
        </testcase>
        <testcase classname="tests/platform/duckdb/upload-to-duckdb.test.ts" name="column metadata derivation &gt; counts nulls in previewRows for a column" time="0.0005539">
        </testcase>
        <testcase classname="tests/platform/duckdb/upload-to-duckdb.test.ts" name="column metadata derivation &gt; counts distinct non-null values in previewRows for a column" time="0.000995">
        </testcase>
        <testcase classname="tests/platform/duckdb/upload-to-duckdb.test.ts" name="column metadata derivation &gt; provides up to 5 non-null sample values per column" time="0.0008784">
        </testcase>
        <testcase classname="tests/platform/duckdb/upload-to-duckdb.test.ts" name="column metadata derivation &gt; infers min, max, mean for a numeric column" time="0.0105665">
        </testcase>
        <testcase classname="tests/platform/duckdb/upload-to-duckdb.test.ts" name="column metadata derivation &gt; omits min, max, mean for a non-numeric column" time="0.0007486">
        </testcase>
        <testcase classname="tests/platform/duckdb/upload-to-duckdb.test.ts" name="preview type inference (via column metadata) &gt; returns &apos;string&apos; when all values are null/empty" time="0.0006292">
        </testcase>
        <testcase classname="tests/platform/duckdb/upload-to-duckdb.test.ts" name="preview type inference (via column metadata) &gt; returns &apos;number&apos; when &gt;80 % of non-null values are numeric" time="0.0132931">
        </testcase>
        <testcase classname="tests/platform/duckdb/upload-to-duckdb.test.ts" name="preview type inference (via column metadata) &gt; returns &apos;boolean&apos; when &gt;80 % of non-null values are true/false" time="0.0006109">
        </testcase>
        <testcase classname="tests/platform/duckdb/upload-to-duckdb.test.ts" name="preview type inference (via column metadata) &gt; returns &apos;string&apos; when date-like values are at or below the 80 % threshold" time="0.0008622">
        </testcase>
        <testcase classname="tests/platform/duckdb/upload-to-duckdb.test.ts" name="preview type inference (via column metadata) &gt; returns &apos;date&apos; when &gt;80 % of non-null values match YYYY-MM-DD prefix" time="0.0007126">
        </testcase>
        <testcase classname="tests/platform/duckdb/upload-to-duckdb.test.ts" name="preview type inference (via column metadata) &gt; returns &apos;string&apos; for a mix that crosses no 80 % threshold" time="0.0005747">
        </testcase>
        <testcase classname="tests/platform/duckdb/upload-to-duckdb.test.ts" name="preview type inference (via column metadata) &gt; uses the DuckDB column type instead of inferred type when column.type is non-empty" time="0.0080607">
        </testcase>
    </testsuite>
    <testsuite name="tests/platform/parsers/xlsx-to-csv.test.ts" timestamp="2026-06-25T18:28:25.175Z" hostname="Desktop" tests="25" failures="0" errors="0" skipped="0" time="0.0380789">
        <testcase classname="tests/platform/parsers/xlsx-to-csv.test.ts" name="xlsxToPipeCSV &gt; throws when the workbook has no worksheets" time="0.0110904">
        </testcase>
        <testcase classname="tests/platform/parsers/xlsx-to-csv.test.ts" name="xlsxToPipeCSV &gt; returns an empty string when the sheet has no rows" time="0.0032817">
        </testcase>
        <testcase classname="tests/platform/parsers/xlsx-to-csv.test.ts" name="xlsxToPipeCSV &gt; converts a single row with string cells to pipe-delimited CSV" time="0.0016929">
        </testcase>
        <testcase classname="tests/platform/parsers/xlsx-to-csv.test.ts" name="xlsxToPipeCSV &gt; converts multiple rows separated by newlines" time="0.0011718">
        </testcase>
        <testcase classname="tests/platform/parsers/xlsx-to-csv.test.ts" name="xlsxToPipeCSV &gt; treats null cell value as empty string" time="0.0008228">
        </testcase>
        <testcase classname="tests/platform/parsers/xlsx-to-csv.test.ts" name="xlsxToPipeCSV &gt; treats undefined cell value as empty string" time="0.0008136">
        </testcase>
        <testcase classname="tests/platform/parsers/xlsx-to-csv.test.ts" name="xlsxToPipeCSV &gt; uses the computed result for formula cells" time="0.0007566">
        </testcase>
        <testcase classname="tests/platform/parsers/xlsx-to-csv.test.ts" name="xlsxToPipeCSV &gt; handles formula cells where result is null/undefined (falls back to empty string)" time="0.0007504">
        </testcase>
        <testcase classname="tests/platform/parsers/xlsx-to-csv.test.ts" name="xlsxToPipeCSV &gt; formats Date cell values as ISO-ish string without T" time="0.0011743">
        </testcase>
        <testcase classname="tests/platform/parsers/xlsx-to-csv.test.ts" name="xlsxToPipeCSV &gt; replaces embedded pipe characters with spaces in string values" time="0.0007448">
        </testcase>
        <testcase classname="tests/platform/parsers/xlsx-to-csv.test.ts" name="xlsxToPipeCSV &gt; replaces embedded pipes in formula result values" time="0.0006769">
        </testcase>
        <testcase classname="tests/platform/parsers/xlsx-to-csv.test.ts" name="xlsxToPipeCSV &gt; replaces embedded pipes in Date values" time="0.0010294">
        </testcase>
        <testcase classname="tests/platform/parsers/xlsx-to-csv.test.ts" name="xlsxToPipeCSV &gt; converts numeric cell values to strings" time="0.0007759">
        </testcase>
        <testcase classname="tests/platform/parsers/xlsx-to-csv.test.ts" name="xlsxToPipeCSV &gt; converts boolean cell values to strings" time="0.0006847">
        </testcase>
        <testcase classname="tests/platform/parsers/xlsx-to-csv.test.ts" name="xlsxToPipeCSV &gt; handles a non-null object that is not a Date and has no &apos;result&apos; property via String()" time="0.000735">
        </testcase>
        <testcase classname="tests/platform/parsers/xlsx-to-csv.test.ts" name="xlsxToPipeCSV &gt; uses only the first worksheet, ignoring additional sheets" time="0.0008497">
        </testcase>
        <testcase classname="tests/platform/parsers/xlsx-to-csv.test.ts" name="isExcelFile &gt; returns false for .csv files regardless of MIME type" time="0.0006868">
        </testcase>
        <testcase classname="tests/platform/parsers/xlsx-to-csv.test.ts" name="isExcelFile &gt; returns false for .txt files" time="0.0004525">
        </testcase>
        <testcase classname="tests/platform/parsers/xlsx-to-csv.test.ts" name="isExcelFile &gt; returns true for .xlsx extension" time="0.0003939">
        </testcase>
        <testcase classname="tests/platform/parsers/xlsx-to-csv.test.ts" name="isExcelFile &gt; returns true for .xls extension" time="0.0003407">
        </testcase>
        <testcase classname="tests/platform/parsers/xlsx-to-csv.test.ts" name="isExcelFile &gt; returns true when MIME type is the xlsx OOXML type" time="0.0004183">
        </testcase>
        <testcase classname="tests/platform/parsers/xlsx-to-csv.test.ts" name="isExcelFile &gt; returns true when MIME type is application/vnd.ms-excel" time="0.0003908">
        </testcase>
        <testcase classname="tests/platform/parsers/xlsx-to-csv.test.ts" name="isExcelFile &gt; returns false when extension and MIME type are both unrecognised" time="0.0003204">
        </testcase>
        <testcase classname="tests/platform/parsers/xlsx-to-csv.test.ts" name="isExcelFile &gt; returns false when file has no extension and no matching MIME type" time="0.0003208">
        </testcase>
        <testcase classname="tests/platform/parsers/xlsx-to-csv.test.ts" name="isExcelFile &gt; prioritises extension check: .csv with xlsx MIME returns false" time="0.0003333">
        </testcase>
    </testsuite>
    <testsuite name="tests/platform/settings/app-settings-store.test.ts" timestamp="2026-06-25T18:28:25.177Z" hostname="Desktop" tests="13" failures="0" errors="0" skipped="0" time="0.0294468">
        <testcase classname="tests/platform/settings/app-settings-store.test.ts" name="app-settings-store &gt; getAppSetting &gt; returns the record when the DB query finds a match" time="0.0055243">
        </testcase>
        <testcase classname="tests/platform/settings/app-settings-store.test.ts" name="app-settings-store &gt; getAppSetting &gt; returns null when the DB query returns undefined (nullish coalescing ?? null)" time="0.0008447">
        </testcase>
        <testcase classname="tests/platform/settings/app-settings-store.test.ts" name="app-settings-store &gt; listAppSettings &gt; returns all records when no namespace is provided" time="0.0010581">
        </testcase>
        <testcase classname="tests/platform/settings/app-settings-store.test.ts" name="app-settings-store &gt; listAppSettings &gt; filters by namespace when one is provided" time="0.0008676">
        </testcase>
        <testcase classname="tests/platform/settings/app-settings-store.test.ts" name="app-settings-store &gt; listAppSettings &gt; treats an empty string namespace the same as no namespace (falsy branch)" time="0.0007309">
        </testcase>
        <testcase classname="tests/platform/settings/app-settings-store.test.ts" name="app-settings-store &gt; saveAppSetting &gt; inserts/upserts and returns the persisted record" time="0.0011515">
        </testcase>
        <testcase classname="tests/platform/settings/app-settings-store.test.ts" name="app-settings-store &gt; saveAppSetting &gt; throws when the record cannot be read back after the upsert (null guard)" time="0.0027713">
        </testcase>
        <testcase classname="tests/platform/settings/app-settings-store.test.ts" name="app-settings-store &gt; deleteAppSetting &gt; executes a DELETE query and returns void" time="0.001162">
        </testcase>
        <testcase classname="tests/platform/settings/app-settings-store.test.ts" name="app-settings-store &gt; exportAppSettings &gt; returns an empty object when there are no records" time="0.0028396">
        </testcase>
        <testcase classname="tests/platform/settings/app-settings-store.test.ts" name="app-settings-store &gt; exportAppSettings &gt; groups records by namespace and key into a nested map" time="0.0015568">
        </testcase>
        <testcase classname="tests/platform/settings/app-settings-store.test.ts" name="app-settings-store &gt; exportAppSettings &gt; initialises a namespace sub-object only on the first encounter (??= branch)" time="0.001267">
        </testcase>
        <testcase classname="tests/platform/settings/app-settings-store.test.ts" name="app-settings-store &gt; exportAppSettings &gt; accepts an optional namespace argument and passes it down to listAppSettings" time="0.0013587">
        </testcase>
        <testcase classname="tests/platform/settings/app-settings-store.test.ts" name="app-settings-store &gt; exportAppSettings &gt; without a namespace argument skips the .where() call" time="0.0009913">
        </testcase>
    </testsuite>
    <testsuite name="tests/platform/settings/settings-client.test.ts" timestamp="2026-06-25T18:28:25.179Z" hostname="Desktop" tests="7" failures="0" errors="0" skipped="0" time="0.0965951">
        <testcase classname="tests/platform/settings/settings-client.test.ts" name="settings-client &gt; reports the API is usable when window + fetch exist" time="0.0092197">
        </testcase>
        <testcase classname="tests/platform/settings/settings-client.test.ts" name="settings-client &gt; getAppSettingRemote returns the value and url-encodes segments" time="0.0384074">
        </testcase>
        <testcase classname="tests/platform/settings/settings-client.test.ts" name="settings-client &gt; getAppSettingRemote treats 404 as absent (null value, no throw)" time="0.0086708">
        </testcase>
        <testcase classname="tests/platform/settings/settings-client.test.ts" name="settings-client &gt; getAppSettingRemote throws on unexpected HTTP errors" time="0.0043077">
        </testcase>
        <testcase classname="tests/platform/settings/settings-client.test.ts" name="settings-client &gt; putAppSettingRemote PUTs the wrapped value and returns updatedAt" time="0.0053952">
        </testcase>
        <testcase classname="tests/platform/settings/settings-client.test.ts" name="settings-client &gt; deleteAppSettingRemote tolerates 404" time="0.0087425">
        </testcase>
        <testcase classname="tests/platform/settings/settings-client.test.ts" name="settings-client &gt; exportAppSettingsRemote returns the settings map" time="0.0047864">
        </testcase>
    </testsuite>
    <testsuite name="tests/platform/auth/auth-client.test.ts" timestamp="2026-06-25T18:28:25.180Z" hostname="Desktop" tests="10" failures="0" errors="0" skipped="0" time="0.0168846">
        <testcase classname="tests/platform/auth/auth-client.test.ts" name="auth-client.ts &gt; createAuthClient was called during module initialisation (mock records the call)" time="0.0051635">
        </testcase>
        <testcase classname="tests/platform/auth/auth-client.test.ts" name="auth-client.ts &gt; exports the authClient object returned by createAuthClient" time="0.0008575">
        </testcase>
        <testcase classname="tests/platform/auth/auth-client.test.ts" name="auth-client.ts &gt; exports signIn bound from authClient" time="0.0006233">
        </testcase>
        <testcase classname="tests/platform/auth/auth-client.test.ts" name="auth-client.ts &gt; exports signOut bound from authClient" time="0.0003743">
        </testcase>
        <testcase classname="tests/platform/auth/auth-client.test.ts" name="auth-client.ts &gt; exports signUp bound from authClient" time="0.0003552">
        </testcase>
        <testcase classname="tests/platform/auth/auth-client.test.ts" name="auth-client.ts &gt; exports useSession bound from authClient" time="0.000299">
        </testcase>
        <testcase classname="tests/platform/auth/auth-client.test.ts" name="auth-client.ts &gt; authClient.signIn is the same reference as the named signIn export" time="0.0002416">
        </testcase>
        <testcase classname="tests/platform/auth/auth-client.test.ts" name="auth-client.ts &gt; authClient.signOut is the same reference as the named signOut export" time="0.0002422">
        </testcase>
        <testcase classname="tests/platform/auth/auth-client.test.ts" name="auth-client.ts &gt; authClient.signUp is the same reference as the named signUp export" time="0.000283">
        </testcase>
        <testcase classname="tests/platform/auth/auth-client.test.ts" name="auth-client.ts &gt; authClient.useSession is the same reference as the named useSession export" time="0.0010279">
        </testcase>
    </testsuite>
    <testsuite name="tests/platform/auth/auth.test.ts" timestamp="2026-06-25T18:28:25.181Z" hostname="Desktop" tests="12" failures="0" errors="0" skipped="0" time="0.2051012">
        <testcase classname="tests/platform/auth/auth.test.ts" name="auth.ts — authConfig shape &gt; sets appName to DataNavigator" time="0.0307053">
        </testcase>
        <testcase classname="tests/platform/auth/auth.test.ts" name="auth.ts — authConfig shape &gt; includes a database field produced by drizzleAdapter" time="0.0056562">
        </testcase>
        <testcase classname="tests/platform/auth/auth.test.ts" name="auth.ts — authConfig shape &gt; enables email and password auth with minPasswordLength 8 and autoSignIn true" time="0.0015967">
        </testcase>
        <testcase classname="tests/platform/auth/auth.test.ts" name="auth.ts — authConfig shape &gt; registers exactly one plugin (nextCookies)" time="0.0118367">
        </testcase>
        <testcase classname="tests/platform/auth/auth.test.ts" name="auth.ts — authConfig shape &gt; uses the default secret when BETTER_AUTH_SECRET env var is not set at load time" time="0.0004826">
        </testcase>
        <testcase classname="tests/platform/auth/auth.test.ts" name="auth.ts — authConfig shape &gt; uses the default baseURL when BETTER_AUTH_URL env var is not set at load time" time="0.0003616">
        </testcase>
        <testcase classname="tests/platform/auth/auth.test.ts" name="auth.ts — auth export &gt; exports a truthy auth object created by betterAuth(authConfig)" time="0.0011482">
        </testcase>
        <testcase classname="tests/platform/auth/auth.test.ts" name="auth.ts — auth export &gt; auth object reflects the authConfig passed to betterAuth" time="0.0004271">
        </testcase>
        <testcase classname="tests/platform/auth/auth.test.ts" name="auth.ts — secret branch: BETTER_AUTH_SECRET is set &gt; uses BETTER_AUTH_SECRET from env when defined" time="0.0444191">
        </testcase>
        <testcase classname="tests/platform/auth/auth.test.ts" name="auth.ts — secret branch: BETTER_AUTH_SECRET is set &gt; falls back to default secret when BETTER_AUTH_SECRET is not set" time="0.0282271">
        </testcase>
        <testcase classname="tests/platform/auth/auth.test.ts" name="auth.ts — baseURL branch: BETTER_AUTH_URL is set &gt; uses BETTER_AUTH_URL from env when defined" time="0.0462648">
        </testcase>
        <testcase classname="tests/platform/auth/auth.test.ts" name="auth.ts — baseURL branch: BETTER_AUTH_URL is set &gt; falls back to http://localhost:3000 when BETTER_AUTH_URL is not set" time="0.0187868">
        </testcase>
    </testsuite>
    <testsuite name="tests/platform/auth/dashboard-access.test.ts" timestamp="2026-06-25T18:28:25.184Z" hostname="Desktop" tests="31" failures="0" errors="0" skipped="0" time="0.4946266">
        <testcase classname="tests/platform/auth/dashboard-access.test.ts" name="getRoleLabel &gt; returns &apos;Owner&apos; for owner role" time="0.0051298">
        </testcase>
        <testcase classname="tests/platform/auth/dashboard-access.test.ts" name="getRoleLabel &gt; returns &apos;Editor&apos; for editor role" time="0.0006461">
        </testcase>
        <testcase classname="tests/platform/auth/dashboard-access.test.ts" name="getRoleLabel &gt; returns &apos;Viewer&apos; for viewer role" time="0.0005459">
        </testcase>
        <testcase classname="tests/platform/auth/dashboard-access.test.ts" name="permissionsForRole &gt; grants all permissions to owner" time="0.0038511">
        </testcase>
        <testcase classname="tests/platform/auth/dashboard-access.test.ts" name="permissionsForRole &gt; grants upload/append/rename/export/editComments but NOT manageUsers to editor" time="0.0011242">
        </testcase>
        <testcase classname="tests/platform/auth/dashboard-access.test.ts" name="permissionsForRole &gt; restricts viewer to shareView only" time="0.0007771">
        </testcase>
        <testcase classname="tests/platform/auth/dashboard-access.test.ts" name="readDashboardAccess &gt; returns default when localStorage is empty" time="0.007345">
        </testcase>
        <testcase classname="tests/platform/auth/dashboard-access.test.ts" name="readDashboardAccess &gt; returns stored access when a valid state is in localStorage" time="0.0013773">
        </testcase>
        <testcase classname="tests/platform/auth/dashboard-access.test.ts" name="readDashboardAccess &gt; coerces an invalid role to &apos;owner&apos;" time="0.0011447">
        </testcase>
        <testcase classname="tests/platform/auth/dashboard-access.test.ts" name="readDashboardAccess &gt; coerces an invalid cacheMode to &apos;balanced&apos;" time="0.0019412">
        </testcase>
        <testcase classname="tests/platform/auth/dashboard-access.test.ts" name="readDashboardAccess &gt; coerces low-memory cacheMode correctly" time="0.0010472">
        </testcase>
        <testcase classname="tests/platform/auth/dashboard-access.test.ts" name="readDashboardAccess &gt; returns default when localStorage contains invalid JSON" time="0.0009987">
        </testcase>
        <testcase classname="tests/platform/auth/dashboard-access.test.ts" name="readDashboardAccess &gt; returns default when localStorage contains null JSON" time="0.0021528">
        </testcase>
        <testcase classname="tests/platform/auth/dashboard-access.test.ts" name="readDashboardAccess &gt; returns default for partial object (only role, missing cacheMode)" time="0.0059943">
        </testcase>
        <testcase classname="tests/platform/auth/dashboard-access.test.ts" name="writeDashboardAccess &gt; persists state to localStorage" time="0.0093984">
        </testcase>
        <testcase classname="tests/platform/auth/dashboard-access.test.ts" name="writeDashboardAccess &gt; dispatches a custom event with the new state as detail" time="0.005518">
        </testcase>
        <testcase classname="tests/platform/auth/dashboard-access.test.ts" name="writeDashboardAccess &gt; calls putAppSettingRemote as a best-effort durable mirror" time="0.0091988">
        </testcase>
        <testcase classname="tests/platform/auth/dashboard-access.test.ts" name="writeDashboardAccess &gt; does not throw when putAppSettingRemote rejects (best-effort)" time="0.0049823">
        </testcase>
        <testcase classname="tests/platform/auth/dashboard-access.test.ts" name="useDashboardAccess hook &gt; returns the default state when localStorage is empty" time="0.0892958">
        </testcase>
        <testcase classname="tests/platform/auth/dashboard-access.test.ts" name="useDashboardAccess hook &gt; initialises from localStorage when a valid state is stored" time="0.0200169">
        </testcase>
        <testcase classname="tests/platform/auth/dashboard-access.test.ts" name="useDashboardAccess hook &gt; exposes correct permissions for the current role" time="0.0177093">
        </testcase>
        <testcase classname="tests/platform/auth/dashboard-access.test.ts" name="useDashboardAccess hook &gt; setRole updates the role and persists it" time="0.0592098">
        </testcase>
        <testcase classname="tests/platform/auth/dashboard-access.test.ts" name="useDashboardAccess hook &gt; setCacheMode updates the cacheMode and persists it" time="0.0289721">
        </testcase>
        <testcase classname="tests/platform/auth/dashboard-access.test.ts" name="useDashboardAccess hook &gt; reacts to ACCESS_EVENT custom events dispatched externally" time="0.0065578">
        </testcase>
        <testcase classname="tests/platform/auth/dashboard-access.test.ts" name="useDashboardAccess hook &gt; reacts to storage events (e.g. from another tab)" time="0.0249062">
        </testcase>
        <testcase classname="tests/platform/auth/dashboard-access.test.ts" name="useDashboardAccess hook &gt; cleans up event listeners on unmount" time="0.0271386">
        </testcase>
        <testcase classname="tests/platform/auth/dashboard-access.test.ts" name="useDashboardAccess hook &gt; cold-restores from remote when localStorage is empty and remote has data" time="0.0901863">
        </testcase>
        <testcase classname="tests/platform/auth/dashboard-access.test.ts" name="useDashboardAccess hook &gt; skips cold-restore when remote returns null value" time="0.0092026">
        </testcase>
        <testcase classname="tests/platform/auth/dashboard-access.test.ts" name="useDashboardAccess hook &gt; skips cold-restore when localStorage already has data" time="0.0263577">
        </testcase>
        <testcase classname="tests/platform/auth/dashboard-access.test.ts" name="useDashboardAccess hook &gt; cancels cold-restore promise when component unmounts before it resolves" time="0.005396">
        </testcase>
        <testcase classname="tests/platform/auth/dashboard-access.test.ts" name="useDashboardAccess hook &gt; does not throw when cold-restore remote call rejects" time="0.0051477">
        </testcase>
    </testsuite>
    <testsuite name="tests/platform/auth/electron-options.test.ts" timestamp="2026-06-25T18:28:25.187Z" hostname="Desktop" tests="9" failures="0" errors="0" skipped="0" time="0.0327646">
        <testcase classname="tests/platform/auth/electron-options.test.ts" name="electron-options constants &gt; exports ELECTRON_AUTH_PROTOCOL as the app custom scheme" time="0.015444">
        </testcase>
        <testcase classname="tests/platform/auth/electron-options.test.ts" name="electron-options constants &gt; exports ELECTRON_AUTH_CALLBACK_PATH as /auth/callback" time="0.0013948">
        </testcase>
        <testcase classname="tests/platform/auth/electron-options.test.ts" name="electron-options constants &gt; exports ELECTRON_AUTH_CLIENT_ID as &apos;electron&apos;" time="0.0011697">
        </testcase>
        <testcase classname="tests/platform/auth/electron-options.test.ts" name="electron-options constants &gt; uses NEXT_PUBLIC_BETTER_AUTH_URL when it is set" time="0.0014108">
        </testcase>
        <testcase classname="tests/platform/auth/electron-options.test.ts" name="electron-options constants &gt; falls back to BETTER_AUTH_URL when NEXT_PUBLIC_BETTER_AUTH_URL is not set" time="0.0013709">
        </testcase>
        <testcase classname="tests/platform/auth/electron-options.test.ts" name="electron-options constants &gt; defaults to http://localhost:3000 when neither env var is set" time="0.0011804">
        </testcase>
        <testcase classname="tests/platform/auth/electron-options.test.ts" name="electron-options constants &gt; builds ELECTRON_AUTH_SIGN_IN_URL from NEXT_PUBLIC_BETTER_AUTH_URL" time="0.001429">
        </testcase>
        <testcase classname="tests/platform/auth/electron-options.test.ts" name="electron-options constants &gt; builds ELECTRON_AUTH_SIGN_IN_URL from BETTER_AUTH_URL when NEXT_PUBLIC is absent" time="0.0011383">
        </testcase>
        <testcase classname="tests/platform/auth/electron-options.test.ts" name="electron-options constants &gt; builds ELECTRON_AUTH_SIGN_IN_URL from default base URL when no env vars are set" time="0.0012509">
        </testcase>
    </testsuite>
    <testsuite name="tests/platform/lan/pairing.test.ts" timestamp="2026-06-25T18:28:25.188Z" hostname="Desktop" tests="2" failures="0" errors="0" skipped="0" time="0.123045">
        <testcase classname="tests/platform/lan/pairing.test.ts" name="generatePairingCode (renderer, Web Crypto CSPRNG) &gt; always returns a 6-digit numeric string in [100000, 999999]" time="0.1132493">
        </testcase>
        <testcase classname="tests/platform/lan/pairing.test.ts" name="generatePairingCode (renderer, Web Crypto CSPRNG) &gt; produces varied codes across calls (not Math.random-predictable in tests, real CSPRNG)" time="0.0028857">
        </testcase>
    </testsuite>
    <testsuite name="tests/platform/storage/apply-settings.test.ts" timestamp="2026-06-25T18:28:25.189Z" hostname="Desktop" tests="77" failures="0" errors="0" skipped="0" time="0.4697362">
        <testcase classname="tests/platform/storage/apply-settings.test.ts" name="applyAppearance &gt; returns resolved values with valid accent color &apos;blue&apos;" time="0.0377679">
        </testcase>
        <testcase classname="tests/platform/storage/apply-settings.test.ts" name="applyAppearance &gt; sets data-accent attribute to the resolved accent color" time="0.0103078">
        </testcase>
        <testcase classname="tests/platform/storage/apply-settings.test.ts" name="applyAppearance &gt; sets --user-accent CSS variable to the correct hex for &apos;blue&apos;" time="0.0048214">
        </testcase>
        <testcase classname="tests/platform/storage/apply-settings.test.ts" name="applyAppearance &gt; sets --user-accent CSS variable to the correct hex for &apos;indigo&apos;" time="0.0012799">
        </testcase>
        <testcase classname="tests/platform/storage/apply-settings.test.ts" name="applyAppearance &gt; sets --user-accent CSS variable to the correct hex for &apos;violet&apos;" time="0.0054175">
        </testcase>
        <testcase classname="tests/platform/storage/apply-settings.test.ts" name="applyAppearance &gt; sets --user-accent CSS variable to the correct hex for &apos;cyan&apos;" time="0.0128519">
        </testcase>
        <testcase classname="tests/platform/storage/apply-settings.test.ts" name="applyAppearance &gt; sets --user-accent CSS variable to the correct hex for &apos;emerald&apos;" time="0.0022656">
        </testcase>
        <testcase classname="tests/platform/storage/apply-settings.test.ts" name="applyAppearance &gt; sets --user-accent CSS variable to the correct hex for &apos;amber&apos;" time="0.0083007">
        </testcase>
        <testcase classname="tests/platform/storage/apply-settings.test.ts" name="applyAppearance &gt; sets --user-accent CSS variable to the correct hex for &apos;rose&apos;" time="0.0021567">
        </testcase>
        <testcase classname="tests/platform/storage/apply-settings.test.ts" name="applyAppearance &gt; sets data-density attribute" time="0.0038994">
        </testcase>
        <testcase classname="tests/platform/storage/apply-settings.test.ts" name="applyAppearance &gt; sets --density-scale to 0.75 for compact" time="0.0029392">
        </testcase>
        <testcase classname="tests/platform/storage/apply-settings.test.ts" name="applyAppearance &gt; sets --density-scale to 1 for comfortable" time="0.0052248">
        </testcase>
        <testcase classname="tests/platform/storage/apply-settings.test.ts" name="applyAppearance &gt; sets --density-scale to 1.25 for spacious" time="0.0047866">
        </testcase>
        <testcase classname="tests/platform/storage/apply-settings.test.ts" name="applyAppearance &gt; sets data-theme attribute" time="0.033936">
        </testcase>
        <testcase classname="tests/platform/storage/apply-settings.test.ts" name="applyAppearance &gt; sets data-animations=&apos;on&apos; when animationsEnabled is true" time="0.0270181">
        </testcase>
        <testcase classname="tests/platform/storage/apply-settings.test.ts" name="applyAppearance &gt; sets data-animations=&apos;off&apos; when animationsEnabled is false" time="0.0037862">
        </testcase>
        <testcase classname="tests/platform/storage/apply-settings.test.ts" name="applyAppearance &gt; sets --motion-allowed to &apos;1&apos; when animationsEnabled is true" time="0.0018494">
        </testcase>
        <testcase classname="tests/platform/storage/apply-settings.test.ts" name="applyAppearance &gt; sets --motion-allowed to &apos;0&apos; when animationsEnabled is false" time="0.0021254">
        </testcase>
        <testcase classname="tests/platform/storage/apply-settings.test.ts" name="applyAppearance &gt; sets data-compact-numbers=&apos;on&apos; when compactNumbers is true" time="0.0018836">
        </testcase>
        <testcase classname="tests/platform/storage/apply-settings.test.ts" name="applyAppearance &gt; sets data-compact-numbers=&apos;off&apos; when compactNumbers is falsy/undefined" time="0.0011914">
        </testcase>
        <testcase classname="tests/platform/storage/apply-settings.test.ts" name="applyAppearance &gt; sets data-compact-numbers=&apos;off&apos; when compactNumbers is undefined" time="0.0013325">
        </testcase>
        <testcase classname="tests/platform/storage/apply-settings.test.ts" name="applyAppearance &gt; falls back to accentColor=&apos;blue&apos; when accentColor is undefined" time="0.001335">
        </testcase>
        <testcase classname="tests/platform/storage/apply-settings.test.ts" name="applyAppearance &gt; falls back to accentColor=&apos;blue&apos; when accentColor is invalid" time="0.001201">
        </testcase>
        <testcase classname="tests/platform/storage/apply-settings.test.ts" name="applyAppearance &gt; falls back to density=&apos;comfortable&apos; when density is undefined" time="0.0011727">
        </testcase>
        <testcase classname="tests/platform/storage/apply-settings.test.ts" name="applyAppearance &gt; falls back to density=&apos;comfortable&apos; when density is invalid" time="0.0009984">
        </testcase>
        <testcase classname="tests/platform/storage/apply-settings.test.ts" name="applyAppearance &gt; falls back to theme=&apos;system&apos; when theme is undefined" time="0.0011467">
        </testcase>
        <testcase classname="tests/platform/storage/apply-settings.test.ts" name="applyAppearance &gt; falls back to theme=&apos;system&apos; when theme is invalid" time="0.0016987">
        </testcase>
        <testcase classname="tests/platform/storage/apply-settings.test.ts" name="applyAppearance &gt; animationsEnabled defaults to true when omitted" time="0.0089997">
        </testcase>
        <testcase classname="tests/platform/storage/apply-settings.test.ts" name="applyAppearance &gt; animationsEnabled is true when explicitly set to true" time="0.0013398">
        </testcase>
        <testcase classname="tests/platform/storage/apply-settings.test.ts" name="applyAppearance &gt; animationsEnabled is false when explicitly set to false" time="0.0015344">
        </testcase>
        <testcase classname="tests/platform/storage/apply-settings.test.ts" name="applyAppearance &gt; applies theme=&apos;light&apos; correctly" time="0.0026244">
        </testcase>
        <testcase classname="tests/platform/storage/apply-settings.test.ts" name="applyAppearance &gt; applies theme=&apos;dark&apos; correctly" time="0.0027068">
        </testcase>
        <testcase classname="tests/platform/storage/apply-settings.test.ts" name="applyAppearance &gt; applies theme=&apos;system&apos; correctly" time="0.0014887">
        </testcase>
        <testcase classname="tests/platform/storage/apply-settings.test.ts" name="applyAppearance &gt; does not throw when document is undefined (SSR guard)" time="0.0038327">
        </testcase>
        <testcase classname="tests/platform/storage/apply-settings.test.ts" name="resolvePerformanceConfig &gt; returns the provided valid values unchanged" time="0.0009171">
        </testcase>
        <testcase classname="tests/platform/storage/apply-settings.test.ts" name="resolvePerformanceConfig &gt; coerces string values to numbers for duckdbWorkers" time="0.000888">
        </testcase>
        <testcase classname="tests/platform/storage/apply-settings.test.ts" name="resolvePerformanceConfig &gt; coerces string values to numbers for maxMemoryMB" time="0.00125">
        </testcase>
        <testcase classname="tests/platform/storage/apply-settings.test.ts" name="resolvePerformanceConfig &gt; coerces string values to numbers for virtualizeThreshold" time="0.0008654">
        </testcase>
        <testcase classname="tests/platform/storage/apply-settings.test.ts" name="resolvePerformanceConfig &gt; uses default duckdbWorkers=4 when omitted" time="0.0003934">
        </testcase>
        <testcase classname="tests/platform/storage/apply-settings.test.ts" name="resolvePerformanceConfig &gt; uses default maxMemoryMB=512 when omitted" time="0.0003602">
        </testcase>
        <testcase classname="tests/platform/storage/apply-settings.test.ts" name="resolvePerformanceConfig &gt; uses default virtualizeThreshold=500 when omitted" time="0.0003603">
        </testcase>
        <testcase classname="tests/platform/storage/apply-settings.test.ts" name="resolvePerformanceConfig &gt; cacheQueries defaults to true when omitted" time="0.000452">
        </testcase>
        <testcase classname="tests/platform/storage/apply-settings.test.ts" name="resolvePerformanceConfig &gt; enableWASMStreaming defaults to true when omitted" time="0.0003596">
        </testcase>
        <testcase classname="tests/platform/storage/apply-settings.test.ts" name="resolvePerformanceConfig &gt; clamps duckdbWorkers above max (8) → falls back to field default 4" time="0.000676">
        </testcase>
        <testcase classname="tests/platform/storage/apply-settings.test.ts" name="resolvePerformanceConfig &gt; clamps duckdbWorkers below min (1) → falls back to field default 4" time="0.0006729">
        </testcase>
        <testcase classname="tests/platform/storage/apply-settings.test.ts" name="resolvePerformanceConfig &gt; clamps maxMemoryMB above max (4096) → falls back to field default 512" time="0.0005671">
        </testcase>
        <testcase classname="tests/platform/storage/apply-settings.test.ts" name="resolvePerformanceConfig &gt; clamps maxMemoryMB below min (256) → falls back to field default 512" time="0.0004392">
        </testcase>
        <testcase classname="tests/platform/storage/apply-settings.test.ts" name="resolvePerformanceConfig &gt; clamps virtualizeThreshold above max (5000) → falls back to field default 500" time="0.0004324">
        </testcase>
        <testcase classname="tests/platform/storage/apply-settings.test.ts" name="resolvePerformanceConfig &gt; clamps virtualizeThreshold below min (50) → falls back to field default 500" time="0.0006211">
        </testcase>
        <testcase classname="tests/platform/storage/apply-settings.test.ts" name="resolvePerformanceConfig &gt; returns field default for NaN duckdbWorkers" time="0.0007986">
        </testcase>
        <testcase classname="tests/platform/storage/apply-settings.test.ts" name="resolvePerformanceConfig &gt; returns field default for NaN maxMemoryMB" time="0.0005609">
        </testcase>
        <testcase classname="tests/platform/storage/apply-settings.test.ts" name="resolvePerformanceConfig &gt; returns field default for NaN virtualizeThreshold" time="0.000516">
        </testcase>
        <testcase classname="tests/platform/storage/apply-settings.test.ts" name="resolvePerformanceConfig &gt; returns field default for non-numeric string duckdbWorkers" time="0.0009646">
        </testcase>
        <testcase classname="tests/platform/storage/apply-settings.test.ts" name="resolvePerformanceConfig &gt; accepts duckdbWorkers=1 (min boundary)" time="0.0007195">
        </testcase>
        <testcase classname="tests/platform/storage/apply-settings.test.ts" name="resolvePerformanceConfig &gt; accepts duckdbWorkers=8 (max boundary)" time="0.0004442">
        </testcase>
        <testcase classname="tests/platform/storage/apply-settings.test.ts" name="resolvePerformanceConfig &gt; accepts maxMemoryMB=256 (min boundary)" time="0.0003996">
        </testcase>
        <testcase classname="tests/platform/storage/apply-settings.test.ts" name="resolvePerformanceConfig &gt; accepts maxMemoryMB=4096 (max boundary)" time="0.0003836">
        </testcase>
        <testcase classname="tests/platform/storage/apply-settings.test.ts" name="resolvePerformanceConfig &gt; accepts virtualizeThreshold=50 (min boundary)" time="0.0003559">
        </testcase>
        <testcase classname="tests/platform/storage/apply-settings.test.ts" name="resolvePerformanceConfig &gt; accepts virtualizeThreshold=5000 (max boundary)" time="0.0004921">
        </testcase>
        <testcase classname="tests/platform/storage/apply-settings.test.ts" name="resolvePerformanceConfig &gt; cacheQueries=false is preserved" time="0.0003537">
        </testcase>
        <testcase classname="tests/platform/storage/apply-settings.test.ts" name="resolvePerformanceConfig &gt; enableWASMStreaming=false is preserved" time="0.0003443">
        </testcase>
        <testcase classname="tests/platform/storage/apply-settings.test.ts" name="getRuntimePerformanceConfig &gt; returns a RuntimePerformanceConfig with valid defaults initially" time="0.0062718">
        </testcase>
        <testcase classname="tests/platform/storage/apply-settings.test.ts" name="getRuntimePerformanceConfig &gt; returns the config published by the most recent applySettings call" time="0.0021252">
        </testcase>
        <testcase classname="tests/platform/storage/apply-settings.test.ts" name="subscribePerformanceConfig &gt; calls the listener with the new config when applySettings is called" time="0.0095216">
        </testcase>
        <testcase classname="tests/platform/storage/apply-settings.test.ts" name="subscribePerformanceConfig &gt; stops calling the listener after unsubscribe" time="0.0144338">
        </testcase>
        <testcase classname="tests/platform/storage/apply-settings.test.ts" name="subscribePerformanceConfig &gt; supports multiple concurrent listeners and calls all of them" time="0.0934855">
        </testcase>
        <testcase classname="tests/platform/storage/apply-settings.test.ts" name="subscribePerformanceConfig &gt; unsubscribing one listener does not affect the other" time="0.0013348">
        </testcase>
        <testcase classname="tests/platform/storage/apply-settings.test.ts" name="subscribePerformanceConfig &gt; calling unsub twice does not throw" time="0.0005818">
        </testcase>
        <testcase classname="tests/platform/storage/apply-settings.test.ts" name="applySettings &gt; returns an AppliedSettings object containing both appearance and performance" time="0.0020999">
        </testcase>
        <testcase classname="tests/platform/storage/apply-settings.test.ts" name="applySettings &gt; applies appearance DOM effects (data-accent) as a side effect" time="0.0038885">
        </testcase>
        <testcase classname="tests/platform/storage/apply-settings.test.ts" name="applySettings &gt; updates the runtime singleton (getRuntimePerformanceConfig) as a side effect" time="0.0011462">
        </testcase>
        <testcase classname="tests/platform/storage/apply-settings.test.ts" name="applySettings &gt; handles empty appearance and performance inputs without throwing" time="0.0010209">
        </testcase>
        <testcase classname="tests/platform/storage/apply-settings.test.ts" name="applySettings &gt; returns cacheQueries=true by default in the combined call" time="0.0018214">
        </testcase>
        <testcase classname="tests/platform/storage/apply-settings.test.ts" name="applySettings &gt; propagates cacheQueries=false through the combined call" time="0.0028243">
        </testcase>
        <testcase classname="tests/platform/storage/apply-settings.test.ts" name="applySettings &gt; propagates enableWASMStreaming=false through the combined call" time="0.0017417">
        </testcase>
        <testcase classname="tests/platform/storage/apply-settings.test.ts" name="applySettings &gt; notifies subscribers from the combined call" time="0.0049478">
        </testcase>
        <testcase classname="tests/platform/storage/apply-settings.test.ts" name="applySettings &gt; sequential calls update the runtime singleton to the latest config" time="0.002032">
        </testcase>
    </testsuite>
    <testsuite name="tests/platform/storage/compression.test.ts" timestamp="2026-06-25T18:28:25.197Z" hostname="Desktop" tests="16" failures="0" errors="0" skipped="0" time="0.1668915">
        <testcase classname="tests/platform/storage/compression.test.ts" name="compress &gt; returns an ArrayBuffer" time="0.0664351">
        </testcase>
        <testcase classname="tests/platform/storage/compression.test.ts" name="compress &gt; uses the fallback (uncompressed) path when CompressionStream is undefined" time="0.0081218">
        </testcase>
        <testcase classname="tests/platform/storage/compression.test.ts" name="compress &gt; uses the fallback path when Response is undefined" time="0.0046727">
        </testcase>
        <testcase classname="tests/platform/storage/compression.test.ts" name="compress &gt; uses the fallback when both CompressionStream and Response are undefined" time="0.0006924">
        </testcase>
        <testcase classname="tests/platform/storage/compression.test.ts" name="compress &gt; compresses data with the gzip path and produces an ArrayBuffer" time="0.0072485">
        </testcase>
        <testcase classname="tests/platform/storage/compression.test.ts" name="compress &gt; handles null data on the gzip path" time="0.0093123">
        </testcase>
        <testcase classname="tests/platform/storage/compression.test.ts" name="compress &gt; handles primitive string data on the fallback path" time="0.0008608">
        </testcase>
        <testcase classname="tests/platform/storage/compression.test.ts" name="decompress &gt; decompresses a gzip-compressed buffer produced by compress()" time="0.0101157">
        </testcase>
        <testcase classname="tests/platform/storage/compression.test.ts" name="decompress &gt; uses the fallback (raw JSON) path when DecompressionStream is undefined" time="0.0011539">
        </testcase>
        <testcase classname="tests/platform/storage/compression.test.ts" name="decompress &gt; uses the fallback path when Response is undefined" time="0.0015143">
        </testcase>
        <testcase classname="tests/platform/storage/compression.test.ts" name="decompress &gt; uses the fallback path when both DecompressionStream and Response are undefined" time="0.0007112">
        </testcase>
        <testcase classname="tests/platform/storage/compression.test.ts" name="decompress &gt; falls back to raw JSON decode when the buffer is not gzip-compressed (catch path)" time="0.0195019">
        </testcase>
        <testcase classname="tests/platform/storage/compression.test.ts" name="decompress &gt; handles decompressing a null-value payload" time="0.0033353">
        </testcase>
        <testcase classname="tests/platform/storage/compression.test.ts" name="decompress &gt; handles decompressing an array payload" time="0.0035224">
        </testcase>
        <testcase classname="tests/platform/storage/compression.test.ts" name="decompress &gt; handles decompressing a primitive number payload" time="0.005172">
        </testcase>
        <testcase classname="tests/platform/storage/compression.test.ts" name="decompress &gt; catch path handles a zero-byte ArrayBuffer gracefully by throwing JSON parse error" time="0.0097348">
        </testcase>
    </testsuite>
    <testsuite name="tests/platform/storage/create-selectors.test.ts" timestamp="2026-06-25T18:28:25.199Z" hostname="Desktop" tests="18" failures="0" errors="0" skipped="0" time="0.0892885">
        <testcase classname="tests/platform/storage/create-selectors.test.ts" name="createSelectors &gt; returns the original store object (referential identity preserved)" time="0.004102">
        </testcase>
        <testcase classname="tests/platform/storage/create-selectors.test.ts" name="createSelectors &gt; attaches a .use property to the store" time="0.0007045">
        </testcase>
        <testcase classname="tests/platform/storage/create-selectors.test.ts" name="createSelectors &gt; creates a selector function for every key in the state" time="0.0006247">
        </testcase>
        <testcase classname="tests/platform/storage/create-selectors.test.ts" name="createSelectors &gt; each selector function selects the correct field when called inside a renderHook" time="0.0356762">
        </testcase>
        <testcase classname="tests/platform/storage/create-selectors.test.ts" name="createSelectors &gt; selector hook returns updated value when store state changes" time="0.0057505">
        </testcase>
        <testcase classname="tests/platform/storage/create-selectors.test.ts" name="createSelectors &gt; handles a store with a single state key" time="0.0081314">
        </testcase>
        <testcase classname="tests/platform/storage/create-selectors.test.ts" name="createSelectors &gt; handles a store with many state keys and iterates all of them" time="0.0075867">
        </testcase>
        <testcase classname="tests/platform/storage/create-selectors.test.ts" name="createSelectors &gt; handles an empty state object gracefully (no keys → no selectors)" time="0.0021783">
        </testcase>
        <testcase classname="tests/platform/storage/create-selectors.test.ts" name="createSelectors &gt; selector remains stable across multiple renders (same function reference per key)" time="0.0005317">
        </testcase>
        <testcase classname="tests/platform/storage/create-selectors.test.ts" name="createSelectors &gt; selector function calls store() with the correct sub-selector" time="0.0032686">
        </testcase>
        <testcase classname="tests/platform/storage/create-selectors.test.ts" name="useShallowSelector &gt; is exported and is a function" time="0.0005071">
        </testcase>
        <testcase classname="tests/platform/storage/create-selectors.test.ts" name="useShallowSelector &gt; wraps a selector and memoizes object slices (shallow equality)" time="0.0047738">
        </testcase>
        <testcase classname="tests/platform/storage/create-selectors.test.ts" name="useShallowSelector &gt; triggers re-render when a selected field changes" time="0.0030925">
        </testcase>
        <testcase classname="tests/platform/storage/create-selectors.test.ts" name="useShallowSelector &gt; works with array selectors" time="0.0023074">
        </testcase>
        <testcase classname="tests/platform/storage/create-selectors.test.ts" name="SELECTOR_GUIDANCE &gt; is a non-empty string" time="0.0006165">
        </testcase>
        <testcase classname="tests/platform/storage/create-selectors.test.ts" name="SELECTOR_GUIDANCE &gt; contains guidance about useStore.use.field()" time="0.000675">
        </testcase>
        <testcase classname="tests/platform/storage/create-selectors.test.ts" name="SELECTOR_GUIDANCE &gt; contains guidance about useShallowSelector" time="0.0005363">
        </testcase>
        <testcase classname="tests/platform/storage/create-selectors.test.ts" name="SELECTOR_GUIDANCE &gt; warns against bare useStore()" time="0.0002899">
        </testcase>
    </testsuite>
    <testsuite name="tests/platform/storage/drizzle-storage.test.ts" timestamp="2026-06-25T18:28:25.201Z" hostname="Desktop" tests="6" failures="0" errors="0" skipped="0" time="0.1201246">
        <testcase classname="tests/platform/storage/drizzle-storage.test.ts" name="createDrizzleStorage &gt; returns the localStorage working copy and mirrors it durably once (warm path)" time="0.0763622">
        </testcase>
        <testcase classname="tests/platform/storage/drizzle-storage.test.ts" name="createDrizzleStorage &gt; restores from drizzle and repopulates localStorage on a cold cache" time="0.006416">
        </testcase>
        <testcase classname="tests/platform/storage/drizzle-storage.test.ts" name="createDrizzleStorage &gt; returns null on a cold cache when drizzle has no row (404)" time="0.0012443">
        </testcase>
        <testcase classname="tests/platform/storage/drizzle-storage.test.ts" name="createDrizzleStorage &gt; setItem writes localStorage synchronously and PUTs to the namespaced row" time="0.0051259">
        </testcase>
        <testcase classname="tests/platform/storage/drizzle-storage.test.ts" name="createDrizzleStorage &gt; removeItem clears localStorage and DELETEs the durable row" time="0.0041938">
        </testcase>
        <testcase classname="tests/platform/storage/drizzle-storage.test.ts" name="createDrizzleStorage &gt; reports remote write failures through onError without throwing" time="0.0113181">
        </testcase>
    </testsuite>
    <testsuite name="tests/platform/storage/persist-helpers.test.ts" timestamp="2026-06-25T18:28:25.202Z" hostname="Desktop" tests="42" failures="0" errors="0" skipped="0" time="0.032503">
        <testcase classname="tests/platform/storage/persist-helpers.test.ts" name="deepMergeDefaults &gt; returns a copy of defaults when persisted is not a plain object (undefined)" time="0.0056832">
        </testcase>
        <testcase classname="tests/platform/storage/persist-helpers.test.ts" name="deepMergeDefaults &gt; returns a copy of defaults when persisted is null" time="0.0007418">
        </testcase>
        <testcase classname="tests/platform/storage/persist-helpers.test.ts" name="deepMergeDefaults &gt; returns a copy of defaults when persisted is a string" time="0.0005496">
        </testcase>
        <testcase classname="tests/platform/storage/persist-helpers.test.ts" name="deepMergeDefaults &gt; returns a copy of defaults when persisted is a number" time="0.0004344">
        </testcase>
        <testcase classname="tests/platform/storage/persist-helpers.test.ts" name="deepMergeDefaults &gt; returns a copy of defaults when persisted is a boolean" time="0.0003963">
        </testcase>
        <testcase classname="tests/platform/storage/persist-helpers.test.ts" name="deepMergeDefaults &gt; returns a copy of defaults when persisted is an Array (not plain object)" time="0.0003191">
        </testcase>
        <testcase classname="tests/platform/storage/persist-helpers.test.ts" name="deepMergeDefaults &gt; returns a copy of defaults when persisted is a class instance (not plain object)" time="0.000362">
        </testcase>
        <testcase classname="tests/platform/storage/persist-helpers.test.ts" name="deepMergeDefaults &gt; merges scalar persisted values onto defaults" time="0.0003415">
        </testcase>
        <testcase classname="tests/platform/storage/persist-helpers.test.ts" name="deepMergeDefaults &gt; skips keys where persisted value is undefined (continues)" time="0.0003133">
        </testcase>
        <testcase classname="tests/platform/storage/persist-helpers.test.ts" name="deepMergeDefaults &gt; drops keys present in persisted but absent from defaults (forward compat)" time="0.0015604">
        </testcase>
        <testcase classname="tests/platform/storage/persist-helpers.test.ts" name="deepMergeDefaults &gt; recursively merges nested plain objects" time="0.0006393">
        </testcase>
        <testcase classname="tests/platform/storage/persist-helpers.test.ts" name="deepMergeDefaults &gt; replaces default array value with persisted array (arrays are not plain objects)" time="0.0004442">
        </testcase>
        <testcase classname="tests/platform/storage/persist-helpers.test.ts" name="deepMergeDefaults &gt; replaces a default nested object with a persisted non-plain-object value" time="0.0003576">
        </testcase>
        <testcase classname="tests/platform/storage/persist-helpers.test.ts" name="deepMergeDefaults &gt; replaces a default scalar with a persisted plain object" time="0.0002594">
        </testcase>
        <testcase classname="tests/platform/storage/persist-helpers.test.ts" name="deepMergeDefaults &gt; handles deeply nested merges" time="0.0003177">
        </testcase>
        <testcase classname="tests/platform/storage/persist-helpers.test.ts" name="deepMergeDefaults &gt; handles an empty defaults object" time="0.0003906">
        </testcase>
        <testcase classname="tests/platform/storage/persist-helpers.test.ts" name="deepMergeDefaults &gt; handles an empty persisted object" time="0.0002932">
        </testcase>
        <testcase classname="tests/platform/storage/persist-helpers.test.ts" name="deepMergeDefaults &gt; handles null as a persisted nested value (replaces default nested object with null)" time="0.0002374">
        </testcase>
        <testcase classname="tests/platform/storage/persist-helpers.test.ts" name="makeDeepMergeMigrate &gt; returns a migrate function that merges persisted state onto defaults" time="0.0007026">
        </testcase>
        <testcase classname="tests/platform/storage/persist-helpers.test.ts" name="makeDeepMergeMigrate &gt; returns defaults when persisted is not a plain object (null)" time="0.0004552">
        </testcase>
        <testcase classname="tests/platform/storage/persist-helpers.test.ts" name="makeDeepMergeMigrate &gt; returns defaults when persisted is not a plain object (undefined)" time="0.0003514">
        </testcase>
        <testcase classname="tests/platform/storage/persist-helpers.test.ts" name="makeDeepMergeMigrate &gt; returns defaults when persisted is a string" time="0.0002979">
        </testcase>
        <testcase classname="tests/platform/storage/persist-helpers.test.ts" name="makeDeepMergeMigrate &gt; returns defaults when persisted is an array" time="0.0003119">
        </testcase>
        <testcase classname="tests/platform/storage/persist-helpers.test.ts" name="makeDeepMergeMigrate &gt; applies transforms for versions greater than the persisted version, in sorted order" time="0.0004351">
        </testcase>
        <testcase classname="tests/platform/storage/persist-helpers.test.ts" name="makeDeepMergeMigrate &gt; does not apply transforms for versions less than or equal to the persisted version" time="0.0005595">
        </testcase>
        <testcase classname="tests/platform/storage/persist-helpers.test.ts" name="makeDeepMergeMigrate &gt; applies only the transforms whose version number is greater than persisted version" time="0.0006382">
        </testcase>
        <testcase classname="tests/platform/storage/persist-helpers.test.ts" name="makeDeepMergeMigrate &gt; works with no transforms (undefined transforms)" time="0.0003945">
        </testcase>
        <testcase classname="tests/platform/storage/persist-helpers.test.ts" name="makeDeepMergeMigrate &gt; works with empty transforms object" time="0.0003088">
        </testcase>
        <testcase classname="tests/platform/storage/persist-helpers.test.ts" name="makeDeepMergeMigrate &gt; applies transforms in ascending numeric order even if keys are unordered" time="0.0004633">
        </testcase>
        <testcase classname="tests/platform/storage/persist-helpers.test.ts" name="makeDeepMergeMigrate &gt; passes an empty state object when persisted is not a plain object (transforms branch)" time="0.0003504">
        </testcase>
        <testcase classname="tests/platform/storage/persist-helpers.test.ts" name="pickKeys &gt; picks only the specified keys from a state object" time="0.0008831">
        </testcase>
        <testcase classname="tests/platform/storage/persist-helpers.test.ts" name="pickKeys &gt; returns an empty object when keys array is empty" time="0.0002954">
        </testcase>
        <testcase classname="tests/platform/storage/persist-helpers.test.ts" name="pickKeys &gt; returns all keys when all are specified" time="0.0003534">
        </testcase>
        <testcase classname="tests/platform/storage/persist-helpers.test.ts" name="pickKeys &gt; picks keys with various value types" time="0.0004077">
        </testcase>
        <testcase classname="tests/platform/storage/persist-helpers.test.ts" name="pickKeys &gt; picks a single key" time="0.0003072">
        </testcase>
        <testcase classname="tests/platform/storage/persist-helpers.test.ts" name="durablePersist &gt; returns name and version from opts" time="0.0004721">
        </testcase>
        <testcase classname="tests/platform/storage/persist-helpers.test.ts" name="durablePersist &gt; returns a migrate function that works correctly" time="0.0003712">
        </testcase>
        <testcase classname="tests/platform/storage/persist-helpers.test.ts" name="durablePersist &gt; returns a partialize function that picks only persistKeys" time="0.0004026">
        </testcase>
        <testcase classname="tests/platform/storage/persist-helpers.test.ts" name="durablePersist &gt; passes transforms to the migrate function" time="0.0017751">
        </testcase>
        <testcase classname="tests/platform/storage/persist-helpers.test.ts" name="durablePersist &gt; works without transforms (optional field absent)" time="0.0004383">
        </testcase>
        <testcase classname="tests/platform/storage/persist-helpers.test.ts" name="durablePersist &gt; migrate returns defaults when persisted is null" time="0.000399">
        </testcase>
        <testcase classname="tests/platform/storage/persist-helpers.test.ts" name="durablePersist &gt; partialize returns empty object when persistKeys is empty" time="0.0003236">
        </testcase>
    </testsuite>
    <testsuite name="tests/platform/storage/query-persister.test.ts" timestamp="2026-06-25T18:28:25.206Z" hostname="Desktop" tests="33" failures="0" errors="0" skipped="0" time="0.1896744">
        <testcase classname="tests/platform/storage/query-persister.test.ts" name="restoreQueryClient &gt; returns false when no snapshot exists in the DB" time="0.0097748">
        </testcase>
        <testcase classname="tests/platform/storage/query-persister.test.ts" name="restoreQueryClient &gt; returns false and does not throw when the DB get() rejects" time="0.0019222">
        </testcase>
        <testcase classname="tests/platform/storage/query-persister.test.ts" name="restoreQueryClient &gt; returns false and deletes snapshot when savedAt is too old (default 24 h)" time="0.004494">
        </testcase>
        <testcase classname="tests/platform/storage/query-persister.test.ts" name="restoreQueryClient &gt; returns false and deletes snapshot when buster does not match" time="0.0016321">
        </testcase>
        <testcase classname="tests/platform/storage/query-persister.test.ts" name="restoreQueryClient &gt; hydrates client from an uncompressed snapshot and returns true" time="0.0038425">
        </testcase>
        <testcase classname="tests/platform/storage/query-persister.test.ts" name="restoreQueryClient &gt; hydrates client from a compressed snapshot via decompress() and returns true" time="0.0022584">
        </testcase>
        <testcase classname="tests/platform/storage/query-persister.test.ts" name="restoreQueryClient &gt; returns false and deletes snapshot when decompress throws (corrupt gzip)" time="0.0021642">
        </testcase>
        <testcase classname="tests/platform/storage/query-persister.test.ts" name="restoreQueryClient &gt; returns false and deletes corrupt snapshot when uncompressed JSON is invalid" time="0.001598">
        </testcase>
        <testcase classname="tests/platform/storage/query-persister.test.ts" name="restoreQueryClient &gt; uses a custom key option when looking up the snapshot" time="0.0014002">
        </testcase>
        <testcase classname="tests/platform/storage/query-persister.test.ts" name="restoreQueryClient &gt; respects a custom maxAgeMs: rejects a 2-hour-old snapshot when maxAgeMs = 1 hour" time="0.0011727">
        </testcase>
        <testcase classname="tests/platform/storage/query-persister.test.ts" name="restoreQueryClient &gt; tolerates delete() rejection on a stale snapshot without throwing" time="0.0051652">
        </testcase>
        <testcase classname="tests/platform/storage/query-persister.test.ts" name="restoreQueryClient &gt; tolerates delete() rejection on a corrupt snapshot without throwing" time="0.0017052">
        </testcase>
        <testcase classname="tests/platform/storage/query-persister.test.ts" name="persistQueryClient &gt; subscribes to the query cache on start" time="0.0116188">
        </testcase>
        <testcase classname="tests/platform/storage/query-persister.test.ts" name="persistQueryClient &gt; the returned stop() function flushes a final snapshot" time="0.0050215">
        </testcase>
        <testcase classname="tests/platform/storage/query-persister.test.ts" name="persistQueryClient &gt; schedules a debounced write when an &apos;updated&apos; event fires" time="0.0065668">
        </testcase>
        <testcase classname="tests/platform/storage/query-persister.test.ts" name="persistQueryClient &gt; schedules a debounced write when an &apos;added&apos; event fires" time="0.0121193">
        </testcase>
        <testcase classname="tests/platform/storage/query-persister.test.ts" name="persistQueryClient &gt; schedules a debounced write when a &apos;removed&apos; event fires" time="0.0014874">
        </testcase>
        <testcase classname="tests/platform/storage/query-persister.test.ts" name="persistQueryClient &gt; does NOT schedule a write for unrecognised event types" time="0.005189">
        </testcase>
        <testcase classname="tests/platform/storage/query-persister.test.ts" name="persistQueryClient &gt; coalesces multiple rapid events into a single write within the throttle window" time="0.0039316">
        </testcase>
        <testcase classname="tests/platform/storage/query-persister.test.ts" name="persistQueryClient &gt; does not schedule a new write after stop() has been called" time="0.0169662">
        </testcase>
        <testcase classname="tests/platform/storage/query-persister.test.ts" name="persistQueryClient &gt; cancels the pending timer on stop() when a write is scheduled but not yet fired" time="0.0065845">
        </testcase>
        <testcase classname="tests/platform/storage/query-persister.test.ts" name="persistQueryClient &gt; writes uncompressed bytes when compress option is false" time="0.0106258">
        </testcase>
        <testcase classname="tests/platform/storage/query-persister.test.ts" name="persistQueryClient &gt; writes compressed bytes when compress option is true (default)" time="0.0094494">
        </testcase>
        <testcase classname="tests/platform/storage/query-persister.test.ts" name="persistQueryClient &gt; stores the custom key and buster in the persisted blob" time="0.005153">
        </testcase>
        <testcase classname="tests/platform/storage/query-persister.test.ts" name="persistQueryClient &gt; passes a custom shouldDehydrateQuery filter to dehydrate()" time="0.0062083">
        </testcase>
        <testcase classname="tests/platform/storage/query-persister.test.ts" name="persistQueryClient &gt; swallows a writeSnapshot error without propagating (best-effort design)" time="0.0076479">
        </testcase>
        <testcase classname="tests/platform/storage/query-persister.test.ts" name="persistQueryClient &gt; swallows a teardown writeSnapshot error without propagating" time="0.0124259">
        </testcase>
        <testcase classname="tests/platform/storage/query-persister.test.ts" name="clearQueryCacheSnapshot &gt; deletes a specific key when key is provided" time="0.0062508">
        </testcase>
        <testcase classname="tests/platform/storage/query-persister.test.ts" name="clearQueryCacheSnapshot &gt; clears all snapshots when no key argument is supplied" time="0.0008383">
        </testcase>
        <testcase classname="tests/platform/storage/query-persister.test.ts" name="clearQueryCacheSnapshot &gt; clears all snapshots when key is explicitly undefined" time="0.000444">
        </testcase>
        <testcase classname="tests/platform/storage/query-persister.test.ts" name="queryCacheSnapshotSize &gt; returns 0 when there are no snapshots" time="0.0058411">
        </testcase>
        <testcase classname="tests/platform/storage/query-persister.test.ts" name="queryCacheSnapshotSize &gt; sums the byteLength of all snapshot buffers" time="0.0007514">
        </testcase>
        <testcase classname="tests/platform/storage/query-persister.test.ts" name="queryCacheSnapshotSize &gt; handles a single snapshot correctly" time="0.0004804">
        </testcase>
    </testsuite>
    <testsuite name="tests/platform/storage/storage-constants.test.ts" timestamp="2026-06-25T18:28:25.210Z" hostname="Desktop" tests="6" failures="0" errors="0" skipped="0" time="0.0107488">
        <testcase classname="tests/platform/storage/storage-constants.test.ts" name="storage-constants &gt; DUCKDB_PARQUET_SUFFIX &gt; is the string &apos;.parquet&apos;" time="0.0031404">
        </testcase>
        <testcase classname="tests/platform/storage/storage-constants.test.ts" name="storage-constants &gt; DUCKDB_PARQUET_SUFFIX &gt; is a string" time="0.000424">
        </testcase>
        <testcase classname="tests/platform/storage/storage-constants.test.ts" name="storage-constants &gt; ANALYTICS_CACHE_DB &gt; is the string &apos;data-navigator-analytics-cache&apos;" time="0.0004098">
        </testcase>
        <testcase classname="tests/platform/storage/storage-constants.test.ts" name="storage-constants &gt; ANALYTICS_CACHE_DB &gt; is a string" time="0.0002781">
        </testcase>
        <testcase classname="tests/platform/storage/storage-constants.test.ts" name="storage-constants &gt; AUTH_DB_FILE &gt; is the string &apos;data-navigator-auth.sqlite&apos;" time="0.0002911">
        </testcase>
        <testcase classname="tests/platform/storage/storage-constants.test.ts" name="storage-constants &gt; AUTH_DB_FILE &gt; is a string" time="0.0002629">
        </testcase>
    </testsuite>
    <testsuite name="tests/platform/storage/storage-info.test.ts" timestamp="2026-06-25T18:28:25.211Z" hostname="Desktop" tests="27" failures="0" errors="0" skipped="0" time="0.0866124">
        <testcase classname="tests/platform/storage/storage-info.test.ts" name="estimateStorage &gt; returns supported=true with real values when navigator.storage.estimate() resolves" time="0.0073253">
        </testcase>
        <testcase classname="tests/platform/storage/storage-info.test.ts" name="estimateStorage &gt; falls back to 0/0/false when navigator.storage.estimate() rejects" time="0.0030199">
        </testcase>
        <testcase classname="tests/platform/storage/storage-info.test.ts" name="estimateStorage &gt; returns supported=false when navigator is undefined" time="0.0007011">
        </testcase>
        <testcase classname="tests/platform/storage/storage-info.test.ts" name="estimateStorage &gt; returns supported=false when navigator.storage is undefined" time="0.0006279">
        </testcase>
        <testcase classname="tests/platform/storage/storage-info.test.ts" name="estimateStorage &gt; returns supported=false when navigator.storage.estimate is not a function" time="0.0014198">
        </testcase>
        <testcase classname="tests/platform/storage/storage-info.test.ts" name="estimateStorage &gt; treats undefined usage/quota from estimate() as 0" time="0.0030233">
        </testcase>
        <testcase classname="tests/platform/storage/storage-info.test.ts" name="isStoragePersisted &gt; returns true when persisted() resolves true" time="0.0073604">
        </testcase>
        <testcase classname="tests/platform/storage/storage-info.test.ts" name="isStoragePersisted &gt; returns false when persisted() resolves false" time="0.0037868">
        </testcase>
        <testcase classname="tests/platform/storage/storage-info.test.ts" name="isStoragePersisted &gt; returns false when persisted() rejects" time="0.0011608">
        </testcase>
        <testcase classname="tests/platform/storage/storage-info.test.ts" name="isStoragePersisted &gt; returns false when navigator is undefined" time="0.0005788">
        </testcase>
        <testcase classname="tests/platform/storage/storage-info.test.ts" name="isStoragePersisted &gt; returns false when navigator.storage.persisted is not a function" time="0.0005377">
        </testcase>
        <testcase classname="tests/platform/storage/storage-info.test.ts" name="getStorageInfo &gt; returns real MB values when storage API is supported" time="0.0019971">
        </testcase>
        <testcase classname="tests/platform/storage/storage-info.test.ts" name="getStorageInfo &gt; returns pct=0 when quota is 0 to avoid division by zero" time="0.0010293">
        </testcase>
        <testcase classname="tests/platform/storage/storage-info.test.ts" name="getStorageInfo &gt; returns safe defaults when storage API is unsupported" time="0.003074">
        </testcase>
        <testcase classname="tests/platform/storage/storage-info.test.ts" name="getStorageInfo &gt; carries isPersistent=false from isStoragePersisted when unsupported" time="0.0031085">
        </testcase>
        <testcase classname="tests/platform/storage/storage-info.test.ts" name="getStorageInfo &gt; rounds usedMB and quotaMB to one decimal" time="0.00077">
        </testcase>
        <testcase classname="tests/platform/storage/storage-info.test.ts" name="requestPersistence &gt; returns true and skips persist() when already persisted" time="0.0077799">
        </testcase>
        <testcase classname="tests/platform/storage/storage-info.test.ts" name="requestPersistence &gt; calls persist() and returns its result when not yet persisted" time="0.0037278">
        </testcase>
        <testcase classname="tests/platform/storage/storage-info.test.ts" name="requestPersistence &gt; returns false when persist() returns false" time="0.0009669">
        </testcase>
        <testcase classname="tests/platform/storage/storage-info.test.ts" name="requestPersistence &gt; returns false when persist() throws" time="0.0008913">
        </testcase>
        <testcase classname="tests/platform/storage/storage-info.test.ts" name="requestPersistence &gt; returns false when navigator is undefined" time="0.0006445">
        </testcase>
        <testcase classname="tests/platform/storage/storage-info.test.ts" name="requestPersistence &gt; returns false when navigator.storage.persist is not a function" time="0.0008626">
        </testcase>
        <testcase classname="tests/platform/storage/storage-info.test.ts" name="requestPersistence &gt; calls persist() when persisted() is not a function on storage manager" time="0.0005721">
        </testcase>
        <testcase classname="tests/platform/storage/storage-info.test.ts" name="ensurePersistentStorage &gt; requests persistence and returns estimate on first call" time="0.0023121">
        </testcase>
        <testcase classname="tests/platform/storage/storage-info.test.ts" name="ensurePersistentStorage &gt; on second call (persistRequested=true) uses isStoragePersisted + estimateStorage" time="0.0037879">
        </testcase>
        <testcase classname="tests/platform/storage/storage-info.test.ts" name="ensurePersistentStorage &gt; returns persisted=false when storage API is unavailable on first call" time="0.0032346">
        </testcase>
        <testcase classname="tests/platform/storage/storage-info.test.ts" name="ensurePersistentStorage &gt; returns persisted=false on second call when storage unavailable" time="0.0022998">
        </testcase>
    </testsuite>
    <testsuite name="tests/platform/storage/store-mirror.test.ts" timestamp="2026-06-25T18:28:25.215Z" hostname="Desktop" tests="20" failures="0" errors="0" skipped="0" time="0.0575845">
        <testcase classname="tests/platform/storage/store-mirror.test.ts" name="mirrorStoreToDexie &gt; fires onChange immediately with the current state and undefined as previous" time="0.0074097">
        </testcase>
        <testcase classname="tests/platform/storage/store-mirror.test.ts" name="mirrorStoreToDexie &gt; fires onChange when the selected slice changes" time="0.0010884">
        </testcase>
        <testcase classname="tests/platform/storage/store-mirror.test.ts" name="mirrorStoreToDexie &gt; does NOT fire onChange when the selected slice value is the same (referential equality)" time="0.0009269">
        </testcase>
        <testcase classname="tests/platform/storage/store-mirror.test.ts" name="mirrorStoreToDexie &gt; correctly passes &apos;previous&apos; as the value before the change (not undefined)" time="0.0009648">
        </testcase>
        <testcase classname="tests/platform/storage/store-mirror.test.ts" name="mirrorStoreToDexie &gt; stops receiving updates after the returned unsubscribe is called" time="0.0005321">
        </testcase>
        <testcase classname="tests/platform/storage/store-mirror.test.ts" name="mirrorStoreToDexie &gt; uses a custom equals comparator when provided" time="0.000623">
        </testcase>
        <testcase classname="tests/platform/storage/store-mirror.test.ts" name="mirrorStoreToDexie &gt; handles multiple successive state changes in order" time="0.0008548">
        </testcase>
        <testcase classname="tests/platform/storage/store-mirror.test.ts" name="mirrorStoreToDexie &gt; selector can return any derived value, not just a direct property" time="0.0006489">
        </testcase>
        <testcase classname="tests/platform/storage/store-mirror.test.ts" name="runOnceBackfill (with _backfill table) &gt; runs work and inserts a guard row when no prior record exists" time="0.0163505">
        </testcase>
        <testcase classname="tests/platform/storage/store-mirror.test.ts" name="runOnceBackfill (with _backfill table) &gt; skips work when a guard row with the same version already exists" time="0.0008411">
        </testcase>
        <testcase classname="tests/platform/storage/store-mirror.test.ts" name="runOnceBackfill (with _backfill table) &gt; skips work when guard row version is higher than requested" time="0.0017904">
        </testcase>
        <testcase classname="tests/platform/storage/store-mirror.test.ts" name="runOnceBackfill (with _backfill table) &gt; re-runs work when bumping the version number beyond the stored one" time="0.0017172">
        </testcase>
        <testcase classname="tests/platform/storage/store-mirror.test.ts" name="runOnceBackfill (with _backfill table) &gt; records the ranAt timestamp at approximately the time of the call" time="0.0011591">
        </testcase>
        <testcase classname="tests/platform/storage/store-mirror.test.ts" name="runOnceBackfill (localStorage fallback) &gt; runs work and writes a guard to localStorage when no _backfill table exists" time="0.003311">
        </testcase>
        <testcase classname="tests/platform/storage/store-mirror.test.ts" name="runOnceBackfill (localStorage fallback) &gt; skips work when localStorage already has the guard at the same version" time="0.0060814">
        </testcase>
        <testcase classname="tests/platform/storage/store-mirror.test.ts" name="runOnceBackfill (localStorage fallback) &gt; skips work when localStorage guard version is higher than requested" time="0.0009552">
        </testcase>
        <testcase classname="tests/platform/storage/store-mirror.test.ts" name="runOnceBackfill (localStorage fallback) &gt; re-runs work when localStorage version is below the requested version" time="0.0010416">
        </testcase>
        <testcase classname="tests/platform/storage/store-mirror.test.ts" name="runOnceBackfill (localStorage fallback) &gt; treats a non-numeric localStorage guard as &apos;not done&apos; and re-runs work" time="0.0009147">
        </testcase>
        <testcase classname="tests/platform/storage/store-mirror.test.ts" name="runOnceBackfill (localStorage fallback) &gt; handles localStorage.getItem throwing (e.g. private browsing quota) gracefully" time="0.0021079">
        </testcase>
        <testcase classname="tests/platform/storage/store-mirror.test.ts" name="runOnceBackfill (localStorage fallback) &gt; handles localStorage.setItem throwing after work completes — still returns true" time="0.0010161">
        </testcase>
    </testsuite>
    <testsuite name="tests/platform/perf/react-scan-dev.test.ts" timestamp="2026-06-25T18:28:25.217Z" hostname="Desktop" tests="6" failures="0" errors="0" skipped="0" time="0.1067715">
        <testcase classname="tests/platform/perf/react-scan-dev.test.ts" name="initReactScanDev &gt; calls scan() with enabled:true, log:false, showToolbar:true on first call" time="0.0480371">
        </testcase>
        <testcase classname="tests/platform/perf/react-scan-dev.test.ts" name="initReactScanDev &gt; is idempotent: a second call is a no-op (started guard)" time="0.0143374">
        </testcase>
        <testcase classname="tests/platform/perf/react-scan-dev.test.ts" name="initReactScanDev &gt; is a no-op when window is undefined (SSR guard)" time="0.0165253">
        </testcase>
        <testcase classname="tests/platform/perf/react-scan-dev.test.ts" name="initReactScanDev &gt; is a no-op when NODE_ENV is production" time="0.0154186">
        </testcase>
        <testcase classname="tests/platform/perf/react-scan-dev.test.ts" name="initReactScanDev &gt; swallows import failure without throwing (catch block)" time="0.0035993">
        </testcase>
        <testcase classname="tests/platform/perf/react-scan-dev.test.ts" name="initReactScanDev &gt; runs scan() when NODE_ENV is &apos;test&apos; (not production)" time="0.0020391">
        </testcase>
    </testsuite>
    <testsuite name="tests/platform/perf/web-vitals.test.ts" timestamp="2026-06-25T18:28:25.218Z" hostname="Desktop" tests="12" failures="0" errors="0" skipped="0" time="0.1990977">
        <testcase classname="tests/platform/perf/web-vitals.test.ts" name="initWebVitals &gt; registers all five web-vitals callbacks on first call" time="0.0598258">
        </testcase>
        <testcase classname="tests/platform/perf/web-vitals.test.ts" name="initWebVitals &gt; calls prunePerfMetrics once on first call" time="0.0181751">
        </testcase>
        <testcase classname="tests/platform/perf/web-vitals.test.ts" name="initWebVitals &gt; is idempotent: a second call is a no-op (started guard)" time="0.0014539">
        </testcase>
        <testcase classname="tests/platform/perf/web-vitals.test.ts" name="initWebVitals &gt; is a no-op when window is undefined (SSR guard)" time="0.0018151">
        </testcase>
        <testcase classname="tests/platform/perf/web-vitals.test.ts" name="initWebVitals &gt; persist: records entryCount from an array of entries" time="0.0151757">
        </testcase>
        <testcase classname="tests/platform/perf/web-vitals.test.ts" name="initWebVitals &gt; persist: records entryCount 0 when entries is not an array" time="0.0127201">
        </testcase>
        <testcase classname="tests/platform/perf/web-vitals.test.ts" name="initWebVitals &gt; persist: passes the current route from window.location.pathname" time="0.0155542">
        </testcase>
        <testcase classname="tests/platform/perf/web-vitals.test.ts" name="initWebVitals &gt; persist: swallows addPerfMetric rejection without throwing" time="0.0040217">
        </testcase>
        <testcase classname="tests/platform/perf/web-vitals.test.ts" name="initWebVitals &gt; swallows prunePerfMetrics rejection without throwing" time="0.0123587">
        </testcase>
        <testcase classname="tests/platform/perf/web-vitals.test.ts" name="initWebVitals &gt; persist: passes metric id and navigationType in detail" time="0.0150996">
        </testcase>
        <testcase classname="tests/platform/perf/web-vitals.test.ts" name="initWebVitals &gt; currentRoute returns &apos;/&apos; when window.location.pathname is empty string" time="0.0148102">
        </testcase>
        <testcase classname="tests/platform/perf/web-vitals.test.ts" name="initWebVitals &gt; currentRoute returns &apos;&apos; when window.location throws" time="0.0199727">
        </testcase>
    </testsuite>
    <testsuite name="tests/platform/viz/analysis-client.test.ts" timestamp="2026-06-25T18:28:25.219Z" hostname="Desktop" tests="13" failures="0" errors="0" skipped="0" time="0.0297468">
        <testcase classname="tests/platform/viz/analysis-client.test.ts" name="getAnalysisProxy &gt; returns a Comlink proxy on the happy path (Worker available)" time="0.0054959">
        </testcase>
        <testcase classname="tests/platform/viz/analysis-client.test.ts" name="getAnalysisProxy &gt; passes type:module and name:analysis options to the Worker constructor" time="0.0051297">
        </testcase>
        <testcase classname="tests/platform/viz/analysis-client.test.ts" name="getAnalysisProxy &gt; returns the same proxy instance on repeated calls (singleton cache)" time="0.0012522">
        </testcase>
        <testcase classname="tests/platform/viz/analysis-client.test.ts" name="getAnalysisProxy &gt; returns null when Worker is undefined (SSR / Node env) and sets unavailable=true" time="0.0010727">
        </testcase>
        <testcase classname="tests/platform/viz/analysis-client.test.ts" name="getAnalysisProxy &gt; sets unavailable so subsequent calls skip construction after undefined Worker" time="0.0006687">
        </testcase>
        <testcase classname="tests/platform/viz/analysis-client.test.ts" name="getAnalysisProxy &gt; returns null when the Worker constructor throws and sets unavailable" time="0.000737">
        </testcase>
        <testcase classname="tests/platform/viz/analysis-client.test.ts" name="getAnalysisProxy &gt; sets unavailable so subsequent calls return null after a constructor throw" time="0.0007869">
        </testcase>
        <testcase classname="tests/platform/viz/analysis-client.test.ts" name="getAnalysisProxy &gt; returns null immediately on repeated calls when unavailable is already set" time="0.0006498">
        </testcase>
        <testcase classname="tests/platform/viz/analysis-client.test.ts" name="disposeAnalysisWorker &gt; calls terminate() on the live worker" time="0.0011505">
        </testcase>
        <testcase classname="tests/platform/viz/analysis-client.test.ts" name="disposeAnalysisWorker &gt; is safe to call when no worker has been created (no-op via optional chaining)" time="0.0021888">
        </testcase>
        <testcase classname="tests/platform/viz/analysis-client.test.ts" name="disposeAnalysisWorker &gt; allows a fresh proxy to be created after disposal" time="0.0018655">
        </testcase>
        <testcase classname="tests/platform/viz/analysis-client.test.ts" name="disposeAnalysisWorker &gt; clears the unavailable flag so Worker construction is retried after disposal" time="0.0009343">
        </testcase>
        <testcase classname="tests/platform/viz/analysis-client.test.ts" name="disposeAnalysisWorker &gt; resets all three singletons (worker, proxy, unavailable) to null/false" time="0.000808">
        </testcase>
    </testsuite>
    <testsuite name="tests/platform/viz/chart-client.test.ts" timestamp="2026-06-25T18:28:25.221Z" hostname="Desktop" tests="15" failures="0" errors="0" skipped="0" time="0.0394247">
        <testcase classname="tests/platform/viz/chart-client.test.ts" name="supportsOffscreenChart &gt; returns true when Worker, HTMLCanvasElement, and transferControlToOffscreen are all available" time="0.0061462">
        </testcase>
        <testcase classname="tests/platform/viz/chart-client.test.ts" name="supportsOffscreenChart &gt; returns false when Worker is undefined" time="0.001372">
        </testcase>
        <testcase classname="tests/platform/viz/chart-client.test.ts" name="supportsOffscreenChart &gt; returns false when transferControlToOffscreen is not present on HTMLCanvasElement.prototype" time="0.0011516">
        </testcase>
        <testcase classname="tests/platform/viz/chart-client.test.ts" name="supportsOffscreenChart &gt; returns false when HTMLCanvasElement is undefined" time="0.0011585">
        </testcase>
        <testcase classname="tests/platform/viz/chart-client.test.ts" name="getChartProxy &gt; returns a Comlink proxy on the happy path (Worker + OffscreenCanvas available)" time="0.002881">
        </testcase>
        <testcase classname="tests/platform/viz/chart-client.test.ts" name="getChartProxy &gt; passes type:module and name:echarts options to the Worker constructor" time="0.0059315">
        </testcase>
        <testcase classname="tests/platform/viz/chart-client.test.ts" name="getChartProxy &gt; returns the same proxy instance on repeated calls (singleton cache)" time="0.0021052">
        </testcase>
        <testcase classname="tests/platform/viz/chart-client.test.ts" name="getChartProxy &gt; returns null immediately when proxy exists and unavailable is already set" time="0.0019036">
        </testcase>
        <testcase classname="tests/platform/viz/chart-client.test.ts" name="getChartProxy &gt; returns null when Worker is undefined (SSR env) and sets unavailable=true" time="0.0017036">
        </testcase>
        <testcase classname="tests/platform/viz/chart-client.test.ts" name="getChartProxy &gt; returns null when the Worker constructor throws and sets unavailable" time="0.0016859">
        </testcase>
        <testcase classname="tests/platform/viz/chart-client.test.ts" name="getChartProxy &gt; subsequent calls return null after a constructor throw marks unavailable" time="0.001662">
        </testcase>
        <testcase classname="tests/platform/viz/chart-client.test.ts" name="getChartProxy &gt; returns null (and sets unavailable) when transferControlToOffscreen is absent" time="0.0015504">
        </testcase>
        <testcase classname="tests/platform/viz/chart-client.test.ts" name="nextChartId &gt; returns 1 on the first call after module reset" time="0.0013361">
        </testcase>
        <testcase classname="tests/platform/viz/chart-client.test.ts" name="nextChartId &gt; returns monotonically increasing IDs on successive calls" time="0.0010808">
        </testcase>
        <testcase classname="tests/platform/viz/chart-client.test.ts" name="nextChartId &gt; counter is independent per module instance (reset between test groups)" time="0.0010805">
        </testcase>
    </testsuite>
    <testsuite name="tests/platform/viz/chart-options.test.ts" timestamp="2026-06-25T18:28:25.223Z" hostname="Desktop" tests="68" failures="0" errors="0" skipped="0" time="0.0387074">
        <testcase classname="tests/platform/viz/chart-options.test.ts" name="DENSE_SERIES_FLAGS &gt; exports the expected perf flags shape" time="0.0049247">
        </testcase>
        <testcase classname="tests/platform/viz/chart-options.test.ts" name="DENSE_SERIES_FLAGS &gt; sampling is exactly the string literal &apos;lttb&apos;" time="0.000803">
        </testcase>
        <testcase classname="tests/platform/viz/chart-options.test.ts" name="buildLineOption &gt; returns a valid EChartsOption structure with defaults (no opts)" time="0.0012307">
        </testcase>
        <testcase classname="tests/platform/viz/chart-options.test.ts" name="buildLineOption &gt; omits title when opts.title is not provided (falsy branch)" time="0.0005302">
        </testcase>
        <testcase classname="tests/platform/viz/chart-options.test.ts" name="buildLineOption &gt; includes title when opts.title is provided (truthy branch)" time="0.0004853">
        </testcase>
        <testcase classname="tests/platform/viz/chart-options.test.ts" name="buildLineOption &gt; sets grid top to 32 when no title" time="0.0003778">
        </testcase>
        <testcase classname="tests/platform/viz/chart-options.test.ts" name="buildLineOption &gt; sets grid top to 56 when title is present" time="0.0003095">
        </testcase>
        <testcase classname="tests/platform/viz/chart-options.test.ts" name="buildLineOption &gt; omits legend when only one series (falsy branch)" time="0.0002568">
        </testcase>
        <testcase classname="tests/platform/viz/chart-options.test.ts" name="buildLineOption &gt; includes legend when more than one series (truthy branch)" time="0.0004304">
        </testcase>
        <testcase classname="tests/platform/viz/chart-options.test.ts" name="buildLineOption &gt; maps categories to strings for xAxis.data" time="0.0003905">
        </testcase>
        <testcase classname="tests/platform/viz/chart-options.test.ts" name="buildLineOption &gt; applies DENSE_SERIES_FLAGS to each series item" time="0.000684">
        </testcase>
        <testcase classname="tests/platform/viz/chart-options.test.ts" name="buildLineOption &gt; omits itemStyle when series has no color (falsy branch)" time="0.0003456">
        </testcase>
        <testcase classname="tests/platform/viz/chart-options.test.ts" name="buildLineOption &gt; includes itemStyle color when series color is specified (truthy branch)" time="0.0003653">
        </testcase>
        <testcase classname="tests/platform/viz/chart-options.test.ts" name="buildLineOption &gt; sets series type to &apos;line&apos; for all series" time="0.0002912">
        </testcase>
        <testcase classname="tests/platform/viz/chart-options.test.ts" name="buildLineOption &gt; handles mixed color and no-color series" time="0.0004234">
        </testcase>
        <testcase classname="tests/platform/viz/chart-options.test.ts" name="buildLineOption &gt; accepts dark option without error" time="0.0002681">
        </testcase>
        <testcase classname="tests/platform/viz/chart-options.test.ts" name="buildBarOption &gt; returns a valid EChartsOption structure with defaults" time="0.0006914">
        </testcase>
        <testcase classname="tests/platform/viz/chart-options.test.ts" name="buildBarOption &gt; omits title when opts.title is not provided (falsy branch)" time="0.0002771">
        </testcase>
        <testcase classname="tests/platform/viz/chart-options.test.ts" name="buildBarOption &gt; includes title when opts.title is provided (truthy branch)" time="0.0002699">
        </testcase>
        <testcase classname="tests/platform/viz/chart-options.test.ts" name="buildBarOption &gt; sets grid top to 32 when no title" time="0.0002949">
        </testcase>
        <testcase classname="tests/platform/viz/chart-options.test.ts" name="buildBarOption &gt; sets grid top to 56 when title is present" time="0.0002141">
        </testcase>
        <testcase classname="tests/platform/viz/chart-options.test.ts" name="buildBarOption &gt; omits legend when only one series (falsy branch)" time="0.0002001">
        </testcase>
        <testcase classname="tests/platform/viz/chart-options.test.ts" name="buildBarOption &gt; includes legend when more than one series (truthy branch)" time="0.0003222">
        </testcase>
        <testcase classname="tests/platform/viz/chart-options.test.ts" name="buildBarOption &gt; uses vertical orientation (category x, value y) by default (horizontal=falsy)" time="0.0002503">
        </testcase>
        <testcase classname="tests/platform/viz/chart-options.test.ts" name="buildBarOption &gt; uses horizontal orientation (value x, category y) when opts.horizontal=true (truthy branch)" time="0.0003121">
        </testcase>
        <testcase classname="tests/platform/viz/chart-options.test.ts" name="buildBarOption &gt; maps categories to strings for category axis data" time="0.0002912">
        </testcase>
        <testcase classname="tests/platform/viz/chart-options.test.ts" name="buildBarOption &gt; maps categories to strings in horizontal mode (category is on y-axis)" time="0.0002972">
        </testcase>
        <testcase classname="tests/platform/viz/chart-options.test.ts" name="buildBarOption &gt; omits itemStyle when series has no color (falsy branch)" time="0.0002379">
        </testcase>
        <testcase classname="tests/platform/viz/chart-options.test.ts" name="buildBarOption &gt; includes itemStyle color when series color is specified (truthy branch)" time="0.000335">
        </testcase>
        <testcase classname="tests/platform/viz/chart-options.test.ts" name="buildBarOption &gt; sets series type to &apos;bar&apos; for all series" time="0.000364">
        </testcase>
        <testcase classname="tests/platform/viz/chart-options.test.ts" name="buildBarOption &gt; handles mixed color and no-color series" time="0.0003487">
        </testcase>
        <testcase classname="tests/platform/viz/chart-options.test.ts" name="buildPieOption &gt; returns a valid EChartsOption structure with defaults" time="0.000604">
        </testcase>
        <testcase classname="tests/platform/viz/chart-options.test.ts" name="buildPieOption &gt; omits title when opts.title is not provided (falsy branch)" time="0.0002719">
        </testcase>
        <testcase classname="tests/platform/viz/chart-options.test.ts" name="buildPieOption &gt; includes title centered when opts.title is provided (truthy branch)" time="0.0002998">
        </testcase>
        <testcase classname="tests/platform/viz/chart-options.test.ts" name="buildPieOption &gt; uses full circle radius &apos;65%&apos; when donut is false/absent (falsy branch)" time="0.000227">
        </testcase>
        <testcase classname="tests/platform/viz/chart-options.test.ts" name="buildPieOption &gt; uses donut radius when opts.donut=true (truthy branch)" time="0.0002925">
        </testcase>
        <testcase classname="tests/platform/viz/chart-options.test.ts" name="buildPieOption &gt; sets correct center position regardless of donut mode" time="0.0003302">
        </testcase>
        <testcase classname="tests/platform/viz/chart-options.test.ts" name="buildPieOption &gt; includes emphasis itemStyle with shadow properties" time="0.0002836">
        </testcase>
        <testcase classname="tests/platform/viz/chart-options.test.ts" name="buildPieOption &gt; passes data through to the series" time="0.000245">
        </testcase>
        <testcase classname="tests/platform/viz/chart-options.test.ts" name="buildHeatmapOption &gt; returns a valid EChartsOption structure with defaults" time="0.000564">
        </testcase>
        <testcase classname="tests/platform/viz/chart-options.test.ts" name="buildHeatmapOption &gt; omits title when opts.title is not provided (falsy branch)" time="0.0002507">
        </testcase>
        <testcase classname="tests/platform/viz/chart-options.test.ts" name="buildHeatmapOption &gt; includes title when opts.title is provided (truthy branch)" time="0.0002723">
        </testcase>
        <testcase classname="tests/platform/viz/chart-options.test.ts" name="buildHeatmapOption &gt; sets grid top to 32 when no title" time="0.0002357">
        </testcase>
        <testcase classname="tests/platform/viz/chart-options.test.ts" name="buildHeatmapOption &gt; sets grid top to 56 when title is present" time="0.0002259">
        </testcase>
        <testcase classname="tests/platform/viz/chart-options.test.ts" name="buildHeatmapOption &gt; uses default min=-1 when opts.min is not provided (nullish coalescing falsy path)" time="0.0002359">
        </testcase>
        <testcase classname="tests/platform/viz/chart-options.test.ts" name="buildHeatmapOption &gt; uses default max=1 when opts.max is not provided (nullish coalescing falsy path)" time="0.0001981">
        </testcase>
        <testcase classname="tests/platform/viz/chart-options.test.ts" name="buildHeatmapOption &gt; uses provided min value (nullish coalescing truthy path)" time="0.0002104">
        </testcase>
        <testcase classname="tests/platform/viz/chart-options.test.ts" name="buildHeatmapOption &gt; uses provided max value (nullish coalescing truthy path)" time="0.0003547">
        </testcase>
        <testcase classname="tests/platform/viz/chart-options.test.ts" name="buildHeatmapOption &gt; uses provided min=0 (nullish coalescing: 0 is NOT nullish, truthy path)" time="0.0002171">
        </testcase>
        <testcase classname="tests/platform/viz/chart-options.test.ts" name="buildHeatmapOption &gt; uses provided max=0 (nullish coalescing: 0 is NOT nullish, truthy path)" time="0.0002">
        </testcase>
        <testcase classname="tests/platform/viz/chart-options.test.ts" name="buildHeatmapOption &gt; configures visualMap orientation and position" time="0.0003088">
        </testcase>
        <testcase classname="tests/platform/viz/chart-options.test.ts" name="buildHeatmapOption &gt; uses the correct color gradient for the visual map" time="0.0002751">
        </testcase>
        <testcase classname="tests/platform/viz/chart-options.test.ts" name="buildHeatmapOption &gt; configures xAxis and yAxis as category type with splitArea" time="0.0005127">
        </testcase>
        <testcase classname="tests/platform/viz/chart-options.test.ts" name="buildHeatmapOption &gt; passes cells data through to the heatmap series" time="0.0003626">
        </testcase>
        <testcase classname="tests/platform/viz/chart-options.test.ts" name="buildScatterOption &gt; returns a valid EChartsOption structure with defaults" time="0.0006459">
        </testcase>
        <testcase classname="tests/platform/viz/chart-options.test.ts" name="buildScatterOption &gt; omits title when opts.title is not provided (falsy branch)" time="0.0002743">
        </testcase>
        <testcase classname="tests/platform/viz/chart-options.test.ts" name="buildScatterOption &gt; includes title when opts.title is provided (truthy branch)" time="0.0002755">
        </testcase>
        <testcase classname="tests/platform/viz/chart-options.test.ts" name="buildScatterOption &gt; sets grid top to 32 when no title" time="0.0002753">
        </testcase>
        <testcase classname="tests/platform/viz/chart-options.test.ts" name="buildScatterOption &gt; sets grid top to 56 when title is present" time="0.0002611">
        </testcase>
        <testcase classname="tests/platform/viz/chart-options.test.ts" name="buildScatterOption &gt; configures both axes as value type with scale=true" time="0.0003336">
        </testcase>
        <testcase classname="tests/platform/viz/chart-options.test.ts" name="buildScatterOption &gt; includes itemStyle color when cluster has color defined (truthy branch)" time="0.0002777">
        </testcase>
        <testcase classname="tests/platform/viz/chart-options.test.ts" name="buildScatterOption &gt; omits itemStyle when cluster has no color (falsy branch)" time="0.0002863">
        </testcase>
        <testcase classname="tests/platform/viz/chart-options.test.ts" name="buildScatterOption &gt; sets symbolSize=8 and large/largeThreshold for all series" time="0.0005777">
        </testcase>
        <testcase classname="tests/platform/viz/chart-options.test.ts" name="buildScatterOption &gt; sets series type to &apos;scatter&apos; for all clusters" time="0.0002924">
        </testcase>
        <testcase classname="tests/platform/viz/chart-options.test.ts" name="buildScatterOption &gt; passes points data through to series.data" time="0.0005059">
        </testcase>
        <testcase classname="tests/platform/viz/chart-options.test.ts" name="buildScatterOption &gt; includes cluster names in series" time="0.0002826">
        </testcase>
        <testcase classname="tests/platform/viz/chart-options.test.ts" name="buildScatterOption &gt; handles a single cluster with no color" time="0.0021008">
        </testcase>
        <testcase classname="tests/platform/viz/chart-options.test.ts" name="buildScatterOption &gt; handles empty clusters array" time="0.0005973">
        </testcase>
    </testsuite>
    <testsuite name="tests/platform/viz/export-client.test.ts" timestamp="2026-06-25T18:28:25.231Z" hostname="Desktop" tests="15" failures="0" errors="0" skipped="0" time="0.0385648">
        <testcase classname="tests/platform/viz/export-client.test.ts" name="getExportProxy &gt; returns a proxy when Worker is available (happy path)" time="0.0060196">
        </testcase>
        <testcase classname="tests/platform/viz/export-client.test.ts" name="getExportProxy &gt; returns the same proxy instance on repeated calls (singleton cache)" time="0.0022184">
        </testcase>
        <testcase classname="tests/platform/viz/export-client.test.ts" name="getExportProxy &gt; returns null when Worker is undefined (SSR / Node env)" time="0.0006018">
        </testcase>
        <testcase classname="tests/platform/viz/export-client.test.ts" name="getExportProxy &gt; sets unavailable so subsequent calls skip construction after undefined Worker" time="0.0011976">
        </testcase>
        <testcase classname="tests/platform/viz/export-client.test.ts" name="getExportProxy &gt; returns null when the Worker constructor throws" time="0.0009566">
        </testcase>
        <testcase classname="tests/platform/viz/export-client.test.ts" name="getExportProxy &gt; sets unavailable so subsequent calls return null after a constructor throw" time="0.0009323">
        </testcase>
        <testcase classname="tests/platform/viz/export-client.test.ts" name="getExportProxy &gt; passes the correct worker options (type:module, name:export) to the constructor" time="0.0057054">
        </testcase>
        <testcase classname="tests/platform/viz/export-client.test.ts" name="disposeExportWorker &gt; calls terminate() on the live worker" time="0.0010625">
        </testcase>
        <testcase classname="tests/platform/viz/export-client.test.ts" name="disposeExportWorker &gt; allows a fresh proxy to be created after disposal" time="0.0020991">
        </testcase>
        <testcase classname="tests/platform/viz/export-client.test.ts" name="disposeExportWorker &gt; is safe to call when no worker has been created (no-op)" time="0.0020684">
        </testcase>
        <testcase classname="tests/platform/viz/export-client.test.ts" name="disposeExportWorker &gt; clears the unavailable flag so Worker construction is retried after disposal" time="0.000824">
        </testcase>
        <testcase classname="tests/platform/viz/export-client.test.ts" name="warmExportWorker &gt; uses requestIdleCallback when it is available" time="0.00069">
        </testcase>
        <testcase classname="tests/platform/viz/export-client.test.ts" name="warmExportWorker &gt; invokes getExportProxy when the idle callback fires" time="0.0006063">
        </testcase>
        <testcase classname="tests/platform/viz/export-client.test.ts" name="warmExportWorker &gt; falls back to setTimeout when requestIdleCallback is undefined" time="0.0015916">
        </testcase>
        <testcase classname="tests/platform/viz/export-client.test.ts" name="warmExportWorker &gt; invokes getExportProxy when the setTimeout callback fires" time="0.0051015">
        </testcase>
    </testsuite>
    <testsuite name="tests/platform/viz/layout-client.test.ts" timestamp="2026-06-25T18:28:25.233Z" hostname="Desktop" tests="12" failures="0" errors="0" skipped="0" time="0.028003">
        <testcase classname="tests/platform/viz/layout-client.test.ts" name="getLayoutProxy &gt; returns a proxy when Worker is available (happy path)" time="0.0055853">
        </testcase>
        <testcase classname="tests/platform/viz/layout-client.test.ts" name="getLayoutProxy &gt; returns the same proxy instance on repeated calls (singleton cache)" time="0.0013556">
        </testcase>
        <testcase classname="tests/platform/viz/layout-client.test.ts" name="getLayoutProxy &gt; returns null when Worker is undefined (SSR / Node env)" time="0.0004396">
        </testcase>
        <testcase classname="tests/platform/viz/layout-client.test.ts" name="getLayoutProxy &gt; sets unavailable so subsequent calls skip construction after undefined Worker" time="0.0008849">
        </testcase>
        <testcase classname="tests/platform/viz/layout-client.test.ts" name="getLayoutProxy &gt; returns null when the Worker constructor throws" time="0.00072">
        </testcase>
        <testcase classname="tests/platform/viz/layout-client.test.ts" name="getLayoutProxy &gt; sets unavailable so subsequent calls return null after a constructor throw" time="0.0006247">
        </testcase>
        <testcase classname="tests/platform/viz/layout-client.test.ts" name="getLayoutProxy &gt; passes the correct worker options (type:module, name:layout) to the constructor" time="0.0049939">
        </testcase>
        <testcase classname="tests/platform/viz/layout-client.test.ts" name="disposeLayoutWorker &gt; calls terminate() on the live worker" time="0.0010544">
        </testcase>
        <testcase classname="tests/platform/viz/layout-client.test.ts" name="disposeLayoutWorker &gt; allows a fresh proxy to be created after disposal" time="0.0018999">
        </testcase>
        <testcase classname="tests/platform/viz/layout-client.test.ts" name="disposeLayoutWorker &gt; is safe to call when no worker has been created (no-op)" time="0.001962">
        </testcase>
        <testcase classname="tests/platform/viz/layout-client.test.ts" name="disposeLayoutWorker &gt; clears the unavailable flag so Worker construction is retried after disposal" time="0.0008299">
        </testcase>
        <testcase classname="tests/platform/viz/layout-client.test.ts" name="disposeLayoutWorker &gt; sets worker and proxy to null after disposal so getLayoutProxy recreates them" time="0.0008213">
        </testcase>
    </testsuite>
    <testsuite name="tests/platform/viz/OffscreenChart.test.tsx" timestamp="2026-06-25T18:28:25.235Z" hostname="Desktop" tests="32" failures="0" errors="0" skipped="0" time="0.7235778">
        <testcase classname="tests/platform/viz/OffscreenChart.test.tsx" name="basic rendering &gt; renders a canvas element when proxy is available and option is cloneable" time="0.0914944">
        </testcase>
        <testcase classname="tests/platform/viz/OffscreenChart.test.tsx" name="basic rendering &gt; renders the fallback when proxy is null and fallback is provided" time="0.0108183">
        </testcase>
        <testcase classname="tests/platform/viz/OffscreenChart.test.tsx" name="basic rendering &gt; renders canvas even when proxy is null and no fallback is provided" time="0.0062444">
        </testcase>
        <testcase classname="tests/platform/viz/OffscreenChart.test.tsx" name="basic rendering &gt; renders JSX element as fallback when proxy is unavailable" time="0.0131994">
        </testcase>
        <testcase classname="tests/platform/viz/OffscreenChart.test.tsx" name="basic rendering &gt; renders string fallback when proxy is unavailable" time="0.005094">
        </testcase>
        <testcase classname="tests/platform/viz/OffscreenChart.test.tsx" name="canvas style and class props &gt; applies className to the canvas element" time="0.0044511">
        </testcase>
        <testcase classname="tests/platform/viz/OffscreenChart.test.tsx" name="canvas style and class props &gt; sets height as an inline style on the canvas" time="0.0062173">
        </testcase>
        <testcase classname="tests/platform/viz/OffscreenChart.test.tsx" name="canvas style and class props &gt; sets width:100% as an inline style on the canvas" time="0.0047996">
        </testcase>
        <testcase classname="tests/platform/viz/OffscreenChart.test.tsx" name="canvas style and class props &gt; renders canvas without className when className prop is omitted" time="0.0064328">
        </testcase>
        <testcase classname="tests/platform/viz/OffscreenChart.test.tsx" name="hasFunctionValue (function-in-option detection) &gt; detects a top-level function value and shows fallback" time="0.0046052">
        </testcase>
        <testcase classname="tests/platform/viz/OffscreenChart.test.tsx" name="hasFunctionValue (function-in-option detection) &gt; detects a function nested inside an array" time="0.0035813">
        </testcase>
        <testcase classname="tests/platform/viz/OffscreenChart.test.tsx" name="hasFunctionValue (function-in-option detection) &gt; detects a function nested inside an object inside an object" time="0.0039104">
        </testcase>
        <testcase classname="tests/platform/viz/OffscreenChart.test.tsx" name="hasFunctionValue (function-in-option detection) &gt; does not flag null values as function-like" time="0.0064153">
        </testcase>
        <testcase classname="tests/platform/viz/OffscreenChart.test.tsx" name="hasFunctionValue (function-in-option detection) &gt; does not flag a plain array of primitives as non-cloneable" time="0.0081715">
        </testcase>
        <testcase classname="tests/platform/viz/OffscreenChart.test.tsx" name="hasFunctionValue (function-in-option detection) &gt; stops at depth 8 — a function buried deeper than 8 levels is not detected" time="0.0151358">
        </testcase>
        <testcase classname="tests/platform/viz/OffscreenChart.test.tsx" name="hasFunctionValue (function-in-option detection) &gt; option with function but no fallback renders canvas (useFallback = false)" time="0.0055779">
        </testcase>
        <testcase classname="tests/platform/viz/OffscreenChart.test.tsx" name="mount effect — proxy.init &gt; calls proxy.init once on mount" time="0.0133011">
        </testcase>
        <testcase classname="tests/platform/viz/OffscreenChart.test.tsx" name="mount effect — proxy.init &gt; passes the chart id as a number to proxy.init" time="0.0173655">
        </testcase>
        <testcase classname="tests/platform/viz/OffscreenChart.test.tsx" name="mount effect — proxy.init &gt; passes devicePixelRatio (&gt;=1) to proxy.init" time="0.0085765">
        </testcase>
        <testcase classname="tests/platform/viz/OffscreenChart.test.tsx" name="mount effect — proxy.init &gt; passes height prop as fallback height when BoundingClientRect returns 0" time="0.024567">
        </testcase>
        <testcase classname="tests/platform/viz/OffscreenChart.test.tsx" name="mount effect — proxy.init &gt; passes the theme string to proxy.init when theme prop is provided" time="0.0301968">
        </testcase>
        <testcase classname="tests/platform/viz/OffscreenChart.test.tsx" name="mount effect — proxy.init &gt; passes undefined theme when theme prop is omitted" time="0.0064496">
        </testcase>
        <testcase classname="tests/platform/viz/OffscreenChart.test.tsx" name="mount effect — proxy.init &gt; does not call proxy.init when transferControlToOffscreen throws" time="0.0413157">
        </testcase>
        <testcase classname="tests/platform/viz/OffscreenChart.test.tsx" name="mount effect — proxy.init &gt; does not call proxy.init when getChartProxy returns null" time="0.0378161">
        </testcase>
        <testcase classname="tests/platform/viz/OffscreenChart.test.tsx" name="setOption effect on option change &gt; calls proxy.setOption when option prop changes after successful transfer" time="0.0317821">
        </testcase>
        <testcase classname="tests/platform/viz/OffscreenChart.test.tsx" name="setOption effect on option change &gt; does not call proxy.setOption when transfer never happened (init threw)" time="0.0382731">
        </testcase>
        <testcase classname="tests/platform/viz/OffscreenChart.test.tsx" name="pointer event forwarding &gt; forwards pointermove to proxy.showTip" time="0.0496424">
        </testcase>
        <testcase classname="tests/platform/viz/OffscreenChart.test.tsx" name="pointer event forwarding &gt; forwards pointerleave to proxy.hideTip" time="0.0270629">
        </testcase>
        <testcase classname="tests/platform/viz/OffscreenChart.test.tsx" name="ResizeObserver integration &gt; calls proxy.resize when the ResizeObserver fires an entry" time="0.0685014">
        </testcase>
        <testcase classname="tests/platform/viz/OffscreenChart.test.tsx" name="ResizeObserver integration &gt; calls ro.observe on the canvas element" time="0.0392096">
        </testcase>
        <testcase classname="tests/platform/viz/OffscreenChart.test.tsx" name="unmount disposal (deferred) &gt; schedules proxy.dispose via setTimeout and runs it after the timer fires" time="0.0322467">
        </testcase>
        <testcase classname="tests/platform/viz/OffscreenChart.test.tsx" name="unmount disposal (deferred) &gt; passes the correct chart id to proxy.dispose" time="0.0486306">
        </testcase>
    </testsuite>
    <testsuite name="tests/platform/viz/parse-client.test.ts" timestamp="2026-06-25T18:28:25.239Z" hostname="Desktop" tests="13" failures="0" errors="0" skipped="0" time="0.029707">
        <testcase classname="tests/platform/viz/parse-client.test.ts" name="getParseProxy &gt; returns a proxy when Worker is available (happy path)" time="0.0054681">
        </testcase>
        <testcase classname="tests/platform/viz/parse-client.test.ts" name="getParseProxy &gt; returns the same proxy instance on repeated calls (singleton cache)" time="0.0015189">
        </testcase>
        <testcase classname="tests/platform/viz/parse-client.test.ts" name="getParseProxy &gt; returns null when Worker is undefined (SSR / Node env) and sets unavailable" time="0.0009605">
        </testcase>
        <testcase classname="tests/platform/viz/parse-client.test.ts" name="getParseProxy &gt; returns null on subsequent calls when unavailable was set due to missing Worker" time="0.0006138">
        </testcase>
        <testcase classname="tests/platform/viz/parse-client.test.ts" name="getParseProxy &gt; returns null when the Worker constructor throws and sets unavailable" time="0.0007876">
        </testcase>
        <testcase classname="tests/platform/viz/parse-client.test.ts" name="getParseProxy &gt; returns null on subsequent calls after a constructor throw marks unavailable" time="0.000648">
        </testcase>
        <testcase classname="tests/platform/viz/parse-client.test.ts" name="getParseProxy &gt; passes the correct worker options (type:module, name:parse) to the constructor" time="0.0052153">
        </testcase>
        <testcase classname="tests/platform/viz/parse-client.test.ts" name="getParseProxy &gt; passes Comlink.wrap the constructed worker instance" time="0.0009414">
        </testcase>
        <testcase classname="tests/platform/viz/parse-client.test.ts" name="disposeParseWorker &gt; calls terminate() on the live worker" time="0.0010464">
        </testcase>
        <testcase classname="tests/platform/viz/parse-client.test.ts" name="disposeParseWorker &gt; is safe to call when no worker has been created (no-op)" time="0.0021081">
        </testcase>
        <testcase classname="tests/platform/viz/parse-client.test.ts" name="disposeParseWorker &gt; allows a fresh proxy to be created after disposal" time="0.0018152">
        </testcase>
        <testcase classname="tests/platform/viz/parse-client.test.ts" name="disposeParseWorker &gt; clears the unavailable flag so Worker construction is retried after disposal" time="0.0008054">
        </testcase>
        <testcase classname="tests/platform/viz/parse-client.test.ts" name="disposeParseWorker &gt; resets proxy to null so that getParseProxy creates a new one after dispose" time="0.0007302">
        </testcase>
    </testsuite>
    <testsuite name="tests/platform/viz/save-bytes.test.ts" timestamp="2026-06-25T18:28:25.241Z" hostname="Desktop" tests="13" failures="0" errors="0" skipped="0" time="0.037986">
        <testcase classname="tests/platform/viz/save-bytes.test.ts" name="saveBytes — Electron path (hasElectronFS = true) &gt; returns { saved: false } when the user cancels the save dialog" time="0.0082667">
        </testcase>
        <testcase classname="tests/platform/viz/save-bytes.test.ts" name="saveBytes — Electron path (hasElectronFS = true) &gt; returns { saved: true, path } and writes the file when dialog succeeds" time="0.0035255">
        </testcase>
        <testcase classname="tests/platform/viz/save-bytes.test.ts" name="saveBytes — Electron path (hasElectronFS = true) &gt; passes the correct defaultPath and pdf filter to saveFileDialog" time="0.0020693">
        </testcase>
        <testcase classname="tests/platform/viz/save-bytes.test.ts" name="saveBytes — Electron path (hasElectronFS = true) &gt; uses the correct xlsx filter for kind=xlsx" time="0.0010917">
        </testcase>
        <testcase classname="tests/platform/viz/save-bytes.test.ts" name="saveBytes — Electron path (hasElectronFS = true) &gt; uses the correct docx filter for kind=docx" time="0.0009713">
        </testcase>
        <testcase classname="tests/platform/viz/save-bytes.test.ts" name="saveBytes — Electron path (hasElectronFS = true) &gt; uses the correct pptx filter for kind=pptx" time="0.0013435">
        </testcase>
        <testcase classname="tests/platform/viz/save-bytes.test.ts" name="saveBytes — Browser fallback path (hasElectronFS = false) &gt; returns { saved: true } without a path when falling back to browser download" time="0.0033692">
        </testcase>
        <testcase classname="tests/platform/viz/save-bytes.test.ts" name="saveBytes — Browser fallback path (hasElectronFS = false) &gt; creates a blob URL, sets href and download, clicks the anchor, then revokes the URL" time="0.0020901">
        </testcase>
        <testcase classname="tests/platform/viz/save-bytes.test.ts" name="saveBytes — Browser fallback path (hasElectronFS = false) &gt; creates a blob with the correct MIME type for pdf" time="0.0021624">
        </testcase>
        <testcase classname="tests/platform/viz/save-bytes.test.ts" name="saveBytes — Browser fallback path (hasElectronFS = false) &gt; creates a blob with the correct MIME type for xlsx" time="0.0015568">
        </testcase>
        <testcase classname="tests/platform/viz/save-bytes.test.ts" name="saveBytes — Browser fallback path (hasElectronFS = false) &gt; creates a blob with the correct MIME type for docx" time="0.0016464">
        </testcase>
        <testcase classname="tests/platform/viz/save-bytes.test.ts" name="saveBytes — Browser fallback path (hasElectronFS = false) &gt; creates a blob with the correct MIME type for pptx" time="0.0014713">
        </testcase>
        <testcase classname="tests/platform/viz/save-bytes.test.ts" name="saveBytes — Browser fallback path (hasElectronFS = false) &gt; does not call saveFileDialog or writeLocalFile in browser fallback path" time="0.0011081">
        </testcase>
    </testsuite>
    <testsuite name="tests/platform/viz/seeded-rng.test.ts" timestamp="2026-06-25T18:28:25.243Z" hostname="Desktop" tests="24" failures="0" errors="0" skipped="0" time="0.098432">
        <testcase classname="tests/platform/viz/seeded-rng.test.ts" name="DEFAULT_SEED &gt; exports the value 42" time="0.0051564">
        </testcase>
        <testcase classname="tests/platform/viz/seeded-rng.test.ts" name="mulberry32 &gt; returns a function when called with a seed" time="0.0008081">
        </testcase>
        <testcase classname="tests/platform/viz/seeded-rng.test.ts" name="mulberry32 &gt; produces floats in [0, 1)" time="0.0136411">
        </testcase>
        <testcase classname="tests/platform/viz/seeded-rng.test.ts" name="mulberry32 &gt; is deterministic: same seed produces identical sequence" time="0.0042167">
        </testcase>
        <testcase classname="tests/platform/viz/seeded-rng.test.ts" name="mulberry32 &gt; produces different sequences for different seeds" time="0.0041678">
        </testcase>
        <testcase classname="tests/platform/viz/seeded-rng.test.ts" name="mulberry32 &gt; produces a known first value for seed 0 (regression guard)" time="0.0006976">
        </testcase>
        <testcase classname="tests/platform/viz/seeded-rng.test.ts" name="mulberry32 &gt; treats seed as a 32-bit unsigned integer (large seed)" time="0.0004507">
        </testcase>
        <testcase classname="tests/platform/viz/seeded-rng.test.ts" name="mulberry32 &gt; produces multiple distinct values across successive calls (not stuck)" time="0.0037471">
        </testcase>
        <testcase classname="tests/platform/viz/seeded-rng.test.ts" name="randInt &gt; returns an integer in [0, n)" time="0.0063003">
        </testcase>
        <testcase classname="tests/platform/viz/seeded-rng.test.ts" name="randInt &gt; always returns 0 when n = 1" time="0.001566">
        </testcase>
        <testcase classname="tests/platform/viz/seeded-rng.test.ts" name="randInt &gt; is deterministic given a seeded rand function" time="0.0050804">
        </testcase>
        <testcase classname="tests/platform/viz/seeded-rng.test.ts" name="randInt &gt; distributes across the full range for a large n" time="0.0036297">
        </testcase>
        <testcase classname="tests/platform/viz/seeded-rng.test.ts" name="reservoirSampleIndices &gt; returns all indices [0..n-1] when k &gt;= n (early-return branch)" time="0.0013568">
        </testcase>
        <testcase classname="tests/platform/viz/seeded-rng.test.ts" name="reservoirSampleIndices &gt; returns all indices when k &gt; n (early-return branch, k exceeds n)" time="0.0034685">
        </testcase>
        <testcase classname="tests/platform/viz/seeded-rng.test.ts" name="reservoirSampleIndices &gt; returns k indices when k &lt; n (normal sampling path)" time="0.012036">
        </testcase>
        <testcase classname="tests/platform/viz/seeded-rng.test.ts" name="reservoirSampleIndices &gt; returns indices all in [0, n) when sampling" time="0.0019675">
        </testcase>
        <testcase classname="tests/platform/viz/seeded-rng.test.ts" name="reservoirSampleIndices &gt; returns unique indices when sampling" time="0.0009297">
        </testcase>
        <testcase classname="tests/platform/viz/seeded-rng.test.ts" name="reservoirSampleIndices &gt; uses DEFAULT_SEED when no seed is provided" time="0.0034016">
        </testcase>
        <testcase classname="tests/platform/viz/seeded-rng.test.ts" name="reservoirSampleIndices &gt; is deterministic: same (n, k, seed) always produces same result" time="0.0005935">
        </testcase>
        <testcase classname="tests/platform/viz/seeded-rng.test.ts" name="reservoirSampleIndices &gt; produces different results for different seeds" time="0.0009823">
        </testcase>
        <testcase classname="tests/platform/viz/seeded-rng.test.ts" name="reservoirSampleIndices &gt; exercises the j &lt; k branch by checking final sample with k=1" time="0.0005238">
        </testcase>
        <testcase classname="tests/platform/viz/seeded-rng.test.ts" name="reservoirSampleIndices &gt; handles n=1, k=0 — returns empty array (k &lt; n, k=0 edge)" time="0.0002523">
        </testcase>
        <testcase classname="tests/platform/viz/seeded-rng.test.ts" name="reservoirSampleIndices &gt; handles n=2, k=1 — exercises the loop once with potential swap" time="0.0003607">
        </testcase>
        <testcase classname="tests/platform/viz/seeded-rng.test.ts" name="reservoirSampleIndices &gt; exercises j &gt;= k branch (no swap) across many iterations" time="0.0022974">
        </testcase>
    </testsuite>
    <testsuite name="tests/platform/viz/stats-core.test.ts" timestamp="2026-06-25T18:28:25.247Z" hostname="Desktop" tests="62" failures="0" errors="0" skipped="0" time="0.0444545">
        <testcase classname="tests/platform/viz/stats-core.test.ts" name="logGamma &gt; returns ~0 for gamma(1) (== ln(0!) == 0)" time="0.0036377">
        </testcase>
        <testcase classname="tests/platform/viz/stats-core.test.ts" name="logGamma &gt; returns exactly 0 for gamma(2) (== ln(1!) == 0)" time="0.0005343">
        </testcase>
        <testcase classname="tests/platform/viz/stats-core.test.ts" name="logGamma &gt; matches the factorial identity ln((n-1)!) for an integer" time="0.0004333">
        </testcase>
        <testcase classname="tests/platform/viz/stats-core.test.ts" name="logGamma &gt; matches gamma(1/2) == sqrt(pi) via the half-integer value" time="0.000534">
        </testcase>
        <testcase classname="tests/platform/viz/stats-core.test.ts" name="logGamma &gt; uses the reflection formula for x &lt; 0.5 and stays finite" time="0.000626">
        </testcase>
        <testcase classname="tests/platform/viz/stats-core.test.ts" name="logGamma &gt; matches the reflection identity logGamma(x)+logGamma(1-x) == ln(pi/sin(pi x))" time="0.0003331">
        </testcase>
        <testcase classname="tests/platform/viz/stats-core.test.ts" name="incompleteBeta &gt; clamps to 0 for x &lt;= 0 (boundary and below)" time="0.0007118">
        </testcase>
        <testcase classname="tests/platform/viz/stats-core.test.ts" name="incompleteBeta &gt; clamps to 1 for x &gt;= 1 (boundary and above)" time="0.000406">
        </testcase>
        <testcase classname="tests/platform/viz/stats-core.test.ts" name="incompleteBeta &gt; equals x for the uniform case I_x(1,1) == x (no reflection branch)" time="0.0004899">
        </testcase>
        <testcase classname="tests/platform/viz/stats-core.test.ts" name="incompleteBeta &gt; uses the reflection branch for large x and stays consistent with x" time="0.000463">
        </testcase>
        <testcase classname="tests/platform/viz/stats-core.test.ts" name="incompleteBeta &gt; matches a known table value I_0.3(2,3) ~= 0.3483" time="0.0006903">
        </testcase>
        <testcase classname="tests/platform/viz/stats-core.test.ts" name="incompleteBeta &gt; is symmetric: I_x(a,b) == 1 - I_(1-x)(b,a)" time="0.000422">
        </testcase>
        <testcase classname="tests/platform/viz/stats-core.test.ts" name="incompleteBeta &gt; returns the regularized value in [0,1] for a mid-range input" time="0.0006637">
        </testcase>
        <testcase classname="tests/platform/viz/stats-core.test.ts" name="studentTPValue &gt; returns 1 for a zero t-statistic (perfectly central)" time="0.0005824">
        </testcase>
        <testcase classname="tests/platform/viz/stats-core.test.ts" name="studentTPValue &gt; matches the two-sided p-value for the 95% critical t (~0.05)" time="0.0008477">
        </testcase>
        <testcase classname="tests/platform/viz/stats-core.test.ts" name="studentTPValue &gt; is symmetric in the sign of t" time="0.0004381">
        </testcase>
        <testcase classname="tests/platform/viz/stats-core.test.ts" name="studentTPValue &gt; shrinks toward 0 as |t| grows" time="0.0005289">
        </testcase>
        <testcase classname="tests/platform/viz/stats-core.test.ts" name="studentTPValue &gt; returns 1 for a non-finite t (NaN guard)" time="0.000318">
        </testcase>
        <testcase classname="tests/platform/viz/stats-core.test.ts" name="studentTPValue &gt; returns 1 for an infinite t because of the finite-only guard" time="0.0002406">
        </testcase>
        <testcase classname="tests/platform/viz/stats-core.test.ts" name="studentTPValue &gt; returns 1 for non-positive degrees of freedom" time="0.000229">
        </testcase>
        <testcase classname="tests/platform/viz/stats-core.test.ts" name="studentTPValue &gt; never returns a value outside [0,1]" time="0.0029306">
        </testcase>
        <testcase classname="tests/platform/viz/stats-core.test.ts" name="studentTQuantile &gt; returns -Infinity for p &lt;= 0 (boundary and below)" time="0.0006463">
        </testcase>
        <testcase classname="tests/platform/viz/stats-core.test.ts" name="studentTQuantile &gt; returns +Infinity for p &gt;= 1 (boundary and above)" time="0.0003507">
        </testcase>
        <testcase classname="tests/platform/viz/stats-core.test.ts" name="studentTQuantile &gt; returns NaN for non-positive degrees of freedom" time="0.0004053">
        </testcase>
        <testcase classname="tests/platform/viz/stats-core.test.ts" name="studentTQuantile &gt; returns ~0 at the median (p = 0.5)" time="0.0016929">
        </testcase>
        <testcase classname="tests/platform/viz/stats-core.test.ts" name="studentTQuantile &gt; matches the 97.5% critical value t_{0.975,10} ~= 2.228" time="0.0007491">
        </testcase>
        <testcase classname="tests/platform/viz/stats-core.test.ts" name="studentTQuantile &gt; matches the 97.5% critical value for large df approaching the normal 1.96" time="0.0005996">
        </testcase>
        <testcase classname="tests/platform/viz/stats-core.test.ts" name="studentTQuantile &gt; is antisymmetric: q(p) == -q(1-p)" time="0.0009812">
        </testcase>
        <testcase classname="tests/platform/viz/stats-core.test.ts" name="studentTQuantile &gt; round-trips against studentTPValue for a critical value" time="0.0005563">
        </testcase>
        <testcase classname="tests/platform/viz/stats-core.test.ts" name="studentTQuantile &gt; is monotonically increasing in p" time="0.0021522">
        </testcase>
        <testcase classname="tests/platform/viz/stats-core.test.ts" name="normalCdf &gt; returns ~0.5 at z = 0" time="0.0005574">
        </testcase>
        <testcase classname="tests/platform/viz/stats-core.test.ts" name="normalCdf &gt; matches Phi(1.96) ~= 0.975" time="0.0002938">
        </testcase>
        <testcase classname="tests/platform/viz/stats-core.test.ts" name="normalCdf &gt; matches Phi(-1.96) ~= 0.025" time="0.0002962">
        </testcase>
        <testcase classname="tests/platform/viz/stats-core.test.ts" name="normalCdf &gt; is symmetric: Phi(z) + Phi(-z) == 1" time="0.0002407">
        </testcase>
        <testcase classname="tests/platform/viz/stats-core.test.ts" name="normalCdf &gt; approaches 1 in the far-right tail and 0 in the far-left tail" time="0.0002731">
        </testcase>
        <testcase classname="tests/platform/viz/stats-core.test.ts" name="normalCdf &gt; is monotonically increasing" time="0.0002729">
        </testcase>
        <testcase classname="tests/platform/viz/stats-core.test.ts" name="erf &gt; returns ~0 at x = 0" time="0.0002684">
        </testcase>
        <testcase classname="tests/platform/viz/stats-core.test.ts" name="erf &gt; matches erf(1) ~= 0.8427" time="0.0001852">
        </testcase>
        <testcase classname="tests/platform/viz/stats-core.test.ts" name="erf &gt; is an odd function: erf(-x) == -erf(x)" time="0.0002303">
        </testcase>
        <testcase classname="tests/platform/viz/stats-core.test.ts" name="erf &gt; saturates toward +/-1 in the tails" time="0.0003787">
        </testcase>
        <testcase classname="tests/platform/viz/stats-core.test.ts" name="erf &gt; stays within (-1, 1) for finite inputs" time="0.0008587">
        </testcase>
        <testcase classname="tests/platform/viz/stats-core.test.ts" name="mean &gt; returns 0 for an empty array (degenerate guard)" time="0.0003391">
        </testcase>
        <testcase classname="tests/platform/viz/stats-core.test.ts" name="mean &gt; averages a simple sequence" time="0.0002556">
        </testcase>
        <testcase classname="tests/platform/viz/stats-core.test.ts" name="mean &gt; handles negatives that cancel to zero" time="0.000217">
        </testcase>
        <testcase classname="tests/platform/viz/stats-core.test.ts" name="mean &gt; returns the single value for a one-element array" time="0.0002217">
        </testcase>
        <testcase classname="tests/platform/viz/stats-core.test.ts" name="mean &gt; propagates NaN when an element is NaN" time="0.0002704">
        </testcase>
        <testcase classname="tests/platform/viz/stats-core.test.ts" name="sampleVariance &gt; returns 0 for an empty array" time="0.0004688">
        </testcase>
        <testcase classname="tests/platform/viz/stats-core.test.ts" name="sampleVariance &gt; returns 0 for a single element (n &lt; 2 guard)" time="0.0002759">
        </testcase>
        <testcase classname="tests/platform/viz/stats-core.test.ts" name="sampleVariance &gt; returns 0 for identical values (no spread)" time="0.0002156">
        </testcase>
        <testcase classname="tests/platform/viz/stats-core.test.ts" name="sampleVariance &gt; uses the n-1 (Bessel-corrected) denominator" time="0.0002059">
        </testcase>
        <testcase classname="tests/platform/viz/stats-core.test.ts" name="sampleVariance &gt; computes a simple two-point variance with n-1" time="0.0001948">
        </testcase>
        <testcase classname="tests/platform/viz/stats-core.test.ts" name="median &gt; returns 0 for an empty array (degenerate guard)" time="0.0004395">
        </testcase>
        <testcase classname="tests/platform/viz/stats-core.test.ts" name="median &gt; returns the middle element for odd length (unsorted input)" time="0.00033">
        </testcase>
        <testcase classname="tests/platform/viz/stats-core.test.ts" name="median &gt; averages the two middle elements for even length" time="0.0002803">
        </testcase>
        <testcase classname="tests/platform/viz/stats-core.test.ts" name="median &gt; returns the single value for a one-element array" time="0.0003266">
        </testcase>
        <testcase classname="tests/platform/viz/stats-core.test.ts" name="median &gt; does not mutate the caller&apos;s array (sorts a copy)" time="0.0018085">
        </testcase>
        <testcase classname="tests/platform/viz/stats-core.test.ts" name="median &gt; sorts numerically, not lexicographically" time="0.000324">
        </testcase>
        <testcase classname="tests/platform/viz/stats-core.test.ts" name="medianAbsoluteDeviation &gt; returns 0 for an empty array (degenerate guard)" time="0.0004037">
        </testcase>
        <testcase classname="tests/platform/viz/stats-core.test.ts" name="medianAbsoluteDeviation &gt; returns 0 for identical values (no deviation)" time="0.0006998">
        </testcase>
        <testcase classname="tests/platform/viz/stats-core.test.ts" name="medianAbsoluteDeviation &gt; scales the raw MAD by the default normal-consistency factor 1.4826" time="0.000269">
        </testcase>
        <testcase classname="tests/platform/viz/stats-core.test.ts" name="medianAbsoluteDeviation &gt; honors a custom scale of 1 (raw MAD)" time="0.0002568">
        </testcase>
        <testcase classname="tests/platform/viz/stats-core.test.ts" name="medianAbsoluteDeviation &gt; is robust to a single extreme outlier" time="0.0003454">
        </testcase>
    </testsuite>
    <testsuite name="tests/platform/viz/uplot-config.test.ts" timestamp="2026-06-25T18:28:25.255Z" hostname="Desktop" tests="47" failures="0" errors="0" skipped="0" time="0.0327351">
        <testcase classname="tests/platform/viz/uplot-config.test.ts" name="msToSeconds &gt; returns an empty Float64Array for an empty input" time="0.0040817">
        </testcase>
        <testcase classname="tests/platform/viz/uplot-config.test.ts" name="msToSeconds &gt; converts a single millisecond value to seconds" time="0.0006081">
        </testcase>
        <testcase classname="tests/platform/viz/uplot-config.test.ts" name="msToSeconds &gt; converts multiple millisecond values to seconds" time="0.0005834">
        </testcase>
        <testcase classname="tests/platform/viz/uplot-config.test.ts" name="msToSeconds &gt; handles non-integer millisecond values" time="0.000542">
        </testcase>
        <testcase classname="tests/platform/viz/uplot-config.test.ts" name="msToSeconds &gt; accepts a Float64Array as input (ArrayLike&lt;number&gt;)" time="0.0004952">
        </testcase>
        <testcase classname="tests/platform/viz/uplot-config.test.ts" name="msToSeconds &gt; preserves length from input array" time="0.000288">
        </testcase>
        <testcase classname="tests/platform/viz/uplot-config.test.ts" name="buildTimeSeriesOptions &gt; returns an options object with the given width and height" time="0.0008485">
        </testcase>
        <testcase classname="tests/platform/viz/uplot-config.test.ts" name="buildTimeSeriesOptions &gt; sets default axisColor to #9ca3af when opts.axisColor is not provided (nullish coalescing false path)" time="0.0005374">
        </testcase>
        <testcase classname="tests/platform/viz/uplot-config.test.ts" name="buildTimeSeriesOptions &gt; uses provided axisColor when opts.axisColor is supplied (nullish coalescing true path)" time="0.0005362">
        </testcase>
        <testcase classname="tests/platform/viz/uplot-config.test.ts" name="buildTimeSeriesOptions &gt; defaults time scale to true when opts.time is not provided (nullish coalescing false path)" time="0.0002741">
        </testcase>
        <testcase classname="tests/platform/viz/uplot-config.test.ts" name="buildTimeSeriesOptions &gt; sets time scale to false when opts.time=false (nullish coalescing true path)" time="0.0002994">
        </testcase>
        <testcase classname="tests/platform/viz/uplot-config.test.ts" name="buildTimeSeriesOptions &gt; sets time scale to true when opts.time=true explicitly" time="0.0002618">
        </testcase>
        <testcase classname="tests/platform/viz/uplot-config.test.ts" name="buildTimeSeriesOptions &gt; sets y scale auto=true" time="0.0002271">
        </testcase>
        <testcase classname="tests/platform/viz/uplot-config.test.ts" name="buildTimeSeriesOptions &gt; prefixes series array with an empty object for the x series" time="0.0016581">
        </testcase>
        <testcase classname="tests/platform/viz/uplot-config.test.ts" name="buildTimeSeriesOptions &gt; maps series labels and strokes correctly" time="0.0005908">
        </testcase>
        <testcase classname="tests/platform/viz/uplot-config.test.ts" name="buildTimeSeriesOptions &gt; defaults series width to 1 when not provided (nullish coalescing false path)" time="0.0002909">
        </testcase>
        <testcase classname="tests/platform/viz/uplot-config.test.ts" name="buildTimeSeriesOptions &gt; uses provided series width when specified (nullish coalescing true path)" time="0.0002731">
        </testcase>
        <testcase classname="tests/platform/viz/uplot-config.test.ts" name="buildTimeSeriesOptions &gt; includes fill when series.fill is provided" time="0.0002339">
        </testcase>
        <testcase classname="tests/platform/viz/uplot-config.test.ts" name="buildTimeSeriesOptions &gt; sets points.show to false for every series entry" time="0.0002636">
        </testcase>
        <testcase classname="tests/platform/viz/uplot-config.test.ts" name="buildTimeSeriesOptions &gt; sets legend.show to false when series has exactly 1 item (length &gt; 1 is false)" time="0.0001901">
        </testcase>
        <testcase classname="tests/platform/viz/uplot-config.test.ts" name="buildTimeSeriesOptions &gt; sets legend.show to true when series has more than 1 item (length &gt; 1 is true)" time="0.0005232">
        </testcase>
        <testcase classname="tests/platform/viz/uplot-config.test.ts" name="buildTimeSeriesOptions &gt; defaults cursor drag x to true when opts.dragX is not provided (nullish coalescing false path)" time="0.0003611">
        </testcase>
        <testcase classname="tests/platform/viz/uplot-config.test.ts" name="buildTimeSeriesOptions &gt; sets cursor drag x to false when opts.dragX=false (nullish coalescing true path)" time="0.0002537">
        </testcase>
        <testcase classname="tests/platform/viz/uplot-config.test.ts" name="buildTimeSeriesOptions &gt; sets cursor drag x to true when opts.dragX=true explicitly" time="0.0007321">
        </testcase>
        <testcase classname="tests/platform/viz/uplot-config.test.ts" name="buildTimeSeriesOptions &gt; handles an empty series array (legend.show=false, series=[{}])" time="0.002445">
        </testcase>
        <testcase classname="tests/platform/viz/uplot-config.test.ts" name="buildTimeSeriesOptions &gt; accepts empty opts object without error" time="0.0004937">
        </testcase>
        <testcase classname="tests/platform/viz/uplot-config.test.ts" name="buildTimeSeriesOptions &gt; handles multiple series building all entries" time="0.000547">
        </testcase>
        <testcase classname="tests/platform/viz/uplot-config.test.ts" name="buildSparklineOptions &gt; returns an options object with the given width and height" time="0.0005512">
        </testcase>
        <testcase classname="tests/platform/viz/uplot-config.test.ts" name="buildSparklineOptions &gt; uses default stroke &apos;#6366f1&apos; when stroke is not provided" time="0.000418">
        </testcase>
        <testcase classname="tests/platform/viz/uplot-config.test.ts" name="buildSparklineOptions &gt; uses provided stroke when supplied" time="0.0002859">
        </testcase>
        <testcase classname="tests/platform/viz/uplot-config.test.ts" name="buildSparklineOptions &gt; uses default fill &apos;rgba(99,102,241,0.12)&apos; when fill is not provided" time="0.0002499">
        </testcase>
        <testcase classname="tests/platform/viz/uplot-config.test.ts" name="buildSparklineOptions &gt; uses provided fill when supplied" time="0.000245">
        </testcase>
        <testcase classname="tests/platform/viz/uplot-config.test.ts" name="buildSparklineOptions &gt; sets time scale to false" time="0.0002245">
        </testcase>
        <testcase classname="tests/platform/viz/uplot-config.test.ts" name="buildSparklineOptions &gt; sets y scale auto=true" time="0.0002572">
        </testcase>
        <testcase classname="tests/platform/viz/uplot-config.test.ts" name="buildSparklineOptions &gt; sets series width to 1" time="0.0002033">
        </testcase>
        <testcase classname="tests/platform/viz/uplot-config.test.ts" name="buildSparklineOptions &gt; sets points.show to false for the data series" time="0.0005814">
        </testcase>
        <testcase classname="tests/platform/viz/uplot-config.test.ts" name="buildSparklineOptions &gt; has exactly 2 series entries (x placeholder + data)" time="0.0006827">
        </testcase>
        <testcase classname="tests/platform/viz/uplot-config.test.ts" name="buildSparklineOptions &gt; hides both axes (show=false)" time="0.0003167">
        </testcase>
        <testcase classname="tests/platform/viz/uplot-config.test.ts" name="buildSparklineOptions &gt; hides cursor" time="0.0002243">
        </testcase>
        <testcase classname="tests/platform/viz/uplot-config.test.ts" name="buildSparklineOptions &gt; hides legend" time="0.0002041">
        </testcase>
        <testcase classname="tests/platform/viz/uplot-config.test.ts" name="buildSparklineOptions &gt; accepts all four arguments without error" time="0.0002481">
        </testcase>
        <testcase classname="tests/platform/viz/uplot-config.test.ts" name="toAlignedData &gt; returns an array where the first element is the x array" time="0.0003722">
        </testcase>
        <testcase classname="tests/platform/viz/uplot-config.test.ts" name="toAlignedData &gt; appends a single y series after x" time="0.000416">
        </testcase>
        <testcase classname="tests/platform/viz/uplot-config.test.ts" name="toAlignedData &gt; appends multiple y series after x in order" time="0.0004614">
        </testcase>
        <testcase classname="tests/platform/viz/uplot-config.test.ts" name="toAlignedData &gt; handles an empty y series array (only x present)" time="0.0003267">
        </testcase>
        <testcase classname="tests/platform/viz/uplot-config.test.ts" name="toAlignedData &gt; accepts Float64Array typed arrays for x and y" time="0.0003701">
        </testcase>
        <testcase classname="tests/platform/viz/uplot-config.test.ts" name="toAlignedData &gt; handles NaN values in y arrays (gap representation)" time="0.0003743">
        </testcase>
    </testsuite>
    <testsuite name="tests/platform/viz/use-uplot.test.ts" timestamp="2026-06-25T18:28:25.260Z" hostname="Desktop" tests="17" failures="0" errors="0" skipped="0" time="0.2940295">
        <testcase classname="tests/platform/viz/use-uplot.test.ts" name="useUPlot &gt; mount — el.current attached to DOM &gt; creates a uPlot instance (setData is called) when el.current is an HTMLDivElement" time="0.1142765">
        </testcase>
        <testcase classname="tests/platform/viz/use-uplot.test.ts" name="useUPlot &gt; mount — el.current attached to DOM &gt; passes data to the uPlot instance (verifies constructor ran with correct data)" time="0.0118867">
        </testcase>
        <testcase classname="tests/platform/viz/use-uplot.test.ts" name="useUPlot &gt; mount — el.current attached to DOM &gt; registers a ResizeObserver and observes the container element" time="0.007176">
        </testcase>
        <testcase classname="tests/platform/viz/use-uplot.test.ts" name="useUPlot &gt; mount — el.current attached to DOM &gt; returns a React ref object whose current is the mounted div" time="0.0090815">
        </testcase>
        <testcase classname="tests/platform/viz/use-uplot.test.ts" name="useUPlot &gt; early return when el.current is null (ref not attached) &gt; does NOT call setData when the ref is not attached to any element" time="0.0090564">
        </testcase>
        <testcase classname="tests/platform/viz/use-uplot.test.ts" name="useUPlot &gt; early return when el.current is null (ref not attached) &gt; does NOT call setSize when ref is not attached" time="0.0173677">
        </testcase>
        <testcase classname="tests/platform/viz/use-uplot.test.ts" name="useUPlot &gt; ResizeObserver callback branches &gt; calls plot.setSize with entry width and height when entry is defined and height &gt; 0" time="0.0290848">
        </testcase>
        <testcase classname="tests/platform/viz/use-uplot.test.ts" name="useUPlot &gt; ResizeObserver callback branches &gt; uses opts.height as fallback when contentRect.height is 0 (falsy branch of ||)" time="0.0149761">
        </testcase>
        <testcase classname="tests/platform/viz/use-uplot.test.ts" name="useUPlot &gt; ResizeObserver callback branches &gt; early-returns (does not call setSize) when the ResizeObserver entry is undefined" time="0.0083809">
        </testcase>
        <testcase classname="tests/platform/viz/use-uplot.test.ts" name="useUPlot &gt; ResizeObserver callback branches &gt; does not throw when plot.current is null at the time the ResizeObserver fires" time="0.0091311">
        </testcase>
        <testcase classname="tests/platform/viz/use-uplot.test.ts" name="useUPlot &gt; setData streaming effect &gt; calls plot.setData once on initial mount with the initial data" time="0.00383">
        </testcase>
        <testcase classname="tests/platform/viz/use-uplot.test.ts" name="useUPlot &gt; setData streaming effect &gt; calls plot.setData when the data prop changes" time="0.0068525">
        </testcase>
        <testcase classname="tests/platform/viz/use-uplot.test.ts" name="useUPlot &gt; setData streaming effect &gt; does not call setData when plot.current is null (optional chaining skips)" time="0.0146031">
        </testcase>
        <testcase classname="tests/platform/viz/use-uplot.test.ts" name="useUPlot &gt; cleanup on unmount &gt; calls ro.disconnect when the component unmounts" time="0.0056716">
        </testcase>
        <testcase classname="tests/platform/viz/use-uplot.test.ts" name="useUPlot &gt; cleanup on unmount &gt; calls plot.destroy when the component unmounts" time="0.0084707">
        </testcase>
        <testcase classname="tests/platform/viz/use-uplot.test.ts" name="useUPlot &gt; cleanup on unmount &gt; sets plot.current to null after destroy (verified: setSize not called after unmount)" time="0.0060857">
        </testcase>
        <testcase classname="tests/platform/viz/use-uplot.test.ts" name="useUPlot &gt; cleanup on unmount &gt; does NOT call destroy when no chart was created (el.current was null)" time="0.0043943">
        </testcase>
    </testsuite>
    <testsuite name="tests/features/ai-analysis/stats.prop.test.ts" timestamp="2026-06-25T18:28:25.263Z" hostname="Desktop" tests="15" failures="0" errors="0" skipped="0" time="0.7444241">
        <testcase classname="tests/features/ai-analysis/stats.prop.test.ts" name="mean — bounded by the data (fuzzed) &gt; mean(xs) lies within [min(xs), max(xs)] for any non-empty array (with seed=-840130755)" time="0.052144">
        </testcase>
        <testcase classname="tests/features/ai-analysis/stats.prop.test.ts" name="mean — bounded by the data (fuzzed) &gt; is finite and never throws (total over finite arrays) (with seed=-1090318774)" time="0.0209106">
        </testcase>
        <testcase classname="tests/features/ai-analysis/stats.prop.test.ts" name="mean — bounded by the data (fuzzed) &gt; mean of a constant array equals that constant (with seed=-1339196222)" time="0.0229768">
        </testcase>
        <testcase classname="tests/features/ai-analysis/stats.prop.test.ts" name="stdDev — non-negative (fuzzed) &gt; stdDev(xs) ≥ 0 for any array (and 0 for &lt;2 values) (with seed=-596715655)" time="0.0187656">
        </testcase>
        <testcase classname="tests/features/ai-analysis/stats.prop.test.ts" name="stdDev — non-negative (fuzzed) &gt; stdDev of a constant array is exactly 0 (no spurious spread) (with seed=-981517944)" time="0.0169093">
        </testcase>
        <testcase classname="tests/features/ai-analysis/stats.prop.test.ts" name="pearsonCorrelation — bounded in [-1, 1] (fuzzed) &gt; correlation is always within [-1, 1] when both series have non-zero variance (with seed=-1502941788)" time="0.0575877">
        </testcase>
        <testcase classname="tests/features/ai-analysis/stats.prop.test.ts" name="pearsonCorrelation — bounded in [-1, 1] (fuzzed) &gt; is symmetric on non-degenerate input: corr(xs, ys) === corr(ys, xs) (with seed=-896126583)" time="0.0474519">
        </testcase>
        <testcase classname="tests/features/ai-analysis/stats.prop.test.ts" name="pearsonCorrelation — bounded in [-1, 1] (fuzzed) &gt; returns exactly 0 for the guarded short/mismatched cases (len &lt; 3) (with seed=943435379)" time="0.0157621">
        </testcase>
        <testcase classname="tests/features/ai-analysis/stats.prop.test.ts" name="pearsonCorrelation — bounded in [-1, 1] (fuzzed) &gt; returns 0 (finite, in-range) when a series is constant (zero variance)" time="0.0023933">
        </testcase>
        <testcase classname="tests/features/ai-analysis/stats.prop.test.ts" name="linearRegression &amp; correlationStrength (fuzzed) &gt; r2 ∈ [0, 1] and slope/intercept are finite when BOTH x and y have variance (with seed=-1376408987)" time="0.2808981">
        </testcase>
        <testcase classname="tests/features/ai-analysis/stats.prop.test.ts" name="linearRegression &amp; correlationStrength (fuzzed) &gt; returns a flat line through mean(y) for a degenerate x (zero variance)" time="0.0008699">
        </testcase>
        <testcase classname="tests/features/ai-analysis/stats.prop.test.ts" name="linearRegression &amp; correlationStrength (fuzzed) &gt; returns r2 = 0 (finite) when y is constant even though x varies (rSquared 0/0)" time="0.0006363">
        </testcase>
        <testcase classname="tests/features/ai-analysis/stats.prop.test.ts" name="linearRegression &amp; correlationStrength (fuzzed) &gt; correlationStrength returns a valid bucket for any r in [-1,1] (with seed=-177322982)" time="0.0422862">
        </testcase>
        <testcase classname="tests/features/ai-analysis/stats.prop.test.ts" name="buildHistogram — counting invariants (fuzzed) &gt; every bin is non-negative and the bin count equals the requested bins (with seed=1498910424)" time="0.1278559">
        </testcase>
        <testcase classname="tests/features/ai-analysis/stats.prop.test.ts" name="buildHistogram — counting invariants (fuzzed) &gt; for a non-degenerate array (min ≠ max) the histogram sums to N (every value binned exactly once) (with seed=-1955227502)" time="0.0262924">
        </testcase>
    </testsuite>
    <testsuite name="tests/features/ai-analysis/stats.test.ts" timestamp="2026-06-25T18:28:25.265Z" hostname="Desktop" tests="19" failures="0" errors="0" skipped="0" time="0.0240098">
        <testcase classname="tests/features/ai-analysis/stats.test.ts" name="mean &gt; returns 0 for an empty array" time="0.0035155">
        </testcase>
        <testcase classname="tests/features/ai-analysis/stats.test.ts" name="mean &gt; averages values" time="0.0007596">
        </testcase>
        <testcase classname="tests/features/ai-analysis/stats.test.ts" name="stdDev &gt; returns 0 with fewer than two values" time="0.0005896">
        </testcase>
        <testcase classname="tests/features/ai-analysis/stats.test.ts" name="stdDev &gt; computes sample standard deviation" time="0.0007127">
        </testcase>
        <testcase classname="tests/features/ai-analysis/stats.test.ts" name="pearsonCorrelation &gt; returns 0 for mismatched or too-short input" time="0.0005226">
        </testcase>
        <testcase classname="tests/features/ai-analysis/stats.test.ts" name="pearsonCorrelation &gt; detects a perfect positive correlation" time="0.0005248">
        </testcase>
        <testcase classname="tests/features/ai-analysis/stats.test.ts" name="pearsonCorrelation &gt; detects a perfect negative correlation" time="0.0002985">
        </testcase>
        <testcase classname="tests/features/ai-analysis/stats.test.ts" name="pearsonCorrelation &gt; returns 0 (not NaN) when a series is constant (zero variance)" time="0.0002656">
        </testcase>
        <testcase classname="tests/features/ai-analysis/stats.test.ts" name="linearRegression &gt; returns a flat default for too-short input" time="0.0021576">
        </testcase>
        <testcase classname="tests/features/ai-analysis/stats.test.ts" name="linearRegression &gt; recovers a known line y = 2x + 1" time="0.0008756">
        </testcase>
        <testcase classname="tests/features/ai-analysis/stats.test.ts" name="linearRegression &gt; returns a flat line through mean(y) for a degenerate x (zero variance)" time="0.0004623">
        </testcase>
        <testcase classname="tests/features/ai-analysis/stats.test.ts" name="linearRegression &gt; returns r2 = 0 (not NaN) when y is constant even though x varies" time="0.0005041">
        </testcase>
        <testcase classname="tests/features/ai-analysis/stats.test.ts" name="detectZScoreAnomalies &gt; flags an extreme outlier" time="0.0007388">
        </testcase>
        <testcase classname="tests/features/ai-analysis/stats.test.ts" name="detectZScoreAnomalies &gt; returns nothing when the spread is zero" time="0.0003791">
        </testcase>
        <testcase classname="tests/features/ai-analysis/stats.test.ts" name="detectIQRAnomalies &gt; flags points outside the IQR fences" time="0.0010906">
        </testcase>
        <testcase classname="tests/features/ai-analysis/stats.test.ts" name="correlationStrength &gt; buckets by absolute magnitude" time="0.0005633">
        </testcase>
        <testcase classname="tests/features/ai-analysis/stats.test.ts" name="buildHistogram &gt; returns zero-filled bins for empty input" time="0.0004803">
        </testcase>
        <testcase classname="tests/features/ai-analysis/stats.test.ts" name="buildHistogram &gt; returns zero-filled bins when all values are equal" time="0.0003095">
        </testcase>
        <testcase classname="tests/features/ai-analysis/stats.test.ts" name="buildHistogram &gt; distributes values across bins and conserves count" time="0.0022313">
        </testcase>
    </testsuite>
    <testsuite name="tests/features/dashboard-shell/shortcuts-overlay.test.tsx" timestamp="2026-06-25T18:28:25.267Z" hostname="Desktop" tests="4" failures="0" errors="0" skipped="0" time="1.2375384">
        <testcase classname="tests/features/dashboard-shell/shortcuts-overlay.test.tsx" name="ShortcutsButton &gt; renders a collapsed floating button by default" time="0.5520509">
        </testcase>
        <testcase classname="tests/features/dashboard-shell/shortcuts-overlay.test.tsx" name="ShortcutsButton &gt; opens the shortcuts panel on click and lists the shortcuts" time="0.4741619">
        </testcase>
        <testcase classname="tests/features/dashboard-shell/shortcuts-overlay.test.tsx" name="ShortcutsButton &gt; toggles open when the ? key is pressed outside a text field" time="0.143444">
        </testcase>
        <testcase classname="tests/features/dashboard-shell/shortcuts-overlay.test.tsx" name="ShortcutsButton &gt; ignores ? while typing in an input field" time="0.0513313">
        </testcase>
    </testsuite>
    <testsuite name="tests/features/dashboard-shell/shortcuts.test.ts" timestamp="2026-06-25T18:28:25.268Z" hostname="Desktop" tests="5" failures="0" errors="0" skipped="0" time="0.0170874">
        <testcase classname="tests/features/dashboard-shell/shortcuts.test.ts" name="APP_SHORTCUTS &gt; is a non-empty list with unique ids and complete entries" time="0.0061452">
        </testcase>
        <testcase classname="tests/features/dashboard-shell/shortcuts.test.ts" name="APP_SHORTCUTS &gt; documents the real, wired shell shortcuts" time="0.0025834">
        </testcase>
        <testcase classname="tests/features/dashboard-shell/shortcuts.test.ts" name="formatKey &gt; renders the mod token per platform" time="0.0008142">
        </testcase>
        <testcase classname="tests/features/dashboard-shell/shortcuts.test.ts" name="formatKey &gt; renders the shift token per platform" time="0.0006767">
        </testcase>
        <testcase classname="tests/features/dashboard-shell/shortcuts.test.ts" name="formatKey &gt; passes through literal keys unchanged" time="0.0004257">
        </testcase>
    </testsuite>
    <testsuite name="tests/features/data-import/helpers.test.tsx" timestamp="2026-06-25T18:28:25.269Z" hostname="Desktop" tests="10" failures="0" errors="0" skipped="0" time="1.0113361">
        <testcase classname="tests/features/data-import/helpers.test.tsx" name="formatBytes &gt; returns &apos;0 B&apos; for zero" time="0.0067377">
        </testcase>
        <testcase classname="tests/features/data-import/helpers.test.tsx" name="formatBytes &gt; formats bytes, KB, MB and GB" time="0.0024569">
        </testcase>
        <testcase classname="tests/features/data-import/helpers.test.tsx" name="formatBytes &gt; rounds to two decimals" time="0.0006971">
        </testcase>
        <testcase classname="tests/features/data-import/helpers.test.tsx" name="detectFileType &gt; detects csv regardless of case" time="0.0007549">
        </testcase>
        <testcase classname="tests/features/data-import/helpers.test.tsx" name="detectFileType &gt; falls back to unknown for other extensions / no extension" time="0.0049649">
        </testcase>
        <testcase classname="tests/features/data-import/helpers.test.tsx" name="computeQualityScores &gt; returns perfect scores for an empty dataset" time="0.0029279">
        </testcase>
        <testcase classname="tests/features/data-import/helpers.test.tsx" name="computeQualityScores &gt; reflects null cells in completeness" time="0.001009">
        </testcase>
        <testcase classname="tests/features/data-import/helpers.test.tsx" name="columnInfoToColMeta &gt; maps fields and downgrades mixed → string" time="0.0037643">
        </testcase>
        <testcase classname="tests/features/data-import/helpers.test.tsx" name="StatusStep (render + a11y) &gt; renders the label and a duration when done" time="0.1786305">
        </testcase>
        <testcase classname="tests/features/data-import/helpers.test.tsx" name="StatusStep (render + a11y) &gt; has no detectable accessibility violations across states" time="0.7922808">
        </testcase>
    </testsuite>
    <testsuite name="tests/features/data-import/import-pipeline.test.ts" timestamp="2026-06-25T18:28:25.270Z" hostname="Desktop" tests="55" failures="0" errors="0" skipped="0" time="0.1885492">
        <testcase classname="tests/features/data-import/import-pipeline.test.ts" name="fileNameFromPath &gt; extracts the file name from a POSIX path" time="0.0047587">
        </testcase>
        <testcase classname="tests/features/data-import/import-pipeline.test.ts" name="fileNameFromPath &gt; extracts the file name from a Windows path" time="0.000731">
        </testcase>
        <testcase classname="tests/features/data-import/import-pipeline.test.ts" name="fileNameFromPath &gt; handles mixed separators" time="0.0004304">
        </testcase>
        <testcase classname="tests/features/data-import/import-pipeline.test.ts" name="fileNameFromPath &gt; returns the input unchanged when there is no separator" time="0.0003666">
        </testcase>
        <testcase classname="tests/features/data-import/import-pipeline.test.ts" name="fileNameFromPath &gt; preserves dots and spaces in the file name" time="0.0002882">
        </testcase>
        <testcase classname="tests/features/data-import/import-pipeline.test.ts" name="fileNameFromPath &gt; returns an empty string for a trailing separator" time="0.0002697">
        </testcase>
        <testcase classname="tests/features/data-import/import-pipeline.test.ts" name="fileNameFromPath &gt; returns the original string for an empty input" time="0.0002847">
        </testcase>
        <testcase classname="tests/features/data-import/import-pipeline.test.ts" name="isSupportedImportPath &gt; accepts the supported extension /data/file.csv" time="0.000584">
        </testcase>
        <testcase classname="tests/features/data-import/import-pipeline.test.ts" name="isSupportedImportPath &gt; accepts the supported extension /data/file.tsv" time="0.0003781">
        </testcase>
        <testcase classname="tests/features/data-import/import-pipeline.test.ts" name="isSupportedImportPath &gt; accepts the supported extension /data/file.txt" time="0.0002282">
        </testcase>
        <testcase classname="tests/features/data-import/import-pipeline.test.ts" name="isSupportedImportPath &gt; accepts the supported extension /data/file.parquet" time="0.0002228">
        </testcase>
        <testcase classname="tests/features/data-import/import-pipeline.test.ts" name="isSupportedImportPath &gt; accepts the supported extension /data/file.pq" time="0.0002249">
        </testcase>
        <testcase classname="tests/features/data-import/import-pipeline.test.ts" name="isSupportedImportPath &gt; is case-insensitive about the extension" time="0.0004103">
        </testcase>
        <testcase classname="tests/features/data-import/import-pipeline.test.ts" name="isSupportedImportPath &gt; accepts Windows paths" time="0.0003325">
        </testcase>
        <testcase classname="tests/features/data-import/import-pipeline.test.ts" name="isSupportedImportPath &gt; rejects the unsupported path /data/file.xlsx" time="0.0005375">
        </testcase>
        <testcase classname="tests/features/data-import/import-pipeline.test.ts" name="isSupportedImportPath &gt; rejects the unsupported path /data/file.json" time="0.0004481">
        </testcase>
        <testcase classname="tests/features/data-import/import-pipeline.test.ts" name="isSupportedImportPath &gt; rejects the unsupported path /data/file.pdf" time="0.0001967">
        </testcase>
        <testcase classname="tests/features/data-import/import-pipeline.test.ts" name="isSupportedImportPath &gt; rejects the unsupported path /data/file" time="0.0002381">
        </testcase>
        <testcase classname="tests/features/data-import/import-pipeline.test.ts" name="isSupportedImportPath &gt; rejects the unsupported path /data/archive.csv.gz" time="0.0001885">
        </testcase>
        <testcase classname="tests/features/data-import/import-pipeline.test.ts" name="isSupportedImportPath &gt; rejects a path whose name merely contains a supported token without the extension" time="0.0003034">
        </testcase>
        <testcase classname="tests/features/data-import/import-pipeline.test.ts" name="isSupportedImportPath &gt; rejects an empty string" time="0.000313">
        </testcase>
        <testcase classname="tests/features/data-import/import-pipeline.test.ts" name="processFilePath — permission gate &gt; returns null and does nothing when canUpload is false" time="0.0036372">
        </testcase>
        <testcase classname="tests/features/data-import/import-pipeline.test.ts" name="processFilePath — success (preview metadata) &gt; registers the dataset, wires app state, and returns the file id" time="0.0095699">
        </testcase>
        <testcase classname="tests/features/data-import/import-pipeline.test.ts" name="processFilePath — success (preview metadata) &gt; drives the session row to done with 100% progress and real stats" time="0.0014958">
        </testcase>
        <testcase classname="tests/features/data-import/import-pipeline.test.ts" name="processFilePath — success (preview metadata) &gt; caps the persisted preview to 50 rows" time="0.0011713">
        </testcase>
        <testcase classname="tests/features/data-import/import-pipeline.test.ts" name="processFilePath — success (preview metadata) &gt; builds the Dataset from the loader result" time="0.0024257">
        </testcase>
        <testcase classname="tests/features/data-import/import-pipeline.test.ts" name="processFilePath — full-table metadata &gt; uses SUMMARIZE column info and marks metadataSource = full" time="0.0017929">
        </testcase>
        <testcase classname="tests/features/data-import/import-pipeline.test.ts" name="processFilePath — full-table metadata &gt; falls back to preview metadata when SUMMARIZE throws" time="0.0011247">
        </testcase>
        <testcase classname="tests/features/data-import/import-pipeline.test.ts" name="processFilePath — validation issues &gt; flags an empty file as an error-severity issue" time="0.0010629">
        </testcase>
        <testcase classname="tests/features/data-import/import-pipeline.test.ts" name="processFilePath — validation issues &gt; warns about columns that are &gt;30% null in the preview sample" time="0.0013999">
        </testcase>
        <testcase classname="tests/features/data-import/import-pipeline.test.ts" name="processFilePath — validation issues &gt; attributes the null warning to the full table when SUMMARIZE provides nullRate" time="0.0011758">
        </testcase>
        <testcase classname="tests/features/data-import/import-pipeline.test.ts" name="processFilePath — validation issues &gt; produces no null warning when every column is dense" time="0.0012893">
        </testcase>
        <testcase classname="tests/features/data-import/import-pipeline.test.ts" name="processFilePath — DuckDB reject summary &gt; surfaces rejected rows as a French warning with up to three samples" time="0.058858">
        </testcase>
        <testcase classname="tests/features/data-import/import-pipeline.test.ts" name="processFilePath — DuckDB reject summary &gt; records the reject count on the session row for CSV imports" time="0.0015108">
        </testcase>
        <testcase classname="tests/features/data-import/import-pipeline.test.ts" name="processFilePath — DuckDB reject summary &gt; adds no reject issue when rejectedRowCount is zero" time="0.0010103">
        </testcase>
        <testcase classname="tests/features/data-import/import-pipeline.test.ts" name="processFilePath — format-specific loader options &gt; passes encoding + storeRejects for CSV-like extensions" time="0.0037241">
        </testcase>
        <testcase classname="tests/features/data-import/import-pipeline.test.ts" name="processFilePath — format-specific loader options &gt; maps the `auto` encoding to undefined (defers to the main process)" time="0.004189">
        </testcase>
        <testcase classname="tests/features/data-import/import-pipeline.test.ts" name="processFilePath — format-specific loader options &gt; omits encoding + storeRejects for Parquet and leaves rejectCount undefined" time="0.0087536">
        </testcase>
        <testcase classname="tests/features/data-import/import-pipeline.test.ts" name="processFilePath — format-specific loader options &gt; derives the upload table name from the sanitized file name plus id suffix" time="0.0013813">
        </testcase>
        <testcase classname="tests/features/data-import/import-pipeline.test.ts" name="processFilePath — telecom mode &gt; warns when telecom mode is on but required columns are missing" time="0.0012062">
        </testcase>
        <testcase classname="tests/features/data-import/import-pipeline.test.ts" name="processFilePath — telecom mode &gt; sets the telecom domain and tags a compatible file" time="0.0082945">
        </testcase>
        <testcase classname="tests/features/data-import/import-pipeline.test.ts" name="processFilePath — telecom mode &gt; does not add the telecom warning when telecom mode is off" time="0.0038602">
        </testcase>
        <testcase classname="tests/features/data-import/import-pipeline.test.ts" name="processFilePath — telecom mode &gt; records telecomMode and the source path in the activity metadata" time="0.0019092">
        </testcase>
        <testcase classname="tests/features/data-import/import-pipeline.test.ts" name="processFilePath — failure handling &gt; returns null and marks the row errored when the loader throws an Error" time="0.0042608">
        </testcase>
        <testcase classname="tests/features/data-import/import-pipeline.test.ts" name="processFilePath — failure handling &gt; stringifies a non-Error rejection into the row error" time="0.0011391">
        </testcase>
        <testcase classname="tests/features/data-import/import-pipeline.test.ts" name="processFilePath — failure handling &gt; still creates a session row before the loader fails" time="0.0009803">
        </testcase>
        <testcase classname="tests/features/data-import/import-pipeline.test.ts" name="processFilePath — session row initialization &gt; seeds the row with the requested encoding and detected file type" time="0.0009127">
        </testcase>
        <testcase classname="tests/features/data-import/import-pipeline.test.ts" name="importBatch &gt; returns an empty summary for an empty path list without touching the loader" time="0.0012976">
        </testcase>
        <testcase classname="tests/features/data-import/import-pipeline.test.ts" name="importBatch &gt; processes every path and collects the done ids" time="0.0048762">
        </testcase>
        <testcase classname="tests/features/data-import/import-pipeline.test.ts" name="importBatch &gt; counts failures without aborting the rest of the batch" time="0.0022582">
        </testcase>
        <testcase classname="tests/features/data-import/import-pipeline.test.ts" name="importBatch &gt; treats a blocked import (canUpload false) as a failure for every path" time="0.0008469">
        </testcase>
        <testcase classname="tests/features/data-import/import-pipeline.test.ts" name="importBatch &gt; defaults to concurrency 2 and drains the whole queue" time="0.0072636">
        </testcase>
        <testcase classname="tests/features/data-import/import-pipeline.test.ts" name="importBatch &gt; clamps a concurrency of 0 up to 1 and still processes the file" time="0.0063667">
        </testcase>
        <testcase classname="tests/features/data-import/import-pipeline.test.ts" name="importBatch &gt; never invokes app navigation/callbacks more than once per file" time="0.0137095">
        </testcase>
        <testcase classname="tests/features/data-import/import-pipeline.test.ts" name="importBatch &gt; bounds parallel in-flight work to the concurrency limit" time="0.0036085">
        </testcase>
    </testsuite>
    <testsuite name="tests/features/data-import/summarize.test.ts" timestamp="2026-06-25T18:28:25.276Z" hostname="Desktop" tests="33" failures="0" errors="0" skipped="0" time="0.0314935">
        <testcase classname="tests/features/data-import/summarize.test.ts" name="mapDuckTypeToColumnInfoType &gt; maps INTEGER to number" time="0.0041734">
        </testcase>
        <testcase classname="tests/features/data-import/summarize.test.ts" name="mapDuckTypeToColumnInfoType &gt; maps BIGINT to number" time="0.0005219">
        </testcase>
        <testcase classname="tests/features/data-import/summarize.test.ts" name="mapDuckTypeToColumnInfoType &gt; maps TINYINT to number" time="0.0005424">
        </testcase>
        <testcase classname="tests/features/data-import/summarize.test.ts" name="mapDuckTypeToColumnInfoType &gt; maps DOUBLE to number" time="0.0002898">
        </testcase>
        <testcase classname="tests/features/data-import/summarize.test.ts" name="mapDuckTypeToColumnInfoType &gt; maps FLOAT to number" time="0.0002268">
        </testcase>
        <testcase classname="tests/features/data-import/summarize.test.ts" name="mapDuckTypeToColumnInfoType &gt; maps DECIMAL(10,2) to number" time="0.0002376">
        </testcase>
        <testcase classname="tests/features/data-import/summarize.test.ts" name="mapDuckTypeToColumnInfoType &gt; maps NUMERIC to number" time="0.0002065">
        </testcase>
        <testcase classname="tests/features/data-import/summarize.test.ts" name="mapDuckTypeToColumnInfoType &gt; maps REAL to number" time="0.0001682">
        </testcase>
        <testcase classname="tests/features/data-import/summarize.test.ts" name="mapDuckTypeToColumnInfoType &gt; maps HUGEINT to number" time="0.0003562">
        </testcase>
        <testcase classname="tests/features/data-import/summarize.test.ts" name="mapDuckTypeToColumnInfoType &gt; maps UINTEGER to number" time="0.0001605">
        </testcase>
        <testcase classname="tests/features/data-import/summarize.test.ts" name="mapDuckTypeToColumnInfoType &gt; maps DATE to date" time="0.0002707">
        </testcase>
        <testcase classname="tests/features/data-import/summarize.test.ts" name="mapDuckTypeToColumnInfoType &gt; maps TIMESTAMP to date" time="0.0001461">
        </testcase>
        <testcase classname="tests/features/data-import/summarize.test.ts" name="mapDuckTypeToColumnInfoType &gt; maps TIMESTAMP WITH TIME ZONE to date" time="0.0006126">
        </testcase>
        <testcase classname="tests/features/data-import/summarize.test.ts" name="mapDuckTypeToColumnInfoType &gt; maps TIME to date" time="0.0002872">
        </testcase>
        <testcase classname="tests/features/data-import/summarize.test.ts" name="mapDuckTypeToColumnInfoType &gt; maps BOOLEAN to boolean" time="0.000341">
        </testcase>
        <testcase classname="tests/features/data-import/summarize.test.ts" name="mapDuckTypeToColumnInfoType &gt; maps BOOL to boolean" time="0.0001911">
        </testcase>
        <testcase classname="tests/features/data-import/summarize.test.ts" name="mapDuckTypeToColumnInfoType &gt; honours the &apos;mixed&apos; sentinel from the preview path" time="0.0002598">
        </testcase>
        <testcase classname="tests/features/data-import/summarize.test.ts" name="mapDuckTypeToColumnInfoType &gt; is case-insensitive" time="0.0003111">
        </testcase>
        <testcase classname="tests/features/data-import/summarize.test.ts" name="mapDuckTypeToColumnInfoType &gt; falls back to string for VARCHAR and unknown types" time="0.0004204">
        </testcase>
        <testcase classname="tests/features/data-import/summarize.test.ts" name="mapDuckTypeToColumnInfoType &gt; classifies a numeric-keyword substring before the string fallback" time="0.0003564">
        </testcase>
        <testcase classname="tests/features/data-import/summarize.test.ts" name="summarizeRowsToColumnInfo &gt; returns an empty array for no rows" time="0.0021186">
        </testcase>
        <testcase classname="tests/features/data-import/summarize.test.ts" name="summarizeRowsToColumnInfo &gt; maps a numeric column with full-table stats" time="0.001656">
        </testcase>
        <testcase classname="tests/features/data-import/summarize.test.ts" name="summarizeRowsToColumnInfo &gt; keeps min/max as strings for non-numeric columns and omits avg" time="0.0007722">
        </testcase>
        <testcase classname="tests/features/data-import/summarize.test.ts" name="summarizeRowsToColumnInfo &gt; attaches preview sample values by column name" time="0.0005458">
        </testcase>
        <testcase classname="tests/features/data-import/summarize.test.ts" name="summarizeRowsToColumnInfo &gt; defaults sample values to an empty array when none are provided" time="0.0004254">
        </testcase>
        <testcase classname="tests/features/data-import/summarize.test.ts" name="summarizeRowsToColumnInfo &gt; defaults a missing column name to an empty string and missing type to VARCHAR/string" time="0.0003988">
        </testcase>
        <testcase classname="tests/features/data-import/summarize.test.ts" name="summarizeRowsToColumnInfo &gt; treats an empty-string numeric summary field as missing (uniqueCount falls back to 0)" time="0.0004577">
        </testcase>
        <testcase classname="tests/features/data-import/summarize.test.ts" name="summarizeRowsToColumnInfo &gt; clamps a negative rowCount to 0 when computing nullCount" time="0.0004085">
        </testcase>
        <testcase classname="tests/features/data-import/summarize.test.ts" name="summarizeRowsToColumnInfo &gt; round-trips a large bigint approx_unique" time="0.0004316">
        </testcase>
        <testcase classname="tests/features/data-import/summarize.test.ts" name="fetchFullTableColumnInfo &gt; maps the rows returned by summarizeDataset" time="0.0045123">
        </testcase>
        <testcase classname="tests/features/data-import/summarize.test.ts" name="fetchFullTableColumnInfo &gt; returns null when SUMMARIZE yields an empty result set" time="0.0006633">
        </testcase>
        <testcase classname="tests/features/data-import/summarize.test.ts" name="fetchFullTableColumnInfo &gt; returns null when summarizeDataset returns a non-array" time="0.0003603">
        </testcase>
        <testcase classname="tests/features/data-import/summarize.test.ts" name="fetchFullTableColumnInfo &gt; returns null (does not throw) when the query rejects" time="0.0006495">
        </testcase>
    </testsuite>
    <testsuite name="tests/features/eye-tracking/webgazer-assets.test.ts" timestamp="2026-06-25T18:28:25.280Z" hostname="Desktop" tests="2" failures="0" errors="0" skipped="0" time="0.0431524">
        <testcase classname="tests/features/eye-tracking/webgazer-assets.test.ts" name="WebGazer MediaPipe assets &gt; vendors the FaceMesh files requested by WebGazer" time="0.0348429">
        </testcase>
        <testcase classname="tests/features/eye-tracking/webgazer-assets.test.ts" name="WebGazer MediaPipe assets &gt; rewrites WebGazer&apos;s FaceMesh requests to the vendored files" time="0.0015163">
        </testcase>
    </testsuite>
    <testsuite name="tests/features/folders/catalog-filters.test.ts" timestamp="2026-06-25T18:28:25.280Z" hostname="Desktop" tests="9" failures="0" errors="0" skipped="0" time="0.0201349">
        <testcase classname="tests/features/folders/catalog-filters.test.ts" name="matchesFilter &gt; matches by csv-family format" time="0.0043898">
        </testcase>
        <testcase classname="tests/features/folders/catalog-filters.test.ts" name="matchesFilter &gt; matches by parquet-family format" time="0.0011139">
        </testcase>
        <testcase classname="tests/features/folders/catalog-filters.test.ts" name="matchesFilter &gt; matches unclassified datasets via the context predicate" time="0.0011914">
        </testcase>
        <testcase classname="tests/features/folders/catalog-filters.test.ts" name="matchesFilter &gt; matches only datasets below the low-quality threshold" time="0.0008498">
        </testcase>
        <testcase classname="tests/features/folders/catalog-filters.test.ts" name="matchesFilter &gt; matches recently created datasets only" time="0.000769">
        </testcase>
        <testcase classname="tests/features/folders/catalog-filters.test.ts" name="matchesFilter &gt; never matches folders for a non-&apos;all&apos; filter, but &apos;all&apos; matches everything" time="0.0005245">
        </testcase>
        <testcase classname="tests/features/folders/catalog-filters.test.ts" name="filterFileNodes &gt; returns the input unchanged for the &apos;all&apos; filter" time="0.0005665">
        </testcase>
        <testcase classname="tests/features/folders/catalog-filters.test.ts" name="filterFileNodes &gt; filters by the active chip" time="0.0023465">
        </testcase>
        <testcase classname="tests/features/folders/catalog-filters.test.ts" name="filterFileNodes &gt; accepts every documented filter id" time="0.0009627">
        </testcase>
    </testsuite>
    <testsuite name="tests/features/folders/dataset-preview.test.tsx" timestamp="2026-06-25T18:28:25.282Z" hostname="Desktop" tests="4" failures="0" errors="0" skipped="0" time="0.6643704">
        <testcase classname="tests/features/folders/dataset-preview.test.tsx" name="DatasetPreview &gt; renders the schema and the fetched rows" time="0.1689119">
        </testcase>
        <testcase classname="tests/features/folders/dataset-preview.test.tsx" name="DatasetPreview &gt; fires onOpenExplorer when the &apos;Ouvrir dans l&apos;Explorateur&apos; button is clicked" time="0.2851182">
        </testcase>
        <testcase classname="tests/features/folders/dataset-preview.test.tsx" name="DatasetPreview &gt; wires the quick actions to their handlers" time="0.1657659">
        </testcase>
        <testcase classname="tests/features/folders/dataset-preview.test.tsx" name="DatasetPreview &gt; shows an error state when the preview query fails" time="0.0381537">
        </testcase>
    </testsuite>
    <testsuite name="tests/features/forecast-intelligence/forecast-engine.test.ts" timestamp="2026-06-25T18:28:25.282Z" hostname="Desktop" tests="24" failures="0" errors="0" skipped="0" time="0.0364127">
        <testcase classname="tests/features/forecast-intelligence/forecast-engine.test.ts" name="normalizeSeries &gt; drops non-finite values (handles missing points)" time="0.0067382">
        </testcase>
        <testcase classname="tests/features/forecast-intelligence/forecast-engine.test.ts" name="normalizeSeries &gt; coerces numeric-like values to numbers" time="0.0007472">
        </testcase>
        <testcase classname="tests/features/forecast-intelligence/forecast-engine.test.ts" name="seasonalIndices &gt; recovers a known additive weekly pattern (centred to ~zero sum)" time="0.0015742">
        </testcase>
        <testcase classname="tests/features/forecast-intelligence/forecast-engine.test.ts" name="seasonalIndices &gt; returns zero indices when season &lt;= 1 or series too short" time="0.0006188">
        </testcase>
        <testcase classname="tests/features/forecast-intelligence/forecast-engine.test.ts" name="forecastSeries — trend recovery &gt; projects a rising trend forward" time="0.0037536">
        </testcase>
        <testcase classname="tests/features/forecast-intelligence/forecast-engine.test.ts" name="forecastSeries — trend recovery &gt; projects a falling trend downward" time="0.0009749">
        </testcase>
        <testcase classname="tests/features/forecast-intelligence/forecast-engine.test.ts" name="forecastSeries — trend recovery &gt; approximates the true next value on a clean linear series" time="0.0012242">
        </testcase>
        <testcase classname="tests/features/forecast-intelligence/forecast-engine.test.ts" name="forecastSeries — seasonality recovery &gt; reproduces the seasonal shape in the forecast" time="0.0019485">
        </testcase>
        <testcase classname="tests/features/forecast-intelligence/forecast-engine.test.ts" name="forecastSeries — confidence band &gt; produces a band that widens monotonically with horizon" time="0.0021393">
        </testcase>
        <testcase classname="tests/features/forecast-intelligence/forecast-engine.test.ts" name="forecastSeries — confidence band &gt; collapses the band to zero width for a constant series" time="0.001077">
        </testcase>
        <testcase classname="tests/features/forecast-intelligence/forecast-engine.test.ts" name="scoreForecast &gt; computes MAE, RMSE and MAPE correctly" time="0.0007784">
        </testcase>
        <testcase classname="tests/features/forecast-intelligence/forecast-engine.test.ts" name="scoreForecast &gt; skips MAPE terms where actual is zero" time="0.0002838">
        </testcase>
        <testcase classname="tests/features/forecast-intelligence/forecast-engine.test.ts" name="scoreForecast &gt; returns zeros for empty input" time="0.0003445">
        </testcase>
        <testcase classname="tests/features/forecast-intelligence/forecast-engine.test.ts" name="backtest &gt; returns null for short series" time="0.0002767">
        </testcase>
        <testcase classname="tests/features/forecast-intelligence/forecast-engine.test.ts" name="backtest &gt; yields low error on a clean linear series" time="0.0004649">
        </testcase>
        <testcase classname="tests/features/forecast-intelligence/forecast-engine.test.ts" name="detectResidualAnomalies &gt; flags an injected spike" time="0.0007115">
        </testcase>
        <testcase classname="tests/features/forecast-intelligence/forecast-engine.test.ts" name="detectResidualAnomalies &gt; flags nothing on a smooth series" time="0.0007768">
        </testcase>
        <testcase classname="tests/features/forecast-intelligence/forecast-engine.test.ts" name="detectResidualAnomalies &gt; returns [] when fewer than 4 points" time="0.0004274">
        </testcase>
        <testcase classname="tests/features/forecast-intelligence/forecast-engine.test.ts" name="forecastSeries — edge cases &gt; handles an empty series" time="0.0006281">
        </testcase>
        <testcase classname="tests/features/forecast-intelligence/forecast-engine.test.ts" name="forecastSeries — edge cases &gt; handles a single point with a flat forecast" time="0.0006342">
        </testcase>
        <testcase classname="tests/features/forecast-intelligence/forecast-engine.test.ts" name="forecastSeries — edge cases &gt; handles a two-point series" time="0.000441">
        </testcase>
        <testcase classname="tests/features/forecast-intelligence/forecast-engine.test.ts" name="forecastSeries — edge cases &gt; treats a series with missing points as equally spaced survivors" time="0.0007817">
        </testcase>
        <testcase classname="tests/features/forecast-intelligence/forecast-engine.test.ts" name="forecastSeries — edge cases &gt; is deterministic for identical inputs" time="0.0012143">
        </testcase>
        <testcase classname="tests/features/forecast-intelligence/forecast-engine.test.ts" name="forecastSeries — edge cases &gt; uses fallback labels for non-date inputs" time="0.0003626">
        </testcase>
    </testsuite>
    <testsuite name="tests/features/telecom/canal-config.test.ts" timestamp="2026-06-25T18:28:25.285Z" hostname="Desktop" tests="9" failures="0" errors="0" skipped="0" time="0.0228156">
        <testcase classname="tests/features/telecom/canal-config.test.ts" name="CANAL_CONFIG &gt; defines a visual config for every canal key" time="0.0052095">
        </testcase>
        <testcase classname="tests/features/telecom/canal-config.test.ts" name="CANAL_CONFIG &gt; carries an icon component for each canal" time="0.0009856">
        </testcase>
        <testcase classname="tests/features/telecom/canal-config.test.ts" name="STATUS_COLORS &gt; derives each category color from the status presentation single source of truth" time="0.0008248">
        </testcase>
        <testcase classname="tests/features/telecom/canal-config.test.ts" name="STATUS_COLORS &gt; covers the six business status categories" time="0.001058">
        </testcase>
        <testcase classname="tests/features/telecom/canal-config.test.ts" name="CHART_PALETTE &gt; is a non-empty list of unique hex colors" time="0.000996">
        </testcase>
        <testcase classname="tests/features/telecom/canal-config.test.ts" name="enrichCanalSummaries &gt; attaches icon and color fields from CANAL_CONFIG to each raw row" time="0.0035323">
        </testcase>
        <testcase classname="tests/features/telecom/canal-config.test.ts" name="enrichCanalSummaries &gt; preserves the numeric aggregate fields untouched" time="0.0008529">
        </testcase>
        <testcase classname="tests/features/telecom/canal-config.test.ts" name="enrichCanalSummaries &gt; returns an empty array for empty input" time="0.0008901">
        </testcase>
        <testcase classname="tests/features/telecom/canal-config.test.ts" name="enrichCanalSummaries &gt; preserves input order and length" time="0.0008304">
        </testcase>
    </testsuite>
    <testsuite name="tests/features/telecom/chart-options.test.ts" timestamp="2026-06-25T18:28:25.287Z" hostname="Desktop" tests="22" failures="0" errors="0" skipped="0" time="1.6812246">
        <testcase classname="tests/features/telecom/chart-options.test.ts" name="chartTheme &gt; returns a complete theme object with every chrome and semantic color key" time="0.5893235">
        </testcase>
        <testcase classname="tests/features/telecom/chart-options.test.ts" name="retintOption &gt; swaps a direct palette color for the matching color in the new theme" time="0.0019488">
        </testcase>
        <testcase classname="tests/features/telecom/chart-options.test.ts" name="retintOption &gt; leaves config-sourced (non-palette) colors untouched" time="0.0010408">
        </testcase>
        <testcase classname="tests/features/telecom/chart-options.test.ts" name="retintOption &gt; remaps the base hue of an rgba alpha variant to the new theme" time="0.0019344">
        </testcase>
        <testcase classname="tests/features/telecom/chart-options.test.ts" name="retintOption &gt; leaves an rgba variant untouched when its base hue is not a swapped palette color" time="0.0006629">
        </testcase>
        <testcase classname="tests/features/telecom/chart-options.test.ts" name="retintOption &gt; recurses through arrays and nested objects" time="0.0005621">
        </testcase>
        <testcase classname="tests/features/telecom/chart-options.test.ts" name="retintOption &gt; preserves function references (formatters) without invoking them" time="0.0004266">
        </testcase>
        <testcase classname="tests/features/telecom/chart-options.test.ts" name="retintOption &gt; does not swap colors that are unchanged between the two themes" time="0.001339">
        </testcase>
        <testcase classname="tests/features/telecom/chart-options.test.ts" name="buildStatusDonutOption &gt; maps each status row to a pie slice with the matching status color" time="0.0886829">
        </testcase>
        <testcase classname="tests/features/telecom/chart-options.test.ts" name="buildStatusDonutOption &gt; falls back to a neutral gray for unknown status codes" time="0.085776">
        </testcase>
        <testcase classname="tests/features/telecom/chart-options.test.ts" name="buildCanalShareOption &gt; orders canal categories by descending total" time="0.0751478">
        </testcase>
        <testcase classname="tests/features/telecom/chart-options.test.ts" name="buildCanalShareOption &gt; does not mutate the caller&apos;s array order" time="0.080481">
        </testcase>
        <testcase classname="tests/features/telecom/chart-options.test.ts" name="buildSuccessRateTrendOption &gt; colors bars green / amber / red by success-rate band" time="0.0810146">
        </testcase>
        <testcase classname="tests/features/telecom/chart-options.test.ts" name="buildRiskScoreOption &gt; sorts canals by descending computed risk score" time="0.0652583">
        </testcase>
        <testcase classname="tests/features/telecom/chart-options.test.ts" name="buildHourlyChartOption &gt; produces a 24-slot stacked dataset with zero-filled gaps" time="0.0573788">
        </testcase>
        <testcase classname="tests/features/telecom/chart-options.test.ts" name="buildHourlyChartOption &gt; computes the &apos;Autre&apos; bucket as total minus success minus declined, floored at zero" time="0.0799057">
        </testcase>
        <testcase classname="tests/features/telecom/chart-options.test.ts" name="buildHourlyChartOption &gt; omits the forecast series and legend entry when no forecast is given" time="0.0618415">
        </testcase>
        <testcase classname="tests/features/telecom/chart-options.test.ts" name="buildHourlyChartOption &gt; adds forecast series and extends the axis for forecast-only hours" time="0.0630692">
        </testcase>
        <testcase classname="tests/features/telecom/chart-options.test.ts" name="buildCanalHeatmapOption &gt; computes per-cell success rate as a rounded percentage in rate mode" time="0.0660085">
        </testcase>
        <testcase classname="tests/features/telecom/chart-options.test.ts" name="buildCanalHeatmapOption &gt; drops empty cells (rate of -1) from the rendered heatmap data" time="0.0826748">
        </testcase>
        <testcase classname="tests/features/telecom/chart-options.test.ts" name="buildCanalHeatmapOption &gt; uses raw totals and a 0..100 success scale for the two view modes" time="0.1195775">
        </testcase>
        <testcase classname="tests/features/telecom/chart-options.test.ts" name="buildCanalHeatmapOption &gt; orders heatmap rows by descending total volume per canal" time="0.059808">
        </testcase>
    </testsuite>
    <testsuite name="tests/features/telecom/format.test.ts" timestamp="2026-06-25T18:28:25.289Z" hostname="Desktop" tests="20" failures="0" errors="0" skipped="0" time="0.1385987">
        <testcase classname="tests/features/telecom/format.test.ts" name="fmtN &gt; formats integers without decimals by default" time="0.0873091">
        </testcase>
        <testcase classname="tests/features/telecom/format.test.ts" name="fmtN &gt; respects the requested decimal precision" time="0.0013873">
        </testcase>
        <testcase classname="tests/features/telecom/format.test.ts" name="fmtCompact &gt; uses compact notation for large numbers" time="0.0016531">
        </testcase>
        <testcase classname="tests/features/telecom/format.test.ts" name="fmtAmount &gt; always renders three decimals" time="0.0009684">
        </testcase>
        <testcase classname="tests/features/telecom/format.test.ts" name="fmtPct &gt; floors to one decimal to avoid rounding up to 100%" time="0.0016272">
        </testcase>
        <testcase classname="tests/features/telecom/format.test.ts" name="fmtPct &gt; drops the trailing .0" time="0.0008854">
        </testcase>
        <testcase classname="tests/features/telecom/format.test.ts" name="fmtPct &gt; uses a &lt;0.1% floor for tiny positive values" time="0.0022193">
        </testcase>
        <testcase classname="tests/features/telecom/format.test.ts" name="fmtDuration &gt; returns a dash for non-positive / non-finite input" time="0.0016478">
        </testcase>
        <testcase classname="tests/features/telecom/format.test.ts" name="fmtDuration &gt; renders milliseconds under a second" time="0.0020357">
        </testcase>
        <testcase classname="tests/features/telecom/format.test.ts" name="fmtDuration &gt; renders seconds with two decimals at or above a second" time="0.0063336">
        </testcase>
        <testcase classname="tests/features/telecom/format.test.ts" name="safeNum &gt; returns finite numbers unchanged" time="0.000958">
        </testcase>
        <testcase classname="tests/features/telecom/format.test.ts" name="safeNum &gt; coerces numeric strings" time="0.0080902">
        </testcase>
        <testcase classname="tests/features/telecom/format.test.ts" name="safeNum &gt; falls back to 0 for non-numeric input" time="0.0006016">
        </testcase>
        <testcase classname="tests/features/telecom/format.test.ts" name="safeNum &gt; unwraps the first element of a typed array (DuckDB aggregate shape)" time="0.0004753">
        </testcase>
        <testcase classname="tests/features/telecom/format.test.ts" name="clamp &gt; clamps below the lower bound" time="0.0004188">
        </testcase>
        <testcase classname="tests/features/telecom/format.test.ts" name="clamp &gt; clamps above the upper bound" time="0.0003286">
        </testcase>
        <testcase classname="tests/features/telecom/format.test.ts" name="clamp &gt; passes through values within range" time="0.0003444">
        </testcase>
        <testcase classname="tests/features/telecom/format.test.ts" name="movingAverage &gt; computes a rolling mean" time="0.0062293">
        </testcase>
        <testcase classname="tests/features/telecom/format.test.ts" name="movingAverage &gt; returns an empty array when the window exceeds the data" time="0.0005495">
        </testcase>
        <testcase classname="tests/features/telecom/format.test.ts" name="movingAverage &gt; returns an empty array for an invalid window" time="0.0003899">
        </testcase>
    </testsuite>
    <testsuite name="tests/features/telecom/insights.test.ts" timestamp="2026-06-25T18:28:25.291Z" hostname="Desktop" tests="31" failures="0" errors="0" skipped="0" time="0.1468462">
        <testcase classname="tests/features/telecom/insights.test.ts" name="detectHourlyAnomalies &gt; returns empty array with fewer than 4 hourly rows" time="0.0114155">
        </testcase>
        <testcase classname="tests/features/telecom/insights.test.ts" name="detectHourlyAnomalies &gt; returns empty array when all volumes are identical (zero variance)" time="0.0014954">
        </testcase>
        <testcase classname="tests/features/telecom/insights.test.ts" name="detectHourlyAnomalies &gt; flags a clear spike above the z-score threshold" time="0.0015694">
        </testcase>
        <testcase classname="tests/features/telecom/insights.test.ts" name="detectHourlyAnomalies &gt; classifies a below-mean outlier as a drop" time="0.0011642">
        </testcase>
        <testcase classname="tests/features/telecom/insights.test.ts" name="detectHourlyAnomalies &gt; caps results at the five strongest anomalies sorted by magnitude" time="0.0007916">
        </testcase>
        <testcase classname="tests/features/telecom/insights.test.ts" name="computeCanalRiskScore &gt; scores a perfectly healthy canal at zero" time="0.0024391">
        </testcase>
        <testcase classname="tests/features/telecom/insights.test.ts" name="computeCanalRiskScore &gt; penalises a low success rate (up to 50 points)" time="0.0008429">
        </testcase>
        <testcase classname="tests/features/telecom/insights.test.ts" name="computeCanalRiskScore &gt; clamps the refund penalty at 20 points" time="0.0003772">
        </testcase>
        <testcase classname="tests/features/telecom/insights.test.ts" name="computeCanalRiskScore &gt; clamps the instance penalty at 15 points" time="0.0009079">
        </testcase>
        <testcase classname="tests/features/telecom/insights.test.ts" name="computeCanalRiskScore &gt; adds a concentration bonus only above a 40% share" time="0.0006161">
        </testcase>
        <testcase classname="tests/features/telecom/insights.test.ts" name="computeCanalRiskScore &gt; never exceeds 100" time="0.0004258">
        </testcase>
        <testcase classname="tests/features/telecom/insights.test.ts" name="computeCanalRiskScore &gt; avoids division by zero when total is zero" time="0.0013405">
        </testcase>
        <testcase classname="tests/features/telecom/insights.test.ts" name="linearRegression &gt; returns a zero slope for fewer than two points" time="0.00158">
        </testcase>
        <testcase classname="tests/features/telecom/insights.test.ts" name="linearRegression &gt; recovers the slope and intercept of a perfect line" time="0.0009006">
        </testcase>
        <testcase classname="tests/features/telecom/insights.test.ts" name="linearRegression &gt; returns a flat line through the mean when all x are equal" time="0.0006567">
        </testcase>
        <testcase classname="tests/features/telecom/insights.test.ts" name="linearRegression &gt; computes a negative slope for a descending series" time="0.000391">
        </testcase>
        <testcase classname="tests/features/telecom/insights.test.ts" name="generateNarrative &gt; falls back to &apos;today&apos; when no report date is supplied" time="0.0616517">
        </testcase>
        <testcase classname="tests/features/telecom/insights.test.ts" name="generateNarrative &gt; uses the excellent health word at or above 97% success" time="0.0019322">
        </testcase>
        <testcase classname="tests/features/telecom/insights.test.ts" name="generateNarrative &gt; uses the poor health word below 80% success" time="0.0013348">
        </testcase>
        <testcase classname="tests/features/telecom/insights.test.ts" name="generateNarrative &gt; contrasts the best and worst canals when they differ" time="0.0020569">
        </testcase>
        <testcase classname="tests/features/telecom/insights.test.ts" name="generateNarrative &gt; mentions the top error code only when present and not N/A" time="0.0045568">
        </testcase>
        <testcase classname="tests/features/telecom/insights.test.ts" name="generateNarrative &gt; reports the peak hour with zero-padded formatting" time="0.0012441">
        </testcase>
        <testcase classname="tests/features/telecom/insights.test.ts" name="computeAIInsights &gt; returns an empty list when there are no transactions" time="0.0028219">
        </testcase>
        <testcase classname="tests/features/telecom/insights.test.ts" name="computeAIInsights &gt; flags a KPI / status desynchronisation as critical" time="0.0019767">
        </testcase>
        <testcase classname="tests/features/telecom/insights.test.ts" name="computeAIInsights &gt; raises a critical no-channel-match insight when zero success is classified" time="0.0021722">
        </testcase>
        <testcase classname="tests/features/telecom/insights.test.ts" name="computeAIInsights &gt; emits a positive insight for exceptional system health" time="0.0011129">
        </testcase>
        <testcase classname="tests/features/telecom/insights.test.ts" name="computeAIInsights &gt; emits a critical health insight below an 80% success rate" time="0.0018913">
        </testcase>
        <testcase classname="tests/features/telecom/insights.test.ts" name="computeAIInsights &gt; detects a peak-hour traffic concentration above 15% of daily volume" time="0.0022881">
        </testcase>
        <testcase classname="tests/features/telecom/insights.test.ts" name="computeAIInsights &gt; flags a reversal/refund anomaly above the 2% threshold" time="0.0009369">
        </testcase>
        <testcase classname="tests/features/telecom/insights.test.ts" name="computeAIInsights &gt; sorts critical insights before lower-severity ones and caps the list at eight" time="0.0069421">
        </testcase>
        <testcase classname="tests/features/telecom/insights.test.ts" name="computeAIInsights &gt; flags unmapped OTHER status codes as their own insight" time="0.001003">
        </testcase>
    </testsuite>
    <testsuite name="tests/features/telecom/queries-expr.test.ts" timestamp="2026-06-25T18:28:25.294Z" hostname="Desktop" tests="15" failures="0" errors="0" skipped="0" time="0.0199887">
        <testcase classname="tests/features/telecom/queries-expr.test.ts" name="CANAL_KEY_TO_LABEL &gt; maps every canal key to a human label" time="0.0047195">
        </testcase>
        <testcase classname="tests/features/telecom/queries-expr.test.ts" name="CANAL_KEY_TO_LABEL &gt; uses the expected business label for bill payment" time="0.0006157">
        </testcase>
        <testcase classname="tests/features/telecom/queries-expr.test.ts" name="CANAL_KEY_TO_LABEL &gt; produces unique labels (no two canals share a label)" time="0.0005668">
        </testcase>
        <testcase classname="tests/features/telecom/queries-expr.test.ts" name="transactionDateExpr &gt; defaults to the TRANSACTION_DATE column quoted" time="0.0009976">
        </testcase>
        <testcase classname="tests/features/telecom/queries-expr.test.ts" name="transactionDateExpr &gt; quotes a custom date column" time="0.0006098">
        </testcase>
        <testcase classname="tests/features/telecom/queries-expr.test.ts" name="transactionDateExpr &gt; tries multiple parse formats via COALESCE for robustness" time="0.0005151">
        </testcase>
        <testcase classname="tests/features/telecom/queries-expr.test.ts" name="transactionDayExpr &gt; truncates the parsed timestamp to the day" time="0.0004099">
        </testcase>
        <testcase classname="tests/features/telecom/queries-expr.test.ts" name="transactionDayExpr &gt; threads a custom column through to the inner date expression" time="0.0002735">
        </testcase>
        <testcase classname="tests/features/telecom/queries-expr.test.ts" name="transactionHourExpr &gt; extracts an integer hour by splitting on space then colon" time="0.0005757">
        </testcase>
        <testcase classname="tests/features/telecom/queries-expr.test.ts" name="buildSpecDateFilter &gt; returns an empty string when neither bound is supplied" time="0.0004069">
        </testcase>
        <testcase classname="tests/features/telecom/queries-expr.test.ts" name="buildSpecDateFilter &gt; produces a BETWEEN clause when both bounds are present" time="0.0006812">
        </testcase>
        <testcase classname="tests/features/telecom/queries-expr.test.ts" name="buildSpecDateFilter &gt; produces a &gt;= clause when only the start is present" time="0.000746">
        </testcase>
        <testcase classname="tests/features/telecom/queries-expr.test.ts" name="buildSpecDateFilter &gt; produces a &lt;= clause when only the end is present" time="0.000445">
        </testcase>
        <testcase classname="tests/features/telecom/queries-expr.test.ts" name="buildSpecDateFilter &gt; casts both sides to DATE so time components do not skew the range" time="0.000324">
        </testcase>
        <testcase classname="tests/features/telecom/queries-expr.test.ts" name="buildSpecDateFilter &gt; honours a custom date column" time="0.000338">
        </testcase>
    </testsuite>
    <testsuite name="tests/features/telecom/sql.test.ts" timestamp="2026-06-25T18:28:25.296Z" hostname="Desktop" tests="39" failures="0" errors="0" skipped="0" time="0.0320104">
        <testcase classname="tests/features/telecom/sql.test.ts" name="qc — safe identifier quoting &gt; wraps a plain column name in double quotes" time="0.004134">
        </testcase>
        <testcase classname="tests/features/telecom/sql.test.ts" name="qc — safe identifier quoting &gt; preserves spaces and mixed case inside the quotes" time="0.0007086">
        </testcase>
        <testcase classname="tests/features/telecom/sql.test.ts" name="qc — safe identifier quoting &gt; doubles EVERY embedded double quote (regression: not just the first)" time="0.0006127">
        </testcase>
        <testcase classname="tests/features/telecom/sql.test.ts" name="qc — safe identifier quoting &gt; throws a TypeError on an empty string" time="0.0010718">
        </testcase>
        <testcase classname="tests/features/telecom/sql.test.ts" name="qc — safe identifier quoting &gt; throws on a non-string identifier" time="0.0005284">
        </testcase>
        <testcase classname="tests/features/telecom/sql.test.ts" name="qc — safe identifier quoting &gt; rejects identifiers containing a semicolon (injection attempt)" time="0.0018537">
        </testcase>
        <testcase classname="tests/features/telecom/sql.test.ts" name="qc — safe identifier quoting &gt; rejects identifiers containing a SQL line comment" time="0.0005879">
        </testcase>
        <testcase classname="tests/features/telecom/sql.test.ts" name="qc — safe identifier quoting &gt; rejects identifiers containing a block comment opener" time="0.0005112">
        </testcase>
        <testcase classname="tests/features/telecom/sql.test.ts" name="qc — safe identifier quoting &gt; rejects identifiers containing a backslash" time="0.000646">
        </testcase>
        <testcase classname="tests/features/telecom/sql.test.ts" name="sqlLiteral — string literal quoting &gt; wraps a plain value in single quotes" time="0.0003845">
        </testcase>
        <testcase classname="tests/features/telecom/sql.test.ts" name="sqlLiteral — string literal quoting &gt; doubles EVERY embedded single quote (regression: not just the first)" time="0.0003429">
        </testcase>
        <testcase classname="tests/features/telecom/sql.test.ts" name="sqlLiteral — string literal quoting &gt; leaves a value with no quotes unchanged inside the wrapper" time="0.0002135">
        </testcase>
        <testcase classname="tests/features/telecom/sql.test.ts" name="colExpr — column expression or NULL &gt; quotes a present column" time="0.0002996">
        </testcase>
        <testcase classname="tests/features/telecom/sql.test.ts" name="colExpr — column expression or NULL &gt; returns the NULL literal for an unmapped (empty) column" time="0.0002044">
        </testcase>
        <testcase classname="tests/features/telecom/sql.test.ts" name="sqlLiteral — string literal escaping &gt; wraps a value in single quotes" time="0.0002621">
        </testcase>
        <testcase classname="tests/features/telecom/sql.test.ts" name="sqlLiteral — string literal escaping &gt; doubles the first embedded single quote" time="0.0002307">
        </testcase>
        <testcase classname="tests/features/telecom/sql.test.ts" name="sqlLiteral — string literal escaping &gt; leaves a value with no quotes untouched apart from wrapping" time="0.0002664">
        </testcase>
        <testcase classname="tests/features/telecom/sql.test.ts" name="normalizeStatusCode — raw code → business category &gt; maps a configured success code to SUCCESS" time="0.0005705">
        </testcase>
        <testcase classname="tests/features/telecom/sql.test.ts" name="normalizeStatusCode — raw code → business category &gt; is case-insensitive and trims surrounding whitespace" time="0.0003677">
        </testcase>
        <testcase classname="tests/features/telecom/sql.test.ts" name="normalizeStatusCode — raw code → business category &gt; maps a declined code to DECLINED" time="0.0003299">
        </testcase>
        <testcase classname="tests/features/telecom/sql.test.ts" name="normalizeStatusCode — raw code → business category &gt; maps a refund code to REFUND" time="0.0002542">
        </testcase>
        <testcase classname="tests/features/telecom/sql.test.ts" name="normalizeStatusCode — raw code → business category &gt; maps an instance/hold code to INSTANCE" time="0.000219">
        </testcase>
        <testcase classname="tests/features/telecom/sql.test.ts" name="normalizeStatusCode — raw code → business category &gt; maps the submitted code to SUBMITTED" time="0.0002233">
        </testcase>
        <testcase classname="tests/features/telecom/sql.test.ts" name="normalizeStatusCode — raw code → business category &gt; returns an empty string for blank input" time="0.0002402">
        </testcase>
        <testcase classname="tests/features/telecom/sql.test.ts" name="normalizeStatusCode — raw code → business category &gt; falls back to OTHER for an unknown code" time="0.0002884">
        </testcase>
        <testcase classname="tests/features/telecom/sql.test.ts" name="normalizeStatusCode — raw code → business category &gt; honours a configured mapping that overrides builtin classification" time="0.0002606">
        </testcase>
        <testcase classname="tests/features/telecom/sql.test.ts" name="normalizeStatusCode — raw code → business category &gt; returns OTHER when a configured mapping marks the code as other" time="0.0002824">
        </testcase>
        <testcase classname="tests/features/telecom/sql.test.ts" name="statusNorm — SQL CASE expression for status &gt; produces a CASE expression keyed off the mapped status column" time="0.0015578">
        </testcase>
        <testcase classname="tests/features/telecom/sql.test.ts" name="statusNorm — SQL CASE expression for status &gt; emits a WHEN clause that maps PST to SUCCESS" time="0.0006085">
        </testcase>
        <testcase classname="tests/features/telecom/sql.test.ts" name="statusNorm — SQL CASE expression for status &gt; defaults unmatched codes to OTHER via the ELSE branch" time="0.0004674">
        </testcase>
        <testcase classname="tests/features/telecom/sql.test.ts" name="statusNorm — SQL CASE expression for status &gt; returns the constant OTHER literal when no mappings have raw codes" time="0.0007167">
        </testcase>
        <testcase classname="tests/features/telecom/sql.test.ts" name="statusNorm — SQL CASE expression for status &gt; includes builtin codes that are not present in the configured mapping" time="0.0004577">
        </testcase>
        <testcase classname="tests/features/telecom/sql.test.ts" name="hourExpr — hour extraction expression &gt; references the mapped transaction date column" time="0.0005105">
        </testcase>
        <testcase classname="tests/features/telecom/sql.test.ts" name="hourExpr — hour extraction expression &gt; splits on space then colon to isolate the hour" time="0.0003844">
        </testcase>
        <testcase classname="tests/features/telecom/sql.test.ts" name="canalWhere — per-canal SQL predicates &gt; returns a predicate for every canal key" time="0.0017215">
        </testcase>
        <testcase classname="tests/features/telecom/sql.test.ts" name="canalWhere — per-canal SQL predicates &gt; ORs the underlying channel conditions inside a parenthesised group" time="0.0005359">
        </testcase>
        <testcase classname="tests/features/telecom/sql.test.ts" name="canalCaseExpr — canal classification CASE &gt; opens with CASE and closes with END" time="0.0005037">
        </testcase>
        <testcase classname="tests/features/telecom/sql.test.ts" name="canalCaseExpr — canal classification CASE &gt; labels each canal with its French/business label" time="0.0004429">
        </testcase>
        <testcase classname="tests/features/telecom/sql.test.ts" name="canalCaseExpr — canal classification CASE &gt; falls back to &apos;Other&apos; when nothing matches" time="0.0003283">
        </testcase>
    </testsuite>
    <testsuite name="tests/features/telecom/status-definitions.test.ts" timestamp="2026-06-25T18:28:25.300Z" hostname="Desktop" tests="15" failures="0" errors="0" skipped="0" time="0.0231105">
        <testcase classname="tests/features/telecom/status-definitions.test.ts" name="sqlStatusInList &gt; renders a comma-separated list of single-quoted literals" time="0.0036217">
        </testcase>
        <testcase classname="tests/features/telecom/status-definitions.test.ts" name="sqlStatusInList &gt; escapes embedded single quotes to prevent SQL injection" time="0.000645">
        </testcase>
        <testcase classname="tests/features/telecom/status-definitions.test.ts" name="sqlStatusInList &gt; returns an empty string for an empty code list" time="0.0004421">
        </testcase>
        <testcase classname="tests/features/telecom/status-definitions.test.ts" name="buildRawStatusFilter &gt; wraps the normalised status expression in an IN clause" time="0.0004165">
        </testcase>
        <testcase classname="tests/features/telecom/status-definitions.test.ts" name="buildRawStatusFilterForColumn &gt; targets an arbitrary column expression" time="0.0003725">
        </testcase>
        <testcase classname="tests/features/telecom/status-definitions.test.ts" name="SPEC filters &gt; derive the success filter from the spec success codes" time="0.0005475">
        </testcase>
        <testcase classname="tests/features/telecom/status-definitions.test.ts" name="SPEC filters &gt; exclude soft-declined extras (CAN/FLD/ERR) that exist only in the builtin set" time="0.0020174">
        </testcase>
        <testcase classname="tests/features/telecom/status-definitions.test.ts" name="status code set integrity &gt; maps every classified semantic to an uppercase category" time="0.0004939">
        </testcase>
        <testcase classname="tests/features/telecom/status-definitions.test.ts" name="status code set integrity &gt; keeps builtin code groups disjoint (no code in two semantics)" time="0.0020077">
        </testcase>
        <testcase classname="tests/features/telecom/status-definitions.test.ts" name="status code set integrity &gt; composes the report instance set from hold + doubt codes" time="0.0007217">
        </testcase>
        <testcase classname="tests/features/telecom/status-definitions.test.ts" name="DEFAULT_STATUS_MAPPINGS &gt; assigns the shared presentation label/color per semantic by default" time="0.000481">
        </testcase>
        <testcase classname="tests/features/telecom/status-definitions.test.ts" name="DEFAULT_STATUS_MAPPINGS &gt; honours per-code color overrides (CAN gets its own orange)" time="0.0017911">
        </testcase>
        <testcase classname="tests/features/telecom/status-definitions.test.ts" name="DEFAULT_STATUS_MAPPINGS &gt; contains no duplicate raw codes" time="0.0004241">
        </testcase>
        <testcase classname="tests/features/telecom/status-definitions.test.ts" name="SEMANTIC_STATUS_OPTIONS &gt; exposes all six semantics including OTHER for the config UI" time="0.0010327">
        </testcase>
        <testcase classname="tests/features/telecom/status-definitions.test.ts" name="SEMANTIC_STATUS_OPTIONS &gt; carries the label and color from STATUS_PRESENTATION" time="0.0004466">
        </testcase>
    </testsuite>
    <testsuite name="tests/features/telecom/telecom-dataset.test.ts" timestamp="2026-06-25T18:28:25.303Z" hostname="Desktop" tests="25" failures="0" errors="0" skipped="0" time="0.0258223">
        <testcase classname="tests/features/telecom/telecom-dataset.test.ts" name="normalizeColumnName &gt; trims and upper-cases the name" time="0.0049997">
        </testcase>
        <testcase classname="tests/features/telecom/telecom-dataset.test.ts" name="hasTelecomRequiredColumns &gt; returns true when all required columns are present" time="0.0012018">
        </testcase>
        <testcase classname="tests/features/telecom/telecom-dataset.test.ts" name="hasTelecomRequiredColumns &gt; matches case-insensitively and ignores surrounding whitespace" time="0.0005782">
        </testcase>
        <testcase classname="tests/features/telecom/telecom-dataset.test.ts" name="hasTelecomRequiredColumns &gt; returns false when a required column is missing" time="0.000396">
        </testcase>
        <testcase classname="tests/features/telecom/telecom-dataset.test.ts" name="hasTelecomRequiredColumns &gt; returns false for an empty column list" time="0.0002631">
        </testcase>
        <testcase classname="tests/features/telecom/telecom-dataset.test.ts" name="hasTelecomRequiredColumns &gt; tolerates extra unrelated columns" time="0.0002591">
        </testcase>
        <testcase classname="tests/features/telecom/telecom-dataset.test.ts" name="getMissingTelecomColumns &gt; returns an empty array when nothing is missing" time="0.0016937">
        </testcase>
        <testcase classname="tests/features/telecom/telecom-dataset.test.ts" name="getMissingTelecomColumns &gt; lists exactly the columns that are absent" time="0.0027468">
        </testcase>
        <testcase classname="tests/features/telecom/telecom-dataset.test.ts" name="getMissingTelecomColumns &gt; returns all required columns when none are present" time="0.000641">
        </testcase>
        <testcase classname="tests/features/telecom/telecom-dataset.test.ts" name="extractReportDateFromName &gt; parses an 8-digit YYYYMMDD token into an ISO date" time="0.0004807">
        </testcase>
        <testcase classname="tests/features/telecom/telecom-dataset.test.ts" name="extractReportDateFromName &gt; returns an empty string when no 8-digit token is present" time="0.0003378">
        </testcase>
        <testcase classname="tests/features/telecom/telecom-dataset.test.ts" name="extractReportDateFromName &gt; uses the first 8-digit run when several numbers exist" time="0.0002168">
        </testcase>
        <testcase classname="tests/features/telecom/telecom-dataset.test.ts" name="extractReportDateFromName &gt; returns an empty string for a name with too few digits" time="0.0001931">
        </testcase>
        <testcase classname="tests/features/telecom/telecom-dataset.test.ts" name="buildDatasetTags &gt; tags a telecom-compatible file with telecom + report-date tags" time="0.0007933">
        </testcase>
        <testcase classname="tests/features/telecom/telecom-dataset.test.ts" name="buildDatasetTags &gt; returns no tags for an unrelated file when telecom mode is off" time="0.0003773">
        </testcase>
        <testcase classname="tests/features/telecom/telecom-dataset.test.ts" name="buildDatasetTags &gt; emits a report-date tag in telecom mode even when columns do not qualify" time="0.0004802">
        </testcase>
        <testcase classname="tests/features/telecom/telecom-dataset.test.ts" name="buildDatasetTags &gt; omits the report-date tag when the name has no date" time="0.0003915">
        </testcase>
        <testcase classname="tests/features/telecom/telecom-dataset.test.ts" name="getTelecomDatasetProfile &gt; reports compatibility, date, missing columns and a description for a valid set" time="0.000575">
        </testcase>
        <testcase classname="tests/features/telecom/telecom-dataset.test.ts" name="getTelecomDatasetProfile &gt; blanks the description and lists missing columns for an incompatible set" time="0.000474">
        </testcase>
        <testcase classname="tests/features/telecom/telecom-dataset.test.ts" name="isTelecomDataset &gt; returns true when the dataset carries the telecom tag" time="0.0002738">
        </testcase>
        <testcase classname="tests/features/telecom/telecom-dataset.test.ts" name="isTelecomDataset &gt; returns true when columns satisfy the requirement even without a tag" time="0.0002027">
        </testcase>
        <testcase classname="tests/features/telecom/telecom-dataset.test.ts" name="isTelecomDataset &gt; returns false when neither the tag nor the columns qualify" time="0.0001736">
        </testcase>
        <testcase classname="tests/features/telecom/telecom-dataset.test.ts" name="getDatasetReportDate &gt; returns an empty string for a null/undefined dataset" time="0.0002795">
        </testcase>
        <testcase classname="tests/features/telecom/telecom-dataset.test.ts" name="getDatasetReportDate &gt; prefers an explicit report-date tag over the file name" time="0.0002145">
        </testcase>
        <testcase classname="tests/features/telecom/telecom-dataset.test.ts" name="getDatasetReportDate &gt; falls back to parsing the file name when no tag is present" time="0.0001906">
        </testcase>
    </testsuite>
    <testsuite name="tests/platform/ai/locale/derja.test.ts" timestamp="2026-06-25T18:28:25.305Z" hostname="Desktop" tests="58" failures="0" errors="0" skipped="0" time="0.0371729">
        <testcase classname="tests/platform/ai/locale/derja.test.ts" name="DERJA_GLOSSARY &gt; is a non-empty readonly array" time="0.0043704">
        </testcase>
        <testcase classname="tests/platform/ai/locale/derja.test.ts" name="DERJA_GLOSSARY &gt; every entry has a non-empty forms array and a non-empty meaning string" time="0.0030103">
        </testcase>
        <testcase classname="tests/platform/ai/locale/derja.test.ts" name="DERJA_GLOSSARY &gt; contains an entry for &apos;how much / how many&apos; with 9adech" time="0.0025255">
        </testcase>
        <testcase classname="tests/platform/ai/locale/derja.test.ts" name="DERJA_GLOSSARY &gt; contains an entry for &apos;money / revenue&apos; with flus and floos" time="0.0008878">
        </testcase>
        <testcase classname="tests/platform/ai/locale/derja.test.ts" name="DERJA_GLOSSARY &gt; contains an entry for &apos;today&apos; with lyoum" time="0.000742">
        </testcase>
        <testcase classname="tests/platform/ai/locale/derja.test.ts" name="DERJA_GLOSSARY &gt; contains an entry for &apos;yesterday&apos; with lbera7" time="0.0006075">
        </testcase>
        <testcase classname="tests/platform/ai/locale/derja.test.ts" name="DERJA_GLOSSARY &gt; DerjaGlossaryEntry interface: forms is string[] and meaning is string" time="0.000393">
        </testcase>
        <testcase classname="tests/platform/ai/locale/derja.test.ts" name="DERJA_SYSTEM_HINT &gt; is a non-empty string" time="0.0005007">
        </testcase>
        <testcase classname="tests/platform/ai/locale/derja.test.ts" name="DERJA_SYSTEM_HINT &gt; mentions Arabizi digit conventions (3, 7, 9)" time="0.0006027">
        </testcase>
        <testcase classname="tests/platform/ai/locale/derja.test.ts" name="DERJA_SYSTEM_HINT &gt; mentions Tunisian Arabic / Derja" time="0.0002908">
        </testcase>
        <testcase classname="tests/platform/ai/locale/derja.test.ts" name="DERJA_SYSTEM_HINT &gt; embeds the glossary: contains &apos;9adech&apos;" time="0.0002715">
        </testcase>
        <testcase classname="tests/platform/ai/locale/derja.test.ts" name="DERJA_SYSTEM_HINT &gt; embeds the glossary: contains &apos;= money / revenue&apos;" time="0.0002471">
        </testcase>
        <testcase classname="tests/platform/ai/locale/derja.test.ts" name="DERJA_SYSTEM_HINT &gt; instructs the model to answer in the user&apos;s script" time="0.0002355">
        </testcase>
        <testcase classname="tests/platform/ai/locale/derja.test.ts" name="DERJA_SYSTEM_HINT &gt; includes French code-switching mention" time="0.0002141">
        </testcase>
        <testcase classname="tests/platform/ai/locale/derja.test.ts" name="detectLikelyLanguage — empty / whitespace input &gt; returns &apos;unknown&apos; for an empty string" time="0.0004936">
        </testcase>
        <testcase classname="tests/platform/ai/locale/derja.test.ts" name="detectLikelyLanguage — empty / whitespace input &gt; returns &apos;unknown&apos; for a whitespace-only string" time="0.0002623">
        </testcase>
        <testcase classname="tests/platform/ai/locale/derja.test.ts" name="detectLikelyLanguage — empty / whitespace input &gt; handles empty string (covers the ?? fallback path in the implementation)" time="0.0002032">
        </testcase>
        <testcase classname="tests/platform/ai/locale/derja.test.ts" name="detectLikelyLanguage — Arabic script (MSA) &gt; returns &apos;ar&apos; for plain Modern Standard Arabic" time="0.0008401">
        </testcase>
        <testcase classname="tests/platform/ai/locale/derja.test.ts" name="detectLikelyLanguage — Arabic script (MSA) &gt; returns &apos;ar&apos; for MSA that does not contain Derja Arabic forms" time="0.0006061">
        </testcase>
        <testcase classname="tests/platform/ai/locale/derja.test.ts" name="detectLikelyLanguage — Arabic-script Derja &gt; returns &apos;derja&apos; for قداش الفلوس (glossary Arabic forms)" time="0.0004008">
        </testcase>
        <testcase classname="tests/platform/ai/locale/derja.test.ts" name="detectLikelyLanguage — Arabic-script Derja &gt; returns &apos;derja&apos; when Arabic-script Derja form قدّاش is present" time="0.0003031">
        </testcase>
        <testcase classname="tests/platform/ai/locale/derja.test.ts" name="detectLikelyLanguage — Arabic-script Derja &gt; returns &apos;derja&apos; for mixed Arabic-script Derja sentence" time="0.0002569">
        </testcase>
        <testcase classname="tests/platform/ai/locale/derja.test.ts" name="detectLikelyLanguage — Arabizi &gt; returns &apos;derja&apos; for &apos;9adech el flus mta3 ennhar?&apos;" time="0.000447">
        </testcase>
        <testcase classname="tests/platform/ai/locale/derja.test.ts" name="detectLikelyLanguage — Arabizi &gt; returns &apos;derja&apos; for Arabizi digit-letter pattern: &apos;3lech&apos;" time="0.0002643">
        </testcase>
        <testcase classname="tests/platform/ai/locale/derja.test.ts" name="detectLikelyLanguage — Arabizi &gt; returns &apos;derja&apos; for Arabizi digit-letter pattern: &apos;7keya&apos;" time="0.0002194">
        </testcase>
        <testcase classname="tests/platform/ai/locale/derja.test.ts" name="detectLikelyLanguage — Arabizi &gt; returns &apos;derja&apos; for Arabizi digit-letter pattern: &apos;kifech&apos; (glossary token)" time="0.0002054">
        </testcase>
        <testcase classname="tests/platform/ai/locale/derja.test.ts" name="detectLikelyLanguage — Arabizi &gt; returns &apos;derja&apos; for EXTRA_DERJA_TOKENS: &apos;mta3&apos;" time="0.0001975">
        </testcase>
        <testcase classname="tests/platform/ai/locale/derja.test.ts" name="detectLikelyLanguage — Arabizi &gt; returns &apos;derja&apos; for glossary token &apos;barcha&apos;" time="0.0002041">
        </testcase>
        <testcase classname="tests/platform/ai/locale/derja.test.ts" name="detectLikelyLanguage — Arabizi &gt; returns &apos;derja&apos; for glossary token &apos;chwaya&apos;" time="0.0001876">
        </testcase>
        <testcase classname="tests/platform/ai/locale/derja.test.ts" name="detectLikelyLanguage — Arabizi &gt; returns &apos;derja&apos; for EXTRA_DERJA_TOKENS: &apos;famma&apos;" time="0.0001945">
        </testcase>
        <testcase classname="tests/platform/ai/locale/derja.test.ts" name="detectLikelyLanguage — Arabizi &gt; does NOT treat plain standalone digits as Arabizi: &apos;3 days, 9000 calls&apos;" time="0.0003922">
        </testcase>
        <testcase classname="tests/platform/ai/locale/derja.test.ts" name="detectLikelyLanguage — French &gt; returns &apos;fr&apos; for &apos;Combien de revenu pour le mois?&apos;" time="0.0002941">
        </testcase>
        <testcase classname="tests/platform/ai/locale/derja.test.ts" name="detectLikelyLanguage — French &gt; returns &apos;fr&apos; when French stopwords are present (comment, pourquoi)" time="0.0001895">
        </testcase>
        <testcase classname="tests/platform/ai/locale/derja.test.ts" name="detectLikelyLanguage — French &gt; returns &apos;fr&apos; for a sentence with &apos;les&apos;, &apos;des&apos;, &apos;pour&apos;" time="0.0002172">
        </testcase>
        <testcase classname="tests/platform/ai/locale/derja.test.ts" name="detectLikelyLanguage — French &gt; returns &apos;fr&apos; for &apos;combien&apos; alone" time="0.0001817">
        </testcase>
        <testcase classname="tests/platform/ai/locale/derja.test.ts" name="detectLikelyLanguage — French &gt; returns &apos;fr&apos; for &apos;sur le chiffre des affaires&apos;" time="0.0001503">
        </testcase>
        <testcase classname="tests/platform/ai/locale/derja.test.ts" name="detectLikelyLanguage — English &gt; returns &apos;en&apos; for &apos;What was revenue yesterday?&apos;" time="0.0003002">
        </testcase>
        <testcase classname="tests/platform/ai/locale/derja.test.ts" name="detectLikelyLanguage — English &gt; returns &apos;en&apos; for a normal English analytics question" time="0.0002063">
        </testcase>
        <testcase classname="tests/platform/ai/locale/derja.test.ts" name="detectLikelyLanguage — English &gt; returns &apos;en&apos; for a single ASCII word with no French/Derja markers" time="0.0001794">
        </testcase>
        <testcase classname="tests/platform/ai/locale/derja.test.ts" name="detectLikelyLanguage — English &gt; returns &apos;unknown&apos; for pure digits with no ASCII letters" time="0.0001615">
        </testcase>
        <testcase classname="tests/platform/ai/locale/derja.test.ts" name="detectLikelyLanguage — unknown &gt; returns &apos;unknown&apos; for a string with only punctuation" time="0.0002162">
        </testcase>
        <testcase classname="tests/platform/ai/locale/derja.test.ts" name="detectLikelyLanguage — unknown &gt; returns &apos;unknown&apos; for a string with only numbers (no letter adjacent)" time="0.0001539">
        </testcase>
        <testcase classname="tests/platform/ai/locale/derja.test.ts" name="detectLikelyLanguage — edge cases from source comments &gt; example: &apos;9adech el flus mta3 ennhar?&apos; → derja" time="0.000207">
        </testcase>
        <testcase classname="tests/platform/ai/locale/derja.test.ts" name="detectLikelyLanguage — edge cases from source comments &gt; example: &apos;ما هو إجمالي الإيرادات؟&apos; → ar" time="0.0003104">
        </testcase>
        <testcase classname="tests/platform/ai/locale/derja.test.ts" name="detectLikelyLanguage — edge cases from source comments &gt; example: &apos;Combien de revenu pour le mois?&apos; → fr" time="0.0003345">
        </testcase>
        <testcase classname="tests/platform/ai/locale/derja.test.ts" name="detectLikelyLanguage — edge cases from source comments &gt; example: &apos;What was revenue yesterday?&apos; → en" time="0.0002957">
        </testcase>
        <testcase classname="tests/platform/ai/locale/derja.test.ts" name="detectLikelyLanguage — edge cases from source comments &gt; example: &apos;3 days, 9000 calls&apos; → en (digits not letter-adjacent)" time="0.0002441">
        </testcase>
        <testcase classname="tests/platform/ai/locale/derja.test.ts" name="detectLikelyLanguage — edge cases from source comments &gt; empty string → unknown" time="0.0002152">
        </testcase>
        <testcase classname="tests/platform/ai/locale/derja.test.ts" name="localizedSystemPrefix &gt; returns a non-empty string for Derja (Arabizi) input" time="0.0004032">
        </testcase>
        <testcase classname="tests/platform/ai/locale/derja.test.ts" name="localizedSystemPrefix &gt; ends with a double newline for Derja input so it can be concatenated safely" time="0.0002665">
        </testcase>
        <testcase classname="tests/platform/ai/locale/derja.test.ts" name="localizedSystemPrefix &gt; returns a non-empty string for Arabic-script Derja input" time="0.0002726">
        </testcase>
        <testcase classname="tests/platform/ai/locale/derja.test.ts" name="localizedSystemPrefix &gt; returns a non-empty string for MSA (ar) input — hint still included" time="0.0005008">
        </testcase>
        <testcase classname="tests/platform/ai/locale/derja.test.ts" name="localizedSystemPrefix &gt; returns empty string for English input" time="0.0004183">
        </testcase>
        <testcase classname="tests/platform/ai/locale/derja.test.ts" name="localizedSystemPrefix &gt; returns empty string for French input" time="0.0002614">
        </testcase>
        <testcase classname="tests/platform/ai/locale/derja.test.ts" name="localizedSystemPrefix &gt; returns empty string for empty input (unknown language)" time="0.0002015">
        </testcase>
        <testcase classname="tests/platform/ai/locale/derja.test.ts" name="localizedSystemPrefix &gt; returns empty string for unknown/punctuation-only input" time="0.0002166">
        </testcase>
        <testcase classname="tests/platform/ai/locale/derja.test.ts" name="localizedSystemPrefix &gt; can be safely concatenated with an existing system prompt" time="0.0004462">
        </testcase>
        <testcase classname="tests/platform/ai/locale/derja.test.ts" name="localizedSystemPrefix &gt; concatenated with existing prompt: English → only existing prompt remains" time="0.0003215">
        </testcase>
    </testsuite>
    <testsuite name="tests/platform/python-sandbox/core/index.test.ts" timestamp="2026-06-25T18:28:25.319Z" hostname="Desktop" tests="27" failures="0" errors="0" skipped="0" time="1.0423098">
        <testcase classname="tests/platform/python-sandbox/core/index.test.ts" name="ensureSandboxReady() &gt; creates a Worker, sends an INIT request, and resolves when READY arrives" time="0.0658244">
        </testcase>
        <testcase classname="tests/platform/python-sandbox/core/index.test.ts" name="ensureSandboxReady() &gt; calls onProgress callback when LOAD_PROGRESS arrives during INIT" time="0.0077177">
        </testcase>
        <testcase classname="tests/platform/python-sandbox/core/index.test.ts" name="ensureSandboxReady() &gt; returns the same promise on repeated calls (singleton _readyPromise)" time="0.0019093">
        </testcase>
        <testcase classname="tests/platform/python-sandbox/core/index.test.ts" name="ensureSandboxReady() &gt; rejects when the worker responds with ERROR during INIT" time="0.0082369">
        </testcase>
        <testcase classname="tests/platform/python-sandbox/core/index.test.ts" name="ensureSandboxReady() &gt; ignores messages with mismatched ids" time="0.0052108">
        </testcase>
        <testcase classname="tests/platform/python-sandbox/core/index.test.ts" name="loadDataFrame() &gt; sends INIT then LOAD_DATAFRAME, resolves on RESULT" time="0.0670137">
        </testcase>
        <testcase classname="tests/platform/python-sandbox/core/index.test.ts" name="loadDataFrame() &gt; forwards onProgress messages from LOAD_DATAFRAME" time="0.0659136">
        </testcase>
        <testcase classname="tests/platform/python-sandbox/core/index.test.ts" name="loadDataFrame() &gt; rejects when worker returns ERROR for LOAD_DATAFRAME" time="0.0656916">
        </testcase>
        <testcase classname="tests/platform/python-sandbox/core/index.test.ts" name="installPackages() &gt; sends INIT then INSTALL with correct packages, resolves on RESULT" time="0.0739933">
        </testcase>
        <testcase classname="tests/platform/python-sandbox/core/index.test.ts" name="installPackages() &gt; forwards onProgress messages during install" time="0.0675075">
        </testcase>
        <testcase classname="tests/platform/python-sandbox/core/index.test.ts" name="installPackages() &gt; rejects when worker returns ERROR for INSTALL" time="0.0623403">
        </testcase>
        <testcase classname="tests/platform/python-sandbox/core/index.test.ts" name="runPython() &gt; resolves with value, concatenated stdout, stderr, and a numeric durationMs" time="0.067602">
        </testcase>
        <testcase classname="tests/platform/python-sandbox/core/index.test.ts" name="runPython() &gt; calls onStdout callback with each stdout chunk" time="0.0625199">
        </testcase>
        <testcase classname="tests/platform/python-sandbox/core/index.test.ts" name="runPython() &gt; calls onStderr callback with each stderr chunk" time="0.0751076">
        </testcase>
        <testcase classname="tests/platform/python-sandbox/core/index.test.ts" name="runPython() &gt; calls onProgress callback when LOAD_PROGRESS arrives during RUN" time="0.0623987">
        </testcase>
        <testcase classname="tests/platform/python-sandbox/core/index.test.ts" name="runPython() &gt; rejects when the worker returns ERROR during RUN" time="0.0677369">
        </testcase>
        <testcase classname="tests/platform/python-sandbox/core/index.test.ts" name="runPython() &gt; accumulates multiple stdout chunks into a single string" time="0.0566886">
        </testcase>
        <testcase classname="tests/platform/python-sandbox/core/index.test.ts" name="runPython() &gt; works without optional callbacks (no-op path)" time="0.0557942">
        </testcase>
        <testcase classname="tests/platform/python-sandbox/core/index.test.ts" name="resetSession() &gt; sends a RESET request and resolves on RESULT" time="0.0030623">
        </testcase>
        <testcase classname="tests/platform/python-sandbox/core/index.test.ts" name="resetSession() &gt; rejects when the worker returns ERROR during RESET" time="0.0020956">
        </testcase>
        <testcase classname="tests/platform/python-sandbox/core/index.test.ts" name="Worker singleton &gt; creates only one Worker instance even when multiple functions are called" time="0.0032726">
        </testcase>
        <testcase classname="tests/platform/python-sandbox/core/index.test.ts" name="send() message handler &gt; ignores STDOUT/STDERR messages before resolving on RESULT" time="0.0027933">
        </testcase>
        <testcase classname="tests/platform/python-sandbox/core/index.test.ts" name="send() message handler &gt; calls onStdout/onStderr/onProgress callbacks on matching message types when provided via send opts" time="0.0667442">
        </testcase>
        <testcase classname="tests/platform/python-sandbox/core/index.test.ts" name="send() message handler &gt; removes the listener after RESULT so stale messages do not cause side effects" time="0.0022853">
        </testcase>
        <testcase classname="tests/platform/python-sandbox/core/index.test.ts" name="send() message handler &gt; removes the listener after ERROR so stale messages do not cause side effects" time="0.0048006">
        </testcase>
        <testcase classname="tests/platform/python-sandbox/core/index.test.ts" name="send() message handler &gt; removes the listener after READY so stale messages do not cause side effects" time="0.0016814">
        </testcase>
        <testcase classname="tests/platform/python-sandbox/core/index.test.ts" name="request id generation &gt; generates unique ids for consecutive requests" time="0.0053102">
        </testcase>
    </testsuite>
    <testsuite name="tests/platform/parsers/file-parsers/csv-parser.test.ts" timestamp="2026-06-25T18:28:25.323Z" hostname="Desktop" tests="10" failures="0" errors="0" skipped="0" time="0.0233592">
        <testcase classname="tests/platform/parsers/file-parsers/csv-parser.test.ts" name="parseCSV &gt; returns empty columns when parsed data has no rows" time="0.0064311">
        </testcase>
        <testcase classname="tests/platform/parsers/file-parsers/csv-parser.test.ts" name="parseCSV &gt; returns empty columns when all rows are empty (all values are empty strings)" time="0.001179">
        </testcase>
        <testcase classname="tests/platform/parsers/file-parsers/csv-parser.test.ts" name="parseCSV &gt; returns correct columns and rows for a single non-empty data row" time="0.0029637">
        </testcase>
        <testcase classname="tests/platform/parsers/file-parsers/csv-parser.test.ts" name="parseCSV &gt; returns correct columns and rows for multiple non-empty data rows" time="0.0009394">
        </testcase>
        <testcase classname="tests/platform/parsers/file-parsers/csv-parser.test.ts" name="parseCSV &gt; filters out rows where every value is an empty string but keeps partial rows" time="0.0010424">
        </testcase>
        <testcase classname="tests/platform/parsers/file-parsers/csv-parser.test.ts" name="parseCSV &gt; keeps rows where at least one value is non-empty even if others are empty" time="0.000661">
        </testcase>
        <testcase classname="tests/platform/parsers/file-parsers/csv-parser.test.ts" name="parseCSV &gt; always returns a UUID-format id" time="0.0006021">
        </testcase>
        <testcase classname="tests/platform/parsers/file-parsers/csv-parser.test.ts" name="parseCSV &gt; always returns an empty string for fileId" time="0.0003823">
        </testcase>
        <testcase classname="tests/platform/parsers/file-parsers/csv-parser.test.ts" name="parseCSV &gt; passes the content string directly to Papa.parse" time="0.0016669">
        </testcase>
        <testcase classname="tests/platform/parsers/file-parsers/csv-parser.test.ts" name="parseCSV &gt; generates a different id on each call" time="0.0008338">
        </testcase>
    </testsuite>
    <testsuite name="tests/platform/parsers/file-parsers/excel-parser.test.ts" timestamp="2026-06-25T18:28:25.325Z" hostname="Desktop" tests="15" failures="0" errors="0" skipped="0" time="0.0272407">
        <testcase classname="tests/platform/parsers/file-parsers/excel-parser.test.ts" name="parseExcel &gt; returns empty columns and rows when the sheet has no data rows (only header is present)" time="0.0069304">
        </testcase>
        <testcase classname="tests/platform/parsers/file-parsers/excel-parser.test.ts" name="parseExcel &gt; returns empty columns and rows when the sheet has no rows at all" time="0.001016">
        </testcase>
        <testcase classname="tests/platform/parsers/file-parsers/excel-parser.test.ts" name="parseExcel &gt; returns correct columns and rows for a single data row" time="0.0012589">
        </testcase>
        <testcase classname="tests/platform/parsers/file-parsers/excel-parser.test.ts" name="parseExcel &gt; returns correct columns and rows for multiple data rows" time="0.0026402">
        </testcase>
        <testcase classname="tests/platform/parsers/file-parsers/excel-parser.test.ts" name="parseExcel &gt; skips the header row (rowNumber === 1) and does not include it in rows" time="0.000845">
        </testcase>
        <testcase classname="tests/platform/parsers/file-parsers/excel-parser.test.ts" name="parseExcel &gt; always returns a non-empty uuid id" time="0.0008405">
        </testcase>
        <testcase classname="tests/platform/parsers/file-parsers/excel-parser.test.ts" name="parseExcel &gt; always returns fileId as an empty string" time="0.000569">
        </testcase>
        <testcase classname="tests/platform/parsers/file-parsers/excel-parser.test.ts" name="parseExcel &gt; preserves null cell values" time="0.0008371">
        </testcase>
        <testcase classname="tests/platform/parsers/file-parsers/excel-parser.test.ts" name="parseExcel &gt; preserves undefined cell values" time="0.0012456">
        </testcase>
        <testcase classname="tests/platform/parsers/file-parsers/excel-parser.test.ts" name="parseExcel &gt; preserves numeric cell values" time="0.0010169">
        </testcase>
        <testcase classname="tests/platform/parsers/file-parsers/excel-parser.test.ts" name="parseExcel &gt; preserves boolean cell values" time="0.0007258">
        </testcase>
        <testcase classname="tests/platform/parsers/file-parsers/excel-parser.test.ts" name="parseExcel &gt; preserves Date cell values" time="0.0005791">
        </testcase>
        <testcase classname="tests/platform/parsers/file-parsers/excel-parser.test.ts" name="parseExcel &gt; preserves object cell values (e.g., formula objects)" time="0.0004778">
        </testcase>
        <testcase classname="tests/platform/parsers/file-parsers/excel-parser.test.ts" name="parseExcel &gt; maps each cell to the correct header column" time="0.0006971">
        </testcase>
        <testcase classname="tests/platform/parsers/file-parsers/excel-parser.test.ts" name="parseExcel &gt; awaits workbook.xlsx.load before reading sheet data" time="0.0005794">
        </testcase>
    </testsuite>
    <testsuite name="tests/platform/ai/models/model-manifest.test.ts" timestamp="2026-06-25T18:28:25.327Z" hostname="Desktop" tests="23" failures="0" errors="0" skipped="0" time="0.0304033">
        <testcase classname="tests/platform/ai/models/model-manifest.test.ts" name="MODULE CONSTANTS &gt; LOCAL_TRANSFORMERS_PATH is the expected public path prefix" time="0.0037629">
        </testcase>
        <testcase classname="tests/platform/ai/models/model-manifest.test.ts" name="MODULE CONSTANTS &gt; DEFAULT_GGUF_MODEL matches the primary GGUF filename" time="0.0006208">
        </testcase>
        <testcase classname="tests/platform/ai/models/model-manifest.test.ts" name="MODULE CONSTANTS &gt; EMBED_MODEL_ID is the Xenova MiniLM model id" time="0.0004784">
        </testcase>
        <testcase classname="tests/platform/ai/models/model-manifest.test.ts" name="MODEL_MANIFEST &gt; contains at least 4 entries" time="0.0005256">
        </testcase>
        <testcase classname="tests/platform/ai/models/model-manifest.test.ts" name="MODEL_MANIFEST &gt; has a non-optional llm primary (qwen2.5-1.5b-instruct-q4_k_m)" time="0.0010118">
        </testcase>
        <testcase classname="tests/platform/ai/models/model-manifest.test.ts" name="MODEL_MANIFEST &gt; has an optional llm fallback (qwen2.5-0.5b-instruct-q4_k_m)" time="0.0005718">
        </testcase>
        <testcase classname="tests/platform/ai/models/model-manifest.test.ts" name="MODEL_MANIFEST &gt; has an optional 7B llm upgrade (qwen2.5-7b-instruct-q4_k_m)" time="0.0006686">
        </testcase>
        <testcase classname="tests/platform/ai/models/model-manifest.test.ts" name="MODEL_MANIFEST &gt; has a non-optional embed entry (minilm-onnx-quantized)" time="0.0006203">
        </testcase>
        <testcase classname="tests/platform/ai/models/model-manifest.test.ts" name="MODEL_MANIFEST &gt; every entry has the required fields populated" time="0.0036273">
        </testcase>
        <testcase classname="tests/platform/ai/models/model-manifest.test.ts" name="MODEL_MANIFEST &gt; downloadUrl for GGUF entries includes the ?download=true parameter" time="0.0005712">
        </testcase>
        <testcase classname="tests/platform/ai/models/model-manifest.test.ts" name="MODEL_MANIFEST &gt; all entries have sha256 and bytes fields (even if empty/zero)" time="0.0008808">
        </testcase>
        <testcase classname="tests/platform/ai/models/model-manifest.test.ts" name="primaryForLane &gt; returns the non-optional llm entry for lane &quot;llm&quot;" time="0.0004646">
        </testcase>
        <testcase classname="tests/platform/ai/models/model-manifest.test.ts" name="primaryForLane &gt; returns the non-optional embed entry for lane &quot;embed&quot;" time="0.0003496">
        </testcase>
        <testcase classname="tests/platform/ai/models/model-manifest.test.ts" name="primaryForLane &gt; returns a ModelManifestEntry with the correct shape" time="0.0031577">
        </testcase>
        <testcase classname="tests/platform/ai/models/model-manifest.test.ts" name="primaryForLane &gt; throws when an unknown lane is requested (covers the &quot;no primary&quot; branch)" time="0.0022472">
        </testcase>
        <testcase classname="tests/platform/ai/models/model-manifest.test.ts" name="manifestByKey &gt; returns the entry for a known key" time="0.0005796">
        </testcase>
        <testcase classname="tests/platform/ai/models/model-manifest.test.ts" name="manifestByKey &gt; returns the embed entry for its key" time="0.0003512">
        </testcase>
        <testcase classname="tests/platform/ai/models/model-manifest.test.ts" name="manifestByKey &gt; returns undefined for an unknown key" time="0.0003996">
        </testcase>
        <testcase classname="tests/platform/ai/models/model-manifest.test.ts" name="manifestByKey &gt; returns undefined for an empty string key" time="0.0002348">
        </testcase>
        <testcase classname="tests/platform/ai/models/model-manifest.test.ts" name="transformersAssetUrl &gt; returns the full public URL for the embed entry" time="0.0003862">
        </testcase>
        <testcase classname="tests/platform/ai/models/model-manifest.test.ts" name="transformersAssetUrl &gt; prepends LOCAL_TRANSFORMERS_PATH to the assetPath" time="0.0003222">
        </testcase>
        <testcase classname="tests/platform/ai/models/model-manifest.test.ts" name="transformersAssetUrl &gt; throws when assetPath is absent (covers the no-assetPath throw branch)" time="0.0005178">
        </testcase>
        <testcase classname="tests/platform/ai/models/model-manifest.test.ts" name="transformersAssetUrl &gt; throws when assetPath is explicitly set to undefined" time="0.0005393">
        </testcase>
    </testsuite>
    <testsuite name="tests/platform/ai/models/use-model-status.test.ts" timestamp="2026-06-25T18:28:25.330Z" hostname="Desktop" tests="16" failures="0" errors="0" skipped="0" time="0.4925135">
        <testcase classname="tests/platform/ai/models/use-model-status.test.ts" name="probeTransformersAsset — Cache Storage skipped when `caches` key absent &gt; falls through to OPFS when caches is not a property of window at all" time="0.0103895">
        </testcase>
        <testcase classname="tests/platform/ai/models/use-model-status.test.ts" name="probeTransformersAsset — OPFS models dir present but Xenova absent &gt; reports missing when OPFS models dir exists but Xenova dir is absent" time="0.002617">
        </testcase>
        <testcase classname="tests/platform/ai/models/use-model-status.test.ts" name="probeTransformersAsset — OPFS models dir present but Xenova absent &gt; reports missing when OPFS models dir exists but all-MiniLM dir is absent under Xenova" time="0.0034375">
        </testcase>
        <testcase classname="tests/platform/ai/models/use-model-status.test.ts" name="probeGguf — llama bridge match where present:false &gt; returns state=missing when llama.listModels finds the ggufFile but present is false" time="0.0022821">
        </testcase>
        <testcase classname="tests/platform/ai/models/use-model-status.test.ts" name="probeGguf — llama bridge match where present:false &gt; returns state=unknown when llama.listModels finds no matching entry" time="0.0021749">
        </testcase>
        <testcase classname="tests/platform/ai/models/use-model-status.test.ts" name="probeGguf — llama bridge match where present:false &gt; returns state=unknown when llama.listModels throws" time="0.003987">
        </testcase>
        <testcase classname="tests/platform/ai/models/use-model-status.test.ts" name="useModelStatus useEffect — unmount race with in-flight probe &gt; does not update state when the hook unmounts before the probe resolves" time="0.0881966">
        </testcase>
        <testcase classname="tests/platform/ai/models/use-model-status.test.ts" name="useModelStatus — setDownload merges into existing key &gt; merges consecutive progress events onto the same download key" time="0.1476221">
        </testcase>
        <testcase classname="tests/platform/ai/models/use-model-status.test.ts" name="useModelStatus cancel() — no-op when models bridge absent &gt; does nothing when electronModels is not installed" time="0.0835407">
        </testcase>
        <testcase classname="tests/platform/ai/models/use-model-status.test.ts" name="isPrimaryLlmReady — extra branches &gt; returns false when in Electron with models bridge absent but llama bridge present and no match" time="0.0031768">
        </testcase>
        <testcase classname="tests/platform/ai/models/use-model-status.test.ts" name="isPrimaryLlmReady — extra branches &gt; returns true when in Electron with llama bridge finding the primary present" time="0.0009385">
        </testcase>
        <testcase classname="tests/platform/ai/models/use-model-status.test.ts" name="probeTransformersAsset — Cache Storage with multiple caches &gt; checks every cache bucket until a matching request URL is found" time="0.0021942">
        </testcase>
        <testcase classname="tests/platform/ai/models/use-model-status.test.ts" name="probeTransformersAsset — OPFS storage present but getDirectory returns null &gt; falls through to missing when getDirectory returns null" time="0.001722">
        </testcase>
        <testcase classname="tests/platform/ai/models/use-model-status.test.ts" name="probeTransformersAsset — OPFS storage present but getDirectory returns null &gt; falls through to missing when navigator.storage is present but getDirectory is absent" time="0.0012367">
        </testcase>
        <testcase classname="tests/platform/ai/models/use-model-status.test.ts" name="probeGguf — both bridges absent &gt; returns unknown/none when no Electron bridges are available at all" time="0.0007541">
        </testcase>
        <testcase classname="tests/platform/ai/models/use-model-status.test.ts" name="useModelStatus — download initialises from EMPTY_DOWNLOAD for a new key &gt; sets active:true from a fresh state when download starts" time="0.086656">
        </testcase>
    </testsuite>
    <testsuite name="tests/platform/ai/models/use-model-status.test.tsx" timestamp="2026-06-25T18:28:25.333Z" hostname="Desktop" tests="36" failures="0" errors="0" skipped="0" time="1.1016409">
        <testcase classname="tests/platform/ai/models/use-model-status.test.tsx" name="ensureModelsReady &gt; reports ready=false with the GGUF + embed primaries missing in a bare browser" time="0.0138948">
        </testcase>
        <testcase classname="tests/platform/ai/models/use-model-status.test.tsx" name="ensureModelsReady &gt; excludes optional models from `missing` even when they are absent" time="0.0037613">
        </testcase>
        <testcase classname="tests/platform/ai/models/use-model-status.test.tsx" name="ensureModelsReady &gt; reports ready=true once both non-optional primaries are present" time="0.0022998">
        </testcase>
        <testcase classname="tests/platform/ai/models/use-model-status.test.tsx" name="ensureModelsReady &gt; restricts probing to the requested lanes" time="0.0014723">
        </testcase>
        <testcase classname="tests/platform/ai/models/use-model-status.test.tsx" name="ensureModelsReady &gt; returns empty records + ready=true for an empty lane list" time="0.0011349">
        </testcase>
        <testcase classname="tests/platform/ai/models/use-model-status.test.tsx" name="ensureModelsReady &gt; treats an `unknown` GGUF state as still-missing (blocks readiness)" time="0.0010374">
        </testcase>
        <testcase classname="tests/platform/ai/models/use-model-status.test.tsx" name="ensureModelsReady &gt; falls back to the llama bridge when listPresence has no matching entry" time="0.0014178">
        </testcase>
        <testcase classname="tests/platform/ai/models/use-model-status.test.tsx" name="ensureModelsReady &gt; falls back to the llama bridge when listPresence throws" time="0.001514">
        </testcase>
        <testcase classname="tests/platform/ai/models/use-model-status.test.tsx" name="ensureModelsReady &gt; matches a GGUF by file when key differs but ggufFile matches" time="0.0019691">
        </testcase>
        <testcase classname="tests/platform/ai/models/use-model-status.test.tsx" name="ensureModelsReady &gt; carries sizeBytes from listPresence onto the GGUF record" time="0.0017326">
        </testcase>
        <testcase classname="tests/platform/ai/models/use-model-status.test.tsx" name="ensureModelsReady &gt; marks the GGUF record downloadable only inside Electron with the models bridge" time="0.0014224">
        </testcase>
        <testcase classname="tests/platform/ai/models/use-model-status.test.tsx" name="ensureModelsReady &gt; marks the GGUF record NOT downloadable in a browser (no Electron shell)" time="0.0020646">
        </testcase>
        <testcase classname="tests/platform/ai/models/use-model-status.test.tsx" name="ensureModelsReady &gt; never marks the transformers/embed record downloadable" time="0.0016813">
        </testcase>
        <testcase classname="tests/platform/ai/models/use-model-status.test.tsx" name="transformers asset probing &gt; reports present + public-asset when the HEAD probe 200s" time="0.0049313">
        </testcase>
        <testcase classname="tests/platform/ai/models/use-model-status.test.tsx" name="transformers asset probing &gt; falls through to Cache Storage when HEAD is non-OK and a cached weight exists" time="0.0014518">
        </testcase>
        <testcase classname="tests/platform/ai/models/use-model-status.test.tsx" name="transformers asset probing &gt; ignores cached requests that do not match the model weight URL" time="0.0023088">
        </testcase>
        <testcase classname="tests/platform/ai/models/use-model-status.test.tsx" name="transformers asset probing &gt; falls through to OPFS when the model dir is walkable" time="0.0032302">
        </testcase>
        <testcase classname="tests/platform/ai/models/use-model-status.test.tsx" name="transformers asset probing &gt; reports missing when the OPFS model dir is absent" time="0.0015885">
        </testcase>
        <testcase classname="tests/platform/ai/models/use-model-status.test.tsx" name="transformers asset probing &gt; treats a thrown HEAD fetch as non-present and continues to the cache probe" time="0.0015805">
        </testcase>
        <testcase classname="tests/platform/ai/models/use-model-status.test.tsx" name="transformers asset probing &gt; swallows a throwing Cache Storage probe and falls through to missing" time="0.0010839">
        </testcase>
        <testcase classname="tests/platform/ai/models/use-model-status.test.tsx" name="isPrimaryLlmReady &gt; returns false immediately when not running in Electron" time="0.0048981">
        </testcase>
        <testcase classname="tests/platform/ai/models/use-model-status.test.tsx" name="isPrimaryLlmReady &gt; returns true when in Electron and the primary GGUF is present" time="0.0013403">
        </testcase>
        <testcase classname="tests/platform/ai/models/use-model-status.test.tsx" name="isPrimaryLlmReady &gt; returns false when in Electron but the primary GGUF is missing" time="0.0013603">
        </testcase>
        <testcase classname="tests/platform/ai/models/use-model-status.test.tsx" name="isPrimaryLlmReady &gt; returns false when in Electron but presence is unknown (no bridges resolve it)" time="0.0023921">
        </testcase>
        <testcase classname="tests/platform/ai/models/use-model-status.test.tsx" name="useModelStatus &gt; starts loading then resolves records + ready for the default lanes" time="0.1419994">
        </testcase>
        <testcase classname="tests/platform/ai/models/use-model-status.test.tsx" name="useModelStatus &gt; computes ready=true when every non-optional tracked model is present" time="0.0738165">
        </testcase>
        <testcase classname="tests/platform/ai/models/use-model-status.test.tsx" name="useModelStatus &gt; tracks only the requested lane when given a lane filter" time="0.0758908">
        </testcase>
        <testcase classname="tests/platform/ai/models/use-model-status.test.tsx" name="useModelStatus &gt; refresh() re-probes and reflects newly-present models" time="0.0835351">
        </testcase>
        <testcase classname="tests/platform/ai/models/use-model-status.test.tsx" name="useModelStatus &gt; download() sets an error and no-ops when the models bridge is absent" time="0.0953134">
        </testcase>
        <testcase classname="tests/platform/ai/models/use-model-status.test.tsx" name="useModelStatus &gt; download() subscribes to progress, drives percent, then completes at 100" time="0.0764716">
        </testcase>
        <testcase classname="tests/platform/ai/models/use-model-status.test.tsx" name="useModelStatus &gt; download() records the error message when the bridge download rejects" time="0.0754941">
        </testcase>
        <testcase classname="tests/platform/ai/models/use-model-status.test.tsx" name="useModelStatus &gt; download() stringifies non-Error rejections" time="0.0835709">
        </testcase>
        <testcase classname="tests/platform/ai/models/use-model-status.test.tsx" name="useModelStatus &gt; a progress event with done=true clears the active flag" time="0.0930341">
        </testcase>
        <testcase classname="tests/platform/ai/models/use-model-status.test.tsx" name="useModelStatus &gt; cancel() is a no-op when there is no active download for the key" time="0.0636418">
        </testcase>
        <testcase classname="tests/platform/ai/models/use-model-status.test.tsx" name="useModelStatus &gt; cancel() aborts an in-flight download, unsubscribes, and marks inactive" time="0.0745916">
        </testcase>
        <testcase classname="tests/platform/ai/models/use-model-status.test.tsx" name="useModelStatus &gt; cancel() swallows an aborting bridge that rejects" time="0.0865668">
        </testcase>
    </testsuite>
    <testsuite name="tests/platform/ai/provider/registry.test.ts" timestamp="2026-06-25T18:28:25.337Z" hostname="Desktop" tests="43" failures="0" errors="0" skipped="0" time="0.0906178">
        <testcase classname="tests/platform/ai/provider/registry.test.ts" name="PROVIDERS &gt; is a readonly array of 5 providers" time="0.0222077">
        </testcase>
        <testcase classname="tests/platform/ai/provider/registry.test.ts" name="PROVIDERS &gt; has llamacpp as the first provider" time="0.0024704">
        </testcase>
        <testcase classname="tests/platform/ai/provider/registry.test.ts" name="PROVIDERS &gt; has transformers as the second provider" time="0.0006385">
        </testcase>
        <testcase classname="tests/platform/ai/provider/registry.test.ts" name="PROVIDERS &gt; has webllm as the third provider" time="0.0004432">
        </testcase>
        <testcase classname="tests/platform/ai/provider/registry.test.ts" name="PROVIDERS &gt; has ollama as the fourth provider" time="0.0003927">
        </testcase>
        <testcase classname="tests/platform/ai/provider/registry.test.ts" name="PROVIDERS &gt; has openai as the fifth provider" time="0.0003386">
        </testcase>
        <testcase classname="tests/platform/ai/provider/registry.test.ts" name="PROVIDERS &gt; contains all five known provider IDs in preference order" time="0.0021796">
        </testcase>
        <testcase classname="tests/platform/ai/provider/registry.test.ts" name="listProviders &gt; returns the same reference as PROVIDERS" time="0.000727">
        </testcase>
        <testcase classname="tests/platform/ai/provider/registry.test.ts" name="listProviders &gt; returns an array with 5 elements" time="0.0045969">
        </testcase>
        <testcase classname="tests/platform/ai/provider/registry.test.ts" name="listProviders &gt; returns the full provider list" time="0.0037901">
        </testcase>
        <testcase classname="tests/platform/ai/provider/registry.test.ts" name="getProvider &gt; returns the llamacpp provider when asked for &apos;llamacpp&apos;" time="0.0012832">
        </testcase>
        <testcase classname="tests/platform/ai/provider/registry.test.ts" name="getProvider &gt; returns the transformers provider when asked for &apos;transformers&apos;" time="0.0007453">
        </testcase>
        <testcase classname="tests/platform/ai/provider/registry.test.ts" name="getProvider &gt; returns the webllm provider when asked for &apos;webllm&apos;" time="0.0012129">
        </testcase>
        <testcase classname="tests/platform/ai/provider/registry.test.ts" name="getProvider &gt; returns the ollama provider when asked for &apos;ollama&apos;" time="0.000421">
        </testcase>
        <testcase classname="tests/platform/ai/provider/registry.test.ts" name="getProvider &gt; returns the openai provider when asked for &apos;openai&apos;" time="0.00048">
        </testcase>
        <testcase classname="tests/platform/ai/provider/registry.test.ts" name="getProvider &gt; throws when given an unknown id" time="0.0047005">
        </testcase>
        <testcase classname="tests/platform/ai/provider/registry.test.ts" name="getProvider &gt; throws an Error instance for unknown id" time="0.0013849">
        </testcase>
        <testcase classname="tests/platform/ai/provider/registry.test.ts" name="detectAvailability &gt; returns one entry per registered provider (5 entries)" time="0.0024876">
        </testcase>
        <testcase classname="tests/platform/ai/provider/registry.test.ts" name="detectAvailability &gt; includes id, label, and available fields for each entry" time="0.0015005">
        </testcase>
        <testcase classname="tests/platform/ai/provider/registry.test.ts" name="detectAvailability &gt; reports available=true for a provider that resolves to true" time="0.0006264">
        </testcase>
        <testcase classname="tests/platform/ai/provider/registry.test.ts" name="detectAvailability &gt; reports available=false for a provider that resolves to false" time="0.000588">
        </testcase>
        <testcase classname="tests/platform/ai/provider/registry.test.ts" name="detectAvailability &gt; catches isAvailable() rejection and reports available=false" time="0.002099">
        </testcase>
        <testcase classname="tests/platform/ai/provider/registry.test.ts" name="detectAvailability &gt; probes all providers and returns mixed availability correctly" time="0.0008148">
        </testcase>
        <testcase classname="tests/platform/ai/provider/registry.test.ts" name="detectAvailability &gt; returns the label from each provider object" time="0.0005581">
        </testcase>
        <testcase classname="tests/platform/ai/provider/registry.test.ts" name="detectAvailability &gt; handles mixed availability and errors gracefully" time="0.0014775">
        </testcase>
        <testcase classname="tests/platform/ai/provider/registry.test.ts" name="pickDefaultProvider &gt; explicit preference &gt; returns the preferred provider when it is available" time="0.0012145">
        </testcase>
        <testcase classname="tests/platform/ai/provider/registry.test.ts" name="pickDefaultProvider &gt; explicit preference &gt; returns the preferred ollama provider when it is available" time="0.0005083">
        </testcase>
        <testcase classname="tests/platform/ai/provider/registry.test.ts" name="pickDefaultProvider &gt; explicit preference &gt; returns the preferred openai provider when it is available" time="0.000418">
        </testcase>
        <testcase classname="tests/platform/ai/provider/registry.test.ts" name="pickDefaultProvider &gt; explicit preference &gt; falls through to auto-selection when the preferred provider is unavailable" time="0.0010729">
        </testcase>
        <testcase classname="tests/platform/ai/provider/registry.test.ts" name="pickDefaultProvider &gt; explicit preference &gt; falls through when the preferred provider&apos;s isAvailable() throws" time="0.0009365">
        </testcase>
        <testcase classname="tests/platform/ai/provider/registry.test.ts" name="pickDefaultProvider &gt; explicit preference &gt; falls through when the preferred id is not in the registry" time="0.0011518">
        </testcase>
        <testcase classname="tests/platform/ai/provider/registry.test.ts" name="pickDefaultProvider &gt; explicit preference &gt; returns preferred webllm when user explicitly prefers it and it is available" time="0.0004508">
        </testcase>
        <testcase classname="tests/platform/ai/provider/registry.test.ts" name="pickDefaultProvider &gt; auto-selection (no preference) &gt; returns llamacpp when it is available (highest preference)" time="0.000606">
        </testcase>
        <testcase classname="tests/platform/ai/provider/registry.test.ts" name="pickDefaultProvider &gt; auto-selection (no preference) &gt; returns transformers when llamacpp is unavailable and transformers is available" time="0.0008622">
        </testcase>
        <testcase classname="tests/platform/ai/provider/registry.test.ts" name="pickDefaultProvider &gt; auto-selection (no preference) &gt; skips webllm during auto-selection when isWebLLMOptIn returns false" time="0.0008395">
        </testcase>
        <testcase classname="tests/platform/ai/provider/registry.test.ts" name="pickDefaultProvider &gt; auto-selection (no preference) &gt; returns webllm when it is opted-in and available" time="0.0004922">
        </testcase>
        <testcase classname="tests/platform/ai/provider/registry.test.ts" name="pickDefaultProvider &gt; auto-selection (no preference) &gt; returns ollama when earlier providers are unavailable" time="0.0008224">
        </testcase>
        <testcase classname="tests/platform/ai/provider/registry.test.ts" name="pickDefaultProvider &gt; auto-selection (no preference) &gt; returns openai when only openai is available in first loop" time="0.0005022">
        </testcase>
        <testcase classname="tests/platform/ai/provider/registry.test.ts" name="pickDefaultProvider &gt; auto-selection (no preference) &gt; returns PROVIDERS[0] (llamacpp) when no provider is available anywhere" time="0.0003898">
        </testcase>
        <testcase classname="tests/platform/ai/provider/registry.test.ts" name="pickDefaultProvider &gt; auto-selection (no preference) &gt; handles a provider throwing during auto-selection (caught → false)" time="0.0004537">
        </testcase>
        <testcase classname="tests/platform/ai/provider/registry.test.ts" name="pickDefaultProvider &gt; auto-selection (no preference) &gt; the second loop also catches thrown errors (different call order)" time="0.0012598">
        </testcase>
        <testcase classname="tests/platform/ai/provider/registry.test.ts" name="pickDefaultProvider &gt; auto-selection (no preference) &gt; second loop unconditionally skips webllm (even if isWebLLMOptIn is true)" time="0.0007165">
        </testcase>
        <testcase classname="tests/platform/ai/provider/registry.test.ts" name="pickDefaultProvider &gt; with undefined preference &gt; calls isAvailable on providers (same as no preference)" time="0.0004243">
        </testcase>
    </testsuite>
    <testsuite name="tests/platform/ai/provider/store.test.ts" timestamp="2026-06-25T18:28:25.343Z" hostname="Desktop" tests="33" failures="0" errors="0" skipped="0" time="0.1384681">
        <testcase classname="tests/platform/ai/provider/store.test.ts" name="useAIRuntimeStore — initial state &gt; has null providerId by default" time="0.0112451">
        </testcase>
        <testcase classname="tests/platform/ai/provider/store.test.ts" name="useAIRuntimeStore — initial state &gt; has null model by default" time="0.0007389">
        </testcase>
        <testcase classname="tests/platform/ai/provider/store.test.ts" name="useAIRuntimeStore — initial state &gt; has idle progress by default" time="0.007486">
        </testcase>
        <testcase classname="tests/platform/ai/provider/store.test.ts" name="useAIRuntimeStore — initial state &gt; has empty availability array by default" time="0.0005981">
        </testcase>
        <testcase classname="tests/platform/ai/provider/store.test.ts" name="useAIRuntimeStore — initial state &gt; has detecting: false by default" time="0.0030829">
        </testcase>
        <testcase classname="tests/platform/ai/provider/store.test.ts" name="useAIRuntimeStore.setProvider &gt; updates providerId" time="0.0041311">
        </testcase>
        <testcase classname="tests/platform/ai/provider/store.test.ts" name="useAIRuntimeStore.setProvider &gt; resets progress to idle when provider is changed" time="0.0014725">
        </testcase>
        <testcase classname="tests/platform/ai/provider/store.test.ts" name="useAIRuntimeStore.setProvider &gt; accepts all valid provider ids" time="0.0032674">
        </testcase>
        <testcase classname="tests/platform/ai/provider/store.test.ts" name="useAIRuntimeStore.setModel &gt; updates the model field" time="0.0008065">
        </testcase>
        <testcase classname="tests/platform/ai/provider/store.test.ts" name="useAIRuntimeStore.setModel &gt; can set model to any string" time="0.0004841">
        </testcase>
        <testcase classname="tests/platform/ai/provider/store.test.ts" name="useAIRuntimeStore.setProgress &gt; updates progress state" time="0.0020005">
        </testcase>
        <testcase classname="tests/platform/ai/provider/store.test.ts" name="useAIRuntimeStore.setProgress &gt; can set progress with a message" time="0.0007482">
        </testcase>
        <testcase classname="tests/platform/ai/provider/store.test.ts" name="useAIRuntimeStore.setProgress &gt; updates to ready status" time="0.0010755">
        </testcase>
        <testcase classname="tests/platform/ai/provider/store.test.ts" name="useAIRuntimeStore.setProgress &gt; updates to error status" time="0.0029802">
        </testcase>
        <testcase classname="tests/platform/ai/provider/store.test.ts" name="useAIRuntimeStore.refreshAvailability &gt; sets detecting: true at the start and false at the end (success path)" time="0.0157845">
        </testcase>
        <testcase classname="tests/platform/ai/provider/store.test.ts" name="useAIRuntimeStore.refreshAvailability &gt; sets availability from detectAvailability result" time="0.0010756">
        </testcase>
        <testcase classname="tests/platform/ai/provider/store.test.ts" name="useAIRuntimeStore.refreshAvailability &gt; auto-selects default provider when providerId is null" time="0.0029821">
        </testcase>
        <testcase classname="tests/platform/ai/provider/store.test.ts" name="useAIRuntimeStore.refreshAvailability &gt; uses first model from listModels when model is null" time="0.0008821">
        </testcase>
        <testcase classname="tests/platform/ai/provider/store.test.ts" name="useAIRuntimeStore.refreshAvailability &gt; keeps existing model when model is already set (not null)" time="0.0006907">
        </testcase>
        <testcase classname="tests/platform/ai/provider/store.test.ts" name="useAIRuntimeStore.refreshAvailability &gt; sets model to null when listModels returns empty array and model is null" time="0.0029533">
        </testcase>
        <testcase classname="tests/platform/ai/provider/store.test.ts" name="useAIRuntimeStore.refreshAvailability &gt; does NOT call pickDefaultProvider when providerId is already set" time="0.0042014">
        </testcase>
        <testcase classname="tests/platform/ai/provider/store.test.ts" name="useAIRuntimeStore.refreshAvailability &gt; still sets detecting: false even when detectAvailability throws (finally block)" time="0.0118658">
        </testcase>
        <testcase classname="tests/platform/ai/provider/store.test.ts" name="useAIRuntimeStore.refreshAvailability &gt; handles listModels failure by falling back to empty array (catch path)" time="0.0063592">
        </testcase>
        <testcase classname="tests/platform/ai/provider/store.test.ts" name="useAIRuntimeStore.resolveProvider &gt; returns the chosen provider when providerId is set and not &apos;transformers&apos; and is available" time="0.00395">
        </testcase>
        <testcase classname="tests/platform/ai/provider/store.test.ts" name="useAIRuntimeStore.resolveProvider &gt; falls back to pickDefaultProvider when chosen provider is NOT available" time="0.0050397">
        </testcase>
        <testcase classname="tests/platform/ai/provider/store.test.ts" name="useAIRuntimeStore.resolveProvider &gt; falls back to pickDefaultProvider when isAvailable throws" time="0.0032207">
        </testcase>
        <testcase classname="tests/platform/ai/provider/store.test.ts" name="useAIRuntimeStore.resolveProvider &gt; always falls back to pickDefaultProvider when providerId is &apos;transformers&apos;" time="0.0021173">
        </testcase>
        <testcase classname="tests/platform/ai/provider/store.test.ts" name="useAIRuntimeStore.resolveProvider &gt; always falls back to pickDefaultProvider when providerId is null" time="0.0020085">
        </testcase>
        <testcase classname="tests/platform/ai/provider/store.test.ts" name="useAIRuntimeStore.resolveProvider &gt; sets providerId from the default provider when falling back (null case)" time="0.0011716">
        </testcase>
        <testcase classname="tests/platform/ai/provider/store.test.ts" name="useAIRuntimeStore.resolveProvider &gt; sets providerId from the default provider when falling back (unavailable case)" time="0.0010222">
        </testcase>
        <testcase classname="tests/platform/ai/provider/store.test.ts" name="useAIRuntimeStore.resolveProvider &gt; handles &apos;ollama&apos; provider when available without falling back" time="0.0016781">
        </testcase>
        <testcase classname="tests/platform/ai/provider/store.test.ts" name="useAIRuntimeStore.resolveProvider &gt; handles &apos;webllm&apos; provider when available without falling back" time="0.0014343">
        </testcase>
        <testcase classname="tests/platform/ai/provider/store.test.ts" name="useAIRuntimeStore.resolveProvider &gt; handles &apos;openai&apos; provider when available without falling back" time="0.0008879">
        </testcase>
    </testsuite>
    <testsuite name="tests/platform/ai/provider/structured.test.ts" timestamp="2026-06-25T18:28:25.347Z" hostname="Desktop" tests="55" failures="0" errors="0" skipped="0" time="0.1307282">
        <testcase classname="tests/platform/ai/provider/structured.test.ts" name="schemaToGrammarJson &gt; returns a JSON schema object for a representable zod schema" time="0.0145785">
        </testcase>
        <testcase classname="tests/platform/ai/provider/structured.test.ts" name="schemaToGrammarJson &gt; returns a schema for z.string()" time="0.0012852">
        </testcase>
        <testcase classname="tests/platform/ai/provider/structured.test.ts" name="schemaToGrammarJson &gt; returns a schema for z.array()" time="0.0025673">
        </testcase>
        <testcase classname="tests/platform/ai/provider/structured.test.ts" name="schemaToGrammarJson &gt; does not include additionalProperties because stripAdditionalProperties is true" time="0.0024108">
        </testcase>
        <testcase classname="tests/platform/ai/provider/structured.test.ts" name="extractJsonBlock &gt; returns a plain object verbatim" time="0.0038188">
        </testcase>
        <testcase classname="tests/platform/ai/provider/structured.test.ts" name="extractJsonBlock &gt; recovers JSON wrapped in prose and a markdown fence" time="0.0008908">
        </testcase>
        <testcase classname="tests/platform/ai/provider/structured.test.ts" name="extractJsonBlock &gt; recovers JSON from uppercase JSON fence" time="0.0004605">
        </testcase>
        <testcase classname="tests/platform/ai/provider/structured.test.ts" name="extractJsonBlock &gt; recovers JSON from plain triple-backtick fence without language tag" time="0.0003745">
        </testcase>
        <testcase classname="tests/platform/ai/provider/structured.test.ts" name="extractJsonBlock &gt; does not break on braces inside string literals" time="0.0003865">
        </testcase>
        <testcase classname="tests/platform/ai/provider/structured.test.ts" name="extractJsonBlock &gt; extracts an array of objects as the array, not the inner object" time="0.0035895">
        </testcase>
        <testcase classname="tests/platform/ai/provider/structured.test.ts" name="extractJsonBlock &gt; handles nested objects" time="0.0006521">
        </testcase>
        <testcase classname="tests/platform/ai/provider/structured.test.ts" name="extractJsonBlock &gt; returns null when there is no JSON at all" time="0.000349">
        </testcase>
        <testcase classname="tests/platform/ai/provider/structured.test.ts" name="extractJsonBlock &gt; returns null for empty string" time="0.0003365">
        </testcase>
        <testcase classname="tests/platform/ai/provider/structured.test.ts" name="extractJsonBlock &gt; returns null for whitespace-only string" time="0.0002241">
        </testcase>
        <testcase classname="tests/platform/ai/provider/structured.test.ts" name="extractJsonBlock &gt; keeps escaped quotes inside string values from breaking balance" time="0.0003221">
        </testcase>
        <testcase classname="tests/platform/ai/provider/structured.test.ts" name="extractJsonBlock &gt; returns null when an opening brace never balances (truncated output)" time="0.0002569">
        </testcase>
        <testcase classname="tests/platform/ai/provider/structured.test.ts" name="extractJsonBlock &gt; returns null when an opening bracket never balances" time="0.0002983">
        </testcase>
        <testcase classname="tests/platform/ai/provider/structured.test.ts" name="extractJsonBlock &gt; handles escaped backslash correctly so subsequent char is not misread" time="0.0003485">
        </testcase>
        <testcase classname="tests/platform/ai/provider/structured.test.ts" name="extractJsonBlock &gt; chooses object when object delimiter comes first" time="0.008342">
        </testcase>
        <testcase classname="tests/platform/ai/provider/structured.test.ts" name="extractJsonBlock &gt; chooses array when array delimiter comes first" time="0.0048259">
        </testcase>
        <testcase classname="tests/platform/ai/provider/structured.test.ts" name="extractJsonBlock &gt; handles a simple array with no objects" time="0.0009526">
        </testcase>
        <testcase classname="tests/platform/ai/provider/structured.test.ts" name="extractJsonBlock &gt; handles string-only array without objects" time="0.0026254">
        </testcase>
        <testcase classname="tests/platform/ai/provider/structured.test.ts" name="repairJson &gt; removes trailing commas in objects" time="0.0033388">
        </testcase>
        <testcase classname="tests/platform/ai/provider/structured.test.ts" name="repairJson &gt; removes trailing commas in arrays" time="0.0006855">
        </testcase>
        <testcase classname="tests/platform/ai/provider/structured.test.ts" name="repairJson &gt; replaces U+201C/U+201D smart double quotes with standard double quotes" time="0.0010495">
        </testcase>
        <testcase classname="tests/platform/ai/provider/structured.test.ts" name="repairJson &gt; replaces U+2018/U+2019 smart single quotes with standard single quotes" time="0.001293">
        </testcase>
        <testcase classname="tests/platform/ai/provider/structured.test.ts" name="repairJson &gt; normalizes smart double quotes inside fences so the result is parseable" time="0.0006494">
        </testcase>
        <testcase classname="tests/platform/ai/provider/structured.test.ts" name="repairJson &gt; strips a fenced block and repairs trailing commas" time="0.0004627">
        </testcase>
        <testcase classname="tests/platform/ai/provider/structured.test.ts" name="repairJson &gt; falls back to stripFence result when no JSON block found in text" time="0.0003455">
        </testcase>
        <testcase classname="tests/platform/ai/provider/structured.test.ts" name="repairJson &gt; handles empty string input without throwing" time="0.0002913">
        </testcase>
        <testcase classname="tests/platform/ai/provider/structured.test.ts" name="parseStructured &gt; parses clean schema-valid JSON" time="0.0049986">
        </testcase>
        <testcase classname="tests/platform/ai/provider/structured.test.ts" name="parseStructured &gt; recovers JSON from messy model output with trailing comma" time="0.0008266">
        </testcase>
        <testcase classname="tests/platform/ai/provider/structured.test.ts" name="parseStructured &gt; throws a descriptive error on schema violations mentioning the default label" time="0.0059815">
        </testcase>
        <testcase classname="tests/platform/ai/provider/structured.test.ts" name="parseStructured &gt; throws when there is no parseable JSON" time="0.0017235">
        </testcase>
        <testcase classname="tests/platform/ai/provider/structured.test.ts" name="parseStructured &gt; uses a custom label in the thrown error message" time="0.0014047">
        </testcase>
        <testcase classname="tests/platform/ai/provider/structured.test.ts" name="parseStructured &gt; uses default label when options is an empty object" time="0.0024544">
        </testcase>
        <testcase classname="tests/platform/ai/provider/structured.test.ts" name="parseStructured &gt; uses default label when no options argument is provided at all" time="0.0020978">
        </testcase>
        <testcase classname="tests/platform/ai/provider/structured.test.ts" name="parseStructured &gt; skips empty candidate strings via the !candidate early-continue branch" time="0.0009052">
        </testcase>
        <testcase classname="tests/platform/ai/provider/structured.test.ts" name="parseStructured &gt; includes &apos;undefined&apos; in error when lastError is undefined because all candidates were empty" time="0.0037564">
        </testcase>
        <testcase classname="tests/platform/ai/provider/structured.test.ts" name="parseStructured &gt; includes a snippet of the raw output in the thrown error" time="0.0012924">
        </testcase>
        <testcase classname="tests/platform/ai/provider/structured.test.ts" name="parseStructured &gt; truncates the raw snippet to 600 characters in the error" time="0.0008414">
        </testcase>
        <testcase classname="tests/platform/ai/provider/structured.test.ts" name="parseStructured &gt; returns schema-parsed value when raw has leading/trailing whitespace" time="0.0005495">
        </testcase>
        <testcase classname="tests/platform/ai/provider/structured.test.ts" name="parseStructured &gt; includes &apos;Last error:&apos; text in the thrown error message" time="0.0028571">
        </testcase>
        <testcase classname="tests/platform/ai/provider/structured.test.ts" name="parseStructured &gt; formats error with non-Error lastError via String() when schema throws a non-Error value" time="0.0012249">
        </testcase>
        <testcase classname="tests/platform/ai/provider/structured.test.ts" name="parseStructured &gt; covers String(lastError) branch when schema throws a non-Error via Zod transform" time="0.0106794">
        </testcase>
        <testcase classname="tests/platform/ai/provider/structured.test.ts" name="parseStructured &gt; uses Error.message when lastError is a real Error instance (ZodError subclass)" time="0.0038144">
        </testcase>
        <testcase classname="tests/platform/ai/provider/structured.test.ts" name="parseStructured &gt; the String(lastError) branch: mock schema throws a plain object to avoid instanceof Error" time="0.0010313">
        </testcase>
        <testcase classname="tests/platform/ai/provider/structured.test.ts" name="buildJsonInstruction &gt; always forbids prose and markdown" time="0.000726">
        </testcase>
        <testcase classname="tests/platform/ai/provider/structured.test.ts" name="buildJsonInstruction &gt; includes a schema hint when provided" time="0.000655">
        </testcase>
        <testcase classname="tests/platform/ai/provider/structured.test.ts" name="buildJsonInstruction &gt; does not include the schema shape section when no argument is passed" time="0.0003697">
        </testcase>
        <testcase classname="tests/platform/ai/provider/structured.test.ts" name="buildJsonInstruction &gt; does not include the schema shape section when undefined is passed explicitly" time="0.000239">
        </testcase>
        <testcase classname="tests/platform/ai/provider/structured.test.ts" name="buildJsonInstruction &gt; includes the conform to this shape text when schemaHint is provided" time="0.0003788">
        </testcase>
        <testcase classname="tests/platform/ai/provider/structured.test.ts" name="buildJsonInstruction &gt; starts with the required instruction prefix" time="0.0008736">
        </testcase>
        <testcase classname="tests/platform/ai/provider/structured.test.ts" name="buildJsonInstruction &gt; includes no-markdown instruction" time="0.0011109">
        </testcase>
        <testcase classname="tests/platform/ai/provider/structured.test.ts" name="buildJsonInstruction &gt; appends schema hint on a new line after the main instruction" time="0.0007362">
        </testcase>
    </testsuite>
    <testsuite name="tests/platform/ai/provider/use-ai.test.ts" timestamp="2026-06-25T18:28:25.353Z" hostname="Desktop" tests="37" failures="0" errors="0" skipped="0" time="0.6092342">
        <testcase classname="tests/platform/ai/provider/use-ai.test.ts" name="useAI return value shape &gt; returns all expected fields" time="0.1381357">
        </testcase>
        <testcase classname="tests/platform/ai/provider/use-ai.test.ts" name="useAI return value shape &gt; forwards providerId from the store" time="0.0071398">
        </testcase>
        <testcase classname="tests/platform/ai/provider/use-ai.test.ts" name="useAI return value shape &gt; forwards model from the store" time="0.0071357">
        </testcase>
        <testcase classname="tests/platform/ai/provider/use-ai.test.ts" name="useAI return value shape &gt; forwards progress from the store" time="0.0135378">
        </testcase>
        <testcase classname="tests/platform/ai/provider/use-ai.test.ts" name="useAI return value shape &gt; forwards availability from the store" time="0.0088983">
        </testcase>
        <testcase classname="tests/platform/ai/provider/use-ai.test.ts" name="useAI return value shape &gt; forwards detecting from the store" time="0.009715">
        </testcase>
        <testcase classname="tests/platform/ai/provider/use-ai.test.ts" name="useAI return value shape &gt; forwards setProvider from the store" time="0.0058727">
        </testcase>
        <testcase classname="tests/platform/ai/provider/use-ai.test.ts" name="useAI return value shape &gt; forwards setModel from the store" time="0.0124587">
        </testcase>
        <testcase classname="tests/platform/ai/provider/use-ai.test.ts" name="useAI return value shape &gt; forwards refreshAvailability from the store" time="0.0093445">
        </testcase>
        <testcase classname="tests/platform/ai/provider/use-ai.test.ts" name="useAI useEffect — refreshAvailability on mount &gt; calls refreshAvailability when availability is empty and not detecting" time="0.0243089">
        </testcase>
        <testcase classname="tests/platform/ai/provider/use-ai.test.ts" name="useAI useEffect — refreshAvailability on mount &gt; does NOT call refreshAvailability when availability is non-empty" time="0.0284973">
        </testcase>
        <testcase classname="tests/platform/ai/provider/use-ai.test.ts" name="useAI useEffect — refreshAvailability on mount &gt; does NOT call refreshAvailability when already detecting" time="0.024948">
        </testcase>
        <testcase classname="tests/platform/ai/provider/use-ai.test.ts" name="useAI.ensureReady &gt; resolves the provider and returns { provider, model } using the store model" time="0.0070754">
        </testcase>
        <testcase classname="tests/platform/ai/provider/use-ai.test.ts" name="useAI.ensureReady &gt; uses the overrideModel argument when provided" time="0.005127">
        </testcase>
        <testcase classname="tests/platform/ai/provider/use-ai.test.ts" name="useAI.ensureReady &gt; falls back to first model from listModels when store model is null and no override" time="0.0042583">
        </testcase>
        <testcase classname="tests/platform/ai/provider/use-ai.test.ts" name="useAI.ensureReady &gt; throws when no model can be determined (listModels returns empty array)" time="0.0043242">
        </testcase>
        <testcase classname="tests/platform/ai/provider/use-ai.test.ts" name="useAI.ensureReady &gt; includes the provider id in the error message when no model available" time="0.0063315">
        </testcase>
        <testcase classname="tests/platform/ai/provider/use-ai.test.ts" name="useAI.ensureReady &gt; calls provider.ensureReady with the resolved model" time="0.0066544">
        </testcase>
        <testcase classname="tests/platform/ai/provider/use-ai.test.ts" name="useAI.ensureReady &gt; passes the AbortSignal through to provider.ensureReady" time="0.0045934">
        </testcase>
        <testcase classname="tests/platform/ai/provider/use-ai.test.ts" name="useAI.generate &gt; returns the result from provider.generate" time="0.0111789">
        </testcase>
        <testcase classname="tests/platform/ai/provider/use-ai.test.ts" name="useAI.generate &gt; sets progress to &apos;inferring&apos; before calling provider.generate" time="0.0129769">
        </testcase>
        <testcase classname="tests/platform/ai/provider/use-ai.test.ts" name="useAI.generate &gt; sets progress to &apos;ready&apos; in the finally block even when provider.generate succeeds" time="0.0209918">
        </testcase>
        <testcase classname="tests/platform/ai/provider/use-ai.test.ts" name="useAI.generate &gt; sets progress to &apos;ready&apos; in the finally block even when provider.generate throws" time="0.0199842">
        </testcase>
        <testcase classname="tests/platform/ai/provider/use-ai.test.ts" name="useAI.generate &gt; passes merged request with resolved model to provider.generate" time="0.0147944">
        </testcase>
        <testcase classname="tests/platform/ai/provider/use-ai.test.ts" name="useAI.generate &gt; overrides the model in the request when req.model is provided" time="0.0094018">
        </testcase>
        <testcase classname="tests/platform/ai/provider/use-ai.test.ts" name="useAI.generate &gt; passes the AbortSignal from the request to ensureReady" time="0.0047186">
        </testcase>
        <testcase classname="tests/platform/ai/provider/use-ai.test.ts" name="useAI.generateStructured &gt; returns the structured result from provider.generateStructured" time="0.0058141">
        </testcase>
        <testcase classname="tests/platform/ai/provider/use-ai.test.ts" name="useAI.generateStructured &gt; sets progress to &apos;inferring&apos; before calling provider.generateStructured" time="0.0264983">
        </testcase>
        <testcase classname="tests/platform/ai/provider/use-ai.test.ts" name="useAI.generateStructured &gt; sets progress to &apos;ready&apos; in the finally block after success" time="0.010078">
        </testcase>
        <testcase classname="tests/platform/ai/provider/use-ai.test.ts" name="useAI.generateStructured &gt; sets progress to &apos;ready&apos; in the finally block even when provider.generateStructured throws" time="0.0312079">
        </testcase>
        <testcase classname="tests/platform/ai/provider/use-ai.test.ts" name="useAI.generateStructured &gt; passes merged request with resolved model to provider.generateStructured" time="0.0060361">
        </testcase>
        <testcase classname="tests/platform/ai/provider/use-ai.test.ts" name="useAI.generateStructured &gt; passes the Zod schema to provider.generateStructured" time="0.0051029">
        </testcase>
        <testcase classname="tests/platform/ai/provider/use-ai.test.ts" name="useAI.generateStructured &gt; overrides the model from req.model when provided to generateStructured" time="0.0043708">
        </testcase>
        <testcase classname="tests/platform/ai/provider/use-ai.test.ts" name="useAI.generateStructured &gt; passes the AbortSignal from the request to ensureReady for generateStructured" time="0.0044534">
        </testcase>
        <testcase classname="tests/platform/ai/provider/use-ai.test.ts" name="useAI edge cases &gt; throws from generate when ensureReady throws (no model error)" time="0.0081086">
        </testcase>
        <testcase classname="tests/platform/ai/provider/use-ai.test.ts" name="useAI edge cases &gt; throws from generateStructured when ensureReady throws (no model error)" time="0.0096795">
        </testcase>
        <testcase classname="tests/platform/ai/provider/use-ai.test.ts" name="useAI edge cases &gt; ensureReady and generate functions are stable references across re-renders (memoized)" time="0.0141102">
        </testcase>
    </testsuite>
    <testsuite name="tests/platform/ai/provider/zod-json-schema.test.ts" timestamp="2026-06-25T18:28:25.357Z" hostname="Desktop" tests="65" failures="0" errors="0" skipped="0" time="0.8659061">
        <testcase classname="tests/platform/ai/provider/zod-json-schema.test.ts" name="zodToInlineJsonSchema &gt; returns null when z.toJSONSchema is not a function (zod v3 simulation)" time="0.0447552">
        </testcase>
        <testcase classname="tests/platform/ai/provider/zod-json-schema.test.ts" name="zodToInlineJsonSchema &gt; returns a non-null object for a simple string schema" time="0.0341921">
        </testcase>
        <testcase classname="tests/platform/ai/provider/zod-json-schema.test.ts" name="zodToInlineJsonSchema &gt; returns type:string for z.string()" time="0.0491768">
        </testcase>
        <testcase classname="tests/platform/ai/provider/zod-json-schema.test.ts" name="zodToInlineJsonSchema &gt; returns type:number for z.number()" time="0.1271973">
        </testcase>
        <testcase classname="tests/platform/ai/provider/zod-json-schema.test.ts" name="zodToInlineJsonSchema &gt; returns type:boolean for z.boolean()" time="0.0186295">
        </testcase>
        <testcase classname="tests/platform/ai/provider/zod-json-schema.test.ts" name="zodToInlineJsonSchema &gt; returns object schema with properties for z.object()" time="0.0255994">
        </testcase>
        <testcase classname="tests/platform/ai/provider/zod-json-schema.test.ts" name="zodToInlineJsonSchema &gt; returns array schema for z.array()" time="0.0067077">
        </testcase>
        <testcase classname="tests/platform/ai/provider/zod-json-schema.test.ts" name="zodToInlineJsonSchema &gt; returns enum values for z.enum()" time="0.0059352">
        </testcase>
        <testcase classname="tests/platform/ai/provider/zod-json-schema.test.ts" name="zodToInlineJsonSchema &gt; strips $schema from the output" time="0.0092662">
        </testcase>
        <testcase classname="tests/platform/ai/provider/zod-json-schema.test.ts" name="zodToInlineJsonSchema &gt; strips title from the output" time="0.017619">
        </testcase>
        <testcase classname="tests/platform/ai/provider/zod-json-schema.test.ts" name="zodToInlineJsonSchema &gt; strips pattern from the output" time="0.033448">
        </testcase>
        <testcase classname="tests/platform/ai/provider/zod-json-schema.test.ts" name="zodToInlineJsonSchema &gt; strips minLength from the output" time="0.0050056">
        </testcase>
        <testcase classname="tests/platform/ai/provider/zod-json-schema.test.ts" name="zodToInlineJsonSchema &gt; strips maxLength from the output" time="0.0053585">
        </testcase>
        <testcase classname="tests/platform/ai/provider/zod-json-schema.test.ts" name="zodToInlineJsonSchema &gt; strips minimum from the output" time="0.0080155">
        </testcase>
        <testcase classname="tests/platform/ai/provider/zod-json-schema.test.ts" name="zodToInlineJsonSchema &gt; strips maximum from the output" time="0.0054464">
        </testcase>
        <testcase classname="tests/platform/ai/provider/zod-json-schema.test.ts" name="zodToInlineJsonSchema &gt; strips format from the output" time="0.004909">
        </testcase>
        <testcase classname="tests/platform/ai/provider/zod-json-schema.test.ts" name="zodToInlineJsonSchema &gt; strips $defs from the output" time="0.00733">
        </testcase>
        <testcase classname="tests/platform/ai/provider/zod-json-schema.test.ts" name="zodToInlineJsonSchema &gt; strips multipleOf from the output" time="0.0080281">
        </testcase>
        <testcase classname="tests/platform/ai/provider/zod-json-schema.test.ts" name="zodToInlineJsonSchema &gt; strips minItems from the output" time="0.0046386">
        </testcase>
        <testcase classname="tests/platform/ai/provider/zod-json-schema.test.ts" name="zodToInlineJsonSchema &gt; strips maxItems from the output" time="0.0049776">
        </testcase>
        <testcase classname="tests/platform/ai/provider/zod-json-schema.test.ts" name="zodToInlineJsonSchema &gt; strips uniqueItems from the output" time="0.0043879">
        </testcase>
        <testcase classname="tests/platform/ai/provider/zod-json-schema.test.ts" name="zodToInlineJsonSchema &gt; strips minProperties from the output" time="0.0043894">
        </testcase>
        <testcase classname="tests/platform/ai/provider/zod-json-schema.test.ts" name="zodToInlineJsonSchema &gt; strips maxProperties from the output" time="0.0044777">
        </testcase>
        <testcase classname="tests/platform/ai/provider/zod-json-schema.test.ts" name="zodToInlineJsonSchema &gt; strips $id from the output" time="0.0041438">
        </testcase>
        <testcase classname="tests/platform/ai/provider/zod-json-schema.test.ts" name="zodToInlineJsonSchema &gt; strips $comment from the output" time="0.0046078">
        </testcase>
        <testcase classname="tests/platform/ai/provider/zod-json-schema.test.ts" name="zodToInlineJsonSchema &gt; strips $anchor from the output" time="0.0044423">
        </testcase>
        <testcase classname="tests/platform/ai/provider/zod-json-schema.test.ts" name="zodToInlineJsonSchema &gt; strips default from the output" time="0.0046369">
        </testcase>
        <testcase classname="tests/platform/ai/provider/zod-json-schema.test.ts" name="zodToInlineJsonSchema &gt; strips exclusiveMinimum from the output" time="0.0113282">
        </testcase>
        <testcase classname="tests/platform/ai/provider/zod-json-schema.test.ts" name="zodToInlineJsonSchema &gt; strips exclusiveMaximum from the output" time="0.0041913">
        </testcase>
        <testcase classname="tests/platform/ai/provider/zod-json-schema.test.ts" name="zodToInlineJsonSchema &gt; strips legacy &apos;definitions&apos; key from the output" time="0.0043974">
        </testcase>
        <testcase classname="tests/platform/ai/provider/zod-json-schema.test.ts" name="zodToInlineJsonSchema &gt; does not strip additionalProperties when option is omitted" time="0.0062852">
        </testcase>
        <testcase classname="tests/platform/ai/provider/zod-json-schema.test.ts" name="zodToInlineJsonSchema &gt; strips top-level additionalProperties when stripAdditionalProperties:true" time="0.0041731">
        </testcase>
        <testcase classname="tests/platform/ai/provider/zod-json-schema.test.ts" name="zodToInlineJsonSchema &gt; strips nested additionalProperties when stripAdditionalProperties:true" time="0.0044366">
        </testcase>
        <testcase classname="tests/platform/ai/provider/zod-json-schema.test.ts" name="zodToInlineJsonSchema &gt; does not strip additionalProperties when stripAdditionalProperties:false" time="0.0041333">
        </testcase>
        <testcase classname="tests/platform/ai/provider/zod-json-schema.test.ts" name="zodToInlineJsonSchema &gt; strips additionalProperties:true value as well" time="0.0044695">
        </testcase>
        <testcase classname="tests/platform/ai/provider/zod-json-schema.test.ts" name="zodToInlineJsonSchema &gt; strips additionalProperties from items in an array when stripAdditionalProperties:true" time="0.0044244">
        </testcase>
        <testcase classname="tests/platform/ai/provider/zod-json-schema.test.ts" name="zodToInlineJsonSchema &gt; stripKeyDeep skips primitive (non-object, non-array) nodes without error" time="0.040654">
        </testcase>
        <testcase classname="tests/platform/ai/provider/zod-json-schema.test.ts" name="zodToInlineJsonSchema &gt; recursively strips additionalProperties from nested objects" time="0.0047027">
        </testcase>
        <testcase classname="tests/platform/ai/provider/zod-json-schema.test.ts" name="zodToInlineJsonSchema &gt; falls back to no-options call when first toJSONSchema call throws" time="0.0051041">
        </testcase>
        <testcase classname="tests/platform/ai/provider/zod-json-schema.test.ts" name="zodToInlineJsonSchema &gt; returns null when both toJSONSchema calls throw" time="0.0045043">
        </testcase>
        <testcase classname="tests/platform/ai/provider/zod-json-schema.test.ts" name="zodToInlineJsonSchema &gt; returns null when toJSONSchema returns only { additionalProperties: false }" time="0.0057589">
        </testcase>
        <testcase classname="tests/platform/ai/provider/zod-json-schema.test.ts" name="zodToInlineJsonSchema &gt; returns null when toJSONSchema returns an empty object {}" time="0.0053561">
        </testcase>
        <testcase classname="tests/platform/ai/provider/zod-json-schema.test.ts" name="zodToInlineJsonSchema &gt; returns null when toJSONSchema returns a string (non-object)" time="0.0067732">
        </testcase>
        <testcase classname="tests/platform/ai/provider/zod-json-schema.test.ts" name="zodToInlineJsonSchema &gt; returns null when toJSONSchema returns an array (non-object)" time="0.01762">
        </testcase>
        <testcase classname="tests/platform/ai/provider/zod-json-schema.test.ts" name="zodToInlineJsonSchema &gt; returns null when toJSONSchema returns a number (non-object)" time="0.0053476">
        </testcase>
        <testcase classname="tests/platform/ai/provider/zod-json-schema.test.ts" name="zodToInlineJsonSchema &gt; inlines a $ref that resolves via $defs" time="0.0105649">
        </testcase>
        <testcase classname="tests/platform/ai/provider/zod-json-schema.test.ts" name="zodToInlineJsonSchema &gt; inlines a $ref that resolves via legacy &apos;definitions&apos;" time="0.0059536">
        </testcase>
        <testcase classname="tests/platform/ai/provider/zod-json-schema.test.ts" name="zodToInlineJsonSchema &gt; returns {} when $ref cannot be resolved (missing key in $defs)" time="0.0095778">
        </testcase>
        <testcase classname="tests/platform/ai/provider/zod-json-schema.test.ts" name="zodToInlineJsonSchema &gt; returns {} when $ref has no $defs at all" time="0.0048389">
        </testcase>
        <testcase classname="tests/platform/ai/provider/zod-json-schema.test.ts" name="zodToInlineJsonSchema &gt; returns {} when $ref resolves to a non-object leaf in $defs" time="0.0269386">
        </testcase>
        <testcase classname="tests/platform/ai/provider/zod-json-schema.test.ts" name="zodToInlineJsonSchema &gt; handles cyclic $ref without infinite loop (seen set guard)" time="0.0098655">
        </testcase>
        <testcase classname="tests/platform/ai/provider/zod-json-schema.test.ts" name="zodToInlineJsonSchema &gt; resolves $ref with multi-segment path" time="0.034061">
        </testcase>
        <testcase classname="tests/platform/ai/provider/zod-json-schema.test.ts" name="zodToInlineJsonSchema &gt; returns {} for a $ref path that fails mid-traversal (non-object intermediate)" time="0.0118614">
        </testcase>
        <testcase classname="tests/platform/ai/provider/zod-json-schema.test.ts" name="zodToInlineJsonSchema &gt; returns {} for a $ref path where an intermediate key is missing" time="0.004414">
        </testcase>
        <testcase classname="tests/platform/ai/provider/zod-json-schema.test.ts" name="zodToInlineJsonSchema &gt; passes null property values through normalize unchanged" time="0.0176038">
        </testcase>
        <testcase classname="tests/platform/ai/provider/zod-json-schema.test.ts" name="zodToInlineJsonSchema &gt; passes primitive property values through normalize unchanged" time="0.00739">
        </testcase>
        <testcase classname="tests/platform/ai/provider/zod-json-schema.test.ts" name="zodToInlineJsonSchema &gt; normalizes arrays within the schema recursively" time="0.0051996">
        </testcase>
        <testcase classname="tests/platform/ai/provider/zod-json-schema.test.ts" name="zodToInlineJsonSchema &gt; handles z.union() (multiple types)" time="0.005165">
        </testcase>
        <testcase classname="tests/platform/ai/provider/zod-json-schema.test.ts" name="zodToInlineJsonSchema &gt; handles z.object() with required fields" time="0.0116809">
        </testcase>
        <testcase classname="tests/platform/ai/provider/zod-json-schema.test.ts" name="zodToInlineJsonSchema &gt; handles z.array() of objects" time="0.0176602">
        </testcase>
        <testcase classname="tests/platform/ai/provider/zod-json-schema.test.ts" name="zodToInlineJsonSchema &gt; handles deeply nested objects" time="0.0126135">
        </testcase>
        <testcase classname="tests/platform/ai/provider/zod-json-schema.test.ts" name="zodToInlineJsonSchema &gt; uses default empty options when no options argument provided" time="0.0092217">
        </testcase>
        <testcase classname="tests/platform/ai/provider/zod-json-schema.test.ts" name="zodToInlineJsonSchema &gt; returns a schema when type coexists with additionalProperties (not empty)" time="0.0312915">
        </testcase>
        <testcase classname="tests/platform/ai/provider/zod-json-schema.test.ts" name="zodToInlineJsonSchema &gt; meaningfulKeys count excludes additionalProperties when checking for empty schema" time="0.0041006">
        </testcase>
        <testcase classname="tests/platform/ai/provider/zod-json-schema.test.ts" name="zodToInlineJsonSchema &gt; handles stripAdditionalProperties:true on schema with no additionalProperties key" time="0.0044972">
        </testcase>
    </testsuite>
    <testsuite name="tests/features/ai-commander/core/commander.test.ts" timestamp="2026-06-25T18:28:25.365Z" hostname="Desktop" tests="41" failures="0" errors="0" skipped="0" time="0.0887353">
        <testcase classname="tests/features/ai-commander/core/commander.test.ts" name="WALLPAPER_IDS &gt; exports the four expected wallpaper ids as a readonly tuple" time="0.0090805">
        </testcase>
        <testcase classname="tests/features/ai-commander/core/commander.test.ts" name="WALLPAPER_IDS &gt; contains exactly four entries" time="0.0046343">
        </testcase>
        <testcase classname="tests/features/ai-commander/core/commander.test.ts" name="WALLPAPER_LABELS &gt; maps every WALLPAPER_ID to a non-empty French string" time="0.0039912">
        </testcase>
        <testcase classname="tests/features/ai-commander/core/commander.test.ts" name="WALLPAPER_LABELS &gt; has the correct French label for each id" time="0.0011362">
        </testcase>
        <testcase classname="tests/features/ai-commander/core/commander.test.ts" name="COMMANDER_CAPABILITIES &gt; exports an array of exactly four capability tiles" time="0.0029763">
        </testcase>
        <testcase classname="tests/features/ai-commander/core/commander.test.ts" name="COMMANDER_CAPABILITIES &gt; each capability has a non-empty id, title, hint, and example" time="0.0031136">
        </testcase>
        <testcase classname="tests/features/ai-commander/core/commander.test.ts" name="COMMANDER_CAPABILITIES &gt; each capability has an icon (non-null) and a numeric hue" time="0.0013597">
        </testcase>
        <testcase classname="tests/features/ai-commander/core/commander.test.ts" name="COMMANDER_CAPABILITIES &gt; contains the &apos;open&apos;, &apos;ask&apos;, &apos;scene&apos;, and &apos;organize&apos; ids" time="0.0045602">
        </testcase>
        <testcase classname="tests/features/ai-commander/core/commander.test.ts" name="CommanderResultSchema — valid payloads &gt; accepts a minimal none action with a reply" time="0.0043228">
        </testcase>
        <testcase classname="tests/features/ai-commander/core/commander.test.ts" name="CommanderResultSchema — valid payloads &gt; accepts an open_app action with an appId" time="0.0006896">
        </testcase>
        <testcase classname="tests/features/ai-commander/core/commander.test.ts" name="CommanderResultSchema — valid payloads &gt; accepts an ask_data action with a query" time="0.000839">
        </testcase>
        <testcase classname="tests/features/ai-commander/core/commander.test.ts" name="CommanderResultSchema — valid payloads &gt; accepts a set_wallpaper action with each valid wallpaper id" time="0.0006666">
        </testcase>
        <testcase classname="tests/features/ai-commander/core/commander.test.ts" name="CommanderResultSchema — valid payloads &gt; accepts an arrange action" time="0.0003642">
        </testcase>
        <testcase classname="tests/features/ai-commander/core/commander.test.ts" name="CommanderResultSchema — valid payloads &gt; accepts a close_all action" time="0.0003388">
        </testcase>
        <testcase classname="tests/features/ai-commander/core/commander.test.ts" name="CommanderResultSchema — valid payloads &gt; optional fields (appId, query, wallpaper) are absent when not provided" time="0.0006884">
        </testcase>
        <testcase classname="tests/features/ai-commander/core/commander.test.ts" name="CommanderResultSchema — invalid payloads &gt; rejects an unknown action kind" time="0.0040092">
        </testcase>
        <testcase classname="tests/features/ai-commander/core/commander.test.ts" name="CommanderResultSchema — invalid payloads &gt; rejects a missing reply field" time="0.0010979">
        </testcase>
        <testcase classname="tests/features/ai-commander/core/commander.test.ts" name="CommanderResultSchema — invalid payloads &gt; rejects an unknown wallpaper id" time="0.0008945">
        </testcase>
        <testcase classname="tests/features/ai-commander/core/commander.test.ts" name="CommanderResultSchema — invalid payloads &gt; rejects a missing action field" time="0.0007503">
        </testcase>
        <testcase classname="tests/features/ai-commander/core/commander.test.ts" name="buildCommanderSystemPrompt &gt; returns a non-empty string" time="0.0006244">
        </testcase>
        <testcase classname="tests/features/ai-commander/core/commander.test.ts" name="buildCommanderSystemPrompt &gt; includes the Commander role description" time="0.0003425">
        </testcase>
        <testcase classname="tests/features/ai-commander/core/commander.test.ts" name="buildCommanderSystemPrompt &gt; describes all six action kinds" time="0.0007856">
        </testcase>
        <testcase classname="tests/features/ai-commander/core/commander.test.ts" name="buildCommanderSystemPrompt &gt; lists all mocked LAUNCHER_APPS by their id and title" time="0.0036072">
        </testcase>
        <testcase classname="tests/features/ai-commander/core/commander.test.ts" name="buildCommanderSystemPrompt &gt; includes the wallpaper color ids in the rules section" time="0.0006813">
        </testcase>
        <testcase classname="tests/features/ai-commander/core/commander.test.ts" name="buildCommanderSystemPrompt &gt; mentions the language rules (French, English, Tunisian Derja)" time="0.0004824">
        </testcase>
        <testcase classname="tests/features/ai-commander/core/commander.test.ts" name="buildCommanderSystemPrompt &gt; mentions the `reply` field convention" time="0.0002667">
        </testcase>
        <testcase classname="tests/features/ai-commander/core/commander.test.ts" name="resolveAppId — falsy / missing input (early return branch) &gt; returns undefined for undefined input" time="0.000359">
        </testcase>
        <testcase classname="tests/features/ai-commander/core/commander.test.ts" name="resolveAppId — falsy / missing input (early return branch) &gt; returns undefined for an empty string" time="0.0002031">
        </testcase>
        <testcase classname="tests/features/ai-commander/core/commander.test.ts" name="resolveAppId — falsy / missing input (early return branch) &gt; passes through whitespace-only string (truthy raw) and matches first app via empty-includes" time="0.0002652">
        </testcase>
        <testcase classname="tests/features/ai-commander/core/commander.test.ts" name="resolveAppId — exact match branch &gt; returns the exact id for a known app id (lowercase)" time="0.0103008">
        </testcase>
        <testcase classname="tests/features/ai-commander/core/commander.test.ts" name="resolveAppId — exact match branch &gt; returns the exact id for another known app" time="0.0004379">
        </testcase>
        <testcase classname="tests/features/ai-commander/core/commander.test.ts" name="resolveAppId — exact match branch &gt; normalises upper-case input to the exact match" time="0.0004237">
        </testcase>
        <testcase classname="tests/features/ai-commander/core/commander.test.ts" name="resolveAppId — exact match branch &gt; normalises mixed-case with surrounding spaces" time="0.0017872">
        </testcase>
        <testcase classname="tests/features/ai-commander/core/commander.test.ts" name="resolveAppId — fuzzy match branch (no exact match) &gt; matches by title substring — partial title word" time="0.0004212">
        </testcase>
        <testcase classname="tests/features/ai-commander/core/commander.test.ts" name="resolveAppId — fuzzy match branch (no exact match) &gt; matches when the query contains the app id as a substring (id.includes check)" time="0.0005696">
        </testcase>
        <testcase classname="tests/features/ai-commander/core/commander.test.ts" name="resolveAppId — fuzzy match branch (no exact match) &gt; falls through to undefined when query only matches a blurb (not title or id)" time="0.0006041">
        </testcase>
        <testcase classname="tests/features/ai-commander/core/commander.test.ts" name="resolveAppId — fuzzy match branch (no exact match) &gt; returns undefined when neither exact nor fuzzy match exists" time="0.0004944">
        </testcase>
        <testcase classname="tests/features/ai-commander/core/commander.test.ts" name="resolveAppId — fuzzy match branch (no exact match) &gt; returns undefined for a query that produces no match anywhere" time="0.0004154">
        </testcase>
        <testcase classname="tests/features/ai-commander/core/commander.test.ts" name="resolveAppId — edge cases &gt; handles a single-character query that is not an id prefix" time="0.0008518">
        </testcase>
        <testcase classname="tests/features/ai-commander/core/commander.test.ts" name="resolveAppId — edge cases &gt; handles numeric-only string input gracefully" time="0.0003593">
        </testcase>
        <testcase classname="tests/features/ai-commander/core/commander.test.ts" name="resolveAppId — edge cases &gt; handles special characters without throwing" time="0.0007912">
        </testcase>
    </testsuite>
    <testsuite name="tests/features/agent-canvas/core/agent-store.test.ts" timestamp="2026-06-25T18:28:25.370Z" hostname="Desktop" tests="73" failures="0" errors="0" skipped="0" time="0.5091832">
        <testcase classname="tests/features/agent-canvas/core/agent-store.test.ts" name="defaultSQLForTable &gt; returns SHOW TABLES when no table name is provided" time="0.0277505">
        </testcase>
        <testcase classname="tests/features/agent-canvas/core/agent-store.test.ts" name="defaultSQLForTable &gt; returns SHOW TABLES when the table name is an empty string (falsy)" time="0.0079454">
        </testcase>
        <testcase classname="tests/features/agent-canvas/core/agent-store.test.ts" name="defaultSQLForTable &gt; returns SHOW TABLES when the table name is undefined explicitly" time="0.000573">
        </testcase>
        <testcase classname="tests/features/agent-canvas/core/agent-store.test.ts" name="defaultSQLForTable &gt; builds a quoted LIMIT 100 SELECT for a plain table name" time="0.0004977">
        </testcase>
        <testcase classname="tests/features/agent-canvas/core/agent-store.test.ts" name="defaultSQLForTable &gt; escapes embedded double quotes by doubling them (SQL-injection-safe identifier)" time="0.0008921">
        </testcase>
        <testcase classname="tests/features/agent-canvas/core/agent-store.test.ts" name="defaultSQLForTable &gt; escapes every double quote, not just the first" time="0.0004307">
        </testcase>
        <testcase classname="tests/features/agent-canvas/core/agent-store.test.ts" name="defaultSQLForTable &gt; preserves spaces and special characters inside the identifier" time="0.0007932">
        </testcase>
        <testcase classname="tests/features/agent-canvas/core/agent-store.test.ts" name="initial state &gt; starts idle with no running flag" time="0.0048644">
        </testcase>
        <testcase classname="tests/features/agent-canvas/core/agent-store.test.ts" name="initial state &gt; defaults to the SmolLM2 360M model" time="0.0006927">
        </testcase>
        <testcase classname="tests/features/agent-canvas/core/agent-store.test.ts" name="initial state &gt; seeds exactly one SQL tab whose sql is the no-table default" time="0.0027156">
        </testcase>
        <testcase classname="tests/features/agent-canvas/core/agent-store.test.ts" name="initial state &gt; shows all three panels by default" time="0.0025307">
        </testcase>
        <testcase classname="tests/features/agent-canvas/core/agent-store.test.ts" name="initial state &gt; starts with empty collections and zeroed counters" time="0.0012734">
        </testcase>
        <testcase classname="tests/features/agent-canvas/core/agent-store.test.ts" name="initial state &gt; starts with an inactive interrupt" time="0.0008198">
        </testcase>
        <testcase classname="tests/features/agent-canvas/core/agent-store.test.ts" name="initial state &gt; has no startTime until running begins" time="0.0006231">
        </testcase>
        <testcase classname="tests/features/agent-canvas/core/agent-store.test.ts" name="setPhase / setStep / setModel &gt; setPhase replaces the phase" time="0.0076245">
        </testcase>
        <testcase classname="tests/features/agent-canvas/core/agent-store.test.ts" name="setPhase / setStep / setModel &gt; setStep replaces the step" time="0.0007749">
        </testcase>
        <testcase classname="tests/features/agent-canvas/core/agent-store.test.ts" name="setPhase / setStep / setModel &gt; setModel replaces the model" time="0.0007017">
        </testcase>
        <testcase classname="tests/features/agent-canvas/core/agent-store.test.ts" name="setThreadId / setNarrative &gt; setThreadId stores the id" time="0.0010985">
        </testcase>
        <testcase classname="tests/features/agent-canvas/core/agent-store.test.ts" name="setThreadId / setNarrative &gt; setNarrative stores the narrative" time="0.0006804">
        </testcase>
        <testcase classname="tests/features/agent-canvas/core/agent-store.test.ts" name="setThreadId / setNarrative &gt; setNarrative accepts an empty string" time="0.0009425">
        </testcase>
        <testcase classname="tests/features/agent-canvas/core/agent-store.test.ts" name="setPlan &gt; stores the dashboard plan" time="0.0011831">
        </testcase>
        <testcase classname="tests/features/agent-canvas/core/agent-store.test.ts" name="setError &gt; stores the error message" time="0.0025622">
        </testcase>
        <testcase classname="tests/features/agent-canvas/core/agent-store.test.ts" name="setError &gt; logs the error to console.error" time="0.0030796">
        </testcase>
        <testcase classname="tests/features/agent-canvas/core/agent-store.test.ts" name="setRunning &gt; sets running true and stamps startTime on the first start" time="0.0066855">
        </testcase>
        <testcase classname="tests/features/agent-canvas/core/agent-store.test.ts" name="setRunning &gt; does not overwrite an existing startTime on a second start" time="0.0067802">
        </testcase>
        <testcase classname="tests/features/agent-canvas/core/agent-store.test.ts" name="setRunning &gt; does not set startTime when starting with running=false" time="0.0011973">
        </testcase>
        <testcase classname="tests/features/agent-canvas/core/agent-store.test.ts" name="setRunning &gt; keeps startTime set after toggling running back off" time="0.0013519">
        </testcase>
        <testcase classname="tests/features/agent-canvas/core/agent-store.test.ts" name="setTableName &gt; stores table and file names" time="0.0043201">
        </testcase>
        <testcase classname="tests/features/agent-canvas/core/agent-store.test.ts" name="setTableName &gt; rewrites the single default tab&apos;s sql to the table default" time="0.0012152">
        </testcase>
        <testcase classname="tests/features/agent-canvas/core/agent-store.test.ts" name="setTableName &gt; does NOT rewrite the tab when the user has edited the default sql" time="0.0009622">
        </testcase>
        <testcase classname="tests/features/agent-canvas/core/agent-store.test.ts" name="setTableName &gt; does NOT rewrite when there is more than one tab" time="0.0023793">
        </testcase>
        <testcase classname="tests/features/agent-canvas/core/agent-store.test.ts" name="upsertWidget &gt; inserts a new widget when its spec id is unseen" time="0.0015711">
        </testcase>
        <testcase classname="tests/features/agent-canvas/core/agent-store.test.ts" name="upsertWidget &gt; appends multiple distinct widgets in order" time="0.0013468">
        </testcase>
        <testcase classname="tests/features/agent-canvas/core/agent-store.test.ts" name="upsertWidget &gt; replaces an existing widget in place when the spec id matches" time="0.0047725">
        </testcase>
        <testcase classname="tests/features/agent-canvas/core/agent-store.test.ts" name="upsertWidget &gt; preserves position when replacing an existing widget" time="0.0017359">
        </testcase>
        <testcase classname="tests/features/agent-canvas/core/agent-store.test.ts" name="addThought &gt; appends a thought" time="0.0023034">
        </testcase>
        <testcase classname="tests/features/agent-canvas/core/agent-store.test.ts" name="addThought &gt; keeps thoughts in insertion order" time="0.0014898">
        </testcase>
        <testcase classname="tests/features/agent-canvas/core/agent-store.test.ts" name="addThought &gt; does not trim while at or below 200 thoughts" time="0.0704253">
        </testcase>
        <testcase classname="tests/features/agent-canvas/core/agent-store.test.ts" name="addThought &gt; drops the oldest thought once the buffer exceeds 200 (FIFO)" time="0.0883066">
        </testcase>
        <testcase classname="tests/features/agent-canvas/core/agent-store.test.ts" name="setFlowNodes / updateFlowNode &gt; setFlowNodes replaces the whole node list" time="0.0013032">
        </testcase>
        <testcase classname="tests/features/agent-canvas/core/agent-store.test.ts" name="setFlowNodes / updateFlowNode &gt; updateFlowNode patches a matching node&apos;s fields" time="0.0010011">
        </testcase>
        <testcase classname="tests/features/agent-canvas/core/agent-store.test.ts" name="setFlowNodes / updateFlowNode &gt; updateFlowNode leaves sibling nodes untouched" time="0.0007331">
        </testcase>
        <testcase classname="tests/features/agent-canvas/core/agent-store.test.ts" name="setFlowNodes / updateFlowNode &gt; updateFlowNode is a no-op when the id is unknown" time="0.0008035">
        </testcase>
        <testcase classname="tests/features/agent-canvas/core/agent-store.test.ts" name="setInterrupt / clearInterrupt &gt; setInterrupt stores the active interrupt with payload" time="0.0006338">
        </testcase>
        <testcase classname="tests/features/agent-canvas/core/agent-store.test.ts" name="setInterrupt / clearInterrupt &gt; setInterrupt preserves the resolve callback reference" time="0.0011972">
        </testcase>
        <testcase classname="tests/features/agent-canvas/core/agent-store.test.ts" name="setInterrupt / clearInterrupt &gt; clearInterrupt resets to the inactive default" time="0.0008918">
        </testcase>
        <testcase classname="tests/features/agent-canvas/core/agent-store.test.ts" name="addSQLTab / updateSQLTab / setActiveSQLTab &gt; addSQLTab appends a tab" time="0.0009403">
        </testcase>
        <testcase classname="tests/features/agent-canvas/core/agent-store.test.ts" name="addSQLTab / updateSQLTab / setActiveSQLTab &gt; updateSQLTab patches a matching tab" time="0.0008683">
        </testcase>
        <testcase classname="tests/features/agent-canvas/core/agent-store.test.ts" name="addSQLTab / updateSQLTab / setActiveSQLTab &gt; updateSQLTab can attach results and an error" time="0.0012962">
        </testcase>
        <testcase classname="tests/features/agent-canvas/core/agent-store.test.ts" name="addSQLTab / updateSQLTab / setActiveSQLTab &gt; updateSQLTab is a no-op for an unknown id" time="0.0007674">
        </testcase>
        <testcase classname="tests/features/agent-canvas/core/agent-store.test.ts" name="addSQLTab / updateSQLTab / setActiveSQLTab &gt; setActiveSQLTab changes the active tab id" time="0.0008894">
        </testcase>
        <testcase classname="tests/features/agent-canvas/core/agent-store.test.ts" name="pushSQLHistory &gt; prepends the newest entry (LIFO order)" time="0.0018438">
        </testcase>
        <testcase classname="tests/features/agent-canvas/core/agent-store.test.ts" name="pushSQLHistory &gt; keeps exactly 20 entries when filled to the cap" time="0.0091">
        </testcase>
        <testcase classname="tests/features/agent-canvas/core/agent-store.test.ts" name="pushSQLHistory &gt; drops the oldest entry once history exceeds 20" time="0.0129419">
        </testcase>
        <testcase classname="tests/features/agent-canvas/core/agent-store.test.ts" name="setTraceRoots &gt; replaces the trace roots" time="0.0018621">
        </testcase>
        <testcase classname="tests/features/agent-canvas/core/agent-store.test.ts" name="setTraceRoots &gt; can clear the trace roots with an empty array" time="0.001058">
        </testcase>
        <testcase classname="tests/features/agent-canvas/core/agent-store.test.ts" name="pushEvent &gt; appends events in arrival order" time="0.0021621">
        </testcase>
        <testcase classname="tests/features/agent-canvas/core/agent-store.test.ts" name="pushEvent &gt; does not trim while at or below 200 events" time="0.0352844">
        </testcase>
        <testcase classname="tests/features/agent-canvas/core/agent-store.test.ts" name="pushEvent &gt; drops the oldest event once the ticker exceeds 200 (FIFO)" time="0.0369608">
        </testcase>
        <testcase classname="tests/features/agent-canvas/core/agent-store.test.ts" name="incTokens / incTools &gt; incTokens accumulates by the given amount" time="0.0092372">
        </testcase>
        <testcase classname="tests/features/agent-canvas/core/agent-store.test.ts" name="incTokens / incTools &gt; incTokens handles zero" time="0.0006201">
        </testcase>
        <testcase classname="tests/features/agent-canvas/core/agent-store.test.ts" name="incTokens / incTools &gt; incTokens handles a negative correction" time="0.0046258">
        </testcase>
        <testcase classname="tests/features/agent-canvas/core/agent-store.test.ts" name="incTokens / incTools &gt; incTools increments the tool-call counter by one each call" time="0.0013897">
        </testcase>
        <testcase classname="tests/features/agent-canvas/core/agent-store.test.ts" name="reset &gt; restores fields that ARE present in INITIAL to their defaults" time="0.0013153">
        </testcase>
        <testcase classname="tests/features/agent-canvas/core/agent-store.test.ts" name="reset &gt; does NOT clear optional fields absent from INITIAL (narrative leaks)" time="0.0038372">
        </testcase>
        <testcase classname="tests/features/agent-canvas/core/agent-store.test.ts" name="reset &gt; does NOT clear a stale startTime on reset (leaks)" time="0.0076104">
        </testcase>
        <testcase classname="tests/features/agent-canvas/core/agent-store.test.ts" name="reset &gt; does NOT clear tableName / fileName / threadId / plan / error on reset (leak)" time="0.01126">
        </testcase>
        <testcase classname="tests/features/agent-canvas/core/agent-store.test.ts" name="reset &gt; clears accumulated collections (widgets, thoughts, flow nodes, events)" time="0.014138">
        </testcase>
        <testcase classname="tests/features/agent-canvas/core/agent-store.test.ts" name="reset &gt; resets the SQL tabs back to the single default tab and empty history" time="0.0312245">
        </testcase>
        <testcase classname="tests/features/agent-canvas/core/agent-store.test.ts" name="reset &gt; clears the interrupt back to inactive after a reset" time="0.00082">
        </testcase>
        <testcase classname="tests/features/agent-canvas/core/agent-store.test.ts" name="reset &gt; keeps the SQL default tab editable after reset (no frozen/shared reference)" time="0.0060315">
        </testcase>
        <testcase classname="tests/features/agent-canvas/core/agent-store.test.ts" name="default SQL tab isolation &gt; editing the seeded tab does not contaminate a fresh reset&apos;s default sql" time="0.0009009">
        </testcase>
        <testcase classname="tests/features/agent-canvas/core/agent-store.test.ts" name="default SQL tab isolation &gt; editing the default tab AFTER a reset does not corrupt later resets" time="0.0007908">
        </testcase>
    </testsuite>
    <testsuite name="tests/features/agent-canvas/core/ai-bridge.test.ts" timestamp="2026-06-25T18:28:25.378Z" hostname="Desktop" tests="42" failures="0" errors="0" skipped="0" time="0.1941339">
        <testcase classname="tests/features/agent-canvas/core/ai-bridge.test.ts" name="resetAI &gt; clears the resolved cache so the next call re-resolves" time="0.0131897">
        </testcase>
        <testcase classname="tests/features/agent-canvas/core/ai-bridge.test.ts" name="resetAI &gt; is idempotent — calling it multiple times does not throw" time="0.0100899">
        </testcase>
        <testcase classname="tests/features/agent-canvas/core/ai-bridge.test.ts" name="aiReadySync &gt; returns false before any model is warmed" time="0.0028629">
        </testcase>
        <testcase classname="tests/features/agent-canvas/core/ai-bridge.test.ts" name="aiReadySync &gt; returns true once the provider is warmed (model matches store)" time="0.0062966">
        </testcase>
        <testcase classname="tests/features/agent-canvas/core/ai-bridge.test.ts" name="aiReadySync &gt; returns false when the store model differs from the cached model" time="0.0007175">
        </testcase>
        <testcase classname="tests/features/agent-canvas/core/ai-bridge.test.ts" name="aiReadySync &gt; returns true when store model is null (no preference — cached is fine)" time="0.0007559">
        </testcase>
        <testcase classname="tests/features/agent-canvas/core/ai-bridge.test.ts" name="warmAI &gt; resolves the provider and warms the requested model" time="0.0267505">
        </testcase>
        <testcase classname="tests/features/agent-canvas/core/ai-bridge.test.ts" name="warmAI &gt; calls setModel on the store when a modelId is provided" time="0.0008821">
        </testcase>
        <testcase classname="tests/features/agent-canvas/core/ai-bridge.test.ts" name="warmAI &gt; does NOT call setModel when no modelId is passed" time="0.0008021">
        </testcase>
        <testcase classname="tests/features/agent-canvas/core/ai-bridge.test.ts" name="warmAI &gt; re-resolves the provider on every warmAI call (clears cache first)" time="0.0020507">
        </testcase>
        <testcase classname="tests/features/agent-canvas/core/ai-bridge.test.ts" name="warmAI &gt; passes the progress callback to ensureReady" time="0.0021267">
        </testcase>
        <testcase classname="tests/features/agent-canvas/core/ai-bridge.test.ts" name="warmAI &gt; uses the first model from listModels when store model is null" time="0.0023811">
        </testcase>
        <testcase classname="tests/features/agent-canvas/core/ai-bridge.test.ts" name="warmAI &gt; throws when no model is available and listModels returns empty" time="0.0050115">
        </testcase>
        <testcase classname="tests/features/agent-canvas/core/ai-bridge.test.ts" name="warmAI &gt; throws when listModels rejects and store model is null" time="0.0074256">
        </testcase>
        <testcase classname="tests/features/agent-canvas/core/ai-bridge.test.ts" name="aiReady &gt; returns true when already cached and store model matches" time="0.0009987">
        </testcase>
        <testcase classname="tests/features/agent-canvas/core/ai-bridge.test.ts" name="aiReady &gt; returns true when no model preference and cache exists" time="0.0005372">
        </testcase>
        <testcase classname="tests/features/agent-canvas/core/ai-bridge.test.ts" name="aiReady &gt; probes the provider when not yet cached" time="0.0040305">
        </testcase>
        <testcase classname="tests/features/agent-canvas/core/ai-bridge.test.ts" name="aiReady &gt; returns false when provider.isAvailable returns false" time="0.0019744">
        </testcase>
        <testcase classname="tests/features/agent-canvas/core/ai-bridge.test.ts" name="aiReady &gt; returns false when provider.isAvailable throws" time="0.0016224">
        </testcase>
        <testcase classname="tests/features/agent-canvas/core/ai-bridge.test.ts" name="aiReady &gt; returns false when pickDefaultProvider itself throws" time="0.0010098">
        </testcase>
        <testcase classname="tests/features/agent-canvas/core/ai-bridge.test.ts" name="aiReady &gt; uses the providerId from the store when probing" time="0.0009073">
        </testcase>
        <testcase classname="tests/features/agent-canvas/core/ai-bridge.test.ts" name="aiReady &gt; re-probes when store model differs from the cached model" time="0.0007636">
        </testcase>
        <testcase classname="tests/features/agent-canvas/core/ai-bridge.test.ts" name="aiChat &gt; returns the trimmed text from generate()" time="0.0013989">
        </testcase>
        <testcase classname="tests/features/agent-canvas/core/ai-bridge.test.ts" name="aiChat &gt; passes system and user to provider.generate()" time="0.010982">
        </testcase>
        <testcase classname="tests/features/agent-canvas/core/ai-bridge.test.ts" name="aiChat &gt; passes model id to provider.generate()" time="0.0134223">
        </testcase>
        <testcase classname="tests/features/agent-canvas/core/ai-bridge.test.ts" name="aiChat &gt; uses default maxTokens=512 when not specified" time="0.0090452">
        </testcase>
        <testcase classname="tests/features/agent-canvas/core/ai-bridge.test.ts" name="aiChat &gt; uses default temperature=0 when not specified" time="0.004119">
        </testcase>
        <testcase classname="tests/features/agent-canvas/core/ai-bridge.test.ts" name="aiChat &gt; passes caller-specified maxTokens" time="0.0027613">
        </testcase>
        <testcase classname="tests/features/agent-canvas/core/ai-bridge.test.ts" name="aiChat &gt; passes caller-specified temperature" time="0.0021907">
        </testcase>
        <testcase classname="tests/features/agent-canvas/core/ai-bridge.test.ts" name="aiChat &gt; passes AbortSignal through to generate()" time="0.0019553">
        </testcase>
        <testcase classname="tests/features/agent-canvas/core/ai-bridge.test.ts" name="aiChat &gt; passes onToken callback through to generate()" time="0.0012646">
        </testcase>
        <testcase classname="tests/features/agent-canvas/core/ai-bridge.test.ts" name="aiChat &gt; resolves provider lazily when not yet warmed" time="0.0005525">
        </testcase>
        <testcase classname="tests/features/agent-canvas/core/ai-bridge.test.ts" name="aiStructured &gt; returns the structured result from generateStructured()" time="0.0007441">
        </testcase>
        <testcase classname="tests/features/agent-canvas/core/ai-bridge.test.ts" name="aiStructured &gt; passes system and user to generateStructured()" time="0.0106528">
        </testcase>
        <testcase classname="tests/features/agent-canvas/core/ai-bridge.test.ts" name="aiStructured &gt; passes the schema as the second argument to generateStructured()" time="0.0038536">
        </testcase>
        <testcase classname="tests/features/agent-canvas/core/ai-bridge.test.ts" name="aiStructured &gt; uses default maxTokens=1024 when not specified" time="0.0036876">
        </testcase>
        <testcase classname="tests/features/agent-canvas/core/ai-bridge.test.ts" name="aiStructured &gt; passes caller-specified maxTokens" time="0.0019337">
        </testcase>
        <testcase classname="tests/features/agent-canvas/core/ai-bridge.test.ts" name="aiStructured &gt; passes AbortSignal through to generateStructured()" time="0.0088365">
        </testcase>
        <testcase classname="tests/features/agent-canvas/core/ai-bridge.test.ts" name="aiStructured &gt; resolves provider lazily when not yet warmed" time="0.0007956">
        </testcase>
        <testcase classname="tests/features/agent-canvas/core/ai-bridge.test.ts" name="concurrent warmAI / aiChat calls (deduplication) &gt; concurrent calls share the same in-flight warm promise (ensureReady called once)" time="0.0017233">
        </testcase>
        <testcase classname="tests/features/agent-canvas/core/ai-bridge.test.ts" name="resolved cache re-use &gt; does not re-warm when the same model is already cached" time="0.000486">
        </testcase>
        <testcase classname="tests/features/agent-canvas/core/ai-bridge.test.ts" name="resolved cache re-use &gt; re-warms when the requested model changes" time="0.0031211">
        </testcase>
    </testsuite>
    <testsuite name="tests/features/agent-canvas/core/charts.test.ts" timestamp="2026-06-25T18:28:25.382Z" hostname="Desktop" tests="102" failures="0" errors="0" skipped="0" time="0.1241277">
        <testcase classname="tests/features/agent-canvas/core/charts.test.ts" name="buildEChartsOption — empty / guard inputs &gt; returns null when data array is empty" time="0.0036723">
        </testcase>
        <testcase classname="tests/features/agent-canvas/core/charts.test.ts" name="buildEChartsOption — empty / guard inputs &gt; returns null when the first row is undefined (length&gt;0 but hole at index 0)" time="0.0024154">
        </testcase>
        <testcase classname="tests/features/agent-canvas/core/charts.test.ts" name="column classification through buildBar &gt; uses the first string column as the category dimension by default" time="0.0023009">
        </testcase>
        <testcase classname="tests/features/agent-canvas/core/charts.test.ts" name="column classification through buildBar &gt; classifies null-valued columns as categorical (not numeric)" time="0.0008268">
        </testcase>
        <testcase classname="tests/features/agent-canvas/core/charts.test.ts" name="column classification through buildBar &gt; treats bigint columns as numeric metrics" time="0.0011826">
        </testcase>
        <testcase classname="tests/features/agent-canvas/core/charts.test.ts" name="spec hint resolution &gt; honors a valid dimensions[0] hint over the first string column" time="0.0005131">
        </testcase>
        <testcase classname="tests/features/agent-canvas/core/charts.test.ts" name="spec hint resolution &gt; ignores a dimensions[0] hint that is not a real column" time="0.0004749">
        </testcase>
        <testcase classname="tests/features/agent-canvas/core/charts.test.ts" name="spec hint resolution &gt; honors valid metrics hints and limits them to n" time="0.0006082">
        </testcase>
        <testcase classname="tests/features/agent-canvas/core/charts.test.ts" name="spec hint resolution &gt; falls back to numeric columns when no metric hints match" time="0.0007581">
        </testcase>
        <testcase classname="tests/features/agent-canvas/core/charts.test.ts" name="spec hint resolution &gt; falls back to allCols[0] for dim when there is no string column" time="0.0005367">
        </testcase>
        <testcase classname="tests/features/agent-canvas/core/charts.test.ts" name="numeric coercion (toNum) through bar series &gt; coerces non-finite and non-numeric values to 0" time="0.0004929">
        </testcase>
        <testcase classname="tests/features/agent-canvas/core/charts.test.ts" name="numeric coercion (toNum) through bar series &gt; coerces numeric-looking strings to their number" time="0.0004512">
        </testcase>
        <testcase classname="tests/features/agent-canvas/core/charts.test.ts" name="fmtLabel through series names &gt; replaces underscores with spaces and title-cases words" time="0.00043">
        </testcase>
        <testcase classname="tests/features/agent-canvas/core/charts.test.ts" name="fmtVal through the value-axis formatter &gt; formats billions with a B suffix" time="0.0004205">
        </testcase>
        <testcase classname="tests/features/agent-canvas/core/charts.test.ts" name="fmtVal through the value-axis formatter &gt; formats millions with an M suffix" time="0.0002702">
        </testcase>
        <testcase classname="tests/features/agent-canvas/core/charts.test.ts" name="fmtVal through the value-axis formatter &gt; formats thousands with a K suffix" time="0.0002749">
        </testcase>
        <testcase classname="tests/features/agent-canvas/core/charts.test.ts" name="fmtVal through the value-axis formatter &gt; formats whole numbers below 1000 with locale grouping" time="0.0340929">
        </testcase>
        <testcase classname="tests/features/agent-canvas/core/charts.test.ts" name="fmtVal through the value-axis formatter &gt; formats non-integers below 1000 to two decimals" time="0.0004898">
        </testcase>
        <testcase classname="tests/features/agent-canvas/core/charts.test.ts" name="fmtVal through the value-axis formatter &gt; returns string form of non-finite input" time="0.0004527">
        </testcase>
        <testcase classname="tests/features/agent-canvas/core/charts.test.ts" name="fmtVal through the value-axis formatter &gt; formats null as 0 because Number(null) is a finite zero" time="0.0004418">
        </testcase>
        <testcase classname="tests/features/agent-canvas/core/charts.test.ts" name="fmtVal through the value-axis formatter &gt; uses absolute value for suffix thresholds (negatives)" time="0.0003056">
        </testcase>
        <testcase classname="tests/features/agent-canvas/core/charts.test.ts" name="buildBar &gt; vertical: category on xAxis, value on yAxis" time="0.0005855">
        </testcase>
        <testcase classname="tests/features/agent-canvas/core/charts.test.ts" name="buildBar &gt; horizontal: value on xAxis, category on yAxis" time="0.0004092">
        </testcase>
        <testcase classname="tests/features/agent-canvas/core/charts.test.ts" name="buildBar &gt; uses horizontal borderRadius shape when horizontal" time="0.0004243">
        </testcase>
        <testcase classname="tests/features/agent-canvas/core/charts.test.ts" name="buildBar &gt; uses vertical borderRadius shape when vertical" time="0.0003907">
        </testcase>
        <testcase classname="tests/features/agent-canvas/core/charts.test.ts" name="buildBar &gt; assigns palette colors cyclically by series index" time="0.0004569">
        </testcase>
        <testcase classname="tests/features/agent-canvas/core/charts.test.ts" name="buildBar &gt; shows a legend only when there is more than one metric" time="0.0005394">
        </testcase>
        <testcase classname="tests/features/agent-canvas/core/charts.test.ts" name="buildBar &gt; grid.top is larger with a legend (multi-metric) than without" time="0.0004523">
        </testcase>
        <testcase classname="tests/features/agent-canvas/core/charts.test.ts" name="buildBar &gt; caps the number of plotted metrics at 3" time="0.0004804">
        </testcase>
        <testcase classname="tests/features/agent-canvas/core/charts.test.ts" name="buildStackedBar &gt; pivots a (dim, series, value) long table into stacked series" time="0.0017279">
        </testcase>
        <testcase classname="tests/features/agent-canvas/core/charts.test.ts" name="buildStackedBar &gt; fills 0 for missing (category, series) combinations" time="0.0006945">
        </testcase>
        <testcase classname="tests/features/agent-canvas/core/charts.test.ts" name="buildStackedBar &gt; infers the series column from a second categorical column when no hint" time="0.0005521">
        </testcase>
        <testcase classname="tests/features/agent-canvas/core/charts.test.ts" name="buildStackedBar &gt; falls back to a plain bar when there is no second categorical column" time="0.0005111">
        </testcase>
        <testcase classname="tests/features/agent-canvas/core/charts.test.ts" name="buildStackedBar &gt; limits stacked series keys to 10" time="0.0006913">
        </testcase>
        <testcase classname="tests/features/agent-canvas/core/charts.test.ts" name="buildStackedBar &gt; supports horizontal orientation (value on xAxis)" time="0.0004423">
        </testcase>
        <testcase classname="tests/features/agent-canvas/core/charts.test.ts" name="buildLine &gt; plots a single line series with smooth + line type" time="0.0013982">
        </testcase>
        <testcase classname="tests/features/agent-canvas/core/charts.test.ts" name="buildLine &gt; omits areaStyle for a plain line" time="0.0004712">
        </testcase>
        <testcase classname="tests/features/agent-canvas/core/charts.test.ts" name="buildLine &gt; adds a linear-gradient areaStyle for area charts" time="0.0006654">
        </testcase>
        <testcase classname="tests/features/agent-canvas/core/charts.test.ts" name="buildLine &gt; multi-line plots up to 4 metrics (vs 1 for plain line)" time="0.0007483">
        </testcase>
        <testcase classname="tests/features/agent-canvas/core/charts.test.ts" name="buildLine &gt; rotates x-axis labels by 35 deg when more than 12 categories" time="0.0005472">
        </testcase>
        <testcase classname="tests/features/agent-canvas/core/charts.test.ts" name="buildLine &gt; does not rotate x-axis labels at or below 12 categories" time="0.0004109">
        </testcase>
        <testcase classname="tests/features/agent-canvas/core/charts.test.ts" name="buildPie &gt; builds pie data of {name,value} from dim + metric" time="0.0009544">
        </testcase>
        <testcase classname="tests/features/agent-canvas/core/charts.test.ts" name="buildPie &gt; pie uses a solid radius; donut uses an inner+outer radius" time="0.0004523">
        </testcase>
        <testcase classname="tests/features/agent-canvas/core/charts.test.ts" name="buildPie &gt; caps pie slices to 14" time="0.0005974">
        </testcase>
        <testcase classname="tests/features/agent-canvas/core/charts.test.ts" name="buildPie &gt; falls back to a generated name when the dim value is nullish" time="0.0003504">
        </testcase>
        <testcase classname="tests/features/agent-canvas/core/charts.test.ts" name="buildPie &gt; tooltip formatter renders name, formatted value and percent" time="0.0006106">
        </testcase>
        <testcase classname="tests/features/agent-canvas/core/charts.test.ts" name="buildPie &gt; tooltip formatter tolerates a missing percent" time="0.0006908">
        </testcase>
        <testcase classname="tests/features/agent-canvas/core/charts.test.ts" name="buildScatter &gt; maps rows to [x, y, label] triples" time="0.0008688">
        </testcase>
        <testcase classname="tests/features/agent-canvas/core/charts.test.ts" name="buildScatter &gt; bubble routes to the same scatter builder" time="0.0005478">
        </testcase>
        <testcase classname="tests/features/agent-canvas/core/charts.test.ts" name="buildScatter &gt; uses the same column for Y when only one numeric metric exists" time="0.0005876">
        </testcase>
        <testcase classname="tests/features/agent-canvas/core/charts.test.ts" name="buildScatter &gt; caps the plotted points at 300" time="0.0011243">
        </testcase>
        <testcase classname="tests/features/agent-canvas/core/charts.test.ts" name="buildScatter &gt; names the axes from the chosen metric columns" time="0.0034651">
        </testcase>
        <testcase classname="tests/features/agent-canvas/core/charts.test.ts" name="buildScatter &gt; tooltip formatter shows label and formatted X/Y" time="0.0008722">
        </testcase>
        <testcase classname="tests/features/agent-canvas/core/charts.test.ts" name="buildHeatmap &gt; builds [row, col, value] triples and unique axis category lists" time="0.0012872">
        </testcase>
        <testcase classname="tests/features/agent-canvas/core/charts.test.ts" name="buildHeatmap &gt; sets visualMap.max to the data max" time="0.0006846">
        </testcase>
        <testcase classname="tests/features/agent-canvas/core/charts.test.ts" name="buildHeatmap &gt; visualMap.max never drops below 1 even when all values are 0" time="0.0004094">
        </testcase>
        <testcase classname="tests/features/agent-canvas/core/charts.test.ts" name="buildHeatmap &gt; caps unique rows and cols at 20 each" time="0.0008675">
        </testcase>
        <testcase classname="tests/features/agent-canvas/core/charts.test.ts" name="buildTreemap &gt; builds {name,value} nodes from dim + metric" time="0.0010227">
        </testcase>
        <testcase classname="tests/features/agent-canvas/core/charts.test.ts" name="buildTreemap &gt; caps treemap nodes at 40" time="0.0005926">
        </testcase>
        <testcase classname="tests/features/agent-canvas/core/charts.test.ts" name="buildRadar &gt; builds one indicator per metric with the per-metric max" time="0.0022529">
        </testcase>
        <testcase classname="tests/features/agent-canvas/core/charts.test.ts" name="buildRadar &gt; builds one radar value-vector per row (capped at 6)" time="0.000894">
        </testcase>
        <testcase classname="tests/features/agent-canvas/core/charts.test.ts" name="buildRadar &gt; caps radar rows at 6" time="0.0083977">
        </testcase>
        <testcase classname="tests/features/agent-canvas/core/charts.test.ts" name="buildRadar &gt; falls back to a bar chart when fewer than 2 metrics are available" time="0.0006196">
        </testcase>
        <testcase classname="tests/features/agent-canvas/core/charts.test.ts" name="buildRadar &gt; per-metric max never drops below 1 when all values are 0/negative" time="0.0005303">
        </testcase>
        <testcase classname="tests/features/agent-canvas/core/charts.test.ts" name="buildGauge &gt; clamps the metric value into [0, 100]" time="0.0016508">
        </testcase>
        <testcase classname="tests/features/agent-canvas/core/charts.test.ts" name="buildGauge &gt; rounds the displayed value to 1 decimal" time="0.0005108">
        </testcase>
        <testcase classname="tests/features/agent-canvas/core/charts.test.ts" name="buildGauge &gt; uses green for value &gt;= 80" time="0.0004121">
        </testcase>
        <testcase classname="tests/features/agent-canvas/core/charts.test.ts" name="buildGauge &gt; uses amber for value &gt;= 60 and &lt; 80" time="0.0004322">
        </testcase>
        <testcase classname="tests/features/agent-canvas/core/charts.test.ts" name="buildGauge &gt; uses red for value &lt; 60" time="0.0004556">
        </testcase>
        <testcase classname="tests/features/agent-canvas/core/charts.test.ts" name="buildGauge &gt; falls back to the first value of row[0] when no metric column resolves" time="0.000417">
        </testcase>
        <testcase classname="tests/features/agent-canvas/core/charts.test.ts" name="buildGauge &gt; encodes the value fraction in the gauge axis color stops" time="0.0006853">
        </testcase>
        <testcase classname="tests/features/agent-canvas/core/charts.test.ts" name="buildFunnel &gt; sorts stages by metric descending" time="0.0010815">
        </testcase>
        <testcase classname="tests/features/agent-canvas/core/charts.test.ts" name="buildFunnel &gt; does not mutate the input array order" time="0.0005883">
        </testcase>
        <testcase classname="tests/features/agent-canvas/core/charts.test.ts" name="buildFunnel &gt; caps the funnel at 10 stages" time="0.0005919">
        </testcase>
        <testcase classname="tests/features/agent-canvas/core/charts.test.ts" name="buildFunnel &gt; tooltip formatter renders name and formatted value" time="0.0003961">
        </testcase>
        <testcase classname="tests/features/agent-canvas/core/charts.test.ts" name="buildEChartsOption dispatch &gt; routes every known chart type to a non-null option" time="0.0016505">
        </testcase>
        <testcase classname="tests/features/agent-canvas/core/charts.test.ts" name="buildEChartsOption dispatch &gt; falls back to a bar chart for an unrecognized chart type" time="0.0003676">
        </testcase>
        <testcase classname="tests/features/agent-canvas/core/charts.test.ts" name="buildKPICards &gt; skips null and undefined entries" time="0.0013222">
        </testcase>
        <testcase classname="tests/features/agent-canvas/core/charts.test.ts" name="buildKPICards &gt; returns an empty array for an empty row" time="0.000296">
        </testcase>
        <testcase classname="tests/features/agent-canvas/core/charts.test.ts" name="buildKPICards &gt; title-cases the label" time="0.000637">
        </testcase>
        <testcase classname="tests/features/agent-canvas/core/charts.test.ts" name="buildKPICards &gt; formats a 0–1 ratio-like value as a percentage" time="0.0003919">
        </testcase>
        <testcase classname="tests/features/agent-canvas/core/charts.test.ts" name="buildKPICards &gt; treats any 0&lt;n&lt;=1 value as a percentage even without a rate-like key" time="0.0007789">
        </testcase>
        <testcase classname="tests/features/agent-canvas/core/charts.test.ts" name="buildKPICards &gt; treats a rate-like value above 1 as an absolute percent" time="0.0004203">
        </testcase>
        <testcase classname="tests/features/agent-canvas/core/charts.test.ts" name="buildKPICards &gt; does NOT percent-format id/count keys even within 0..1" time="0.0005146">
        </testcase>
        <testcase classname="tests/features/agent-canvas/core/charts.test.ts" name="buildKPICards &gt; formats large numeric values with K/M/B suffixes" time="0.0003445">
        </testcase>
        <testcase classname="tests/features/agent-canvas/core/charts.test.ts" name="buildKPICards &gt; returns the raw string with an em-dash fallback for non-numeric values" time="0.0003444">
        </testcase>
        <testcase classname="tests/features/agent-canvas/core/charts.test.ts" name="buildKPICards &gt; assigns the success color class for success-like keys" time="0.0003694">
        </testcase>
        <testcase classname="tests/features/agent-canvas/core/charts.test.ts" name="buildKPICards &gt; assigns the error color class for failure-like keys" time="0.0003274">
        </testcase>
        <testcase classname="tests/features/agent-canvas/core/charts.test.ts" name="buildKPICards &gt; assigns the warn color class for pending-like keys" time="0.0005247">
        </testcase>
        <testcase classname="tests/features/agent-canvas/core/charts.test.ts" name="buildKPICards &gt; assigns the count color class for count-like keys" time="0.0003906">
        </testcase>
        <testcase classname="tests/features/agent-canvas/core/charts.test.ts" name="buildKPICards &gt; assigns the violet color class for rate-like keys" time="0.0003212">
        </testcase>
        <testcase classname="tests/features/agent-canvas/core/charts.test.ts" name="buildKPICards &gt; assigns the cyan color class for average-like keys" time="0.000406">
        </testcase>
        <testcase classname="tests/features/agent-canvas/core/charts.test.ts" name="buildKPICards &gt; assigns the neutral zinc color class when nothing matches" time="0.0003084">
        </testcase>
        <testcase classname="tests/features/agent-canvas/core/charts.test.ts" name="buildKPICards &gt; derives the icon hint from the key" time="0.0011188">
        </testcase>
        <testcase classname="tests/features/agent-canvas/core/charts.test.ts" name="buildTableData &gt; returns empty headers/rows for empty data" time="0.0004975">
        </testcase>
        <testcase classname="tests/features/agent-canvas/core/charts.test.ts" name="buildTableData &gt; derives headers from the first row&apos;s keys" time="0.0005602">
        </testcase>
        <testcase classname="tests/features/agent-canvas/core/charts.test.ts" name="buildTableData &gt; renders an em-dash for null/undefined cells" time="0.0003872">
        </testcase>
        <testcase classname="tests/features/agent-canvas/core/charts.test.ts" name="buildTableData &gt; formats numeric and bigint cells via fmtVal" time="0.0004772">
        </testcase>
        <testcase classname="tests/features/agent-canvas/core/charts.test.ts" name="buildTableData &gt; truncates string cells longer than 40 chars with an ellipsis" time="0.0005905">
        </testcase>
        <testcase classname="tests/features/agent-canvas/core/charts.test.ts" name="buildTableData &gt; keeps short strings unchanged" time="0.0002757">
        </testcase>
        <testcase classname="tests/features/agent-canvas/core/charts.test.ts" name="buildTableData &gt; uses only the first row&apos;s keys as headers even if later rows differ" time="0.0004839">
        </testcase>
        <testcase classname="tests/features/agent-canvas/core/charts.test.ts" name="PALETTE &gt; exposes 10 hex colors" time="0.0006976">
        </testcase>
    </testsuite>
    <testsuite name="tests/features/agent-canvas/core/event-bus.test.ts" timestamp="2026-06-25T18:28:25.394Z" hostname="Desktop" tests="46" failures="0" errors="0" skipped="0" time="0.0485832">
        <testcase classname="tests/features/agent-canvas/core/event-bus.test.ts" name="publishEvent — appends to the log &gt; adds a single event to the log" time="0.0055018">
        </testcase>
        <testcase classname="tests/features/agent-canvas/core/event-bus.test.ts" name="publishEvent — appends to the log &gt; appends multiple events preserving insertion order" time="0.0010822">
        </testcase>
        <testcase classname="tests/features/agent-canvas/core/event-bus.test.ts" name="publishEvent — appends to the log &gt; each publish creates an immutable snapshot (appends; does not mutate)" time="0.0007169">
        </testcase>
        <testcase classname="tests/features/agent-canvas/core/event-bus.test.ts" name="clearEventLog &gt; resets the log to empty" time="0.0008264">
        </testcase>
        <testcase classname="tests/features/agent-canvas/core/event-bus.test.ts" name="clearEventLog &gt; can be called on an already-empty log without error" time="0.0022378">
        </testcase>
        <testcase classname="tests/features/agent-canvas/core/event-bus.test.ts" name="getEventLog &gt; returns an empty array on a fresh log" time="0.0005231">
        </testcase>
        <testcase classname="tests/features/agent-canvas/core/event-bus.test.ts" name="getEventLog &gt; returns a readonly snapshot (TypeScript type; does not throw in JS at runtime)" time="0.0005192">
        </testcase>
        <testcase classname="tests/features/agent-canvas/core/event-bus.test.ts" name="subscribeEvents — subscriber lifecycle &gt; notifies a subscriber when an event is published" time="0.0039974">
        </testcase>
        <testcase classname="tests/features/agent-canvas/core/event-bus.test.ts" name="subscribeEvents — subscriber lifecycle &gt; notifies multiple subscribers in registration order" time="0.0011435">
        </testcase>
        <testcase classname="tests/features/agent-canvas/core/event-bus.test.ts" name="subscribeEvents — subscriber lifecycle &gt; passes each event to all subscribers" time="0.0005044">
        </testcase>
        <testcase classname="tests/features/agent-canvas/core/event-bus.test.ts" name="subscribeEvents — subscriber lifecycle &gt; returns an unsubscribe function that removes the subscriber" time="0.0006097">
        </testcase>
        <testcase classname="tests/features/agent-canvas/core/event-bus.test.ts" name="subscribeEvents — subscriber lifecycle &gt; calling the unsubscribe function twice does not throw" time="0.0007246">
        </testcase>
        <testcase classname="tests/features/agent-canvas/core/event-bus.test.ts" name="subscribeEvents — subscriber lifecycle &gt; isolates a throwing subscriber — other subscribers still receive the event" time="0.0010844">
        </testcase>
        <testcase classname="tests/features/agent-canvas/core/event-bus.test.ts" name="subscribeEvents — subscriber lifecycle &gt; does not call an unsubscribed callback when no other subscriber exists" time="0.0008265">
        </testcase>
        <testcase classname="tests/features/agent-canvas/core/event-bus.test.ts" name="projectRunStats — empty log &gt; returns all-zero stats for an empty log" time="0.0006749">
        </testcase>
        <testcase classname="tests/features/agent-canvas/core/event-bus.test.ts" name="projectRunStats — startTime from RUN_STARTED &gt; captures the timestamp of the RUN_STARTED event as startTime" time="0.0003931">
        </testcase>
        <testcase classname="tests/features/agent-canvas/core/event-bus.test.ts" name="projectRunStats — startTime from RUN_STARTED &gt; uses the LAST RUN_STARTED timestamp when multiple are present" time="0.0004139">
        </testcase>
        <testcase classname="tests/features/agent-canvas/core/event-bus.test.ts" name="projectRunStats — tokenCount from RUN_FINISHED &gt; captures totalTokens from RUN_FINISHED" time="0.0003518">
        </testcase>
        <testcase classname="tests/features/agent-canvas/core/event-bus.test.ts" name="projectRunStats — tokenCount from RUN_FINISHED &gt; uses the last RUN_FINISHED totalTokens when multiple are present" time="0.0003002">
        </testcase>
        <testcase classname="tests/features/agent-canvas/core/event-bus.test.ts" name="projectRunStats — toolCallCount from TOOL_CALL_START &gt; counts each TOOL_CALL_START event" time="0.0003114">
        </testcase>
        <testcase classname="tests/features/agent-canvas/core/event-bus.test.ts" name="projectRunStats — toolCallCount from TOOL_CALL_START &gt; returns 0 when no TOOL_CALL_START events are present" time="0.0002882">
        </testcase>
        <testcase classname="tests/features/agent-canvas/core/event-bus.test.ts" name="projectRunStats — stepCount from STEP_STARTED &gt; counts each STEP_STARTED event" time="0.0005155">
        </testcase>
        <testcase classname="tests/features/agent-canvas/core/event-bus.test.ts" name="projectRunStats — stepCount from STEP_STARTED &gt; returns 0 when no STEP_STARTED events are present" time="0.0002902">
        </testcase>
        <testcase classname="tests/features/agent-canvas/core/event-bus.test.ts" name="projectRunStats — interruptCount from INTERRUPT &gt; counts each INTERRUPT event" time="0.0003461">
        </testcase>
        <testcase classname="tests/features/agent-canvas/core/event-bus.test.ts" name="projectRunStats — interruptCount from INTERRUPT &gt; returns 0 when no INTERRUPT events are present" time="0.0002743">
        </testcase>
        <testcase classname="tests/features/agent-canvas/core/event-bus.test.ts" name="projectRunStats — mixed event log &gt; accumulates all counters correctly across a realistic run" time="0.0007038">
        </testcase>
        <testcase classname="tests/features/agent-canvas/core/event-bus.test.ts" name="projectRunStats — mixed event log &gt; ignores non-counting event types (TEXT_MESSAGE_CONTENT, STATE_SNAPSHOT, etc.)" time="0.0005197">
        </testcase>
        <testcase classname="tests/features/agent-canvas/core/event-bus.test.ts" name="buildTraceTree — empty log &gt; returns an empty roots array for an empty log" time="0.0006758">
        </testcase>
        <testcase classname="tests/features/agent-canvas/core/event-bus.test.ts" name="buildTraceTree — STEP_STARTED creates root node &gt; creates a running node in the roots for STEP_STARTED" time="0.0020593">
        </testcase>
        <testcase classname="tests/features/agent-canvas/core/event-bus.test.ts" name="buildTraceTree — STEP_STARTED creates root node &gt; creates multiple root nodes for multiple STEP_STARTED events" time="0.0007364">
        </testcase>
        <testcase classname="tests/features/agent-canvas/core/event-bus.test.ts" name="buildTraceTree — STEP_FINISHED updates an existing node &gt; marks a started node as done with endTime and duration" time="0.0005337">
        </testcase>
        <testcase classname="tests/features/agent-canvas/core/event-bus.test.ts" name="buildTraceTree — STEP_FINISHED updates an existing node &gt; ignores STEP_FINISHED for an unknown nodeName (no crash)" time="0.0006055">
        </testcase>
        <testcase classname="tests/features/agent-canvas/core/event-bus.test.ts" name="buildTraceTree — TOOL_CALL_START &gt; attaches a tool-type child to its parent node" time="0.0008363">
        </testcase>
        <testcase classname="tests/features/agent-canvas/core/event-bus.test.ts" name="buildTraceTree — TOOL_CALL_START &gt; adds a tool call as a root when its parentNode is unknown" time="0.000829">
        </testcase>
        <testcase classname="tests/features/agent-canvas/core/event-bus.test.ts" name="buildTraceTree — TOOL_CALL_START &gt; attaches multiple tool calls to the same parent" time="0.0006896">
        </testcase>
        <testcase classname="tests/features/agent-canvas/core/event-bus.test.ts" name="buildTraceTree — TOOL_CALL_START &gt; stores tool call startTime from the event timestamp" time="0.0005634">
        </testcase>
        <testcase classname="tests/features/agent-canvas/core/event-bus.test.ts" name="buildTraceTree — TOOL_CALL_END &gt; marks the tool node as done with endTime" time="0.0006095">
        </testcase>
        <testcase classname="tests/features/agent-canvas/core/event-bus.test.ts" name="buildTraceTree — TOOL_CALL_END &gt; stores JSON-serialized output when result is present" time="0.0004506">
        </testcase>
        <testcase classname="tests/features/agent-canvas/core/event-bus.test.ts" name="buildTraceTree — TOOL_CALL_END &gt; does not set output when result is undefined" time="0.0004074">
        </testcase>
        <testcase classname="tests/features/agent-canvas/core/event-bus.test.ts" name="buildTraceTree — TOOL_CALL_END &gt; truncates large result output to 200 characters" time="0.0005643">
        </testcase>
        <testcase classname="tests/features/agent-canvas/core/event-bus.test.ts" name="buildTraceTree — TOOL_CALL_END &gt; ignores TOOL_CALL_END for an unknown toolCallId (no crash)" time="0.0006233">
        </testcase>
        <testcase classname="tests/features/agent-canvas/core/event-bus.test.ts" name="buildTraceTree — RUN_ERROR marks all running nodes as error &gt; sets status=error and output=message for all running nodes" time="0.0005954">
        </testcase>
        <testcase classname="tests/features/agent-canvas/core/event-bus.test.ts" name="buildTraceTree — RUN_ERROR marks all running nodes as error &gt; propagates the error message to running tool call nodes too" time="0.000432">
        </testcase>
        <testcase classname="tests/features/agent-canvas/core/event-bus.test.ts" name="buildTraceTree — RUN_ERROR marks all running nodes as error &gt; does nothing when there are no running nodes at the time of RUN_ERROR" time="0.0002946">
        </testcase>
        <testcase classname="tests/features/agent-canvas/core/event-bus.test.ts" name="buildTraceTree — complex multi-node scenario &gt; builds a realistic multi-step trace with tools, completions, and error handling" time="0.00148">
        </testcase>
        <testcase classname="tests/features/agent-canvas/core/event-bus.test.ts" name="publishEvent + subscribeEvents integration &gt; subscriber receives events and log is updated atomically" time="0.0007676">
        </testcase>
    </testsuite>
    <testsuite name="tests/features/agent-canvas/core/pipeline.test.ts" timestamp="2026-06-25T18:28:25.399Z" hostname="Desktop" tests="21" failures="0" errors="0" skipped="0" time="0.5830867">
        <testcase classname="tests/features/agent-canvas/core/pipeline.test.ts" name="runPipeline — run start + handle &gt; returns a handle with the requested threadId and resume/dispose fns" time="0.1054718">
        </testcase>
        <testcase classname="tests/features/agent-canvas/core/pipeline.test.ts" name="runPipeline — run start + handle &gt; publishes a RUN_STARTED event carrying the model and tableName" time="0.0212889">
        </testcase>
        <testcase classname="tests/features/agent-canvas/core/pipeline.test.ts" name="runPipeline — run start + handle &gt; falls back to the generated ctx threadId when none is supplied" time="0.0144729">
        </testcase>
        <testcase classname="tests/features/agent-canvas/core/pipeline.test.ts" name="runPipeline — schema → planner → interrupt (pause at human review) &gt; runs schema/planner and pauses at the plan-review interrupt" time="0.0197063">
        </testcase>
        <testcase classname="tests/features/agent-canvas/core/pipeline.test.ts" name="runPipeline — schema → planner → interrupt (pause at human review) &gt; emits schema + planner agent thoughts via the sink" time="0.015982">
        </testcase>
        <testcase classname="tests/features/agent-canvas/core/pipeline.test.ts" name="runPipeline — schema → planner → interrupt (pause at human review) &gt; runs the react_sql_loop exploration queries against the DuckDB boundary" time="0.0160181">
        </testcase>
        <testcase classname="tests/features/agent-canvas/core/pipeline.test.ts" name="runPipeline — schema → planner → interrupt (pause at human review) &gt; swallows failed exploration queries without aborting the run" time="0.0144971">
        </testcase>
        <testcase classname="tests/features/agent-canvas/core/pipeline.test.ts" name="runPipeline — schema → planner → interrupt (pause at human review) &gt; omits metric/dim exploration queries when the schema has none" time="0.0150844">
        </testcase>
        <testcase classname="tests/features/agent-canvas/core/pipeline.test.ts" name="runPipeline — resume(approve): critique passes, widgets build, narrator &gt; drives to completion building all widgets and producing a narrative" time="0.054524">
        </testcase>
        <testcase classname="tests/features/agent-canvas/core/pipeline.test.ts" name="runPipeline — resume(approve): critique passes, widgets build, narrator &gt; marks widgets done and emits KPI/table/chart outputs per chart type" time="0.0271172">
        </testcase>
        <testcase classname="tests/features/agent-canvas/core/pipeline.test.ts" name="runPipeline — resume(approve): critique passes, widgets build, narrator &gt; attaches an insight and re-emits the widget when generateInsight returns text" time="0.0248113">
        </testcase>
        <testcase classname="tests/features/agent-canvas/core/pipeline.test.ts" name="runPipeline — widget-level error paths &gt; marks a widget errored when SQL generation throws (no query run for it)" time="0.0262227">
        </testcase>
        <testcase classname="tests/features/agent-canvas/core/pipeline.test.ts" name="runPipeline — widget-level error paths &gt; marks a widget errored (carrying the sql) when query execution throws" time="0.0257082">
        </testcase>
        <testcase classname="tests/features/agent-canvas/core/pipeline.test.ts" name="runPipeline — critique ⇄ revise loop &gt; revises a weak plan (adds kpi + bar) so it ultimately builds those widgets" time="0.0288457">
        </testcase>
        <testcase classname="tests/features/agent-canvas/core/pipeline.test.ts" name="runPipeline — critique ⇄ revise loop &gt; a CritiqueAgent warning is emitted for the weak plan before revision" time="0.0360473">
        </testcase>
        <testcase classname="tests/features/agent-canvas/core/pipeline.test.ts" name="runPipeline — critique ⇄ revise loop &gt; a good plan passes critique with an &apos;ok&apos; thought and no revision" time="0.0259116">
        </testcase>
        <testcase classname="tests/features/agent-canvas/core/pipeline.test.ts" name="runPipeline — resume(revise): human-supplied plan replaces the draft &gt; uses the operator-provided plan instead of the planner draft" time="0.0245514">
        </testcase>
        <testcase classname="tests/features/agent-canvas/core/pipeline.test.ts" name="runPipeline — narrator edge cases &gt; counts only done widgets and tolerates errored ones in the summary" time="0.0259296">
        </testcase>
        <testcase classname="tests/features/agent-canvas/core/pipeline.test.ts" name="event-bus integration — events emitted by the pipeline &gt; records STEP_STARTED, TOOL_CALL_START, INTERRUPT and (post-approve) RUN_FINISHED" time="0.0229149">
        </testcase>
        <testcase classname="tests/features/agent-canvas/core/pipeline.test.ts" name="runPipeline — error surfacing &gt; invokes onError and does not fire onDone when schema analysis throws" time="0.0072445">
        </testcase>
        <testcase classname="tests/features/agent-canvas/core/pipeline.test.ts" name="PipelineHandle.dispose — sink lifecycle &gt; unregisters the thread sink so node-level side effects no longer reach it" time="0.0237842">
        </testcase>
    </testsuite>
    <testsuite name="tests/features/agent-canvas/core/planner.test.ts" timestamp="2026-06-25T18:28:25.401Z" hostname="Desktop" tests="55" failures="0" errors="0" skipped="0" time="0.2081122">
        <testcase classname="tests/features/agent-canvas/core/planner.test.ts" name="buildPlan — heuristic path (aiReadySync returns false) &gt; emits a &apos;No model warmed&apos; message and a ready message via emit" time="0.0093687">
        </testcase>
        <testcase classname="tests/features/agent-canvas/core/planner.test.ts" name="buildPlan — heuristic path (aiReadySync returns false) &gt; returns a DashboardPlan with a non-empty widgets array" time="0.0033484">
        </testcase>
        <testcase classname="tests/features/agent-canvas/core/planner.test.ts" name="buildPlan — heuristic path (aiReadySync returns false) &gt; includes a kpi-grid widget when metrics are present" time="0.0048206">
        </testcase>
        <testcase classname="tests/features/agent-canvas/core/planner.test.ts" name="buildPlan — heuristic path (aiReadySync returns false) &gt; kpi-grid lists at most 5 metrics in the sqlIntent" time="0.0028086">
        </testcase>
        <testcase classname="tests/features/agent-canvas/core/planner.test.ts" name="buildPlan — heuristic path (aiReadySync returns false) &gt; includes an area time-series widget when timeDims and metrics exist" time="0.0017868">
        </testcase>
        <testcase classname="tests/features/agent-canvas/core/planner.test.ts" name="buildPlan — heuristic path (aiReadySync returns false) &gt; omits the time-series widget when no timeDims are present" time="0.0008255">
        </testcase>
        <testcase classname="tests/features/agent-canvas/core/planner.test.ts" name="buildPlan — heuristic path (aiReadySync returns false) &gt; chooses horizontal-bar when the first dimension name contains &apos;region&apos;" time="0.0007881">
        </testcase>
        <testcase classname="tests/features/agent-canvas/core/planner.test.ts" name="buildPlan — heuristic path (aiReadySync returns false) &gt; chooses horizontal-bar when rowCount &lt; 20" time="0.0006156">
        </testcase>
        <testcase classname="tests/features/agent-canvas/core/planner.test.ts" name="buildPlan — heuristic path (aiReadySync returns false) &gt; chooses bar (not horizontal-bar) for non-region dimension with rowCount &gt;= 20" time="0.0017701">
        </testcase>
        <testcase classname="tests/features/agent-canvas/core/planner.test.ts" name="buildPlan — heuristic path (aiReadySync returns false) &gt; includes a donut widget for the second dimension when there are 2+ dimensions" time="0.0019573">
        </testcase>
        <testcase classname="tests/features/agent-canvas/core/planner.test.ts" name="buildPlan — heuristic path (aiReadySync returns false) &gt; omits pie-second-dim when there is only 1 dimension" time="0.0048051">
        </testcase>
        <testcase classname="tests/features/agent-canvas/core/planner.test.ts" name="buildPlan — heuristic path (aiReadySync returns false) &gt; adds a status-breakdown donut for telecom category" time="0.0008947">
        </testcase>
        <testcase classname="tests/features/agent-canvas/core/planner.test.ts" name="buildPlan — heuristic path (aiReadySync returns false) &gt; omits status-breakdown for non-telecom category" time="0.0006271">
        </testcase>
        <testcase classname="tests/features/agent-canvas/core/planner.test.ts" name="buildPlan — heuristic path (aiReadySync returns false) &gt; adds a funnel widget for ecommerce category" time="0.000679">
        </testcase>
        <testcase classname="tests/features/agent-canvas/core/planner.test.ts" name="buildPlan — heuristic path (aiReadySync returns false) &gt; omits funnel for non-ecommerce category" time="0.0007259">
        </testcase>
        <testcase classname="tests/features/agent-canvas/core/planner.test.ts" name="buildPlan — heuristic path (aiReadySync returns false) &gt; includes a scatter widget when there are 2+ metrics" time="0.0030357">
        </testcase>
        <testcase classname="tests/features/agent-canvas/core/planner.test.ts" name="buildPlan — heuristic path (aiReadySync returns false) &gt; omits scatter when there is only 1 metric" time="0.0010385">
        </testcase>
        <testcase classname="tests/features/agent-canvas/core/planner.test.ts" name="buildPlan — heuristic path (aiReadySync returns false) &gt; includes a stacked-bar widget when there are 2+ dimensions and 1+ metrics" time="0.0011665">
        </testcase>
        <testcase classname="tests/features/agent-canvas/core/planner.test.ts" name="buildPlan — heuristic path (aiReadySync returns false) &gt; omits stacked-bar when there is only 1 dimension" time="0.0014773">
        </testcase>
        <testcase classname="tests/features/agent-canvas/core/planner.test.ts" name="buildPlan — heuristic path (aiReadySync returns false) &gt; always includes a data-table widget" time="0.0010981">
        </testcase>
        <testcase classname="tests/features/agent-canvas/core/planner.test.ts" name="buildPlan — heuristic path (aiReadySync returns false) &gt; returns no kpi-grid when there are no metrics" time="0.0093942">
        </testcase>
        <testcase classname="tests/features/agent-canvas/core/planner.test.ts" name="buildPlan — heuristic path (aiReadySync returns false) &gt; capitalizes category in the dashboard title" time="0.0007794">
        </testcase>
        <testcase classname="tests/features/agent-canvas/core/planner.test.ts" name="buildPlan — heuristic path (aiReadySync returns false) &gt; sets the plan description to schema.summary" time="0.0005481">
        </testcase>
        <testcase classname="tests/features/agent-canvas/core/planner.test.ts" name="buildPlan — heuristic path (aiReadySync returns false) &gt; emits the correct widget count in the ready message" time="0.0104194">
        </testcase>
        <testcase classname="tests/features/agent-canvas/core/planner.test.ts" name="buildPlan — heuristic path (aiReadySync returns false) &gt; works with a completely empty schema (no dims, metrics, timeDims)" time="0.0074807">
        </testcase>
        <testcase classname="tests/features/agent-canvas/core/planner.test.ts" name="buildPlan — grid positions (via heuristic plan) &gt; assigns x=0 and full width (w=12) to wide chart types (stacked-bar)" time="0.0010365">
        </testcase>
        <testcase classname="tests/features/agent-canvas/core/planner.test.ts" name="buildPlan — grid positions (via heuristic plan) &gt; assigns w=12 to data-table (wide)" time="0.005779">
        </testcase>
        <testcase classname="tests/features/agent-canvas/core/planner.test.ts" name="buildPlan — grid positions (via heuristic plan) &gt; assigns w=6 to non-wide charts (bar)" time="0.0010143">
        </testcase>
        <testcase classname="tests/features/agent-canvas/core/planner.test.ts" name="buildPlan — grid positions (via heuristic plan) &gt; assigns h=5 to tall chart types (scatter)" time="0.0035914">
        </testcase>
        <testcase classname="tests/features/agent-canvas/core/planner.test.ts" name="buildPlan — grid positions (via heuristic plan) &gt; assigns h=3 to kpi-grid" time="0.0006598">
        </testcase>
        <testcase classname="tests/features/agent-canvas/core/planner.test.ts" name="buildPlan — grid positions (via heuristic plan) &gt; assigns h=4 to regular charts (area)" time="0.0006567">
        </testcase>
        <testcase classname="tests/features/agent-canvas/core/planner.test.ts" name="buildPlan — grid positions (via heuristic plan) &gt; positions non-wide charts in two columns (x=0 or x=6)" time="0.0071981">
        </testcase>
        <testcase classname="tests/features/agent-canvas/core/planner.test.ts" name="buildPlan — LLM path (aiReadySync returns true) &gt; calls aiStructured with SYSTEM_PROMPT and a user prompt" time="0.0599616">
        </testcase>
        <testcase classname="tests/features/agent-canvas/core/planner.test.ts" name="buildPlan — LLM path (aiReadySync returns true) &gt; passes maxTokens: 1800 to aiStructured" time="0.0010912">
        </testcase>
        <testcase classname="tests/features/agent-canvas/core/planner.test.ts" name="buildPlan — LLM path (aiReadySync returns true) &gt; emits an &apos;Asking the LLM planner&apos; message at the start" time="0.0067271">
        </testcase>
        <testcase classname="tests/features/agent-canvas/core/planner.test.ts" name="buildPlan — LLM path (aiReadySync returns true) &gt; emits an &apos;LLM plan ready&apos; message including widget count and title" time="0.0010015">
        </testcase>
        <testcase classname="tests/features/agent-canvas/core/planner.test.ts" name="buildPlan — LLM path (aiReadySync returns true) &gt; returns a plan with title and description from the LLM response" time="0.0088307">
        </testcase>
        <testcase classname="tests/features/agent-canvas/core/planner.test.ts" name="buildPlan — LLM path (aiReadySync returns true) &gt; assigns deterministic grid positions to LLM widgets" time="0.0023725">
        </testcase>
        <testcase classname="tests/features/agent-canvas/core/planner.test.ts" name="buildPlan — LLM path (aiReadySync returns true) &gt; falls back to &apos;w&lt;i&gt;&apos; id when LLM widget id is empty" time="0.0012693">
        </testcase>
        <testcase classname="tests/features/agent-canvas/core/planner.test.ts" name="buildPlan — LLM path (aiReadySync returns true) &gt; falls back to &apos;Chart &lt;i+1&gt;&apos; title when LLM widget title is empty" time="0.001375">
        </testcase>
        <testcase classname="tests/features/agent-canvas/core/planner.test.ts" name="buildPlan — LLM path (aiReadySync returns true) &gt; falls back to schema.summary as description when LLM description is missing" time="0.0013614">
        </testcase>
        <testcase classname="tests/features/agent-canvas/core/planner.test.ts" name="buildPlan — LLM path (aiReadySync returns true) &gt; falls back to &apos;Dashboard&apos; title when LLM title is empty" time="0.0011535">
        </testcase>
        <testcase classname="tests/features/agent-canvas/core/planner.test.ts" name="buildPlan — LLM path (aiReadySync returns true) &gt; falls back to schema sqlIntent default when LLM sqlIntent is missing" time="0.0015212">
        </testcase>
        <testcase classname="tests/features/agent-canvas/core/planner.test.ts" name="buildPlan — LLM path (aiReadySync returns true) &gt; attaches reasoning from LLM to widget" time="0.0008088">
        </testcase>
        <testcase classname="tests/features/agent-canvas/core/planner.test.ts" name="buildPlan — LLM path (aiReadySync returns true) &gt; populates empty dimensions/metrics arrays when LLM omits them" time="0.0025875">
        </testcase>
        <testcase classname="tests/features/agent-canvas/core/planner.test.ts" name="buildPlan — LLM error falls back to heuristics &gt; falls back to heuristic plan when aiStructured throws" time="0.0013622">
        </testcase>
        <testcase classname="tests/features/agent-canvas/core/planner.test.ts" name="buildPlan — LLM error falls back to heuristics &gt; emits an error message mentioning the thrown error" time="0.0022806">
        </testcase>
        <testcase classname="tests/features/agent-canvas/core/planner.test.ts" name="buildPlan — LLM error falls back to heuristics &gt; emits a &apos;Fallback plan&apos; ready message after failure" time="0.0009417">
        </testcase>
        <testcase classname="tests/features/agent-canvas/core/planner.test.ts" name="buildPlan — LLM error falls back to heuristics &gt; returns the same heuristic plan structure as the no-AI path on failure" time="0.0015972">
        </testcase>
        <testcase classname="tests/features/agent-canvas/core/planner.test.ts" name="buildPlan — user prompt content (via LLM path mock calls) &gt; includes column name, semantic, cardinality, and nullRate in the user prompt" time="0.0009743">
        </testcase>
        <testcase classname="tests/features/agent-canvas/core/planner.test.ts" name="buildPlan — user prompt content (via LLM path mock calls) &gt; includes dimensions and metrics lists in the user prompt" time="0.0006572">
        </testcase>
        <testcase classname="tests/features/agent-canvas/core/planner.test.ts" name="buildPlan — user prompt content (via LLM path mock calls) &gt; includes row count in the user prompt" time="0.0006303">
        </testcase>
        <testcase classname="tests/features/agent-canvas/core/planner.test.ts" name="buildPlan — user prompt content (via LLM path mock calls) &gt; shows &apos;none&apos; for temporal columns when timeDims is empty" time="0.0015119">
        </testcase>
        <testcase classname="tests/features/agent-canvas/core/planner.test.ts" name="buildPlan — user prompt content (via LLM path mock calls) &gt; shows &apos;none&apos; for dimensions when dimensions is empty" time="0.0019513">
        </testcase>
        <testcase classname="tests/features/agent-canvas/core/planner.test.ts" name="buildPlan — user prompt content (via LLM path mock calls) &gt; shows &apos;none&apos; for metrics when metrics is empty" time="0.0012193">
        </testcase>
    </testsuite>
    <testsuite name="tests/features/agent-canvas/core/schema.test.ts" timestamp="2026-06-25T18:28:25.408Z" hostname="Desktop" tests="48" failures="0" errors="0" skipped="0" time="0.1154503">
        <testcase classname="tests/features/agent-canvas/core/schema.test.ts" name="analyzeSchema — dataset resolution from the catalog &gt; resolves a registered dataset by id and queries its view, not the raw input" time="0.0452936">
        </testcase>
        <testcase classname="tests/features/agent-canvas/core/schema.test.ts" name="analyzeSchema — dataset resolution from the catalog &gt; matches a dataset by its viewName" time="0.0021298">
        </testcase>
        <testcase classname="tests/features/agent-canvas/core/schema.test.ts" name="analyzeSchema — dataset resolution from the catalog &gt; matches a dataset by its displayName" time="0.0097144">
        </testcase>
        <testcase classname="tests/features/agent-canvas/core/schema.test.ts" name="analyzeSchema — dataset resolution from the catalog &gt; uses the dataset&apos;s own column list (carrying duckType through)" time="0.0110149">
        </testcase>
        <testcase classname="tests/features/agent-canvas/core/schema.test.ts" name="analyzeSchema — legacy raw-view fallback (DESCRIBE + COUNT) &gt; falls back to DESCRIBE/COUNT when the name is not in the catalog" time="0.0019522">
        </testcase>
        <testcase classname="tests/features/agent-canvas/core/schema.test.ts" name="analyzeSchema — legacy raw-view fallback (DESCRIBE + COUNT) &gt; escapes embedded double-quotes in the table identifier" time="0.0007075">
        </testcase>
        <testcase classname="tests/features/agent-canvas/core/schema.test.ts" name="analyzeSchema — legacy raw-view fallback (DESCRIBE + COUNT) &gt; falls back to the `name`/`type` DESCRIBE field aliases and drops empty-named columns" time="0.0009014">
        </testcase>
        <testcase classname="tests/features/agent-canvas/core/schema.test.ts" name="analyzeSchema — legacy raw-view fallback (DESCRIBE + COUNT) &gt; treats a non-finite / missing COUNT result as 0 rows" time="0.0010854">
        </testcase>
        <testcase classname="tests/features/agent-canvas/core/schema.test.ts" name="analyzeSchema — legacy raw-view fallback (DESCRIBE + COUNT) &gt; returns an empty catalog (and falls back) when listRegisteredDatasets rejects" time="0.0012597">
        </testcase>
        <testcase classname="tests/features/agent-canvas/core/schema.test.ts" name="analyzeSchema — semantic inference &gt; classifies BOOLEAN types as boolean" time="0.0006816">
        </testcase>
        <testcase classname="tests/features/agent-canvas/core/schema.test.ts" name="analyzeSchema — semantic inference &gt; classifies DATE/TIMESTAMP/TIME types as datetime" time="0.0007209">
        </testcase>
        <testcase classname="tests/features/agent-canvas/core/schema.test.ts" name="analyzeSchema — semantic inference &gt; classifies a high-cardinality numeric id column as id" time="0.0004925">
        </testcase>
        <testcase classname="tests/features/agent-canvas/core/schema.test.ts" name="analyzeSchema — semantic inference &gt; classifies a 2-distinct numeric column as boolean (flag-like)" time="0.0003468">
        </testcase>
        <testcase classname="tests/features/agent-canvas/core/schema.test.ts" name="analyzeSchema — semantic inference &gt; classifies a regular numeric column as numeric" time="0.0002939">
        </testcase>
        <testcase classname="tests/features/agent-canvas/core/schema.test.ts" name="analyzeSchema — semantic inference &gt; classifies a high-cardinality text-id (word-boundary id) as id" time="0.0002919">
        </testcase>
        <testcase classname="tests/features/agent-canvas/core/schema.test.ts" name="analyzeSchema — semantic inference &gt; classifies a near-unique non-numeric column as text" time="0.0002924">
        </testcase>
        <testcase classname="tests/features/agent-canvas/core/schema.test.ts" name="analyzeSchema — semantic inference &gt; classifies a huge-cardinality column as text via the absolute 50k threshold" time="0.0004155">
        </testcase>
        <testcase classname="tests/features/agent-canvas/core/schema.test.ts" name="analyzeSchema — semantic inference &gt; classifies a low-cardinality string column as categorical" time="0.0002899">
        </testcase>
        <testcase classname="tests/features/agent-canvas/core/schema.test.ts" name="analyzeSchema — semantic inference &gt; guards against division-by-zero when rowCount is 0 (safeRowCount=1)" time="0.0002709">
        </testcase>
        <testcase classname="tests/features/agent-canvas/core/schema.test.ts" name="analyzeSchema — category detection &gt; detects telecom" time="0.0005056">
        </testcase>
        <testcase classname="tests/features/agent-canvas/core/schema.test.ts" name="analyzeSchema — category detection &gt; detects finance" time="0.0002961">
        </testcase>
        <testcase classname="tests/features/agent-canvas/core/schema.test.ts" name="analyzeSchema — category detection &gt; detects ecommerce" time="0.0003054">
        </testcase>
        <testcase classname="tests/features/agent-canvas/core/schema.test.ts" name="analyzeSchema — category detection &gt; detects iot" time="0.0003014">
        </testcase>
        <testcase classname="tests/features/agent-canvas/core/schema.test.ts" name="analyzeSchema — category detection &gt; detects hr" time="0.0002509">
        </testcase>
        <testcase classname="tests/features/agent-canvas/core/schema.test.ts" name="analyzeSchema — category detection &gt; detects healthcare" time="0.0002297">
        </testcase>
        <testcase classname="tests/features/agent-canvas/core/schema.test.ts" name="analyzeSchema — category detection &gt; detects web-analytics" time="0.000234">
        </testcase>
        <testcase classname="tests/features/agent-canvas/core/schema.test.ts" name="analyzeSchema — category detection &gt; falls back to generic when nothing matches" time="0.0002434">
        </testcase>
        <testcase classname="tests/features/agent-canvas/core/schema.test.ts" name="analyzeSchema — category detection &gt; prioritises telecom over finance when both keyword groups appear" time="0.0002392">
        </testcase>
        <testcase classname="tests/features/agent-canvas/core/schema.test.ts" name="analyzeSchema — null-rate parsing from SUMMARIZE &gt; parses a numeric percentage into a 0..1 rate" time="0.0007782">
        </testcase>
        <testcase classname="tests/features/agent-canvas/core/schema.test.ts" name="analyzeSchema — null-rate parsing from SUMMARIZE &gt; parses a string percentage with a trailing %" time="0.0003706">
        </testcase>
        <testcase classname="tests/features/agent-canvas/core/schema.test.ts" name="analyzeSchema — null-rate parsing from SUMMARIZE &gt; clamps values above 100% to 1" time="0.0002816">
        </testcase>
        <testcase classname="tests/features/agent-canvas/core/schema.test.ts" name="analyzeSchema — null-rate parsing from SUMMARIZE &gt; clamps negative values to 0" time="0.0002527">
        </testcase>
        <testcase classname="tests/features/agent-canvas/core/schema.test.ts" name="analyzeSchema — null-rate parsing from SUMMARIZE &gt; returns 0 for null/undefined/non-numeric" time="0.000473">
        </testcase>
        <testcase classname="tests/features/agent-canvas/core/schema.test.ts" name="analyzeSchema — min/max/avg and cardinality from SUMMARIZE &gt; carries finite numeric min/max/avg through and parses cardinality" time="0.0007761">
        </testcase>
        <testcase classname="tests/features/agent-canvas/core/schema.test.ts" name="analyzeSchema — min/max/avg and cardinality from SUMMARIZE &gt; leaves min/max/avg undefined when SUMMARIZE omits them, and cardinality 0" time="0.0011329">
        </testcase>
        <testcase classname="tests/features/agent-canvas/core/schema.test.ts" name="analyzeSchema — min/max/avg and cardinality from SUMMARIZE &gt; treats a non-numeric min/max as undefined (optionalNumber rejects non-finite)" time="0.0007769">
        </testcase>
        <testcase classname="tests/features/agent-canvas/core/schema.test.ts" name="analyzeSchema — representative sample collection &gt; collects up to 6 distinct non-empty stringified values per column" time="0.0009222">
        </testcase>
        <testcase classname="tests/features/agent-canvas/core/schema.test.ts" name="analyzeSchema — representative sample collection &gt; leaves the sample empty when the SAMPLE scan throws" time="0.0008407">
        </testcase>
        <testcase classname="tests/features/agent-canvas/core/schema.test.ts" name="analyzeSchema — representative sample collection &gt; survives profileDataset throwing — stats fall back to empty, semantics still inferred" time="0.0006051">
        </testcase>
        <testcase classname="tests/features/agent-canvas/core/schema.test.ts" name="analyzeSchema — dimensions / metrics / timeDims derivation &gt; selects categorical dims (2..200 card), numeric metrics (no id), and datetime cols" time="0.0007241">
        </testcase>
        <testcase classname="tests/features/agent-canvas/core/schema.test.ts" name="analyzeSchema — dimensions / metrics / timeDims derivation &gt; excludes numeric columns whose name contains &apos;id&apos; from metrics" time="0.0006227">
        </testcase>
        <testcase classname="tests/features/agent-canvas/core/schema.test.ts" name="analyzeSchema — dimensions / metrics / timeDims derivation &gt; sorts dimensions by ascending cardinality and caps at 8" time="0.0023141">
        </testcase>
        <testcase classname="tests/features/agent-canvas/core/schema.test.ts" name="analyzeSchema — dimensions / metrics / timeDims derivation &gt; caps metrics at 8" time="0.0013444">
        </testcase>
        <testcase classname="tests/features/agent-canvas/core/schema.test.ts" name="analyzeSchema — summary text &amp; AI path &gt; uses the deterministic heuristic summary when AI is not ready" time="0.0017159">
        </testcase>
        <testcase classname="tests/features/agent-canvas/core/schema.test.ts" name="analyzeSchema — summary text &amp; AI path &gt; replaces the summary with the trimmed LLM result when AI is ready" time="0.0009865">
        </testcase>
        <testcase classname="tests/features/agent-canvas/core/schema.test.ts" name="analyzeSchema — summary text &amp; AI path &gt; keeps the heuristic summary when the LLM call rejects" time="0.000738">
        </testcase>
        <testcase classname="tests/features/agent-canvas/core/schema.test.ts" name="analyzeSchema — progress emissions &amp; final shape &gt; emits the expected progress milestones in order" time="0.0016976">
        </testcase>
        <testcase classname="tests/features/agent-canvas/core/schema.test.ts" name="analyzeSchema — progress emissions &amp; final shape &gt; returns a fully-populated DataSchema for an empty dataset (no columns)" time="0.0028258">
        </testcase>
    </testsuite>
    <testsuite name="tests/features/agent-canvas/core/sql.test.ts" timestamp="2026-06-25T18:28:25.414Z" hostname="Desktop" tests="48" failures="0" errors="0" skipped="0" time="0.4649942">
        <testcase classname="tests/features/agent-canvas/core/sql.test.ts" name="addLimit &gt; appends the default LIMIT 100 to a bare query" time="0.1151039">
        </testcase>
        <testcase classname="tests/features/agent-canvas/core/sql.test.ts" name="addLimit &gt; appends a custom limit when provided" time="0.0466676">
        </testcase>
        <testcase classname="tests/features/agent-canvas/core/sql.test.ts" name="addLimit &gt; trims surrounding whitespace before appending" time="0.0223032">
        </testcase>
        <testcase classname="tests/features/agent-canvas/core/sql.test.ts" name="addLimit &gt; is idempotent when a LIMIT already terminates the query" time="0.0011989">
        </testcase>
        <testcase classname="tests/features/agent-canvas/core/sql.test.ts" name="addLimit &gt; matches an existing LIMIT case-insensitively and leaves it untouched" time="0.0005186">
        </testcase>
        <testcase classname="tests/features/agent-canvas/core/sql.test.ts" name="addLimit &gt; preserves a trailing semicolon and inserts LIMIT before it" time="0.0283811">
        </testcase>
        <testcase classname="tests/features/agent-canvas/core/sql.test.ts" name="addLimit &gt; treats a query whose LIMIT is followed only by a semicolon as already limited" time="0.0008667">
        </testcase>
        <testcase classname="tests/features/agent-canvas/core/sql.test.ts" name="addLimit &gt; still appends when a LIMIT exists mid-query but not at the end (e.g. subquery)" time="0.0013802">
        </testcase>
        <testcase classname="tests/features/agent-canvas/core/sql.test.ts" name="explicitColumns &gt; rewrites SELECT * into the schema&apos;s quoted column list" time="0.0245049">
        </testcase>
        <testcase classname="tests/features/agent-canvas/core/sql.test.ts" name="explicitColumns &gt; returns the query unchanged when there is no SELECT *" time="0.0147008">
        </testcase>
        <testcase classname="tests/features/agent-canvas/core/sql.test.ts" name="explicitColumns &gt; only rewrites the first SELECT * occurrence (single replace)" time="0.0018673">
        </testcase>
        <testcase classname="tests/features/agent-canvas/core/sql.test.ts" name="explicitColumns &gt; escapes EVERY embedded double quote in column names (regression: not just the first)" time="0.0006033">
        </testcase>
        <testcase classname="tests/features/agent-canvas/core/sql.test.ts" name="explicitColumns &gt; handles an empty column list by producing SELECT  (empty) " time="0.0013216">
        </testcase>
        <testcase classname="tests/features/agent-canvas/core/sql.test.ts" name="generateSQL — heuristic path (AI off) &gt; emits the rule-based message and produces a bar query grouped by the dimension" time="0.0051189">
        </testcase>
        <testcase classname="tests/features/agent-canvas/core/sql.test.ts" name="generateSQL — heuristic path (AI off) &gt; validates the heuristic query via DuckDB EXPLAIN exactly once on success" time="0.0044437">
        </testcase>
        <testcase classname="tests/features/agent-canvas/core/sql.test.ts" name="generateSQL — heuristic path (AI off) &gt; uses COUNT(*) when the bar spec has a dimension but no metric" time="0.0022962">
        </testcase>
        <testcase classname="tests/features/agent-canvas/core/sql.test.ts" name="generateSQL — heuristic path (AI off) &gt; falls back to SELECT * (expanded to explicit columns) for a bar with no dimension" time="0.0012117">
        </testcase>
        <testcase classname="tests/features/agent-canvas/core/sql.test.ts" name="generateSQL — heuristic path (AI off) &gt; wraps a non-numeric metric in TRY_CAST for aggregation" time="0.0216403">
        </testcase>
        <testcase classname="tests/features/agent-canvas/core/sql.test.ts" name="generateSQL — heuristic path (AI off) &gt; builds a kpi-grid single-row query with SUM/AVG/MIN/MAX per metric" time="0.0008396">
        </testcase>
        <testcase classname="tests/features/agent-canvas/core/sql.test.ts" name="generateSQL — heuristic path (AI off) &gt; delegates stacked-bar without a second dimension to the bar template" time="0.00048">
        </testcase>
        <testcase classname="tests/features/agent-canvas/core/sql.test.ts" name="generateSQL — heuristic path (AI off) &gt; builds a two-level stacked-bar query when both dimensions are present" time="0.0004257">
        </testcase>
        <testcase classname="tests/features/agent-canvas/core/sql.test.ts" name="generateSQL — heuristic path (AI off) &gt; truncates a time dimension with DATE_TRUNC for a time-series line chart" time="0.0163715">
        </testcase>
        <testcase classname="tests/features/agent-canvas/core/sql.test.ts" name="generateSQL — heuristic path (AI off) &gt; casts a non-time dimension to VARCHAR for a line chart" time="0.0025054">
        </testcase>
        <testcase classname="tests/features/agent-canvas/core/sql.test.ts" name="generateSQL — heuristic path (AI off) &gt; builds a pie query with name/value aliases and a tight LIMIT" time="0.0022463">
        </testcase>
        <testcase classname="tests/features/agent-canvas/core/sql.test.ts" name="generateSQL — heuristic path (AI off) &gt; derives x/y from schema metrics for a scatter chart and labels by dimension" time="0.0025797">
        </testcase>
        <testcase classname="tests/features/agent-canvas/core/sql.test.ts" name="generateSQL — heuristic path (AI off) &gt; builds a heatmap only when two dims and a metric exist" time="0.0008412">
        </testcase>
        <testcase classname="tests/features/agent-canvas/core/sql.test.ts" name="generateSQL — heuristic path (AI off) &gt; builds a radar query with sanitized metric aliases when ≥2 metrics" time="0.0017302">
        </testcase>
        <testcase classname="tests/features/agent-canvas/core/sql.test.ts" name="generateSQL — heuristic path (AI off) &gt; builds a normalized gauge (avg/max*100) when a metric is available" time="0.0021099">
        </testcase>
        <testcase classname="tests/features/agent-canvas/core/sql.test.ts" name="generateSQL — heuristic path (AI off) &gt; emits a constant gauge of 50 when no metric is available" time="0.0022362">
        </testcase>
        <testcase classname="tests/features/agent-canvas/core/sql.test.ts" name="generateSQL — heuristic path (AI off) &gt; uses the default template (SELECT * + ORDER BY metric) for data-table with a metric" time="0.0010084">
        </testcase>
        <testcase classname="tests/features/agent-canvas/core/sql.test.ts" name="generateSQL — LLM path (AI on) &gt; returns the LLM SQL verbatim when it is valid and plans cleanly" time="0.0028089">
        </testcase>
        <testcase classname="tests/features/agent-canvas/core/sql.test.ts" name="generateSQL — LLM path (AI on) &gt; strips a ```sql fenced code block from the LLM output" time="0.0027191">
        </testcase>
        <testcase classname="tests/features/agent-canvas/core/sql.test.ts" name="generateSQL — LLM path (AI on) &gt; strips a plain ``` fenced block (no language tag)" time="0.0009437">
        </testcase>
        <testcase classname="tests/features/agent-canvas/core/sql.test.ts" name="generateSQL — LLM path (AI on) &gt; falls back to the heuristic when the LLM output does not start with SELECT/WITH" time="0.0006431">
        </testcase>
        <testcase classname="tests/features/agent-canvas/core/sql.test.ts" name="generateSQL — LLM path (AI on) &gt; falls back to the heuristic when aiChat throws, with a failure message" time="0.0010514">
        </testcase>
        <testcase classname="tests/features/agent-canvas/core/sql.test.ts" name="generateSQL — LLM path (AI on) &gt; repairs invalid SQL: first EXPLAIN fails, repair succeeds, repaired query returned" time="0.0031774">
        </testcase>
        <testcase classname="tests/features/agent-canvas/core/sql.test.ts" name="generateSQL — LLM path (AI on) &gt; falls back to a validated heuristic when both original and repaired SQL fail to plan" time="0.0104079">
        </testcase>
        <testcase classname="tests/features/agent-canvas/core/sql.test.ts" name="generateSQL — LLM path (AI on) &gt; falls back to the heuristic when the repaired SQL is not a SELECT/WITH statement" time="0.0008394">
        </testcase>
        <testcase classname="tests/features/agent-canvas/core/sql.test.ts" name="generateSQL — LLM path (AI on) &gt; falls back to the heuristic when the repair aiChat call throws" time="0.0220554">
        </testcase>
        <testcase classname="tests/features/agent-canvas/core/sql.test.ts" name="generateSQL — LLM path (AI on) &gt; does not attempt repair when AI is unavailable at validation time" time="0.001455">
        </testcase>
        <testcase classname="tests/features/agent-canvas/core/sql.test.ts" name="generateSQL — LLM path (AI on) &gt; uses LIMIT 100 default for a data-table LLM query but 50 for charts" time="0.0018626">
        </testcase>
        <testcase classname="tests/features/agent-canvas/core/sql.test.ts" name="generateSQL — LLM path (AI on) &gt; expands SELECT * to explicit columns for chart LLM queries" time="0.0007684">
        </testcase>
        <testcase classname="tests/features/agent-canvas/core/sql.test.ts" name="generateInsight &gt; returns empty string when AI is not ready" time="0.0231064">
        </testcase>
        <testcase classname="tests/features/agent-canvas/core/sql.test.ts" name="generateInsight &gt; returns empty string when data is empty even if AI is ready" time="0.0112908">
        </testcase>
        <testcase classname="tests/features/agent-canvas/core/sql.test.ts" name="generateInsight &gt; returns a stripped insight sentence and emits a truncated preview" time="0.0017996">
        </testcase>
        <testcase classname="tests/features/agent-canvas/core/sql.test.ts" name="generateInsight &gt; strips a single leading/trailing quote character (regex anchors)" time="0.000419">
        </testcase>
        <testcase classname="tests/features/agent-canvas/core/sql.test.ts" name="generateInsight &gt; passes a compact top-5-row summary and total count to the model" time="0.0007518">
        </testcase>
        <testcase classname="tests/features/agent-canvas/core/sql.test.ts" name="generateInsight &gt; returns empty string and does not throw when the model call rejects" time="0.0011122">
        </testcase>
    </testsuite>
    <testsuite name="tests/features/channel-monitor/lib/ai-suggestions.test.ts" timestamp="2026-06-25T18:28:25.421Z" hostname="Desktop" tests="22" failures="0" errors="0" skipped="0" time="0.0681738">
        <testcase classname="tests/features/channel-monitor/lib/ai-suggestions.test.ts" name="ThresholdSuggestionSchema &gt; accepts a valid suggestion object" time="0.0092116">
        </testcase>
        <testcase classname="tests/features/channel-monitor/lib/ai-suggestions.test.ts" name="ThresholdSuggestionSchema &gt; accepts boundary values: successRateBelow=0 and successRateBelow=100" time="0.0009422">
        </testcase>
        <testcase classname="tests/features/channel-monitor/lib/ai-suggestions.test.ts" name="ThresholdSuggestionSchema &gt; rejects successRateBelow below 0" time="0.0059879">
        </testcase>
        <testcase classname="tests/features/channel-monitor/lib/ai-suggestions.test.ts" name="ThresholdSuggestionSchema &gt; rejects successRateBelow above 100" time="0.0011412">
        </testcase>
        <testcase classname="tests/features/channel-monitor/lib/ai-suggestions.test.ts" name="ThresholdSuggestionSchema &gt; rejects volumeAbove below 0" time="0.0022783">
        </testcase>
        <testcase classname="tests/features/channel-monitor/lib/ai-suggestions.test.ts" name="ThresholdSuggestionSchema &gt; rejects failuresAbove below 0" time="0.0042182">
        </testcase>
        <testcase classname="tests/features/channel-monitor/lib/ai-suggestions.test.ts" name="ThresholdSuggestionSchema &gt; rejects rationale shorter than 4 characters" time="0.007109">
        </testcase>
        <testcase classname="tests/features/channel-monitor/lib/ai-suggestions.test.ts" name="ThresholdSuggestionSchema &gt; rejects rationale longer than 600 characters" time="0.0014512">
        </testcase>
        <testcase classname="tests/features/channel-monitor/lib/ai-suggestions.test.ts" name="ThresholdSuggestionSchema &gt; rejects object missing required fields" time="0.0021605">
        </testcase>
        <testcase classname="tests/features/channel-monitor/lib/ai-suggestions.test.ts" name="buildSuggestionPrompt — empty statuses &gt; returns the no-metrics placeholder when statuses is empty" time="0.0017912">
        </testcase>
        <testcase classname="tests/features/channel-monitor/lib/ai-suggestions.test.ts" name="buildSuggestionPrompt — empty statuses &gt; includes the telecom-analyst system message regardless of input" time="0.0004854">
        </testcase>
        <testcase classname="tests/features/channel-monitor/lib/ai-suggestions.test.ts" name="buildSuggestionPrompt — empty statuses &gt; still includes the global threshold instruction in the prompt" time="0.0005905">
        </testcase>
        <testcase classname="tests/features/channel-monitor/lib/ai-suggestions.test.ts" name="buildSuggestionPrompt — with channel statuses &gt; includes the displayName in the prompt" time="0.0011898">
        </testcase>
        <testcase classname="tests/features/channel-monitor/lib/ai-suggestions.test.ts" name="buildSuggestionPrompt — with channel statuses &gt; formats successRate with one decimal place" time="0.0008218">
        </testcase>
        <testcase classname="tests/features/channel-monitor/lib/ai-suggestions.test.ts" name="buildSuggestionPrompt — with channel statuses &gt; converts txnPerMin to hourly volume (×60) and rounds it" time="0.0007357">
        </testcase>
        <testcase classname="tests/features/channel-monitor/lib/ai-suggestions.test.ts" name="buildSuggestionPrompt — with channel statuses &gt; includes the failureCount per hour" time="0.0004595">
        </testcase>
        <testcase classname="tests/features/channel-monitor/lib/ai-suggestions.test.ts" name="buildSuggestionPrompt — with channel statuses &gt; handles multiple channels, each on its own line" time="0.0111072">
        </testcase>
        <testcase classname="tests/features/channel-monitor/lib/ai-suggestions.test.ts" name="buildSuggestionPrompt — with channel statuses &gt; slices to a maximum of 12 channels even when more are supplied" time="0.0009982">
        </testcase>
        <testcase classname="tests/features/channel-monitor/lib/ai-suggestions.test.ts" name="buildSuggestionPrompt — with channel statuses &gt; does not use the no-metrics placeholder when statuses are provided" time="0.0011158">
        </testcase>
        <testcase classname="tests/features/channel-monitor/lib/ai-suggestions.test.ts" name="buildSuggestionPrompt — with channel statuses &gt; includes the ONLY-JSON instruction in the system message" time="0.0003681">
        </testcase>
        <testcase classname="tests/features/channel-monitor/lib/ai-suggestions.test.ts" name="buildSuggestionPrompt — with channel statuses &gt; handles txnPerMin values that produce a fractional hourly volume by rounding" time="0.0003338">
        </testcase>
        <testcase classname="tests/features/channel-monitor/lib/ai-suggestions.test.ts" name="buildSuggestionPrompt — with channel statuses &gt; handles exactly 12 channels without truncation" time="0.0006345">
        </testcase>
    </testsuite>
    <testsuite name="tests/features/channel-monitor/lib/anomaly.test.ts" timestamp="2026-06-25T18:28:25.424Z" hostname="Desktop" tests="7" failures="0" errors="0" skipped="0" time="0.0241703">
        <testcase classname="tests/features/channel-monitor/lib/anomaly.test.ts" name="detectChannelAnomalies — guards &gt; returns an empty array for a series shorter than 4 without calling kernels" time="0.0063798">
        </testcase>
        <testcase classname="tests/features/channel-monitor/lib/anomaly.test.ts" name="detectChannelAnomalies — GESD path &gt; maps GESD hits and joins the EWMA baseline at each anomalous index" time="0.0020711">
        </testcase>
        <testcase classname="tests/features/channel-monitor/lib/anomaly.test.ts" name="detectChannelAnomalies — GESD path &gt; passes alpha 0.05 to GESD and 0.3 smoothing to EWMA" time="0.003178">
        </testcase>
        <testcase classname="tests/features/channel-monitor/lib/anomaly.test.ts" name="detectChannelAnomalies — MAD fallback &gt; falls back to MAD when GESD finds nothing, tagging the method" time="0.0027144">
        </testcase>
        <testcase classname="tests/features/channel-monitor/lib/anomaly.test.ts" name="detectChannelAnomalies — MAD fallback &gt; returns an empty array when both GESD and MAD find nothing" time="0.0010378">
        </testcase>
        <testcase classname="tests/features/channel-monitor/lib/anomaly.test.ts" name="detectChannelAnomalies — defensive joins &gt; falls back to the series value when the baseline index is missing" time="0.00081">
        </testcase>
        <testcase classname="tests/features/channel-monitor/lib/anomaly.test.ts" name="detectChannelAnomalies — defensive joins &gt; defaults a missing score to 0" time="0.0006703">
        </testcase>
    </testsuite>
    <testsuite name="tests/features/channel-monitor/lib/audio.test.ts" timestamp="2026-06-25T18:28:25.425Z" hostname="Desktop" tests="34" failures="0" errors="0" skipped="0" time="0.1467661">
        <testcase classname="tests/features/channel-monitor/lib/audio.test.ts" name="isAudioUnlocked — initial state &gt; returns false before unlockAudio() is called" time="0.0459365">
        </testcase>
        <testcase classname="tests/features/channel-monitor/lib/audio.test.ts" name="unlockAudio — no AudioContext available &gt; returns without throwing when AudioContext is absent" time="0.0033423">
        </testcase>
        <testcase classname="tests/features/channel-monitor/lib/audio.test.ts" name="unlockAudio — no AudioContext available &gt; returns without throwing when window is effectively missing AudioContext" time="0.0013649">
        </testcase>
        <testcase classname="tests/features/channel-monitor/lib/audio.test.ts" name="unlockAudio — creates context and resumes from suspended &gt; creates the AudioContext on first call" time="0.0023766">
        </testcase>
        <testcase classname="tests/features/channel-monitor/lib/audio.test.ts" name="unlockAudio — creates context and resumes from suspended &gt; does NOT create a second AudioContext on repeated calls (singleton)" time="0.0012866">
        </testcase>
        <testcase classname="tests/features/channel-monitor/lib/audio.test.ts" name="unlockAudio — creates context and resumes from suspended &gt; calls ctx.resume() when ctx.state === &apos;suspended&apos;" time="0.0013057">
        </testcase>
        <testcase classname="tests/features/channel-monitor/lib/audio.test.ts" name="unlockAudio — constructor throws &gt; swallows the exception and leaves ctx null" time="0.0045088">
            <system-err>
[vitest] The vi.fn() mock did not use &apos;function&apos; or &apos;class&apos; in its implementation, see https://vitest.dev/api/vi#vi-spyon for examples.

            </system-err>
        </testcase>
        <testcase classname="tests/features/channel-monitor/lib/audio.test.ts" name="unlockAudio — webkitAudioContext fallback &gt; falls back to webkitAudioContext when AudioContext is undefined" time="0.0034128">
        </testcase>
        <testcase classname="tests/features/channel-monitor/lib/audio.test.ts" name="isAudioUnlocked &gt; returns false when ctx is null (no unlockAudio call)" time="0.0017873">
        </testcase>
        <testcase classname="tests/features/channel-monitor/lib/audio.test.ts" name="isAudioUnlocked &gt; returns false when ctx exists but state is suspended" time="0.0014543">
        </testcase>
        <testcase classname="tests/features/channel-monitor/lib/audio.test.ts" name="isAudioUnlocked &gt; returns true when ctx exists and state is running" time="0.0014848">
        </testcase>
        <testcase classname="tests/features/channel-monitor/lib/audio.test.ts" name="playSoundAlert — no-op when audio not running &gt; returns without beeping when ctx is null" time="0.0018072">
        </testcase>
        <testcase classname="tests/features/channel-monitor/lib/audio.test.ts" name="playSoundAlert — no-op when audio not running &gt; returns without beeping when ctx exists but is suspended" time="0.001505">
        </testcase>
        <testcase classname="tests/features/channel-monitor/lib/audio.test.ts" name="playSoundAlert — info severity &gt; calls createOscillator and createGain once for info severity" time="0.0085126">
        </testcase>
        <testcase classname="tests/features/channel-monitor/lib/audio.test.ts" name="playSoundAlert — info severity &gt; does not throw for info severity with volume 0" time="0.0036735">
        </testcase>
        <testcase classname="tests/features/channel-monitor/lib/audio.test.ts" name="playSoundAlert — info severity &gt; does not throw for info severity with fractional volume" time="0.0020249">
        </testcase>
        <testcase classname="tests/features/channel-monitor/lib/audio.test.ts" name="playSoundAlert — warning severity &gt; schedules a second beep via setTimeout for warning severity" time="0.0079825">
        </testcase>
        <testcase classname="tests/features/channel-monitor/lib/audio.test.ts" name="playSoundAlert — warning severity &gt; does not throw for warning severity" time="0.0019601">
        </testcase>
        <testcase classname="tests/features/channel-monitor/lib/audio.test.ts" name="playSoundAlert — critical severity &gt; schedules 4 beeps via setTimeout for critical severity" time="0.0024931">
        </testcase>
        <testcase classname="tests/features/channel-monitor/lib/audio.test.ts" name="playSoundAlert — critical severity &gt; does not throw for critical severity with full volume" time="0.0016902">
        </testcase>
        <testcase classname="tests/features/channel-monitor/lib/audio.test.ts" name="playSoundAlert — critical severity &gt; executes the scheduled beep callbacks without throwing" time="0.0071682">
        </testcase>
        <testcase classname="tests/features/channel-monitor/lib/audio.test.ts" name="playSoundAlert — late unlock attempt &gt; no-ops when AudioContext is unavailable even after late unlock attempt" time="0.0014132">
        </testcase>
        <testcase classname="tests/features/channel-monitor/lib/audio.test.ts" name="playSoundAlert — late unlock attempt &gt; no-ops when context is suspended after late unlock attempt" time="0.00161">
        </testcase>
        <testcase classname="tests/features/channel-monitor/lib/audio.test.ts" name="playSoundAlert — late unlock attempt &gt; plays when late unlock creates a running context" time="0.0017502">
        </testcase>
        <testcase classname="tests/features/channel-monitor/lib/audio.test.ts" name="playSoundAlert — beep swallows Web Audio errors &gt; swallows exceptions thrown by createOscillator" time="0.0018567">
        </testcase>
        <testcase classname="tests/features/channel-monitor/lib/audio.test.ts" name="playSoundAlert — beep swallows Web Audio errors &gt; swallows exceptions thrown by createGain" time="0.0020541">
        </testcase>
        <testcase classname="tests/features/channel-monitor/lib/audio.test.ts" name="beep internals — oscillator and gain wiring &gt; sets oscillator frequency correctly for info (880 Hz)" time="0.0019767">
        </testcase>
        <testcase classname="tests/features/channel-monitor/lib/audio.test.ts" name="beep internals — oscillator and gain wiring &gt; sets oscillator frequency correctly for warning (660 Hz)" time="0.0017839">
        </testcase>
        <testcase classname="tests/features/channel-monitor/lib/audio.test.ts" name="beep internals — oscillator and gain wiring &gt; sets oscillator frequency correctly for critical (440 Hz)" time="0.0027762">
        </testcase>
        <testcase classname="tests/features/channel-monitor/lib/audio.test.ts" name="beep internals — oscillator and gain wiring &gt; calls gain.gain.setValueAtTime with Math.max(0.0001, volume * 0.5) for info" time="0.003316">
        </testcase>
        <testcase classname="tests/features/channel-monitor/lib/audio.test.ts" name="beep internals — oscillator and gain wiring &gt; clamps gain to 0.0001 when volume * factor is below threshold" time="0.0030394">
        </testcase>
        <testcase classname="tests/features/channel-monitor/lib/audio.test.ts" name="beep internals — oscillator and gain wiring &gt; connects oscillator to gain and gain to destination" time="0.0033032">
        </testcase>
        <testcase classname="tests/features/channel-monitor/lib/audio.test.ts" name="beep internals — oscillator and gain wiring &gt; calls osc.start and osc.stop at correct offsets" time="0.0021715">
        </testcase>
        <testcase classname="tests/features/channel-monitor/lib/audio.test.ts" name="playSoundAlert — warning second beep fires correctly &gt; fires the second 660-Hz beep when setTimeout callback runs" time="0.0035204">
        </testcase>
    </testsuite>
    <testsuite name="tests/features/channel-monitor/lib/channels.test.ts" timestamp="2026-06-25T18:28:25.429Z" hostname="Desktop" tests="5" failures="0" errors="0" skipped="0" time="0.0127694">
        <testcase classname="tests/features/channel-monitor/lib/channels.test.ts" name="CHANNELS catalog &gt; exposes a non-empty catalog with unique keys" time="0.0037834">
        </testcase>
        <testcase classname="tests/features/channel-monitor/lib/channels.test.ts" name="CHANNELS catalog &gt; gives every channel both a key and a non-empty label" time="0.0014488">
        </testcase>
        <testcase classname="tests/features/channel-monitor/lib/channels.test.ts" name="channelLabel &gt; resolves a known key to its friendly label" time="0.0006426">
        </testcase>
        <testcase classname="tests/features/channel-monitor/lib/channels.test.ts" name="channelLabel &gt; falls back to the raw key for an unknown channel" time="0.0003283">
        </testcase>
        <testcase classname="tests/features/channel-monitor/lib/channels.test.ts" name="channelLabel &gt; returns the empty string unchanged when given an empty key" time="0.000275">
        </testcase>
    </testsuite>
    <testsuite name="tests/features/channel-monitor/lib/engine-core.test.ts" timestamp="2026-06-25T18:28:25.430Z" hostname="Desktop" tests="20" failures="0" errors="0" skipped="0" time="0.0270315">
        <testcase classname="tests/features/channel-monitor/lib/engine-core.test.ts" name="evaluateRules — basic firing &gt; fires when success_rate falls below the threshold" time="0.0066454">
        </testcase>
        <testcase classname="tests/features/channel-monitor/lib/engine-core.test.ts" name="evaluateRules — basic firing &gt; does not fire when the metric is at or above the falls_below threshold" time="0.0019892">
        </testcase>
        <testcase classname="tests/features/channel-monitor/lib/engine-core.test.ts" name="evaluateRules — basic firing &gt; returns an empty array when there are no rules" time="0.0006739">
        </testcase>
        <testcase classname="tests/features/channel-monitor/lib/engine-core.test.ts" name="evaluateRules — basic firing &gt; returns an empty array when there are no statuses" time="0.0004829">
        </testcase>
        <testcase classname="tests/features/channel-monitor/lib/engine-core.test.ts" name="evaluateRules — condition operators &gt; exceeds fires strictly above the threshold but not at it" time="0.0008297">
        </testcase>
        <testcase classname="tests/features/channel-monitor/lib/engine-core.test.ts" name="evaluateRules — condition operators &gt; equals fires within a 0.5 tolerance window and not outside it" time="0.0007999">
        </testcase>
        <testcase classname="tests/features/channel-monitor/lib/engine-core.test.ts" name="evaluateRules — condition operators &gt; ignores an unknown condition (defaults to not met)" time="0.0004739">
        </testcase>
        <testcase classname="tests/features/channel-monitor/lib/engine-core.test.ts" name="evaluateRules — metric derivation &gt; derives volume as txnPerMin * 60 (per-hour)" time="0.0008465">
        </testcase>
        <testcase classname="tests/features/channel-monitor/lib/engine-core.test.ts" name="evaluateRules — metric derivation &gt; derives avg_amount as amountToday / max(1, txnPerMin*60)" time="0.0008006">
        </testcase>
        <testcase classname="tests/features/channel-monitor/lib/engine-core.test.ts" name="evaluateRules — metric derivation &gt; guards avg_amount against a divide-by-zero when there is no volume" time="0.0004886">
        </testcase>
        <testcase classname="tests/features/channel-monitor/lib/engine-core.test.ts" name="evaluateRules — metric derivation &gt; treats an unknown metric as 0" time="0.0006353">
        </testcase>
        <testcase classname="tests/features/channel-monitor/lib/engine-core.test.ts" name="evaluateRules — enabled gate and channel scoping &gt; skips disabled rules entirely" time="0.0004773">
        </testcase>
        <testcase classname="tests/features/channel-monitor/lib/engine-core.test.ts" name="evaluateRules — enabled gate and channel scoping &gt; applies to all channels when the rule channel list is empty" time="0.0007213">
        </testcase>
        <testcase classname="tests/features/channel-monitor/lib/engine-core.test.ts" name="evaluateRules — enabled gate and channel scoping &gt; only fires for channels listed in a scoped rule" time="0.0005836">
        </testcase>
        <testcase classname="tests/features/channel-monitor/lib/engine-core.test.ts" name="evaluateRules — cooldown debounce &gt; does not re-fire the same rule+channel within the cooldown window" time="0.000549">
        </testcase>
        <testcase classname="tests/features/channel-monitor/lib/engine-core.test.ts" name="evaluateRules — cooldown debounce &gt; re-fires once the cooldown window has fully elapsed" time="0.0005613">
        </testcase>
        <testcase classname="tests/features/channel-monitor/lib/engine-core.test.ts" name="evaluateRules — cooldown debounce &gt; records the fire time into the lastFired map (mutation contract)" time="0.0003674">
        </testcase>
        <testcase classname="tests/features/channel-monitor/lib/engine-core.test.ts" name="evaluateRules — cooldown debounce &gt; debounces a second pass with the same map at the same instant" time="0.0005483">
        </testcase>
        <testcase classname="tests/features/channel-monitor/lib/engine-core.test.ts" name="evaluateRules — emitted event/notification shape &gt; builds a deterministic event id, ISO timestamp and channel-labelled notification" time="0.0008914">
        </testcase>
        <testcase classname="tests/features/channel-monitor/lib/engine-core.test.ts" name="evaluateRules — emitted event/notification shape &gt; falls back to the raw channel key in the notification when unlabelled" time="0.0004484">
        </testcase>
    </testsuite>
    <testsuite name="tests/features/channel-monitor/lib/export-report.test.ts" timestamp="2026-06-25T18:28:25.433Z" hostname="Desktop" tests="25" failures="0" errors="0" skipped="0" time="0.0563059">
        <testcase classname="tests/features/channel-monitor/lib/export-report.test.ts" name="exportAlertHistory — no export proxy available &gt; returns null when getExportProxy() returns null" time="0.0053282">
        </testcase>
        <testcase classname="tests/features/channel-monitor/lib/export-report.test.ts" name="exportAlertHistory — no export proxy available &gt; does not call saveBytes when export proxy is null" time="0.0014322">
        </testcase>
        <testcase classname="tests/features/channel-monitor/lib/export-report.test.ts" name="exportAlertHistory — xlsx export without scatterOption &gt; calls exp.xlsx (not exp.pdf) and saveBytes with xlsx kind" time="0.0098621">
        </testcase>
        <testcase classname="tests/features/channel-monitor/lib/export-report.test.ts" name="exportAlertHistory — xlsx export without scatterOption &gt; passes a ReportDocument without charts when scatterOption is absent" time="0.0015766">
        </testcase>
        <testcase classname="tests/features/channel-monitor/lib/export-report.test.ts" name="exportAlertHistory — xlsx export without scatterOption &gt; includes correct subtitle with event count" time="0.0012655">
        </testcase>
        <testcase classname="tests/features/channel-monitor/lib/export-report.test.ts" name="exportAlertHistory — xlsx export without scatterOption &gt; includes sections with the alert events table" time="0.003849">
        </testcase>
        <testcase classname="tests/features/channel-monitor/lib/export-report.test.ts" name="exportAlertHistory — pdf export without scatterOption &gt; calls exp.pdf (not exp.xlsx) and saveBytes with pdf kind" time="0.0027725">
        </testcase>
        <testcase classname="tests/features/channel-monitor/lib/export-report.test.ts" name="exportAlertHistory — pdf export without scatterOption &gt; sets paperSize to a4 on the ReportDocument" time="0.0008288">
        </testcase>
        <testcase classname="tests/features/channel-monitor/lib/export-report.test.ts" name="exportAlertHistory — with scatterOption and chart proxy available &gt; embeds a ChartImage in the document when the chart proxy succeeds" time="0.0017538">
        </testcase>
        <testcase classname="tests/features/channel-monitor/lib/export-report.test.ts" name="exportAlertHistory — with scatterOption and chart proxy available &gt; calls renderToSVGString with 800×320" time="0.0028974">
        </testcase>
        <testcase classname="tests/features/channel-monitor/lib/export-report.test.ts" name="exportAlertHistory — scatterOption provided but chart proxy is null &gt; leaves charts undefined when chart proxy is not available" time="0.0010798">
        </testcase>
        <testcase classname="tests/features/channel-monitor/lib/export-report.test.ts" name="exportAlertHistory — chart proxy renderToSVGString throws &gt; returns undefined for the chart and continues when renderToSVGString throws" time="0.0034944">
        </testcase>
        <testcase classname="tests/features/channel-monitor/lib/export-report.test.ts" name="buildEventTable — row content via ReportDocument sections &gt; maps acknowledged=true to &apos;yes&apos; in the row" time="0.0011036">
        </testcase>
        <testcase classname="tests/features/channel-monitor/lib/export-report.test.ts" name="buildEventTable — row content via ReportDocument sections &gt; maps acknowledged=false to &apos;no&apos; in the row" time="0.0008989">
        </testcase>
        <testcase classname="tests/features/channel-monitor/lib/export-report.test.ts" name="buildEventTable — row content via ReportDocument sections &gt; rounds actualValue to 2 decimal places in the row" time="0.0009314">
        </testcase>
        <testcase classname="tests/features/channel-monitor/lib/export-report.test.ts" name="buildEventTable — row content via ReportDocument sections &gt; uses the channelLabel to resolve a known channel key" time="0.000861">
        </testcase>
        <testcase classname="tests/features/channel-monitor/lib/export-report.test.ts" name="buildEventTable — row content via ReportDocument sections &gt; falls back to the raw channel key when it is unknown" time="0.000783">
        </testcase>
        <testcase classname="tests/features/channel-monitor/lib/export-report.test.ts" name="buildEventTable — row content via ReportDocument sections &gt; uses metricLabel for the metric column" time="0.0009632">
        </testcase>
        <testcase classname="tests/features/channel-monitor/lib/export-report.test.ts" name="buildEventTable — row content via ReportDocument sections &gt; builds rows for every event in the array" time="0.0008899">
        </testcase>
        <testcase classname="tests/features/channel-monitor/lib/export-report.test.ts" name="buildEventTable — row content via ReportDocument sections &gt; handles an empty events array gracefully" time="0.0008887">
        </testcase>
        <testcase classname="tests/features/channel-monitor/lib/export-report.test.ts" name="exportAlertHistory — file name format &gt; generates a file name in the format alert-history-YYYY-MM-DD.xlsx" time="0.0009028">
        </testcase>
        <testcase classname="tests/features/channel-monitor/lib/export-report.test.ts" name="exportAlertHistory — file name format &gt; generates a file name in the format alert-history-YYYY-MM-DD.pdf" time="0.0007899">
        </testcase>
        <testcase classname="tests/features/channel-monitor/lib/export-report.test.ts" name="exportAlertHistory — passes saveBytes result through &gt; returns the exact SaveResult from saveBytes" time="0.0007843">
        </testcase>
        <testcase classname="tests/features/channel-monitor/lib/export-report.test.ts" name="exportAlertHistory — passes saveBytes result through &gt; returns saved=false when saveBytes reports the dialog was cancelled" time="0.0007329">
        </testcase>
        <testcase classname="tests/features/channel-monitor/lib/export-report.test.ts" name="exportAlertHistory — pdf with chart proxy and scatter option &gt; embeds chart in pdf ReportDocument when chart proxy succeeds" time="0.0010758">
        </testcase>
    </testsuite>
    <testsuite name="tests/features/channel-monitor/lib/format-helpers.test.ts" timestamp="2026-06-25T18:28:25.436Z" hostname="Desktop" tests="13" failures="0" errors="0" skipped="0" time="0.0091359">
        <testcase classname="tests/features/channel-monitor/lib/format-helpers.test.ts" name="formatDateTime &gt; accepts a Date object and returns a non-empty fr-FR formatted string" time="0.0020326">
        </testcase>
        <testcase classname="tests/features/channel-monitor/lib/format-helpers.test.ts" name="formatDateTime &gt; accepts an ISO string and produces the same result as passing the Date" time="0.0003667">
        </testcase>
        <testcase classname="tests/features/channel-monitor/lib/format-helpers.test.ts" name="formatDateTime &gt; accepts a numeric timestamp and produces the same result as passing the Date" time="0.0002111">
        </testcase>
        <testcase classname="tests/features/channel-monitor/lib/format-helpers.test.ts" name="formatDate &gt; accepts a Date object and returns a non-empty string" time="0.0002645">
        </testcase>
        <testcase classname="tests/features/channel-monitor/lib/format-helpers.test.ts" name="formatDate &gt; accepts an ISO string and produces the same result as passing the Date" time="0.0001472">
        </testcase>
        <testcase classname="tests/features/channel-monitor/lib/format-helpers.test.ts" name="formatDate &gt; accepts a numeric timestamp and produces the same result as passing the Date" time="0.0001325">
        </testcase>
        <testcase classname="tests/features/channel-monitor/lib/format-helpers.test.ts" name="formatTime &gt; accepts a Date object and returns a non-empty string" time="0.0002017">
        </testcase>
        <testcase classname="tests/features/channel-monitor/lib/format-helpers.test.ts" name="formatTime &gt; accepts an ISO string and produces the same result as passing the Date" time="0.000157">
        </testcase>
        <testcase classname="tests/features/channel-monitor/lib/format-helpers.test.ts" name="formatTime &gt; accepts a numeric timestamp and produces the same result as passing the Date" time="0.00016">
        </testcase>
        <testcase classname="tests/features/channel-monitor/lib/format-helpers.test.ts" name="formatRelative — happy path &gt; returns a string ending in &apos;ago&apos; for a recent Date" time="0.0008536">
        </testcase>
        <testcase classname="tests/features/channel-monitor/lib/format-helpers.test.ts" name="formatRelative — happy path &gt; works with an ISO string input" time="0.0004454">
        </testcase>
        <testcase classname="tests/features/channel-monitor/lib/format-helpers.test.ts" name="formatRelative — happy path &gt; works with a numeric timestamp input" time="0.0001896">
        </testcase>
        <testcase classname="tests/features/channel-monitor/lib/format-helpers.test.ts" name="formatRelative — error / catch branch &gt; returns &apos;—&apos; when date-fns throws (e.g. an invalid Date)" time="0.0001849">
        </testcase>
    </testsuite>
    <testsuite name="tests/features/channel-monitor/lib/notify.test.ts" timestamp="2026-06-25T18:28:25.438Z" hostname="Desktop" tests="25" failures="0" errors="0" skipped="0" time="0.2291777">
        <testcase classname="tests/features/channel-monitor/lib/notify.test.ts" name="notificationsSupported &gt; returns true when Notification is present on window" time="0.0863582">
        </testcase>
        <testcase classname="tests/features/channel-monitor/lib/notify.test.ts" name="notificationsSupported &gt; returns false when Notification is absent from window" time="0.0090311">
        </testcase>
        <testcase classname="tests/features/channel-monitor/lib/notify.test.ts" name="notificationPermission &gt; returns &apos;unsupported&apos; when Notification is absent" time="0.0037365">
        </testcase>
        <testcase classname="tests/features/channel-monitor/lib/notify.test.ts" name="notificationPermission &gt; returns &apos;default&apos; when permission is default" time="0.0021849">
        </testcase>
        <testcase classname="tests/features/channel-monitor/lib/notify.test.ts" name="notificationPermission &gt; returns &apos;granted&apos; when permission is granted" time="0.0015194">
        </testcase>
        <testcase classname="tests/features/channel-monitor/lib/notify.test.ts" name="notificationPermission &gt; returns &apos;denied&apos; when permission is denied" time="0.0026759">
        </testcase>
        <testcase classname="tests/features/channel-monitor/lib/notify.test.ts" name="requestNotificationPermission &gt; returns &apos;unsupported&apos; when Notification is absent" time="0.0014537">
        </testcase>
        <testcase classname="tests/features/channel-monitor/lib/notify.test.ts" name="requestNotificationPermission &gt; returns &apos;granted&apos; immediately without calling requestPermission when already granted" time="0.0045172">
        </testcase>
        <testcase classname="tests/features/channel-monitor/lib/notify.test.ts" name="requestNotificationPermission &gt; returns &apos;denied&apos; immediately without calling requestPermission when already denied" time="0.0026831">
        </testcase>
        <testcase classname="tests/features/channel-monitor/lib/notify.test.ts" name="requestNotificationPermission &gt; calls requestPermission and returns its result when permission is default" time="0.0045399">
        </testcase>
        <testcase classname="tests/features/channel-monitor/lib/notify.test.ts" name="requestNotificationPermission &gt; calls requestPermission and returns &apos;denied&apos; result" time="0.0076843">
        </testcase>
        <testcase classname="tests/features/channel-monitor/lib/notify.test.ts" name="requestNotificationPermission &gt; returns &apos;denied&apos; when requestPermission rejects (catch branch)" time="0.0026803">
        </testcase>
        <testcase classname="tests/features/channel-monitor/lib/notify.test.ts" name="notify — Electron IPC path &gt; delegates to window.electronNotify.notify when present" time="0.0128492">
        </testcase>
        <testcase classname="tests/features/channel-monitor/lib/notify.test.ts" name="notify — Electron IPC path &gt; uses the warning emoji prefix for severity=warning" time="0.0046356">
        </testcase>
        <testcase classname="tests/features/channel-monitor/lib/notify.test.ts" name="notify — Electron IPC path &gt; uses the critical emoji prefix for severity=critical" time="0.0032696">
        </testcase>
        <testcase classname="tests/features/channel-monitor/lib/notify.test.ts" name="notify — Electron IPC path &gt; does NOT invoke the Web Notification constructor when Electron path is taken" time="0.0045271">
        </testcase>
        <testcase classname="tests/features/channel-monitor/lib/notify.test.ts" name="notify — Web Notification path (no Electron) &gt; creates a Web Notification with correct options when permission is granted" time="0.0044639">
        </testcase>
        <testcase classname="tests/features/channel-monitor/lib/notify.test.ts" name="notify — Web Notification path (no Electron) &gt; sets silent=false for critical severity (audible OS notification)" time="0.011681">
        </testcase>
        <testcase classname="tests/features/channel-monitor/lib/notify.test.ts" name="notify — Web Notification path (no Electron) &gt; sets silent=true for warning severity" time="0.0085282">
        </testcase>
        <testcase classname="tests/features/channel-monitor/lib/notify.test.ts" name="notify — Web Notification path (no Electron) &gt; defaults severity to &apos;info&apos; when not provided" time="0.0082856">
        </testcase>
        <testcase classname="tests/features/channel-monitor/lib/notify.test.ts" name="notify — Web Notification path (no Electron) &gt; no-ops when permission is &apos;default&apos; (not yet granted)" time="0.0112617">
        </testcase>
        <testcase classname="tests/features/channel-monitor/lib/notify.test.ts" name="notify — Web Notification path (no Electron) &gt; no-ops when permission is &apos;denied&apos;" time="0.0097673">
        </testcase>
        <testcase classname="tests/features/channel-monitor/lib/notify.test.ts" name="notify — Web Notification path (no Electron) &gt; no-ops when Notification API is absent (unsupported browser)" time="0.003649">
        </testcase>
        <testcase classname="tests/features/channel-monitor/lib/notify.test.ts" name="notify — Web Notification path (no Electron) &gt; swallows exceptions thrown by the Notification constructor" time="0.0024715">
        </testcase>
        <testcase classname="tests/features/channel-monitor/lib/notify.test.ts" name="notify — tag field is always channel-monitor &gt; always uses tag=&apos;channel-monitor&apos; in the Notification options" time="0.0022707">
        </testcase>
    </testsuite>
    <testsuite name="tests/features/channel-monitor/lib/simulate.test.ts" timestamp="2026-06-25T18:28:25.441Z" hostname="Desktop" tests="34" failures="0" errors="0" skipped="0" time="0.1278455">
        <testcase classname="tests/features/channel-monitor/lib/simulate.test.ts" name="simulateStatuses — output shape &gt; returns one entry per channel in the catalog" time="0.0067817">
        </testcase>
        <testcase classname="tests/features/channel-monitor/lib/simulate.test.ts" name="simulateStatuses — output shape &gt; populates all required ChannelStatus fields on every entry" time="0.0066103">
        </testcase>
        <testcase classname="tests/features/channel-monitor/lib/simulate.test.ts" name="simulateStatuses — output shape &gt; maps channel key and displayName from the CHANNELS catalog" time="0.0014183">
        </testcase>
        <testcase classname="tests/features/channel-monitor/lib/simulate.test.ts" name="simulateStatuses — determinism &gt; returns identical results for the same tick and seed (modulo wall-clock timestamps)" time="0.003305">
        </testcase>
        <testcase classname="tests/features/channel-monitor/lib/simulate.test.ts" name="simulateStatuses — determinism &gt; produces different results for different ticks" time="0.000911">
        </testcase>
        <testcase classname="tests/features/channel-monitor/lib/simulate.test.ts" name="simulateStatuses — determinism &gt; produces different results for different seeds" time="0.000682">
        </testcase>
        <testcase classname="tests/features/channel-monitor/lib/simulate.test.ts" name="simulateStatuses — determinism &gt; uses DEFAULT_SEED when no seed argument is supplied" time="0.0010374">
        </testcase>
        <testcase classname="tests/features/channel-monitor/lib/simulate.test.ts" name="simulateStatuses — value constraints &gt; clamps successRate to [50, 99.9] for all channels" time="0.0145679">
        </testcase>
        <testcase classname="tests/features/channel-monitor/lib/simulate.test.ts" name="simulateStatuses — value constraints &gt; clamps txnPerMin to at least 10" time="0.0072185">
        </testcase>
        <testcase classname="tests/features/channel-monitor/lib/simulate.test.ts" name="simulateStatuses — value constraints &gt; keeps failureCount non-negative" time="0.0135236">
        </testcase>
        <testcase classname="tests/features/channel-monitor/lib/simulate.test.ts" name="simulateStatuses — value constraints &gt; produces positive amountToday values" time="0.0009244">
        </testcase>
        <testcase classname="tests/features/channel-monitor/lib/simulate.test.ts" name="simulateStatuses — health classification &gt; classifies successRate &gt; 95 as healthy" time="0.0006659">
        </testcase>
        <testcase classname="tests/features/channel-monitor/lib/simulate.test.ts" name="simulateStatuses — health classification &gt; classifies successRate &lt;= 85 as critical" time="0.001009">
        </testcase>
        <testcase classname="tests/features/channel-monitor/lib/simulate.test.ts" name="simulateStatuses — health classification &gt; marks lastIncident as null for healthy channels" time="0.0010799">
        </testcase>
        <testcase classname="tests/features/channel-monitor/lib/simulate.test.ts" name="simulateStatuses — health classification &gt; sets lastIncident to a non-null string for degraded/critical channels" time="0.0013161">
        </testcase>
        <testcase classname="tests/features/channel-monitor/lib/simulate.test.ts" name="simulateStatuses — health classification &gt; lastIncident string contains the incident type phrase" time="0.000742">
        </testcase>
        <testcase classname="tests/features/channel-monitor/lib/simulate.test.ts" name="simulateStatuses — health classification &gt; lastIncident string matches the &apos;&lt;N&gt;h ago: &lt;type&gt;&apos; pattern" time="0.000843">
        </testcase>
        <testcase classname="tests/features/channel-monitor/lib/simulate.test.ts" name="simulateStatuses — timestamps &gt; sets updatedAt to a valid ISO string" time="0.0127843">
        </testcase>
        <testcase classname="tests/features/channel-monitor/lib/simulate.test.ts" name="simulateStatuses — timestamps &gt; sets lastIncidentAt to a valid ISO string for non-healthy channels" time="0.0021213">
        </testcase>
        <testcase classname="tests/features/channel-monitor/lib/simulate.test.ts" name="simulateStatuses — trend &gt; trend values are limited to &apos;up&apos;, &apos;down&apos;, or &apos;stable&apos;" time="0.0115785">
        </testcase>
        <testcase classname="tests/features/channel-monitor/lib/simulate.test.ts" name="simulateStatuses — trend &gt; varies trend across ticks for the same channel" time="0.0093946">
        </testcase>
        <testcase classname="tests/features/channel-monitor/lib/simulate.test.ts" name="simulateStatuses — fallback baseline for unknown channels &gt; uses the fallback baseline when CHANNELS contains an unknown key" time="0.0020407">
        </testcase>
        <testcase classname="tests/features/channel-monitor/lib/simulate.test.ts" name="simulateDailyCompliance — output shape &gt; returns exactly `days` values (default 30)" time="0.0087777">
        </testcase>
        <testcase classname="tests/features/channel-monitor/lib/simulate.test.ts" name="simulateDailyCompliance — output shape &gt; returns exactly `days` values when `days` is specified" time="0.0006205">
        </testcase>
        <testcase classname="tests/features/channel-monitor/lib/simulate.test.ts" name="simulateDailyCompliance — output shape &gt; returns an empty array when days is 0" time="0.0004429">
        </testcase>
        <testcase classname="tests/features/channel-monitor/lib/simulate.test.ts" name="simulateDailyCompliance — value constraints &gt; clamps all values to [70, 100]" time="0.0032915">
        </testcase>
        <testcase classname="tests/features/channel-monitor/lib/simulate.test.ts" name="simulateDailyCompliance — value constraints &gt; keeps values in [70, 100] for a low target that would push below 70" time="0.0013632">
        </testcase>
        <testcase classname="tests/features/channel-monitor/lib/simulate.test.ts" name="simulateDailyCompliance — value constraints &gt; keeps values at or below 100 for a high target" time="0.0011426">
        </testcase>
        <testcase classname="tests/features/channel-monitor/lib/simulate.test.ts" name="simulateDailyCompliance — value constraints &gt; returns numeric values (not NaN)" time="0.0012081">
        </testcase>
        <testcase classname="tests/features/channel-monitor/lib/simulate.test.ts" name="simulateDailyCompliance — determinism &gt; returns identical arrays for the same channel, target, days, and seed" time="0.0005797">
        </testcase>
        <testcase classname="tests/features/channel-monitor/lib/simulate.test.ts" name="simulateDailyCompliance — determinism &gt; produces different series for different channel keys" time="0.000393">
        </testcase>
        <testcase classname="tests/features/channel-monitor/lib/simulate.test.ts" name="simulateDailyCompliance — determinism &gt; produces different series for different seeds" time="0.0003731">
        </testcase>
        <testcase classname="tests/features/channel-monitor/lib/simulate.test.ts" name="simulateDailyCompliance — determinism &gt; uses DEFAULT_SEED when no seed argument is supplied" time="0.0003958">
        </testcase>
        <testcase classname="tests/features/channel-monitor/lib/simulate.test.ts" name="simulateDailyCompliance — specific numeric reference &gt; matches a hand-computed first value for a known seed/channel/target" time="0.0004033">
        </testcase>
    </testsuite>
    <testsuite name="tests/features/channel-monitor/lib/ui-helpers.test.ts" timestamp="2026-06-25T18:28:25.445Z" hostname="Desktop" tests="34" failures="0" errors="0" skipped="0" time="0.0200263">
        <testcase classname="tests/features/channel-monitor/lib/ui-helpers.test.ts" name="healthColor &gt; returns bg-emerald-500 for healthy" time="0.0034577">
        </testcase>
        <testcase classname="tests/features/channel-monitor/lib/ui-helpers.test.ts" name="healthColor &gt; returns bg-amber-500 for degraded" time="0.0005145">
        </testcase>
        <testcase classname="tests/features/channel-monitor/lib/ui-helpers.test.ts" name="healthColor &gt; returns bg-red-500 for critical" time="0.0003634">
        </testcase>
        <testcase classname="tests/features/channel-monitor/lib/ui-helpers.test.ts" name="healthColor &gt; returns bg-slate-500 for unknown" time="0.0002873">
        </testcase>
        <testcase classname="tests/features/channel-monitor/lib/ui-helpers.test.ts" name="healthTextColor &gt; returns text-emerald-400 for healthy" time="0.0003767">
        </testcase>
        <testcase classname="tests/features/channel-monitor/lib/ui-helpers.test.ts" name="healthTextColor &gt; returns text-amber-400 for degraded" time="0.0002361">
        </testcase>
        <testcase classname="tests/features/channel-monitor/lib/ui-helpers.test.ts" name="healthTextColor &gt; returns text-red-400 for critical" time="0.0002">
        </testcase>
        <testcase classname="tests/features/channel-monitor/lib/ui-helpers.test.ts" name="healthTextColor &gt; returns text-slate-400 for unknown" time="0.0002731">
        </testcase>
        <testcase classname="tests/features/channel-monitor/lib/ui-helpers.test.ts" name="severityBadgeClass &gt; returns blue badge class for info" time="0.0003706">
        </testcase>
        <testcase classname="tests/features/channel-monitor/lib/ui-helpers.test.ts" name="severityBadgeClass &gt; returns amber badge class for warning" time="0.0002144">
        </testcase>
        <testcase classname="tests/features/channel-monitor/lib/ui-helpers.test.ts" name="severityBadgeClass &gt; returns red badge class for critical" time="0.0002195">
        </testcase>
        <testcase classname="tests/features/channel-monitor/lib/ui-helpers.test.ts" name="severityDot &gt; returns bg-blue-400 for info" time="0.0003347">
        </testcase>
        <testcase classname="tests/features/channel-monitor/lib/ui-helpers.test.ts" name="severityDot &gt; returns bg-amber-400 for warning" time="0.0002149">
        </testcase>
        <testcase classname="tests/features/channel-monitor/lib/ui-helpers.test.ts" name="severityDot &gt; returns bg-red-400 for critical" time="0.0001673">
        </testcase>
        <testcase classname="tests/features/channel-monitor/lib/ui-helpers.test.ts" name="severityWeight &gt; returns 3 for critical" time="0.0002539">
        </testcase>
        <testcase classname="tests/features/channel-monitor/lib/ui-helpers.test.ts" name="severityWeight &gt; returns 2 for warning" time="0.0001681">
        </testcase>
        <testcase classname="tests/features/channel-monitor/lib/ui-helpers.test.ts" name="severityWeight &gt; returns 1 for info" time="0.0001554">
        </testcase>
        <testcase classname="tests/features/channel-monitor/lib/ui-helpers.test.ts" name="metricLabel &gt; returns Success Rate for success_rate" time="0.0002647">
        </testcase>
        <testcase classname="tests/features/channel-monitor/lib/ui-helpers.test.ts" name="metricLabel &gt; returns Volume for volume" time="0.0002227">
        </testcase>
        <testcase classname="tests/features/channel-monitor/lib/ui-helpers.test.ts" name="metricLabel &gt; returns Failure Count for failure_count" time="0.0001674">
        </testcase>
        <testcase classname="tests/features/channel-monitor/lib/ui-helpers.test.ts" name="metricLabel &gt; returns Avg Amount for avg_amount" time="0.0001503">
        </testcase>
        <testcase classname="tests/features/channel-monitor/lib/ui-helpers.test.ts" name="conditionLabel &gt; returns Falls below for falls_below" time="0.0003307">
        </testcase>
        <testcase classname="tests/features/channel-monitor/lib/ui-helpers.test.ts" name="conditionLabel &gt; returns Exceeds for exceeds" time="0.0001941">
        </testcase>
        <testcase classname="tests/features/channel-monitor/lib/ui-helpers.test.ts" name="conditionLabel &gt; returns Equals for equals" time="0.0001503">
        </testcase>
        <testcase classname="tests/features/channel-monitor/lib/ui-helpers.test.ts" name="successRateColor &gt; returns text-emerald-400 when rate is above 95" time="0.000198">
        </testcase>
        <testcase classname="tests/features/channel-monitor/lib/ui-helpers.test.ts" name="successRateColor &gt; returns text-emerald-400 when rate is exactly 95.1" time="0.0001774">
        </testcase>
        <testcase classname="tests/features/channel-monitor/lib/ui-helpers.test.ts" name="successRateColor &gt; returns text-amber-400 when rate is exactly 95" time="0.0001733">
        </testcase>
        <testcase classname="tests/features/channel-monitor/lib/ui-helpers.test.ts" name="successRateColor &gt; returns text-amber-400 when rate is between 85 and 95 inclusive" time="0.0001526">
        </testcase>
        <testcase classname="tests/features/channel-monitor/lib/ui-helpers.test.ts" name="successRateColor &gt; returns text-amber-400 when rate is exactly 85" time="0.0001385">
        </testcase>
        <testcase classname="tests/features/channel-monitor/lib/ui-helpers.test.ts" name="successRateColor &gt; returns text-red-400 when rate is below 85" time="0.0001332">
        </testcase>
        <testcase classname="tests/features/channel-monitor/lib/ui-helpers.test.ts" name="successRateColor &gt; returns text-red-400 when rate is 0" time="0.000132">
        </testcase>
        <testcase classname="tests/features/channel-monitor/lib/ui-helpers.test.ts" name="trendSymbol &gt; returns up arrow with emerald class for trend up" time="0.0016044">
        </testcase>
        <testcase classname="tests/features/channel-monitor/lib/ui-helpers.test.ts" name="trendSymbol &gt; returns down arrow with red class for trend down" time="0.0003498">
        </testcase>
        <testcase classname="tests/features/channel-monitor/lib/ui-helpers.test.ts" name="trendSymbol &gt; returns right arrow with slate class for trend stable" time="0.000278">
        </testcase>
    </testsuite>
    <testsuite name="tests/features/ai-analysis/model/export-report.test.ts" timestamp="2026-06-25T18:28:25.449Z" hostname="Desktop" tests="33" failures="0" errors="0" skipped="0" time="0.0986075">
        <testcase classname="tests/features/ai-analysis/model/export-report.test.ts" name="exportAnalysisReport &gt; returns { saved: false } immediately when no export proxy is available" time="0.0065828">
        </testcase>
        <testcase classname="tests/features/ai-analysis/model/export-report.test.ts" name="exportAnalysisReport &gt; defaults to xlsx and calls exp.xlsx when no kind is provided" time="0.0334102">
        </testcase>
        <testcase classname="tests/features/ai-analysis/model/export-report.test.ts" name="exportAnalysisReport &gt; passes xlsx to saveBytes with the correct filename and kind" time="0.0012661">
        </testcase>
        <testcase classname="tests/features/ai-analysis/model/export-report.test.ts" name="exportAnalysisReport &gt; calls exp.pdf when kind is &apos;pdf&apos;" time="0.0010071">
        </testcase>
        <testcase classname="tests/features/ai-analysis/model/export-report.test.ts" name="exportAnalysisReport &gt; calls exp.docx when kind is &apos;docx&apos;" time="0.0005644">
        </testcase>
        <testcase classname="tests/features/ai-analysis/model/export-report.test.ts" name="exportAnalysisReport &gt; calls exp.pptx when kind is &apos;pptx&apos;" time="0.0005004">
        </testcase>
        <testcase classname="tests/features/ai-analysis/model/export-report.test.ts" name="exportAnalysisReport &gt; returns { saved: false } when saveBytes reports saved=false" time="0.0005314">
        </testcase>
        <testcase classname="tests/features/ai-analysis/model/export-report.test.ts" name="exportAnalysisReport &gt; sets includeCharts=false for xlsx and does not attempt chart SVG rendering" time="0.0007128">
        </testcase>
        <testcase classname="tests/features/ai-analysis/model/export-report.test.ts" name="exportAnalysisReport &gt; sets includeCharts=true for pdf and attempts chart SVG rendering" time="0.0122871">
        </testcase>
        <testcase classname="tests/features/ai-analysis/model/export-report.test.ts" name="exportAnalysisReport &gt; skips chart rendering and produces empty charts array when chart proxy is null" time="0.0007199">
        </testcase>
        <testcase classname="tests/features/ai-analysis/model/export-report.test.ts" name="exportAnalysisReport &gt; skips a chart that throws during SVG rendering without failing the whole report" time="0.0013427">
        </testcase>
        <testcase classname="tests/features/ai-analysis/model/export-report.test.ts" name="exportAnalysisReport &gt; omits a chart whose renderToSVGString resolves to an empty/falsy string" time="0.0006796">
        </testcase>
        <testcase classname="tests/features/ai-analysis/model/export-report.test.ts" name="exportAnalysisReport &gt; constructs the doc title as &apos;AI Analysis — &lt;datasetName&gt;&apos;" time="0.0004618">
        </testcase>
        <testcase classname="tests/features/ai-analysis/model/export-report.test.ts" name="exportAnalysisReport &gt; subtitle includes rowCount, colStats.length, and the &apos;offline&apos; word" time="0.0009856">
        </testcase>
        <testcase classname="tests/features/ai-analysis/model/export-report.test.ts" name="exportAnalysisReport &gt; sets paperSize to &apos;a4&apos;" time="0.0004895">
        </testcase>
        <testcase classname="tests/features/ai-analysis/model/export-report.test.ts" name="exportAnalysisReport &gt; omits the Key Insights section when insights array is empty" time="0.0009275">
        </testcase>
        <testcase classname="tests/features/ai-analysis/model/export-report.test.ts" name="exportAnalysisReport &gt; adds a Key Insights section with correct headers when insights are provided" time="0.0077866">
        </testcase>
        <testcase classname="tests/features/ai-analysis/model/export-report.test.ts" name="exportAnalysisReport &gt; formats insight confidence correctly (e.g. 0.5 → &apos;50%&apos;)" time="0.0061667">
        </testcase>
        <testcase classname="tests/features/ai-analysis/model/export-report.test.ts" name="exportAnalysisReport &gt; omits the Anomalies section when anomalies array is empty" time="0.0008107">
        </testcase>
        <testcase classname="tests/features/ai-analysis/model/export-report.test.ts" name="exportAnalysisReport &gt; adds an Anomalies section with correct headers and row values" time="0.000942">
        </testcase>
        <testcase classname="tests/features/ai-analysis/model/export-report.test.ts" name="exportAnalysisReport &gt; uses &apos;—&apos; for anomaly method when it is undefined" time="0.0006635">
        </testcase>
        <testcase classname="tests/features/ai-analysis/model/export-report.test.ts" name="exportAnalysisReport &gt; omits the Correlations section when correlations array is empty" time="0.0007491">
        </testcase>
        <testcase classname="tests/features/ai-analysis/model/export-report.test.ts" name="exportAnalysisReport &gt; adds a Correlations section with Pearson r formatted to 3 decimal places" time="0.0011163">
        </testcase>
        <testcase classname="tests/features/ai-analysis/model/export-report.test.ts" name="exportAnalysisReport &gt; replaces underscore in correlation strength with a space" time="0.0006148">
        </testcase>
        <testcase classname="tests/features/ai-analysis/model/export-report.test.ts" name="exportAnalysisReport &gt; omits Column Statistics when there are no numeric colStats" time="0.0005036">
        </testcase>
        <testcase classname="tests/features/ai-analysis/model/export-report.test.ts" name="exportAnalysisReport &gt; adds a Column Statistics section for numeric colStats with correct header and fmt values" time="0.0012091">
        </testcase>
        <testcase classname="tests/features/ai-analysis/model/export-report.test.ts" name="exportAnalysisReport &gt; formats undefined numeric stat fields as &apos;—&apos;" time="0.0008713">
        </testcase>
        <testcase classname="tests/features/ai-analysis/model/export-report.test.ts" name="exportAnalysisReport &gt; formats Infinity and NaN stat fields as &apos;—&apos;" time="0.000899">
        </testcase>
        <testcase classname="tests/features/ai-analysis/model/export-report.test.ts" name="exportAnalysisReport &gt; sanitizes special characters in datasetName for the filename" time="0.0011675">
        </testcase>
        <testcase classname="tests/features/ai-analysis/model/export-report.test.ts" name="exportAnalysisReport &gt; preserves dots and hyphens in the datasetName" time="0.0006126">
        </testcase>
        <testcase classname="tests/features/ai-analysis/model/export-report.test.ts" name="exportAnalysisReport &gt; produces all four sections when all input arrays are non-empty" time="0.0017947">
        </testcase>
        <testcase classname="tests/features/ai-analysis/model/export-report.test.ts" name="exportAnalysisReport &gt; renders multiple charts and passes all successful SVGs to the doc" time="0.0025092">
        </testcase>
        <testcase classname="tests/features/ai-analysis/model/export-report.test.ts" name="exportAnalysisReport &gt; includes charts for pptx (not xlsx)" time="0.0008045">
        </testcase>
    </testsuite>
    <testsuite name="tests/features/ai-analysis/model/narrate.test.ts" timestamp="2026-06-25T18:28:25.453Z" hostname="Desktop" tests="43" failures="0" errors="0" skipped="0" time="0.1811849">
        <testcase classname="tests/features/ai-analysis/model/narrate.test.ts" name="buildRuleInsights &gt; trend insight &gt; produces no trend insight when actuals length is &lt;= 3" time="0.0192415">
        </testcase>
        <testcase classname="tests/features/ai-analysis/model/narrate.test.ts" name="buildRuleInsights &gt; trend insight &gt; produces no trend insight when forecastMeta.metricCol is null" time="0.0171057">
        </testcase>
        <testcase classname="tests/features/ai-analysis/model/narrate.test.ts" name="buildRuleInsights &gt; trend insight &gt; produces a trend insight with &apos;growth&apos; when pct &gt;= 0" time="0.0167703">
        </testcase>
        <testcase classname="tests/features/ai-analysis/model/narrate.test.ts" name="buildRuleInsights &gt; trend insight &gt; produces a trend insight with &apos;decline&apos; when pct &lt; 0" time="0.0045071">
        </testcase>
        <testcase classname="tests/features/ai-analysis/model/narrate.test.ts" name="buildRuleInsights &gt; trend insight &gt; uses pct=0 when first actual is 0 (avoids division by zero)" time="0.000797">
        </testcase>
        <testcase classname="tests/features/ai-analysis/model/narrate.test.ts" name="buildRuleInsights &gt; trend insight &gt; sets severity &apos;warning&apos; when |pct| &gt; 20" time="0.0036844">
        </testcase>
        <testcase classname="tests/features/ai-analysis/model/narrate.test.ts" name="buildRuleInsights &gt; trend insight &gt; sets severity &apos;info&apos; when |pct| &lt;= 20" time="0.0008406">
        </testcase>
        <testcase classname="tests/features/ai-analysis/model/narrate.test.ts" name="buildRuleInsights &gt; trend insight &gt; sets impact &apos;high&apos; when |pct| &gt; 15" time="0.0006418">
        </testcase>
        <testcase classname="tests/features/ai-analysis/model/narrate.test.ts" name="buildRuleInsights &gt; trend insight &gt; sets impact &apos;medium&apos; when |pct| &lt;= 15" time="0.0014405">
        </testcase>
        <testcase classname="tests/features/ai-analysis/model/narrate.test.ts" name="buildRuleInsights &gt; trend insight &gt; only uses actual points (filters out forecast-only points)" time="0.0011415">
        </testcase>
        <testcase classname="tests/features/ai-analysis/model/narrate.test.ts" name="buildRuleInsights &gt; correlation insight &gt; produces no correlation insight when correlations is empty" time="0.0008006">
        </testcase>
        <testcase classname="tests/features/ai-analysis/model/narrate.test.ts" name="buildRuleInsights &gt; correlation insight &gt; produces a correlation insight using the top correlation" time="0.0017637">
        </testcase>
        <testcase classname="tests/features/ai-analysis/model/narrate.test.ts" name="buildRuleInsights &gt; correlation insight &gt; sets impact &apos;high&apos; when correlation strength is very_strong" time="0.0007044">
        </testcase>
        <testcase classname="tests/features/ai-analysis/model/narrate.test.ts" name="buildRuleInsights &gt; correlation insight &gt; sets impact &apos;medium&apos; when correlation strength is not very_strong" time="0.0005206">
        </testcase>
        <testcase classname="tests/features/ai-analysis/model/narrate.test.ts" name="buildRuleInsights &gt; correlation insight &gt; includes the strength label with underscores replaced" time="0.00052">
        </testcase>
        <testcase classname="tests/features/ai-analysis/model/narrate.test.ts" name="buildRuleInsights &gt; anomaly insight &gt; produces no anomaly insight when no critical anomalies" time="0.0005249">
        </testcase>
        <testcase classname="tests/features/ai-analysis/model/narrate.test.ts" name="buildRuleInsights &gt; anomaly insight &gt; produces an anomaly insight when critical anomalies are present" time="0.0007176">
        </testcase>
        <testcase classname="tests/features/ai-analysis/model/narrate.test.ts" name="buildRuleInsights &gt; anomaly insight &gt; deduplicates columns in the anomaly description" time="0.0027759">
        </testcase>
        <testcase classname="tests/features/ai-analysis/model/narrate.test.ts" name="buildRuleInsights &gt; quality insight &gt; produces no quality insight when no columns have &gt;5% nulls" time="0.000675">
        </testcase>
        <testcase classname="tests/features/ai-analysis/model/narrate.test.ts" name="buildRuleInsights &gt; quality insight &gt; produces no quality insight when rowCount is 0" time="0.000832">
        </testcase>
        <testcase classname="tests/features/ai-analysis/model/narrate.test.ts" name="buildRuleInsights &gt; quality insight &gt; produces a quality insight when one column has &gt;5% nulls using singular form" time="0.0008175">
        </testcase>
        <testcase classname="tests/features/ai-analysis/model/narrate.test.ts" name="buildRuleInsights &gt; quality insight &gt; produces a quality insight with plural &apos;s have&apos; when multiple columns have &gt;5% nulls" time="0.0005871">
        </testcase>
        <testcase classname="tests/features/ai-analysis/model/narrate.test.ts" name="buildRuleInsights &gt; pattern/cluster insight &gt; produces no pattern insight when clusters is empty" time="0.0013917">
        </testcase>
        <testcase classname="tests/features/ai-analysis/model/narrate.test.ts" name="buildRuleInsights &gt; pattern/cluster insight &gt; produces a pattern insight for the top cluster" time="0.0439008">
        </testcase>
        <testcase classname="tests/features/ai-analysis/model/narrate.test.ts" name="buildRuleInsights &gt; pattern/cluster insight &gt; centroid summary only uses first 3 entries" time="0.0010862">
        </testcase>
        <testcase classname="tests/features/ai-analysis/model/narrate.test.ts" name="buildRuleInsights &gt; forecast insight &gt; produces no forecast insight when there are no future points" time="0.0035756">
        </testcase>
        <testcase classname="tests/features/ai-analysis/model/narrate.test.ts" name="buildRuleInsights &gt; forecast insight &gt; produces no forecast insight when metricCol is null" time="0.0007894">
        </testcase>
        <testcase classname="tests/features/ai-analysis/model/narrate.test.ts" name="buildRuleInsights &gt; forecast insight &gt; produces a forecast insight with delta from last actual to last future" time="0.000719">
        </testcase>
        <testcase classname="tests/features/ai-analysis/model/narrate.test.ts" name="buildRuleInsights &gt; forecast insight &gt; sets severity &apos;warning&apos; when delta &lt; 0" time="0.0013924">
        </testcase>
        <testcase classname="tests/features/ai-analysis/model/narrate.test.ts" name="buildRuleInsights &gt; forecast insight &gt; uses delta=0 when there is no lastActual (all forecast points)" time="0.0006371">
        </testcase>
        <testcase classname="tests/features/ai-analysis/model/narrate.test.ts" name="buildRuleInsights &gt; forecast insight &gt; uses lastActual.predicted when lastActual.actual is undefined in delta calculation" time="0.0004901">
        </testcase>
        <testcase classname="tests/features/ai-analysis/model/narrate.test.ts" name="buildRuleInsights &gt; full facts with all insights &gt; returns all 5 categories when all conditions are met" time="0.0022825">
        </testcase>
        <testcase classname="tests/features/ai-analysis/model/narrate.test.ts" name="buildRuleInsights &gt; full facts with all insights &gt; returns empty array when all conditions produce no insights" time="0.0024493">
        </testcase>
        <testcase classname="tests/features/ai-analysis/model/narrate.test.ts" name="narrateInsights &gt; returns mapped insights from a successful generateStructured call" time="0.0069575">
        </testcase>
        <testcase classname="tests/features/ai-analysis/model/narrate.test.ts" name="narrateInsights &gt; passes the correct prompt containing factJson to generateStructured" time="0.0013849">
        </testcase>
        <testcase classname="tests/features/ai-analysis/model/narrate.test.ts" name="narrateInsights &gt; forwards the AbortSignal to generateStructured when provided" time="0.0014134">
        </testcase>
        <testcase classname="tests/features/ai-analysis/model/narrate.test.ts" name="narrateInsights &gt; returns an empty array when insights array is empty" time="0.0006547">
        </testcase>
        <testcase classname="tests/features/ai-analysis/model/narrate.test.ts" name="narrateInsights &gt; compactFacts passes colStats filtering: only &apos;numeric&apos; type cols" time="0.0010494">
        </testcase>
        <testcase classname="tests/features/ai-analysis/model/narrate.test.ts" name="narrateInsights &gt; compactFacts nullPct is 0 when rowCount is 0" time="0.0006657">
        </testcase>
        <testcase classname="tests/features/ai-analysis/model/narrate.test.ts" name="narrateInsights &gt; compactFacts round: undefined values become null" time="0.0018513">
        </testcase>
        <testcase classname="tests/features/ai-analysis/model/narrate.test.ts" name="narrateInsights &gt; compactFacts round: non-finite values (Infinity, NaN) become null" time="0.0030149">
        </testcase>
        <testcase classname="tests/features/ai-analysis/model/narrate.test.ts" name="narrateInsights &gt; compactFacts slices colStats to max 12 numeric columns" time="0.0035168">
        </testcase>
        <testcase classname="tests/features/ai-analysis/model/narrate.test.ts" name="narrateInsights &gt; compactFacts includes correlations (top 6), anomalies (top 8), clusters (top 5)" time="0.0048627">
        </testcase>
    </testsuite>
    <testsuite name="tests/features/ai-analysis/model/pipeline.test.ts" timestamp="2026-06-25T18:28:25.458Z" hostname="Desktop" tests="36" failures="0" errors="0" skipped="0" time="0.2175165">
        <testcase classname="tests/features/ai-analysis/model/pipeline.test.ts" name="runAnalysisPipeline orchestration &gt; emits all six progress stages in order ending at 100 and returns the full shape" time="0.0150039">
        </testcase>
        <testcase classname="tests/features/ai-analysis/model/pipeline.test.ts" name="runAnalysisPipeline orchestration &gt; uses a no-op default onStage when none is supplied (no throw)" time="0.0025257">
        </testcase>
        <testcase classname="tests/features/ai-analysis/model/pipeline.test.ts" name="column statistics &gt; derives nullCount = total - non_null and pulls a histogram when max &gt; min" time="0.0534325">
        </testcase>
        <testcase classname="tests/features/ai-analysis/model/pipeline.test.ts" name="column statistics &gt; omits the histogram when min === max (no range)" time="0.0014996">
        </testcase>
        <testcase classname="tests/features/ai-analysis/model/pipeline.test.ts" name="column statistics &gt; skips a numeric column whose stats row is missing from the result" time="0.0013489">
        </testcase>
        <testcase classname="tests/features/ai-analysis/model/pipeline.test.ts" name="column statistics &gt; fetches top-N values for categorical columns of sane cardinality" time="0.0016107">
        </testcase>
        <testcase classname="tests/features/ai-analysis/model/pipeline.test.ts" name="column statistics &gt; does NOT fetch top-N when distinct cardinality is too high (&gt; 10000)" time="0.0009451">
        </testcase>
        <testcase classname="tests/features/ai-analysis/model/pipeline.test.ts" name="column statistics &gt; does NOT fetch top-N when distinct count is zero" time="0.000682">
        </testcase>
        <testcase classname="tests/features/ai-analysis/model/pipeline.test.ts" name="anomaly detection &gt; produces a GESD anomaly with critical severity and capped score from kernel output" time="0.0143673">
        </testcase>
        <testcase classname="tests/features/ai-analysis/model/pipeline.test.ts" name="anomaly detection &gt; skips GESD entirely when the column sample is under 10 values" time="0.0035824">
        </testcase>
        <testcase classname="tests/features/ai-analysis/model/pipeline.test.ts" name="anomaly detection &gt; computes IQR fences, exact count, calibrated score and severity" time="0.00372">
        </testcase>
        <testcase classname="tests/features/ai-analysis/model/pipeline.test.ts" name="anomaly detection &gt; emits NO IQR anomaly when the fenced count is zero" time="0.000913">
        </testcase>
        <testcase classname="tests/features/ai-analysis/model/pipeline.test.ts" name="anomaly detection &gt; skips the IQR branch when q3 is not strictly greater than q1" time="0.0021764">
        </testcase>
        <testcase classname="tests/features/ai-analysis/model/pipeline.test.ts" name="anomaly detection &gt; flags a highly skewed distribution and scales severity at |g1| &gt; 5" time="0.0036303">
        </testcase>
        <testcase classname="tests/features/ai-analysis/model/pipeline.test.ts" name="anomaly detection &gt; does not flag skew when |g1| &lt;= 2 (boundary)" time="0.0009396">
        </testcase>
        <testcase classname="tests/features/ai-analysis/model/pipeline.test.ts" name="anomaly detection &gt; flags missingness with a null-rate score and critical severity above 10%" time="0.0037578">
        </testcase>
        <testcase classname="tests/features/ai-analysis/model/pipeline.test.ts" name="anomaly detection &gt; flags a constant column (std 0, single distinct) as invalid" time="0.0132343">
        </testcase>
        <testcase classname="tests/features/ai-analysis/model/pipeline.test.ts" name="anomaly detection &gt; flags a near-zero variance column (σ/μ &lt; 0.1%) as invalid" time="0.0043832">
        </testcase>
        <testcase classname="tests/features/ai-analysis/model/pipeline.test.ts" name="anomaly detection &gt; sorts the final anomaly list by descending score" time="0.0016632">
        </testcase>
        <testcase classname="tests/features/ai-analysis/model/pipeline.test.ts" name="anomaly detection &gt; falls back gracefully when the GESD kernel itself rejects (no gesd anomaly)" time="0.0015045">
        </testcase>
        <testcase classname="tests/features/ai-analysis/model/pipeline.test.ts" name="correlations &gt; returns [] when there are fewer than two numeric columns" time="0.001163">
        </testcase>
        <testcase classname="tests/features/ai-analysis/model/pipeline.test.ts" name="correlations &gt; emits a moderate-or-stronger correlation with sign-derived direction, sorted by |r|" time="0.0066182">
        </testcase>
        <testcase classname="tests/features/ai-analysis/model/pipeline.test.ts" name="correlations &gt; skips a null correlation (constant column) rather than emitting NaN" time="0.0010809">
        </testcase>
        <testcase classname="tests/features/ai-analysis/model/pipeline.test.ts" name="correlations &gt; returns [] when the correlation query yields no rows" time="0.0007623">
        </testcase>
        <testcase classname="tests/features/ai-analysis/model/pipeline.test.ts" name="forecast &gt; returns method &apos;none&apos; and no points when there is no metric column" time="0.0006202">
        </testcase>
        <testcase classname="tests/features/ai-analysis/model/pipeline.test.ts" name="forecast &gt; forecasts off a date series using Holt-Winters and rolls month labels over a year boundary" time="0.004066">
        </testcase>
        <testcase classname="tests/features/ai-analysis/model/pipeline.test.ts" name="forecast &gt; falls back to Holt linear when seasonal HW returns a mismatched fitted length" time="0.0017647">
        </testcase>
        <testcase classname="tests/features/ai-analysis/model/pipeline.test.ts" name="forecast &gt; falls back to OLS linear extrapolation when the HW kernel is unavailable" time="0.001364">
        </testcase>
        <testcase classname="tests/features/ai-analysis/model/pipeline.test.ts" name="forecast &gt; uses the reservoir index-series proxy when there is no usable date column" time="0.0019143">
        </testcase>
        <testcase classname="tests/features/ai-analysis/model/pipeline.test.ts" name="forecast &gt; returns method &apos;none&apos; (and an empty point list) for a series shorter than 4" time="0.0017635">
        </testcase>
        <testcase classname="tests/features/ai-analysis/model/pipeline.test.ts" name="clusters &gt; returns [] when there are no numeric feature columns" time="0.000904">
        </testcase>
        <testcase classname="tests/features/ai-analysis/model/pipeline.test.ts" name="clusters &gt; returns [] when the cluster sample has fewer than 6 rows" time="0.0013286">
        </testcase>
        <testcase classname="tests/features/ai-analysis/model/pipeline.test.ts" name="clusters &gt; returns [] when the k-means kernel rejects" time="0.0033445">
        </testcase>
        <testcase classname="tests/features/ai-analysis/model/pipeline.test.ts" name="clusters &gt; builds segments: de-standardised centroids, sizes, ranked order, characteristics, colors" time="0.006254">
        </testcase>
        <testcase classname="tests/features/ai-analysis/model/pipeline.test.ts" name="clusters &gt; de-standardises centroids back into original units when mean/std are non-trivial" time="0.0016255">
        </testcase>
        <testcase classname="tests/features/ai-analysis/model/pipeline.test.ts" name="integration: a realistic mixed-schema run &gt; returns a coherent result across every stage" time="0.0223672">
        </testcase>
    </testsuite>
    <testsuite name="tests/features/ai-analysis/model/stats.test.ts" timestamp="2026-06-25T18:28:25.463Z" hostname="Desktop" tests="40" failures="0" errors="0" skipped="0" time="0.0625626">
        <testcase classname="tests/features/ai-analysis/model/stats.test.ts" name="mean &gt; returns 0 for an empty array" time="0.0067826">
        </testcase>
        <testcase classname="tests/features/ai-analysis/model/stats.test.ts" name="mean &gt; computes the arithmetic mean of a non-empty array" time="0.0017945">
        </testcase>
        <testcase classname="tests/features/ai-analysis/model/stats.test.ts" name="stdDev &gt; returns 0 when fewer than two values are supplied" time="0.0013379">
        </testcase>
        <testcase classname="tests/features/ai-analysis/model/stats.test.ts" name="stdDev &gt; delegates to sample standard deviation for ≥2 values" time="0.0013224">
        </testcase>
        <testcase classname="tests/features/ai-analysis/model/stats.test.ts" name="pearsonCorrelation &gt; returns 0 when arrays are shorter than 3" time="0.0011528">
        </testcase>
        <testcase classname="tests/features/ai-analysis/model/stats.test.ts" name="pearsonCorrelation &gt; returns 0 when array lengths differ" time="0.000977">
        </testcase>
        <testcase classname="tests/features/ai-analysis/model/stats.test.ts" name="pearsonCorrelation &gt; returns 0 when xs has zero variance (constant)" time="0.0011906">
        </testcase>
        <testcase classname="tests/features/ai-analysis/model/stats.test.ts" name="pearsonCorrelation &gt; returns 0 when ys has zero variance (constant)" time="0.0008818">
        </testcase>
        <testcase classname="tests/features/ai-analysis/model/stats.test.ts" name="pearsonCorrelation &gt; returns a finite correlation for a well-conditioned pair" time="0.0014829">
        </testcase>
        <testcase classname="tests/features/ai-analysis/model/stats.test.ts" name="pearsonCorrelation &gt; returns 0 (not NaN) when sampleCorrelation returns NaN — branch: !isFinite" time="0.0009593">
        </testcase>
        <testcase classname="tests/features/ai-analysis/model/stats.test.ts" name="pearsonCorrelation &gt; returns 0 (not Infinity) when sampleCorrelation returns Infinity — branch: !isFinite" time="0.0007663">
        </testcase>
        <testcase classname="tests/features/ai-analysis/model/stats.test.ts" name="linearRegression &gt; returns flat defaults when xs has fewer than 2 elements" time="0.002883">
        </testcase>
        <testcase classname="tests/features/ai-analysis/model/stats.test.ts" name="linearRegression &gt; returns flat line through mean(y) when xs is degenerate (zero variance)" time="0.0010817">
        </testcase>
        <testcase classname="tests/features/ai-analysis/model/stats.test.ts" name="linearRegression &gt; recovers y = 3x + 2 from synthetic data" time="0.001659">
        </testcase>
        <testcase classname="tests/features/ai-analysis/model/stats.test.ts" name="linearRegression &gt; returns r2 = 0 (not NaN) when y is constant even though x varies" time="0.0009543">
        </testcase>
        <testcase classname="tests/features/ai-analysis/model/stats.test.ts" name="linearRegression &gt; returns slope = 0 when ss.linearRegression yields non-finite slope — branch: !isFinite(reg.m)" time="0.000772">
        </testcase>
        <testcase classname="tests/features/ai-analysis/model/stats.test.ts" name="linearRegression &gt; returns intercept = mean(ys) when ss.linearRegression yields non-finite intercept — branch: !isFinite(reg.b)" time="0.0007395">
        </testcase>
        <testcase classname="tests/features/ai-analysis/model/stats.test.ts" name="linearRegression &gt; returns slope = 0 and intercept = mean(ys) when ss.linearRegression yields all non-finite" time="0.0008572">
        </testcase>
        <testcase classname="tests/features/ai-analysis/model/stats.test.ts" name="linearRegression &gt; clamps r2 to [0, 1] when rSquared returns a value below 0" time="0.000752">
        </testcase>
        <testcase classname="tests/features/ai-analysis/model/stats.test.ts" name="linearRegression &gt; returns r2 = 0 (not NaN) when rSquared returns NaN — branch: !isFinite(rawR2)" time="0.0007076">
        </testcase>
        <testcase classname="tests/features/ai-analysis/model/stats.test.ts" name="detectZScoreAnomalies &gt; returns empty array when standard deviation is 0 (constant series)" time="0.0011728">
        </testcase>
        <testcase classname="tests/features/ai-analysis/model/stats.test.ts" name="detectZScoreAnomalies &gt; uses default threshold of 3 and flags obvious outliers" time="0.0016844">
        </testcase>
        <testcase classname="tests/features/ai-analysis/model/stats.test.ts" name="detectZScoreAnomalies &gt; respects a custom threshold" time="0.0014557">
        </testcase>
        <testcase classname="tests/features/ai-analysis/model/stats.test.ts" name="detectZScoreAnomalies &gt; returns nothing when no value exceeds the threshold" time="0.0013316">
        </testcase>
        <testcase classname="tests/features/ai-analysis/model/stats.test.ts" name="detectIQRAnomalies &gt; flags high-side outliers outside IQR fences" time="0.0017218">
        </testcase>
        <testcase classname="tests/features/ai-analysis/model/stats.test.ts" name="detectIQRAnomalies &gt; flags low-side outliers outside IQR fences" time="0.0010679">
        </testcase>
        <testcase classname="tests/features/ai-analysis/model/stats.test.ts" name="detectIQRAnomalies &gt; returns empty when no value is outside the fences" time="0.003072">
        </testcase>
        <testcase classname="tests/features/ai-analysis/model/stats.test.ts" name="detectIQRAnomalies &gt; uses (iqr || 1) denominator when IQR is 0 and a value exceeds the fence — branch: iqr === 0 path" time="0.0013721">
        </testcase>
        <testcase classname="tests/features/ai-analysis/model/stats.test.ts" name="detectIQRAnomalies &gt; uses (iqr || 1) denominator for low-side outlier when IQR is 0" time="0.00103">
        </testcase>
        <testcase classname="tests/features/ai-analysis/model/stats.test.ts" name="correlationStrength &gt; returns &quot;very_strong&quot; for |r| &gt;= 0.8" time="0.000856">
        </testcase>
        <testcase classname="tests/features/ai-analysis/model/stats.test.ts" name="correlationStrength &gt; returns &quot;strong&quot; for 0.6 &lt;= |r| &lt; 0.8" time="0.0007428">
        </testcase>
        <testcase classname="tests/features/ai-analysis/model/stats.test.ts" name="correlationStrength &gt; returns &quot;moderate&quot; for 0.4 &lt;= |r| &lt; 0.6" time="0.0007459">
        </testcase>
        <testcase classname="tests/features/ai-analysis/model/stats.test.ts" name="correlationStrength &gt; returns &quot;weak&quot; for 0.2 &lt;= |r| &lt; 0.4" time="0.0006854">
        </testcase>
        <testcase classname="tests/features/ai-analysis/model/stats.test.ts" name="correlationStrength &gt; returns &quot;none&quot; for |r| &lt; 0.2" time="0.0006721">
        </testcase>
        <testcase classname="tests/features/ai-analysis/model/stats.test.ts" name="buildHistogram &gt; returns zero-filled bins for an empty values array" time="0.000902">
        </testcase>
        <testcase classname="tests/features/ai-analysis/model/stats.test.ts" name="buildHistogram &gt; returns zero-filled bins when all values are identical (min === max)" time="0.0007429">
        </testcase>
        <testcase classname="tests/features/ai-analysis/model/stats.test.ts" name="buildHistogram &gt; distributes values across the correct bins and preserves total count" time="0.0026258">
        </testcase>
        <testcase classname="tests/features/ai-analysis/model/stats.test.ts" name="buildHistogram &gt; places the maximum value into the last bin (clamp to bins - 1)" time="0.0008388">
        </testcase>
        <testcase classname="tests/features/ai-analysis/model/stats.test.ts" name="buildHistogram &gt; handles a single bin correctly" time="0.0010002">
        </testcase>
        <testcase classname="tests/features/ai-analysis/model/stats.test.ts" name="buildHistogram &gt; handles two values with different magnitude" time="0.0010707">
        </testcase>
    </testsuite>
    <testsuite name="tests/features/channel-monitor/hooks/useMonitorEngine.test.ts" timestamp="2026-06-25T18:28:25.468Z" hostname="Desktop" tests="31" failures="0" errors="0" skipped="0" time="0.449675">
        <testcase classname="tests/features/channel-monitor/hooks/useMonitorEngine.test.ts" name="REFRESH_INTERVAL_MS constant &gt; is 30 000 ms" time="0.0111558">
        </testcase>
        <testcase classname="tests/features/channel-monitor/hooks/useMonitorEngine.test.ts" name="useMonitorEngine — exported type / initial state &gt; returns the initial state with source=demo and lastRefresh=null before the first tick completes" time="0.0546483">
        </testcase>
        <testcase classname="tests/features/channel-monitor/hooks/useMonitorEngine.test.ts" name="useMonitorEngine — exported type / initial state &gt; returns an object with source and lastRefresh fields" time="0.0104815">
        </testcase>
        <testcase classname="tests/features/channel-monitor/hooks/useMonitorEngine.test.ts" name="useMonitorEngine — notification permission request &gt; calls requestNotificationPermission once on mount" time="0.0243778">
        </testcase>
        <testcase classname="tests/features/channel-monitor/hooks/useMonitorEngine.test.ts" name="useMonitorEngine — notification permission request &gt; does not call requestNotificationPermission more than once per mount" time="0.0184556">
        </testcase>
        <testcase classname="tests/features/channel-monitor/hooks/useMonitorEngine.test.ts" name="useMonitorEngine — happy-path tick (demo mode) &gt; updates state to source=demo and a non-null lastRefresh after the first tick" time="0.0251842">
        </testcase>
        <testcase classname="tests/features/channel-monitor/hooks/useMonitorEngine.test.ts" name="useMonitorEngine — happy-path tick (demo mode) &gt; calls fetchMetrics with the active dataset and tick=0 on the first tick" time="0.0285091">
        </testcase>
        <testcase classname="tests/features/channel-monitor/hooks/useMonitorEngine.test.ts" name="useMonitorEngine — happy-path tick (demo mode) &gt; increments the tick counter on subsequent ticks via the timer" time="0.0210618">
        </testcase>
        <testcase classname="tests/features/channel-monitor/hooks/useMonitorEngine.test.ts" name="useMonitorEngine — happy-path tick (demo mode) &gt; calls setAllChannelStatuses on the monitor store with the indexed status map" time="0.0109253">
        </testcase>
        <testcase classname="tests/features/channel-monitor/hooks/useMonitorEngine.test.ts" name="useMonitorEngine — happy-path tick (demo mode) &gt; reschedules the next tick after each completed tick" time="0.0133469">
        </testcase>
        <testcase classname="tests/features/channel-monitor/hooks/useMonitorEngine.test.ts" name="useMonitorEngine — duckdb source &gt; updates state to source=duckdb when fetchMetrics returns duckdb source" time="0.0150899">
        </testcase>
        <testcase classname="tests/features/channel-monitor/hooks/useMonitorEngine.test.ts" name="useMonitorEngine — alert rule firing &gt; calls addEvent and addNotification when a rule fires" time="0.0139707">
        </testcase>
        <testcase classname="tests/features/channel-monitor/hooks/useMonitorEngine.test.ts" name="useMonitorEngine — alert rule firing &gt; plays a sound alert when soundEnabled=true and the matched rule has &apos;sound&apos; action" time="0.0119822">
        </testcase>
        <testcase classname="tests/features/channel-monitor/hooks/useMonitorEngine.test.ts" name="useMonitorEngine — alert rule firing &gt; does not play a sound when soundEnabled=false" time="0.0053627">
        </testcase>
        <testcase classname="tests/features/channel-monitor/hooks/useMonitorEngine.test.ts" name="useMonitorEngine — alert rule firing &gt; does not play a sound when the rule has no &apos;sound&apos; action" time="0.0223432">
        </testcase>
        <testcase classname="tests/features/channel-monitor/hooks/useMonitorEngine.test.ts" name="useMonitorEngine — alert rule firing &gt; sends an OS notification for critical severity events" time="0.0141105">
        </testcase>
        <testcase classname="tests/features/channel-monitor/hooks/useMonitorEngine.test.ts" name="useMonitorEngine — alert rule firing &gt; does not send an OS notification for non-critical events when the tab is visible" time="0.0084691">
        </testcase>
        <testcase classname="tests/features/channel-monitor/hooks/useMonitorEngine.test.ts" name="useMonitorEngine — alert rule firing &gt; does not call evaluateRules when no statuses are returned" time="0.0085702">
        </testcase>
        <testcase classname="tests/features/channel-monitor/hooks/useMonitorEngine.test.ts" name="useMonitorEngine — Page Visibility gating &gt; skips compute when document is hidden (defers tick)" time="0.0050997">
        </testcase>
        <testcase classname="tests/features/channel-monitor/hooks/useMonitorEngine.test.ts" name="useMonitorEngine — Page Visibility gating &gt; resumes compute when the tab becomes visible after being hidden" time="0.0075085">
        </testcase>
        <testcase classname="tests/features/channel-monitor/hooks/useMonitorEngine.test.ts" name="useMonitorEngine — Page Visibility gating &gt; sends an OS notification for non-critical events when the tab is hidden" time="0.0041052">
        </testcase>
        <testcase classname="tests/features/channel-monitor/hooks/useMonitorEngine.test.ts" name="useMonitorEngine — error handling &gt; swallows fetchMetrics errors without crashing the hook" time="0.0034043">
        </testcase>
        <testcase classname="tests/features/channel-monitor/hooks/useMonitorEngine.test.ts" name="useMonitorEngine — error handling &gt; reschedules the next tick even when fetchMetrics throws (finally block)" time="0.0042183">
        </testcase>
        <testcase classname="tests/features/channel-monitor/hooks/useMonitorEngine.test.ts" name="useMonitorEngine — cleanup on unmount &gt; stops scheduling new ticks after unmount (cancelled flag)" time="0.0039874">
        </testcase>
        <testcase classname="tests/features/channel-monitor/hooks/useMonitorEngine.test.ts" name="useMonitorEngine — cleanup on unmount &gt; removes the visibilitychange listener on unmount" time="0.0243114">
        </testcase>
        <testcase classname="tests/features/channel-monitor/hooks/useMonitorEngine.test.ts" name="useMonitorEngine — dataset resolution &gt; passes the matching dataset to fetchMetrics when activeDatasetId is set" time="0.0138444">
        </testcase>
        <testcase classname="tests/features/channel-monitor/hooks/useMonitorEngine.test.ts" name="useMonitorEngine — dataset resolution &gt; passes undefined to fetchMetrics when activeDatasetId does not match any dataset" time="0.0073851">
        </testcase>
        <testcase classname="tests/features/channel-monitor/hooks/useMonitorEngine.test.ts" name="useMonitorEngine — dataset resolution &gt; passes undefined to fetchMetrics when datasets is empty" time="0.0050129">
        </testcase>
        <testcase classname="tests/features/channel-monitor/hooks/useMonitorEngine.test.ts" name="useMonitorEngine — multiple fired alerts in a single tick &gt; processes all fired alerts in order" time="0.0062353">
        </testcase>
        <testcase classname="tests/features/channel-monitor/hooks/useMonitorEngine.test.ts" name="useMonitorEngine — multiple fired alerts in a single tick &gt; plays sound for rule-1 (has sound action) but not rule-2 (in_app only)" time="0.0252431">
        </testcase>
        <testcase classname="tests/features/channel-monitor/hooks/useMonitorEngine.test.ts" name="useMonitorEngine — multiple fired alerts in a single tick &gt; sends OS notify for the critical alert but not for the warning (visible tab)" time="0.0044779">
        </testcase>
    </testsuite>
    <testsuite name="tests/features/ai-analysis/hooks/useAnalysis.test.ts" timestamp="2026-06-25T18:28:25.471Z" hostname="Desktop" tests="45" failures="0" errors="0" skipped="0" time="3.459329">
        <testcase classname="tests/features/ai-analysis/hooks/useAnalysis.test.ts" name="useAnalysis — table resolution &gt; keeps the preferred table when SHOW TABLES contains it" time="0.1153552">
        </testcase>
        <testcase classname="tests/features/ai-analysis/hooks/useAnalysis.test.ts" name="useAnalysis — table resolution &gt; falls back to the first existing table when the preferred name is absent" time="0.0746682">
        </testcase>
        <testcase classname="tests/features/ai-analysis/hooks/useAnalysis.test.ts" name="useAnalysis — table resolution &gt; uses the first table when no preferred name is supplied" time="0.0783738">
        </testcase>
        <testcase classname="tests/features/ai-analysis/hooks/useAnalysis.test.ts" name="useAnalysis — table resolution &gt; resolves to no table when SHOW TABLES is empty and no preferred name" time="0.0063692">
        </testcase>
        <testcase classname="tests/features/ai-analysis/hooks/useAnalysis.test.ts" name="useAnalysis — table resolution &gt; still resolves when SHOW TABLES throws (catch → [])" time="0.0740284">
        </testcase>
        <testcase classname="tests/features/ai-analysis/hooks/useAnalysis.test.ts" name="useAnalysis — table resolution &gt; marks the table unloaded when COUNT(*) rejects" time="0.0778578">
        </testcase>
        <testcase classname="tests/features/ai-analysis/hooks/useAnalysis.test.ts" name="useAnalysis — table resolution &gt; derives table name from table_name property when name is absent" time="0.0686945">
        </testcase>
        <testcase classname="tests/features/ai-analysis/hooks/useAnalysis.test.ts" name="useAnalysis — table resolution &gt; derives table name from first row value when neither name nor table_name present" time="0.0737259">
        </testcase>
        <testcase classname="tests/features/ai-analysis/hooks/useAnalysis.test.ts" name="useAnalysis — table resolution &gt; falls back to empty string when row has no usable value" time="0.0789773">
        </testcase>
        <testcase classname="tests/features/ai-analysis/hooks/useAnalysis.test.ts" name="useAnalysis — table resolution &gt; coerces a non-numeric COUNT result to rowCount 0" time="0.0786031">
        </testcase>
        <testcase classname="tests/features/ai-analysis/hooks/useAnalysis.test.ts" name="useAnalysis — tableLoaded reflects hasDataset &gt; returns tableLoaded=false when table resolves but hasDataset is false" time="0.0789812">
        </testcase>
        <testcase classname="tests/features/ai-analysis/hooks/useAnalysis.test.ts" name="useAnalysis — auto compute on cache miss &gt; runs the worker, exposes results, and reaches done state" time="0.0794937">
        </testcase>
        <testcase classname="tests/features/ai-analysis/hooks/useAnalysis.test.ts" name="useAnalysis — auto compute on cache miss &gt; produces rule-based insights from the worker facts" time="0.0790659">
        </testcase>
        <testcase classname="tests/features/ai-analysis/hooks/useAnalysis.test.ts" name="useAnalysis — auto compute on cache miss &gt; persists the computed run to the durable cache" time="0.0809071">
        </testcase>
        <testcase classname="tests/features/ai-analysis/hooks/useAnalysis.test.ts" name="useAnalysis — auto compute on cache miss &gt; does not run when there are no numeric columns" time="0.0760593">
        </testcase>
        <testcase classname="tests/features/ai-analysis/hooks/useAnalysis.test.ts" name="useAnalysis — auto compute on cache miss &gt; actually invokes the SQL query callback passed to the worker" time="0.0793524">
        </testcase>
        <testcase classname="tests/features/ai-analysis/hooks/useAnalysis.test.ts" name="useAnalysis — auto compute on cache miss &gt; invokes the onStage progress callback during a run" time="0.0793721">
        </testcase>
        <testcase classname="tests/features/ai-analysis/hooks/useAnalysis.test.ts" name="useAnalysis — auto compute on cache miss &gt; invokes putColumnProfile&apos;s catch handler when it rejects (FN 12 coverage)" time="0.0793385">
        </testcase>
        <testcase classname="tests/features/ai-analysis/hooks/useAnalysis.test.ts" name="useAnalysis — worker error &gt; transitions to the error state with the stringified error" time="0.0545985">
        </testcase>
        <testcase classname="tests/features/ai-analysis/hooks/useAnalysis.test.ts" name="useAnalysis — superseded run token &gt; ignores results from a run that was superseded by a newer run (post-result check)" time="0.1664384">
        </testcase>
        <testcase classname="tests/features/ai-analysis/hooks/useAnalysis.test.ts" name="useAnalysis — superseded run token &gt; ignores a superseded run error in the error catch block (line 269)" time="0.1679905">
        </testcase>
        <testcase classname="tests/features/ai-analysis/hooks/useAnalysis.test.ts" name="useAnalysis — superseded run token &gt; skips the onStage update when the token is stale (stale onStage branch)" time="0.1749106">
        </testcase>
        <testcase classname="tests/features/ai-analysis/hooks/useAnalysis.test.ts" name="useAnalysis — cache hydration &gt; populates from a fresh cache hit without recomputing" time="0.0785344">
        </testcase>
        <testcase classname="tests/features/ai-analysis/hooks/useAnalysis.test.ts" name="useAnalysis — cache hydration &gt; ignores a cache entry whose rowCount differs and recomputes" time="0.0779766">
        </testcase>
        <testcase classname="tests/features/ai-analysis/hooks/useAnalysis.test.ts" name="useAnalysis — cache hydration &gt; ignores a stale-version cache entry and recomputes" time="0.0787882">
        </testcase>
        <testcase classname="tests/features/ai-analysis/hooks/useAnalysis.test.ts" name="useAnalysis — cache hydration &gt; ignores a cache entry with empty colStats and recomputes" time="0.0815296">
        </testcase>
        <testcase classname="tests/features/ai-analysis/hooks/useAnalysis.test.ts" name="useAnalysis — cache hydration &gt; recomputes when getColumnProfile rejects" time="0.0770008">
        </testcase>
        <testcase classname="tests/features/ai-analysis/hooks/useAnalysis.test.ts" name="useAnalysis — cancellation on unmount &gt; does not set state after unmounting during SHOW TABLES" time="0.0050662">
        </testcase>
        <testcase classname="tests/features/ai-analysis/hooks/useAnalysis.test.ts" name="useAnalysis — cancellation on unmount &gt; sets cancelled=true before the empty-table branch runs (branch 6 line 146)" time="0.0061403">
        </testcase>
        <testcase classname="tests/features/ai-analysis/hooks/useAnalysis.test.ts" name="useAnalysis — cancellation on unmount &gt; does not set state after unmounting during COUNT(*) query" time="0.0206319">
        </testcase>
        <testcase classname="tests/features/ai-analysis/hooks/useAnalysis.test.ts" name="useAnalysis — cancellation on unmount &gt; does not set state after unmounting when COUNT throws" time="0.0150446">
        </testcase>
        <testcase classname="tests/features/ai-analysis/hooks/useAnalysis.test.ts" name="useAnalysis — cancellation on unmount &gt; aborts narration on unmount" time="0.0986939">
        </testcase>
        <testcase classname="tests/features/ai-analysis/hooks/useAnalysis.test.ts" name="useAnalysis — LLM narration &gt; does not narrate when no provider is available" time="0.0568694">
        </testcase>
        <testcase classname="tests/features/ai-analysis/hooks/useAnalysis.test.ts" name="useAnalysis — LLM narration &gt; is true when at least one provider is available" time="0.0071168">
        </testcase>
        <testcase classname="tests/features/ai-analysis/hooks/useAnalysis.test.ts" name="useAnalysis — LLM narration &gt; replaces rule insights when narration returns valid insights" time="0.0917473">
        </testcase>
        <testcase classname="tests/features/ai-analysis/hooks/useAnalysis.test.ts" name="useAnalysis — LLM narration &gt; keeps rule insights when narration returns an empty set" time="0.0882036">
        </testcase>
        <testcase classname="tests/features/ai-analysis/hooks/useAnalysis.test.ts" name="useAnalysis — LLM narration &gt; degrades silently to rule insights when narration throws (non-abort)" time="0.093426">
        </testcase>
        <testcase classname="tests/features/ai-analysis/hooks/useAnalysis.test.ts" name="useAnalysis — LLM narration &gt; suppresses the console.warn when narration is aborted (signal.aborted branch)" time="0.1571569">
        </testcase>
        <testcase classname="tests/features/ai-analysis/hooks/useAnalysis.test.ts" name="useAnalysis — LLM narration &gt; clears narrating=false in finally even when token is superseded (branch 18)" time="0.159462">
        </testcase>
        <testcase classname="tests/features/ai-analysis/hooks/useAnalysis.test.ts" name="useAnalysis — acknowledgeInsight &gt; flips acknowledged on the matching insight only" time="0.0760904">
        </testcase>
        <testcase classname="tests/features/ai-analysis/hooks/useAnalysis.test.ts" name="useAnalysis — acknowledgeInsight &gt; is a no-op when the id matches no insight" time="0.07873">
        </testcase>
        <testcase classname="tests/features/ai-analysis/hooks/useAnalysis.test.ts" name="useAnalysis — explicit runAnalysis() guards &gt; is a no-op when invoked before any table has loaded" time="0.0158292">
        </testcase>
        <testcase classname="tests/features/ai-analysis/hooks/useAnalysis.test.ts" name="useAnalysis — explicit runAnalysis() guards &gt; is a no-op when numericCols is empty" time="0.0775374">
        </testcase>
        <testcase classname="tests/features/ai-analysis/hooks/useAnalysis.test.ts" name="useAnalysis — aiAvailable &gt; is false when no provider reports availability" time="0.0786991">
        </testcase>
        <testcase classname="tests/features/ai-analysis/hooks/useAnalysis.test.ts" name="useAnalysis — hydrateOrRun effect guard &gt; does nothing in the effect when tableLoaded is false" time="0.0063337">
        </testcase>
    </testsuite>
    <testsuite name="tests/features/ai-analysis/hooks/useAnalysis.test.tsx" timestamp="2026-06-25T18:28:25.477Z" hostname="Desktop" tests="29" failures="0" errors="0" skipped="0" time="2.0442224">
        <testcase classname="tests/features/ai-analysis/hooks/useAnalysis.test.tsx" name="useAnalysis — table resolution &gt; keeps the preferred table when SHOW TABLES contains it and loads its row count" time="0.1157035">
        </testcase>
        <testcase classname="tests/features/ai-analysis/hooks/useAnalysis.test.tsx" name="useAnalysis — table resolution &gt; falls back to the first existing table when the preferred name is absent" time="0.0751786">
        </testcase>
        <testcase classname="tests/features/ai-analysis/hooks/useAnalysis.test.tsx" name="useAnalysis — table resolution &gt; uses the first table when no preferred name is supplied" time="0.0786119">
        </testcase>
        <testcase classname="tests/features/ai-analysis/hooks/useAnalysis.test.tsx" name="useAnalysis — table resolution &gt; resolves to no table (cleared state) when SHOW TABLES is empty and no preferred name" time="0.0150951">
        </testcase>
        <testcase classname="tests/features/ai-analysis/hooks/useAnalysis.test.tsx" name="useAnalysis — table resolution &gt; still resolves the preferred name when SHOW TABLES throws (catch → [])" time="0.0809942">
        </testcase>
        <testcase classname="tests/features/ai-analysis/hooks/useAnalysis.test.tsx" name="useAnalysis — table resolution &gt; marks the table unloaded when the COUNT(*) query rejects" time="0.0619599">
        </testcase>
        <testcase classname="tests/features/ai-analysis/hooks/useAnalysis.test.tsx" name="useAnalysis — table resolution &gt; derives the table name from table_name / first value when `name` is absent" time="0.0688517">
        </testcase>
        <testcase classname="tests/features/ai-analysis/hooks/useAnalysis.test.tsx" name="useAnalysis — table resolution &gt; coerces a non-numeric COUNT result to rowCount 0" time="0.073121">
        </testcase>
        <testcase classname="tests/features/ai-analysis/hooks/useAnalysis.test.tsx" name="useAnalysis — tableLoaded reflects hasDataset &gt; returns tableLoaded=false when a table resolves but hasDataset is false" time="0.0784311">
        </testcase>
        <testcase classname="tests/features/ai-analysis/hooks/useAnalysis.test.tsx" name="useAnalysis — auto compute on cache miss &gt; runs the worker, exposes computed results, and reaches the done state" time="0.0818578">
        </testcase>
        <testcase classname="tests/features/ai-analysis/hooks/useAnalysis.test.tsx" name="useAnalysis — auto compute on cache miss &gt; produces REAL rule-based insights computed from the worker facts" time="0.0778255">
        </testcase>
        <testcase classname="tests/features/ai-analysis/hooks/useAnalysis.test.tsx" name="useAnalysis — auto compute on cache miss &gt; persists the computed run to the durable cache under the sentinel column" time="0.0785675">
        </testcase>
        <testcase classname="tests/features/ai-analysis/hooks/useAnalysis.test.tsx" name="useAnalysis — auto compute on cache miss &gt; emits running progress from the worker&apos;s onStage callback" time="0.0781005">
        </testcase>
        <testcase classname="tests/features/ai-analysis/hooks/useAnalysis.test.tsx" name="useAnalysis — auto compute on cache miss &gt; does not run when there are no numeric columns" time="0.0793002">
        </testcase>
        <testcase classname="tests/features/ai-analysis/hooks/useAnalysis.test.tsx" name="useAnalysis — worker error &gt; transitions to the error state with the stringified error as the stage" time="0.0547969">
        </testcase>
        <testcase classname="tests/features/ai-analysis/hooks/useAnalysis.test.tsx" name="useAnalysis — cache hydration &gt; populates from a fresh cache hit WITHOUT recomputing" time="0.0710217">
        </testcase>
        <testcase classname="tests/features/ai-analysis/hooks/useAnalysis.test.tsx" name="useAnalysis — cache hydration &gt; ignores a cache entry whose rowCount differs and recomputes instead" time="0.0635971">
        </testcase>
        <testcase classname="tests/features/ai-analysis/hooks/useAnalysis.test.tsx" name="useAnalysis — cache hydration &gt; ignores a stale-version cache entry and recomputes" time="0.0794766">
        </testcase>
        <testcase classname="tests/features/ai-analysis/hooks/useAnalysis.test.tsx" name="useAnalysis — cache hydration &gt; ignores a cache entry with empty colStats and recomputes" time="0.0785268">
        </testcase>
        <testcase classname="tests/features/ai-analysis/hooks/useAnalysis.test.tsx" name="useAnalysis — cache hydration &gt; recomputes when getColumnProfile rejects (cache unavailable)" time="0.0789346">
        </testcase>
        <testcase classname="tests/features/ai-analysis/hooks/useAnalysis.test.tsx" name="useAnalysis — aiAvailable &gt; is false when no provider reports availability" time="0.0796339">
        </testcase>
        <testcase classname="tests/features/ai-analysis/hooks/useAnalysis.test.tsx" name="useAnalysis — aiAvailable &gt; is true when at least one provider is available" time="0.0070364">
        </testcase>
        <testcase classname="tests/features/ai-analysis/hooks/useAnalysis.test.tsx" name="useAnalysis — LLM narration &gt; does not narrate when no provider is available (narrated stays false)" time="0.0713673">
        </testcase>
        <testcase classname="tests/features/ai-analysis/hooks/useAnalysis.test.tsx" name="useAnalysis — LLM narration &gt; replaces the rule insights when narration returns schema-valid insights" time="0.0734584">
        </testcase>
        <testcase classname="tests/features/ai-analysis/hooks/useAnalysis.test.tsx" name="useAnalysis — LLM narration &gt; keeps rule insights and leaves narrated=false when narration returns an empty set" time="0.0806537">
        </testcase>
        <testcase classname="tests/features/ai-analysis/hooks/useAnalysis.test.tsx" name="useAnalysis — LLM narration &gt; degrades silently to rule insights when narration throws" time="0.0936514">
        </testcase>
        <testcase classname="tests/features/ai-analysis/hooks/useAnalysis.test.tsx" name="useAnalysis — acknowledgeInsight &gt; flips acknowledged on the matching insight only and leaves others intact" time="0.0787348">
        </testcase>
        <testcase classname="tests/features/ai-analysis/hooks/useAnalysis.test.tsx" name="useAnalysis — acknowledgeInsight &gt; is a no-op when the id matches no insight" time="0.0683132">
        </testcase>
        <testcase classname="tests/features/ai-analysis/hooks/useAnalysis.test.tsx" name="useAnalysis — explicit runAnalysis() guards &gt; is a no-op when invoked before any table has loaded" time="0.0133463">
        </testcase>
    </testsuite>
    <testsuite name="tests/features/analytics-theater/lib/columns.test.ts" timestamp="2026-06-25T18:28:25.481Z" hostname="Desktop" tests="39" failures="0" errors="0" skipped="0" time="0.0310845">
        <testcase classname="tests/features/analytics-theater/lib/columns.test.ts" name="detectColumnRoles &gt; returns all-null empty roles when dataset is undefined" time="0.0056471">
        </testcase>
        <testcase classname="tests/features/analytics-theater/lib/columns.test.ts" name="detectColumnRoles &gt; returns all-null empty roles when dataset has zero columns" time="0.0012718">
        </testcase>
        <testcase classname="tests/features/analytics-theater/lib/columns.test.ts" name="detectColumnRoles &gt; picks a date-typed column matching the date name hint" time="0.0011766">
        </testcase>
        <testcase classname="tests/features/analytics-theater/lib/columns.test.ts" name="detectColumnRoles &gt; falls back to the first date-typed column when no name hint matches" time="0.0004747">
        </testcase>
        <testcase classname="tests/features/analytics-theater/lib/columns.test.ts" name="detectColumnRoles &gt; falls back to a string column matching date name hint when no date-typed column exists" time="0.0012108">
        </testcase>
        <testcase classname="tests/features/analytics-theater/lib/columns.test.ts" name="detectColumnRoles &gt; returns null for date when no date-typed or date-named string column exists" time="0.0007612">
        </testcase>
        <testcase classname="tests/features/analytics-theater/lib/columns.test.ts" name="detectColumnRoles &gt; picks a numeric column matching the measure name hint" time="0.0007518">
        </testcase>
        <testcase classname="tests/features/analytics-theater/lib/columns.test.ts" name="detectColumnRoles &gt; excludes columns matching ^id$|_id$|index|idx from measure candidates" time="0.0004345">
        </testcase>
        <testcase classname="tests/features/analytics-theater/lib/columns.test.ts" name="detectColumnRoles &gt; falls back to first non-id numeric when no measure name hint matches" time="0.0004051">
        </testcase>
        <testcase classname="tests/features/analytics-theater/lib/columns.test.ts" name="detectColumnRoles &gt; falls back to numeric[0] when all numeric columns look like ids" time="0.0003464">
        </testcase>
        <testcase classname="tests/features/analytics-theater/lib/columns.test.ts" name="detectColumnRoles &gt; returns null for measure when there are no numeric columns" time="0.0003837">
        </testcase>
        <testcase classname="tests/features/analytics-theater/lib/columns.test.ts" name="detectColumnRoles &gt; picks a string column matching the category name hint" time="0.0003418">
        </testcase>
        <testcase classname="tests/features/analytics-theater/lib/columns.test.ts" name="detectColumnRoles &gt; prefers category name hint over low-cardinality sort order" time="0.0003109">
        </testcase>
        <testcase classname="tests/features/analytics-theater/lib/columns.test.ts" name="detectColumnRoles &gt; falls back to lowest-cardinality string column when no category hint" time="0.0002971">
        </testcase>
        <testcase classname="tests/features/analytics-theater/lib/columns.test.ts" name="detectColumnRoles &gt; falls back to any string excluding the date column" time="0.0003443">
        </testcase>
        <testcase classname="tests/features/analytics-theater/lib/columns.test.ts" name="detectColumnRoles &gt; returns null for category when there are no string columns" time="0.0002688">
        </testcase>
        <testcase classname="tests/features/analytics-theater/lib/columns.test.ts" name="detectColumnRoles &gt; picks a second low-cardinality column for category2, excluding category" time="0.0002992">
        </testcase>
        <testcase classname="tests/features/analytics-theater/lib/columns.test.ts" name="detectColumnRoles &gt; falls back to any string excluding date and category for category2" time="0.000321">
        </testcase>
        <testcase classname="tests/features/analytics-theater/lib/columns.test.ts" name="detectColumnRoles &gt; returns null for category2 when only one string column exists" time="0.0002571">
        </testcase>
        <testcase classname="tests/features/analytics-theater/lib/columns.test.ts" name="detectColumnRoles &gt; picks a string column matching the text name hint (e.g. &apos;remark&apos;)" time="0.0002449">
        </testcase>
        <testcase classname="tests/features/analytics-theater/lib/columns.test.ts" name="detectColumnRoles &gt; falls back to the highest-cardinality string excluding the date column for text" time="0.0002993">
        </testcase>
        <testcase classname="tests/features/analytics-theater/lib/columns.test.ts" name="detectColumnRoles &gt; returns null for text when there are no string columns" time="0.0002328">
        </testcase>
        <testcase classname="tests/features/analytics-theater/lib/columns.test.ts" name="detectColumnRoles &gt; returns all numeric columns in the numeric array" time="0.0005939">
        </testcase>
        <testcase classname="tests/features/analytics-theater/lib/columns.test.ts" name="detectColumnRoles &gt; returns empty numeric and strings arrays when only date and boolean columns exist" time="0.0003611">
        </testcase>
        <testcase classname="tests/features/analytics-theater/lib/columns.test.ts" name="detectColumnRoles &gt; handles rowCount of 0 gracefully without division-by-zero errors" time="0.0020552">
        </testcase>
        <testcase classname="tests/features/analytics-theater/lib/columns.test.ts" name="detectColumnRoles &gt; treats distinctCount of 0 as unknown (ratio 0.5), including in lowCardStrings when &lt; 0.5 fails" time="0.0003837">
        </testcase>
        <testcase classname="tests/features/analytics-theater/lib/columns.test.ts" name="detectColumnRoles &gt; includes string column with distinctCount 0 in lowCardStrings when category name hint matches" time="0.0002619">
        </testcase>
        <testcase classname="tests/features/analytics-theater/lib/columns.test.ts" name="detectColumnRoles &gt; correctly assigns all roles for a realistic telecom-style dataset" time="0.0005626">
        </testcase>
        <testcase classname="tests/features/analytics-theater/lib/columns.test.ts" name="detectColumnRoles &gt; excludes the selected date column from category candidates" time="0.0003423">
        </testcase>
        <testcase classname="tests/features/analytics-theater/lib/columns.test.ts" name="detectColumnRoles &gt; returns lowCardStrings[0].col as category when no string matches category name hint" time="0.0002426">
        </testcase>
        <testcase classname="tests/features/analytics-theater/lib/columns.test.ts" name="detectColumnRoles &gt; picks category2 from lowCardStrings excluding the first category" time="0.0002493">
        </testcase>
        <testcase classname="tests/features/analytics-theater/lib/columns.test.ts" name="detectColumnRoles &gt; selects highest-cardinality non-date string for text when no text name hint" time="0.0002021">
        </testcase>
        <testcase classname="tests/features/analytics-theater/lib/columns.test.ts" name="detectColumnRoles &gt; still returns a text column when the only non-date string is a single high-cardinality col" time="0.0002677">
        </testcase>
        <testcase classname="tests/features/analytics-theater/lib/columns.test.ts" name="quoteIdent &gt; wraps a simple identifier in double quotes" time="0.0007416">
        </testcase>
        <testcase classname="tests/features/analytics-theater/lib/columns.test.ts" name="quoteIdent &gt; escapes embedded double quotes by doubling them" time="0.0003367">
        </testcase>
        <testcase classname="tests/features/analytics-theater/lib/columns.test.ts" name="quoteIdent &gt; handles identifiers with multiple embedded double quotes" time="0.0002559">
        </testcase>
        <testcase classname="tests/features/analytics-theater/lib/columns.test.ts" name="quoteIdent &gt; handles an empty string" time="0.0002246">
        </testcase>
        <testcase classname="tests/features/analytics-theater/lib/columns.test.ts" name="quoteIdent &gt; handles identifiers with spaces" time="0.0002191">
        </testcase>
        <testcase classname="tests/features/analytics-theater/lib/columns.test.ts" name="quoteIdent &gt; handles identifiers that start with a double quote" time="0.0002385">
        </testcase>
    </testsuite>
    <testsuite name="tests/features/analytics-theater/lib/narrate.test.ts" timestamp="2026-06-25T18:28:25.486Z" hostname="Desktop" tests="34" failures="0" errors="0" skipped="0" time="0.1775088">
        <testcase classname="tests/features/analytics-theater/lib/narrate.test.ts" name="SCENE_NARRATION_SCHEMA &gt; validates a well-formed scenes array" time="0.0111836">
        </testcase>
        <testcase classname="tests/features/analytics-theater/lib/narrate.test.ts" name="SCENE_NARRATION_SCHEMA &gt; rejects an unknown scene kind" time="0.0122352">
        </testcase>
        <testcase classname="tests/features/analytics-theater/lib/narrate.test.ts" name="SCENE_NARRATION_SCHEMA &gt; rejects an empty narration string (min length 1)" time="0.0014022">
        </testcase>
        <testcase classname="tests/features/analytics-theater/lib/narrate.test.ts" name="SCENE_NARRATION_SCHEMA &gt; rejects a narration exceeding 400 characters (max length)" time="0.0028326">
        </testcase>
        <testcase classname="tests/features/analytics-theater/lib/narrate.test.ts" name="SCENE_NARRATION_SCHEMA &gt; accepts exactly 400 characters" time="0.0023986">
        </testcase>
        <testcase classname="tests/features/analytics-theater/lib/narrate.test.ts" name="SCENE_NARRATION_SCHEMA &gt; accepts an empty scenes array" time="0.0034302">
        </testcase>
        <testcase classname="tests/features/analytics-theater/lib/narrate.test.ts" name="SCENE_NARRATION_SCHEMA &gt; accepts all valid scene kinds" time="0.0009253">
        </testcase>
        <testcase classname="tests/features/analytics-theater/lib/narrate.test.ts" name="narrateScenes — basic invocation &gt; calls generateStructured with the correct schema and returns kind→narration map" time="0.0723564">
        </testcase>
        <testcase classname="tests/features/analytics-theater/lib/narrate.test.ts" name="narrateScenes — basic invocation &gt; passes SCENE_NARRATION_SCHEMA as the schema argument" time="0.0010041">
        </testcase>
        <testcase classname="tests/features/analytics-theater/lib/narrate.test.ts" name="narrateScenes — basic invocation &gt; passes signal from deps to generateStructured" time="0.0022983">
        </testcase>
        <testcase classname="tests/features/analytics-theater/lib/narrate.test.ts" name="narrateScenes — basic invocation &gt; passes undefined signal when not provided in deps" time="0.0008391">
        </testcase>
        <testcase classname="tests/features/analytics-theater/lib/narrate.test.ts" name="narrateScenes — basic invocation &gt; returns an empty map when result.scenes is empty" time="0.0006046">
        </testcase>
        <testcase classname="tests/features/analytics-theater/lib/narrate.test.ts" name="narrateScenes — prompt construction &gt; includes dataset name and row count in the prompt" time="0.0059003">
        </testcase>
        <testcase classname="tests/features/analytics-theater/lib/narrate.test.ts" name="narrateScenes — prompt construction &gt; uses &apos;none&apos; for dateColumn when null (nullish coalescing)" time="0.00073">
        </testcase>
        <testcase classname="tests/features/analytics-theater/lib/narrate.test.ts" name="narrateScenes — prompt construction &gt; uses actual dateColumn when not null" time="0.0024623">
        </testcase>
        <testcase classname="tests/features/analytics-theater/lib/narrate.test.ts" name="narrateScenes — prompt construction &gt; uses &apos;row counts&apos; for measureColumn when null (nullish coalescing)" time="0.0008273">
        </testcase>
        <testcase classname="tests/features/analytics-theater/lib/narrate.test.ts" name="narrateScenes — prompt construction &gt; uses actual measureColumn when not null" time="0.0004805">
        </testcase>
        <testcase classname="tests/features/analytics-theater/lib/narrate.test.ts" name="narrateScenes — prompt construction &gt; uses &apos;none&apos; for categoryColumn when null (nullish coalescing)" time="0.0004261">
        </testcase>
        <testcase classname="tests/features/analytics-theater/lib/narrate.test.ts" name="narrateScenes — prompt construction &gt; uses actual categoryColumn when not null" time="0.0003675">
        </testcase>
        <testcase classname="tests/features/analytics-theater/lib/narrate.test.ts" name="narrateScenes — prompt construction &gt; uses &apos;none&apos; for textColumn when null (nullish coalescing)" time="0.0004166">
        </testcase>
        <testcase classname="tests/features/analytics-theater/lib/narrate.test.ts" name="narrateScenes — prompt construction &gt; uses actual textColumn when not null" time="0.0003826">
        </testcase>
        <testcase classname="tests/features/analytics-theater/lib/narrate.test.ts" name="narrateScenes — prompt construction &gt; includes each scene kind and its subtitle in the prompt" time="0.001916">
        </testcase>
        <testcase classname="tests/features/analytics-theater/lib/narrate.test.ts" name="narrateScenes — prompt construction &gt; builds scene list from all six scene kinds" time="0.0015026">
        </testcase>
        <testcase classname="tests/features/analytics-theater/lib/narrate.test.ts" name="narrateScenes — prompt construction &gt; includes all required prompt configuration fields" time="0.0022926">
        </testcase>
        <testcase classname="tests/features/analytics-theater/lib/narrate.test.ts" name="narrateScenes — result mapping &gt; maps each scene entry to its kind as key and narration as value" time="0.0007374">
        </testcase>
        <testcase classname="tests/features/analytics-theater/lib/narrate.test.ts" name="narrateScenes — result mapping &gt; last scene with same kind overwrites earlier entries in the map" time="0.0007283">
        </testcase>
        <testcase classname="tests/features/analytics-theater/lib/narrate.test.ts" name="narrateScenes — result mapping &gt; handles all six scene kinds returned from generateStructured" time="0.0007202">
        </testcase>
        <testcase classname="tests/features/analytics-theater/lib/narrate.test.ts" name="narrateScenes — all optional columns null &gt; builds a valid prompt when all optional columns are null" time="0.0013723">
        </testcase>
        <testcase classname="tests/features/analytics-theater/lib/narrate.test.ts" name="narrateScenes — error propagation &gt; rejects when generateStructured rejects (no swallowing)" time="0.0105745">
        </testcase>
        <testcase classname="tests/features/analytics-theater/lib/narrate.test.ts" name="narrateScenes — error propagation &gt; rejects when generateStructured rejects with abort signal" time="0.0089365">
        </testcase>
        <testcase classname="tests/features/analytics-theater/lib/narrate.test.ts" name="narrateScenes — sceneDefinition subtitle integration &gt; includes the canonical subtitle from sceneDefinition in the scene list" time="0.0038961">
        </testcase>
        <testcase classname="tests/features/analytics-theater/lib/narrate.test.ts" name="narrateScenes — sceneDefinition subtitle integration &gt; includes the calendar scene&apos;s canonical subtitle" time="0.0012902">
        </testcase>
        <testcase classname="tests/features/analytics-theater/lib/narrate.test.ts" name="narrateScenes — sceneDefinition subtitle integration &gt; builds an empty scene list when sceneKinds is empty" time="0.00208">
        </testcase>
        <testcase classname="tests/features/analytics-theater/lib/narrate.test.ts" name="narrateScenes — sceneDefinition subtitle integration &gt; formats row count with locale separator" time="0.0010996">
        </testcase>
    </testsuite>
    <testsuite name="tests/features/analytics-theater/lib/option-builders.test.ts" timestamp="2026-06-25T18:28:25.491Z" hostname="Desktop" tests="40" failures="0" errors="0" skipped="0" time="0.1255216">
        <testcase classname="tests/features/analytics-theater/lib/option-builders.test.ts" name="buildCalendarOption &gt; keeps only points whose date year matches the requested year" time="0.013772">
        </testcase>
        <testcase classname="tests/features/analytics-theater/lib/option-builders.test.ts" name="buildCalendarOption &gt; returns min=0 and max=0 when no rows match the year (Infinity guard)" time="0.002204">
        </testcase>
        <testcase classname="tests/features/analytics-theater/lib/option-builders.test.ts" name="buildCalendarOption &gt; returns min=0 and max=0 for a completely empty input" time="0.0038409">
        </testcase>
        <testcase classname="tests/features/analytics-theater/lib/option-builders.test.ts" name="buildCalendarOption &gt; drops rows with an empty / null date (asStr → &apos;&apos; is falsy)" time="0.0015116">
        </testcase>
        <testcase classname="tests/features/analytics-theater/lib/option-builders.test.ts" name="buildCalendarOption &gt; handles negative and zero values for the visual range" time="0.0008781">
        </testcase>
        <testcase classname="tests/features/analytics-theater/lib/option-builders.test.ts" name="buildCalendarOption &gt; coerces non-finite measure values to 0 via asNum" time="0.00392">
        </testcase>
        <testcase classname="tests/features/analytics-theater/lib/option-builders.test.ts" name="buildCalendarOption &gt; matches the year against the first 4 chars of the string (not numeric parsing)" time="0.0010669">
        </testcase>
        <testcase classname="tests/features/analytics-theater/lib/option-builders.test.ts" name="buildCalendarOption &gt; uses the configured heatmap palette and dark theme scaffolding" time="0.002002">
        </testcase>
        <testcase classname="tests/features/analytics-theater/lib/option-builders.test.ts" name="buildCalendarOption &gt; tooltip formatter renders the date and a formatted value" time="0.0501443">
        </testcase>
        <testcase classname="tests/features/analytics-theater/lib/option-builders.test.ts" name="buildSankeyOption &gt; builds decorated source/target nodes and links and sums the total" time="0.0019351">
        </testcase>
        <testcase classname="tests/features/analytics-theater/lib/option-builders.test.ts" name="buildSankeyOption &gt; assigns palette colors sequentially across sources then targets" time="0.0005883">
        </testcase>
        <testcase classname="tests/features/analytics-theater/lib/option-builders.test.ts" name="buildSankeyOption &gt; skips rows with missing source, missing target, or non-positive value" time="0.0005622">
        </testcase>
        <testcase classname="tests/features/analytics-theater/lib/option-builders.test.ts" name="buildSankeyOption &gt; deduplicates repeated source/target names into a single node each" time="0.0004342">
        </testcase>
        <testcase classname="tests/features/analytics-theater/lib/option-builders.test.ts" name="buildSankeyOption &gt; returns an empty graph and total=0 for empty input" time="0.0005259">
        </testcase>
        <testcase classname="tests/features/analytics-theater/lib/option-builders.test.ts" name="buildSankeyOption &gt; coerces a typed-array measure cell to its first element (DuckDB WASM shape)" time="0.0004835">
        </testcase>
        <testcase classname="tests/features/analytics-theater/lib/option-builders.test.ts" name="buildGanttOption &gt; maps each row to [hour, categoryIndex, value] and reports the row count" time="0.0011316">
        </testcase>
        <testcase classname="tests/features/analytics-theater/lib/option-builders.test.ts" name="buildGanttOption &gt; truncates fractional hours toward zero" time="0.0004199">
        </testcase>
        <testcase classname="tests/features/analytics-theater/lib/option-builders.test.ts" name="buildGanttOption &gt; rejects hours outside the 0..23 range (boundaries inclusive)" time="0.000468">
        </testcase>
        <testcase classname="tests/features/analytics-theater/lib/option-builders.test.ts" name="buildGanttOption &gt; drops rows with an empty category" time="0.0012911">
        </testcase>
        <testcase classname="tests/features/analytics-theater/lib/option-builders.test.ts" name="buildGanttOption &gt; sets visualMap.max to the largest value seen" time="0.0004941">
        </testcase>
        <testcase classname="tests/features/analytics-theater/lib/option-builders.test.ts" name="buildGanttOption &gt; falls back to visualMap.max=1 when max is 0 (avoids a zero-range scale)" time="0.0003654">
        </testcase>
        <testcase classname="tests/features/analytics-theater/lib/option-builders.test.ts" name="buildGanttOption &gt; uses max=1 for empty input and produces a 24-hour x-axis" time="0.0005431">
        </testcase>
        <testcase classname="tests/features/analytics-theater/lib/option-builders.test.ts" name="buildGanttOption &gt; preserves first-seen category ordering even when rows arrive interleaved" time="0.0005771">
        </testcase>
        <testcase classname="tests/features/analytics-theater/lib/option-builders.test.ts" name="buildRaceFinalOption &gt; aggregates values per category and sorts ascending by total" time="0.0012547">
        </testcase>
        <testcase classname="tests/features/analytics-theater/lib/option-builders.test.ts" name="buildRaceFinalOption &gt; keeps the y-axis category order in lockstep with the sorted bar data" time="0.0021579">
        </testcase>
        <testcase classname="tests/features/analytics-theater/lib/option-builders.test.ts" name="buildRaceFinalOption &gt; assigns sequential palette colors by sorted position" time="0.0008256">
        </testcase>
        <testcase classname="tests/features/analytics-theater/lib/option-builders.test.ts" name="buildRaceFinalOption &gt; skips rows with an empty category" time="0.0007408">
        </testcase>
        <testcase classname="tests/features/analytics-theater/lib/option-builders.test.ts" name="buildRaceFinalOption &gt; returns empty axis/series for empty input" time="0.0006365">
        </testcase>
        <testcase classname="tests/features/analytics-theater/lib/option-builders.test.ts" name="buildRaceFinalOption &gt; treats a missing v as 0 (asNum(undefined) → 0) and still records the category" time="0.0005426">
        </testcase>
        <testcase classname="tests/features/analytics-theater/lib/option-builders.test.ts" name="buildRaceFinalOption &gt; sums negative contributions correctly" time="0.0003843">
        </testcase>
        <testcase classname="tests/features/analytics-theater/lib/option-builders.test.ts" name="buildRaceFinalOption &gt; formats axis + label values through fmtCompact (fr-FR compact)" time="0.0024817">
        </testcase>
        <testcase classname="tests/features/analytics-theater/lib/option-builders.test.ts" name="buildSunburstOption &gt; builds a two-level hierarchy sorted by L1 total descending" time="0.0023095">
        </testcase>
        <testcase classname="tests/features/analytics-theater/lib/option-builders.test.ts" name="buildSunburstOption &gt; uses a leaf value (not children) when no L2 is present" time="0.0007129">
        </testcase>
        <testcase classname="tests/features/analytics-theater/lib/option-builders.test.ts" name="buildSunburstOption &gt; excludes the literal string &apos;null&apos; as an L2 child" time="0.0008877">
        </testcase>
        <testcase classname="tests/features/analytics-theater/lib/option-builders.test.ts" name="buildSunburstOption &gt; aggregates repeated L2 values within the same L1" time="0.0037331">
        </testcase>
        <testcase classname="tests/features/analytics-theater/lib/option-builders.test.ts" name="buildSunburstOption &gt; skips rows with empty L1 or non-positive value" time="0.00088">
        </testcase>
        <testcase classname="tests/features/analytics-theater/lib/option-builders.test.ts" name="buildSunburstOption &gt; returns an empty data array for empty input" time="0.0005166">
        </testcase>
        <testcase classname="tests/features/analytics-theater/lib/option-builders.test.ts" name="buildSunburstOption &gt; gives an L1 node and all its children the same palette color" time="0.0008711">
        </testcase>
        <testcase classname="tests/features/analytics-theater/lib/option-builders.test.ts" name="buildSunburstOption &gt; treats an L1 with only excluded L2 cells as a leaf (children empty → value)" time="0.0006559">
        </testcase>
        <testcase classname="tests/features/analytics-theater/lib/option-builders.test.ts" name="seriesColor palette wrap (used by every builder) &gt; wraps indices modulo the palette length" time="0.0007449">
        </testcase>
    </testsuite>
    <testsuite name="tests/features/analytics-theater/lib/queries.test.ts" timestamp="2026-06-25T18:28:25.496Z" hostname="Desktop" tests="71" failures="0" errors="0" skipped="0" time="0.1145281">
        <testcase classname="tests/features/analytics-theater/lib/queries.test.ts" name="buildCalendarSql &gt; returns null when no date role is present" time="0.0067936">
        </testcase>
        <testcase classname="tests/features/analytics-theater/lib/queries.test.ts" name="buildCalendarSql &gt; returns a SceneSql with COUNT(*) measure when no measure column is assigned" time="0.0081814">
        </testcase>
        <testcase classname="tests/features/analytics-theater/lib/queries.test.ts" name="buildCalendarSql &gt; uses SUM of the measure column when a measure is provided" time="0.0008133">
        </testcase>
        <testcase classname="tests/features/analytics-theater/lib/queries.test.ts" name="buildCalendarSql &gt; quotes the view name and date column name correctly" time="0.0003895">
        </testcase>
        <testcase classname="tests/features/analytics-theater/lib/queries.test.ts" name="buildCalendarSql &gt; wraps the date column in TRY_CAST(... AS DATE)" time="0.000267">
        </testcase>
        <testcase classname="tests/features/analytics-theater/lib/queries.test.ts" name="buildCalendarSql &gt; filters out null dates with WHERE d IS NOT NULL" time="0.0006801">
        </testcase>
        <testcase classname="tests/features/analytics-theater/lib/queries.test.ts" name="buildCalendarSql &gt; groups by 1 and orders by 1 for a proper time series" time="0.0004801">
        </testcase>
        <testcase classname="tests/features/analytics-theater/lib/queries.test.ts" name="buildCalendarSql &gt; escapes double-quotes in column names" time="0.0005179">
        </testcase>
        <testcase classname="tests/features/analytics-theater/lib/queries.test.ts" name="buildRaceSql &gt; returns null when date role is missing" time="0.0013767">
        </testcase>
        <testcase classname="tests/features/analytics-theater/lib/queries.test.ts" name="buildRaceSql &gt; returns null when category role is missing" time="0.000467">
        </testcase>
        <testcase classname="tests/features/analytics-theater/lib/queries.test.ts" name="buildRaceSql &gt; returns null when both date and category are missing" time="0.0002734">
        </testcase>
        <testcase classname="tests/features/analytics-theater/lib/queries.test.ts" name="buildRaceSql &gt; builds a valid CTE-based query when date and category are present (no measure)" time="0.0006265">
        </testcase>
        <testcase classname="tests/features/analytics-theater/lib/queries.test.ts" name="buildRaceSql &gt; uses SUM of measure when a measure column is provided" time="0.0003728">
        </testcase>
        <testcase classname="tests/features/analytics-theater/lib/queries.test.ts" name="buildRaceSql &gt; restricts to top-N categories via the ranked CTE and IN subquery" time="0.0070913">
        </testcase>
        <testcase classname="tests/features/analytics-theater/lib/queries.test.ts" name="buildRaceSql &gt; groups and orders by date then category" time="0.0037537">
        </testcase>
        <testcase classname="tests/features/analytics-theater/lib/queries.test.ts" name="buildRaceSql &gt; quotes view name with spaces correctly" time="0.0026656">
        </testcase>
        <testcase classname="tests/features/analytics-theater/lib/queries.test.ts" name="buildSankeySql &gt; returns null when category role is missing" time="0.0011535">
        </testcase>
        <testcase classname="tests/features/analytics-theater/lib/queries.test.ts" name="buildSankeySql &gt; returns null when category2 role is missing" time="0.0004015">
        </testcase>
        <testcase classname="tests/features/analytics-theater/lib/queries.test.ts" name="buildSankeySql &gt; returns null when both category and category2 are absent" time="0.000278">
        </testcase>
        <testcase classname="tests/features/analytics-theater/lib/queries.test.ts" name="buildSankeySql &gt; builds a flow query with COUNT(*) when no measure is present" time="0.0005765">
        </testcase>
        <testcase classname="tests/features/analytics-theater/lib/queries.test.ts" name="buildSankeySql &gt; uses SUM of measure when a measure column is provided" time="0.0003613">
        </testcase>
        <testcase classname="tests/features/analytics-theater/lib/queries.test.ts" name="buildSankeySql &gt; includes HAVING to filter zero-valued flows" time="0.0003595">
        </testcase>
        <testcase classname="tests/features/analytics-theater/lib/queries.test.ts" name="buildSankeySql &gt; orders by value descending and caps at 200 rows" time="0.004181">
        </testcase>
        <testcase classname="tests/features/analytics-theater/lib/queries.test.ts" name="buildSankeySql &gt; filters rows where either column is NULL" time="0.0009321">
        </testcase>
        <testcase classname="tests/features/analytics-theater/lib/queries.test.ts" name="buildGanttSql &gt; returns null when date role is missing" time="0.0005231">
        </testcase>
        <testcase classname="tests/features/analytics-theater/lib/queries.test.ts" name="buildGanttSql &gt; returns null when category role is missing" time="0.0003235">
        </testcase>
        <testcase classname="tests/features/analytics-theater/lib/queries.test.ts" name="buildGanttSql &gt; returns null when both date and category are missing" time="0.0002131">
        </testcase>
        <testcase classname="tests/features/analytics-theater/lib/queries.test.ts" name="buildGanttSql &gt; builds a CTE that restricts to top 10 categories (no measure)" time="0.0023152">
        </testcase>
        <testcase classname="tests/features/analytics-theater/lib/queries.test.ts" name="buildGanttSql &gt; uses SUM of measure when a measure column is provided" time="0.0005762">
        </testcase>
        <testcase classname="tests/features/analytics-theater/lib/queries.test.ts" name="buildGanttSql &gt; casts the date column to TIMESTAMP (not DATE) to extract the hour" time="0.0004132">
        </testcase>
        <testcase classname="tests/features/analytics-theater/lib/queries.test.ts" name="buildGanttSql &gt; groups and orders by category then hour (1, 2)" time="0.0003242">
        </testcase>
        <testcase classname="tests/features/analytics-theater/lib/queries.test.ts" name="buildWordCloudSql &gt; returns null when text role is missing" time="0.0009814">
        </testcase>
        <testcase classname="tests/features/analytics-theater/lib/queries.test.ts" name="buildWordCloudSql &gt; builds a tokenisation query using regexp_split_to_array" time="0.0006921">
        </testcase>
        <testcase classname="tests/features/analytics-theater/lib/queries.test.ts" name="buildWordCloudSql &gt; lowercases and trims tokens using lower(trim(regexp_replace(...)))" time="0.000617">
        </testcase>
        <testcase classname="tests/features/analytics-theater/lib/queries.test.ts" name="buildWordCloudSql &gt; filters tokens shorter than 3 characters" time="0.0004297">
        </testcase>
        <testcase classname="tests/features/analytics-theater/lib/queries.test.ts" name="buildWordCloudSql &gt; excludes common English and French stop-words" time="0.0004683">
        </testcase>
        <testcase classname="tests/features/analytics-theater/lib/queries.test.ts" name="buildWordCloudSql &gt; orders by count descending and limits to 80 words" time="0.0006216">
        </testcase>
        <testcase classname="tests/features/analytics-theater/lib/queries.test.ts" name="buildWordCloudSql &gt; quotes the text column name in the generated SQL" time="0.0006792">
        </testcase>
        <testcase classname="tests/features/analytics-theater/lib/queries.test.ts" name="buildSunburstSql &gt; returns null when category role is missing" time="0.000661">
        </testcase>
        <testcase classname="tests/features/analytics-theater/lib/queries.test.ts" name="buildSunburstSql &gt; returns a flat (single-level) query when only category is present" time="0.0006459">
        </testcase>
        <testcase classname="tests/features/analytics-theater/lib/queries.test.ts" name="buildSunburstSql &gt; includes HAVING &gt; 0 and ORDER BY v DESC in the flat query" time="0.0009127">
        </testcase>
        <testcase classname="tests/features/analytics-theater/lib/queries.test.ts" name="buildSunburstSql &gt; uses COUNT(*) in the flat query when no measure is provided" time="0.0010377">
        </testcase>
        <testcase classname="tests/features/analytics-theater/lib/queries.test.ts" name="buildSunburstSql &gt; uses SUM(measure) in the flat query when measure is provided" time="0.0004927">
        </testcase>
        <testcase classname="tests/features/analytics-theater/lib/queries.test.ts" name="buildSunburstSql &gt; returns a two-level query when both category and category2 are present" time="0.0020346">
        </testcase>
        <testcase classname="tests/features/analytics-theater/lib/queries.test.ts" name="buildSunburstSql &gt; uses SUM(measure) in the two-level query when measure is provided" time="0.000672">
        </testcase>
        <testcase classname="tests/features/analytics-theater/lib/queries.test.ts" name="buildSunburstSql &gt; uses COUNT(*) in the two-level query when no measure is provided" time="0.0017302">
        </testcase>
        <testcase classname="tests/features/analytics-theater/lib/queries.test.ts" name="buildSunburstSql &gt; groups by 1, 2 and orders by v DESC in the two-level query" time="0.0007003">
        </testcase>
        <testcase classname="tests/features/analytics-theater/lib/queries.test.ts" name="asStr &gt; returns empty string for null" time="0.0036399">
        </testcase>
        <testcase classname="tests/features/analytics-theater/lib/queries.test.ts" name="asStr &gt; returns empty string for undefined" time="0.0003822">
        </testcase>
        <testcase classname="tests/features/analytics-theater/lib/queries.test.ts" name="asStr &gt; converts a string to a trimmed string" time="0.0002728">
        </testcase>
        <testcase classname="tests/features/analytics-theater/lib/queries.test.ts" name="asStr &gt; returns empty string for a whitespace-only string" time="0.0002342">
        </testcase>
        <testcase classname="tests/features/analytics-theater/lib/queries.test.ts" name="asStr &gt; converts a number to its string representation" time="0.0002937">
        </testcase>
        <testcase classname="tests/features/analytics-theater/lib/queries.test.ts" name="asStr &gt; converts 0 to &apos;0&apos;" time="0.0002491">
        </testcase>
        <testcase classname="tests/features/analytics-theater/lib/queries.test.ts" name="asStr &gt; converts false to &apos;false&apos;" time="0.0001898">
        </testcase>
        <testcase classname="tests/features/analytics-theater/lib/queries.test.ts" name="asStr &gt; converts a plain object to its [object Object] string" time="0.0012072">
        </testcase>
        <testcase classname="tests/features/analytics-theater/lib/queries.test.ts" name="asStr &gt; trims leading and trailing spaces from non-null values" time="0.0045927">
        </testcase>
        <testcase classname="tests/features/analytics-theater/lib/queries.test.ts" name="asStr &gt; handles an empty string gracefully (returns empty string)" time="0.0004689">
        </testcase>
        <testcase classname="tests/features/analytics-theater/lib/queries.test.ts" name="asNum &gt; returns 0 for null" time="0.0054584">
        </testcase>
        <testcase classname="tests/features/analytics-theater/lib/queries.test.ts" name="asNum &gt; returns 0 for undefined" time="0.0005241">
        </testcase>
        <testcase classname="tests/features/analytics-theater/lib/queries.test.ts" name="asNum &gt; returns the number unchanged for a plain finite number" time="0.00068">
        </testcase>
        <testcase classname="tests/features/analytics-theater/lib/queries.test.ts" name="asNum &gt; returns 0 for NaN" time="0.0010525">
        </testcase>
        <testcase classname="tests/features/analytics-theater/lib/queries.test.ts" name="asNum &gt; returns 0 for Infinity" time="0.0003991">
        </testcase>
        <testcase classname="tests/features/analytics-theater/lib/queries.test.ts" name="asNum &gt; returns 0 for -Infinity" time="0.000322">
        </testcase>
        <testcase classname="tests/features/analytics-theater/lib/queries.test.ts" name="asNum &gt; coerces a numeric string to a number" time="0.0005836">
        </testcase>
        <testcase classname="tests/features/analytics-theater/lib/queries.test.ts" name="asNum &gt; returns 0 for a non-numeric string" time="0.005876">
        </testcase>
        <testcase classname="tests/features/analytics-theater/lib/queries.test.ts" name="asNum &gt; coerces a BigInt to a number" time="0.0075239">
        </testcase>
        <testcase classname="tests/features/analytics-theater/lib/queries.test.ts" name="asNum &gt; unwraps a typed array (Float64Array) by taking the first element" time="0.0005396">
        </testcase>
        <testcase classname="tests/features/analytics-theater/lib/queries.test.ts" name="asNum &gt; unwraps a Uint32Array typed array by taking the first element" time="0.0017163">
        </testcase>
        <testcase classname="tests/features/analytics-theater/lib/queries.test.ts" name="asNum &gt; returns 0 for an empty typed array (first element is undefined → NaN → 0)" time="0.0005115">
        </testcase>
        <testcase classname="tests/features/analytics-theater/lib/queries.test.ts" name="asNum &gt; handles negative numbers" time="0.0004183">
        </testcase>
        <testcase classname="tests/features/analytics-theater/lib/queries.test.ts" name="asNum &gt; handles zero correctly" time="0.0003204">
        </testcase>
    </testsuite>
    <testsuite name="tests/features/analytics-theater/lib/scene-export.test.ts" timestamp="2026-06-25T18:28:25.506Z" hostname="Desktop" tests="37" failures="0" errors="0" skipped="0" time="0.2349166">
        <testcase classname="tests/features/analytics-theater/lib/scene-export.test.ts" name="exportTheater — proxy unavailability &gt; throws when the export proxy is null (worker unavailable)" time="0.0188929">
        </testcase>
        <testcase classname="tests/features/analytics-theater/lib/scene-export.test.ts" name="exportTheater — empty scenes array &gt; builds a doc with zero sections and calls pptx on the proxy" time="0.0188167">
        </testcase>
        <testcase classname="tests/features/analytics-theater/lib/scene-export.test.ts" name="exportTheater — empty scenes array &gt; falls back to &apos;Analytics Theater&apos; when name is empty" time="0.0046238">
        </testcase>
        <testcase classname="tests/features/analytics-theater/lib/scene-export.test.ts" name="exportTheater — empty scenes array &gt; calls pdf when kind is pdf" time="0.0014736">
        </testcase>
        <testcase classname="tests/features/analytics-theater/lib/scene-export.test.ts" name="exportTheater — calendar scene &gt; runs a DuckDB query, rasterizes the option, and produces a chart entry" time="0.0033485">
        </testcase>
        <testcase classname="tests/features/analytics-theater/lib/scene-export.test.ts" name="exportTheater — calendar scene &gt; handles null roles.date gracefully (SQL builder returns null → empty rows, option still built)" time="0.0010705">
        </testcase>
        <testcase classname="tests/features/analytics-theater/lib/scene-export.test.ts" name="exportTheater — calendar scene &gt; produces no chart when chart proxy is null" time="0.0052553">
        </testcase>
        <testcase classname="tests/features/analytics-theater/lib/scene-export.test.ts" name="exportTheater — calendar scene &gt; produces no chart when renderToSVGString throws" time="0.0059732">
        </testcase>
        <testcase classname="tests/features/analytics-theater/lib/scene-export.test.ts" name="exportTheater — calendar scene &gt; produces no chart when renderToSVGString returns null" time="0.003475">
        </testcase>
        <testcase classname="tests/features/analytics-theater/lib/scene-export.test.ts" name="exportTheater — calendar scene with year fallback &gt; falls back to current year when the last row has no date value" time="0.0086197">
        </testcase>
        <testcase classname="tests/features/analytics-theater/lib/scene-export.test.ts" name="exportTheater — race scene &gt; runs query and produces a chart" time="0.0022583">
        </testcase>
        <testcase classname="tests/features/analytics-theater/lib/scene-export.test.ts" name="exportTheater — race scene &gt; skips DB when required roles are missing (but option still built from empty rows)" time="0.0168855">
        </testcase>
        <testcase classname="tests/features/analytics-theater/lib/scene-export.test.ts" name="exportTheater — sankey scene &gt; runs query and produces a chart" time="0.0048246">
        </testcase>
        <testcase classname="tests/features/analytics-theater/lib/scene-export.test.ts" name="exportTheater — sankey scene &gt; skips DB when category or category2 is missing (option still built from empty rows)" time="0.0033955">
        </testcase>
        <testcase classname="tests/features/analytics-theater/lib/scene-export.test.ts" name="exportTheater — gantt scene &gt; runs query and produces a chart" time="0.0039815">
        </testcase>
        <testcase classname="tests/features/analytics-theater/lib/scene-export.test.ts" name="exportTheater — gantt scene &gt; skips DB when date or category is missing (option still built from empty rows)" time="0.0022269">
        </testcase>
        <testcase classname="tests/features/analytics-theater/lib/scene-export.test.ts" name="exportTheater — sunburst scene &gt; runs query and produces a chart" time="0.0078873">
        </testcase>
        <testcase classname="tests/features/analytics-theater/lib/scene-export.test.ts" name="exportTheater — sunburst scene &gt; skips DB when category is missing (option still built from empty rows)" time="0.0055363">
        </testcase>
        <testcase classname="tests/features/analytics-theater/lib/scene-export.test.ts" name="exportTheater — wordcloud scene &gt; surfaces top 20 tokens as a table section, no chart" time="0.0019996">
        </testcase>
        <testcase classname="tests/features/analytics-theater/lib/scene-export.test.ts" name="exportTheater — wordcloud scene &gt; omits narration unshift when narration is empty string" time="0.001237">
        </testcase>
        <testcase classname="tests/features/analytics-theater/lib/scene-export.test.ts" name="exportTheater — wordcloud scene &gt; uses narrationRow when query returns no rows (empty extraRows)" time="0.0009144">
        </testcase>
        <testcase classname="tests/features/analytics-theater/lib/scene-export.test.ts" name="exportTheater — wordcloud scene &gt; skips DB when text role is missing" time="0.0060401">
        </testcase>
        <testcase classname="tests/features/analytics-theater/lib/scene-export.test.ts" name="exportTheater — narration fallback &gt; uses &apos;—&apos; when scene narration is empty" time="0.0242526">
        </testcase>
        <testcase classname="tests/features/analytics-theater/lib/scene-export.test.ts" name="exportTheater — DuckDB error recovery &gt; returns empty rows (no crash) when runReadOnlyQuery rejects" time="0.009873">
        </testcase>
        <testcase classname="tests/features/analytics-theater/lib/scene-export.test.ts" name="exportTheater — multi-scene document &gt; accumulates all sections and charts from multiple scenes" time="0.0035586">
        </testcase>
        <testcase classname="tests/features/analytics-theater/lib/scene-export.test.ts" name="exportTheater — multi-scene document &gt; sets correct subtitle with scene count" time="0.0048217">
        </testcase>
        <testcase classname="tests/features/analytics-theater/lib/scene-export.test.ts" name="exportTheater — multi-scene document &gt; uses paperSize a4" time="0.0014817">
        </testcase>
        <testcase classname="tests/features/analytics-theater/lib/scene-export.test.ts" name="exportTheater — file name sanitization &gt; sanitizes special characters in the theater name for the file name" time="0.0071838">
        </testcase>
        <testcase classname="tests/features/analytics-theater/lib/scene-export.test.ts" name="exportTheater — file name sanitization &gt; falls back to &apos;analytics-theater&apos; when name is empty for the file name" time="0.0065956">
        </testcase>
        <testcase classname="tests/features/analytics-theater/lib/scene-export.test.ts" name="exportTheater — file name sanitization &gt; passes pdf kind to saveBytes for pdf exports" time="0.0050461">
        </testcase>
        <testcase classname="tests/features/analytics-theater/lib/scene-export.test.ts" name="exportTheater — saveBytes result propagation &gt; returns whatever saveBytes resolves to" time="0.0029124">
        </testcase>
        <testcase classname="tests/features/analytics-theater/lib/scene-export.test.ts" name="exportTheater — all scene kinds with null SQL (empty roles) &gt; scene kind &quot;calendar&quot; with empty roles: no DB call, section present, chart rendered from empty-rows option" time="0.0030305">
        </testcase>
        <testcase classname="tests/features/analytics-theater/lib/scene-export.test.ts" name="exportTheater — all scene kinds with null SQL (empty roles) &gt; scene kind &quot;race&quot; with empty roles: no DB call, section present, chart rendered from empty-rows option" time="0.0025321">
        </testcase>
        <testcase classname="tests/features/analytics-theater/lib/scene-export.test.ts" name="exportTheater — all scene kinds with null SQL (empty roles) &gt; scene kind &quot;sankey&quot; with empty roles: no DB call, section present, chart rendered from empty-rows option" time="0.0013852">
        </testcase>
        <testcase classname="tests/features/analytics-theater/lib/scene-export.test.ts" name="exportTheater — all scene kinds with null SQL (empty roles) &gt; scene kind &quot;gantt&quot; with empty roles: no DB call, section present, chart rendered from empty-rows option" time="0.0013301">
        </testcase>
        <testcase classname="tests/features/analytics-theater/lib/scene-export.test.ts" name="exportTheater — all scene kinds with null SQL (empty roles) &gt; scene kind &quot;sunburst&quot; with empty roles: no DB call, section present, chart rendered from empty-rows option" time="0.0052912">
        </testcase>
        <testcase classname="tests/features/analytics-theater/lib/scene-export.test.ts" name="exportTheater — all scene kinds with null SQL (empty roles) &gt; scene kind &apos;wordcloud&apos; with empty roles: no DB call, narration section, no chart" time="0.0018315">
        </testcase>
    </testsuite>
    <testsuite name="tests/features/analytics-theater/lib/use-active-dataset.test.ts" timestamp="2026-06-25T18:28:25.510Z" hostname="Desktop" tests="22" failures="0" errors="0" skipped="0" time="0.2858182">
        <testcase classname="tests/features/analytics-theater/lib/use-active-dataset.test.ts" name="useActiveDataset &gt; returns null fields and ready=false when no datasets exist" time="0.0709598">
        </testcase>
        <testcase classname="tests/features/analytics-theater/lib/use-active-dataset.test.ts" name="useActiveDataset &gt; returns empty roles when no datasets exist" time="0.0061836">
        </testcase>
        <testcase classname="tests/features/analytics-theater/lib/use-active-dataset.test.ts" name="useActiveDataset &gt; resolves the dataset matching activeDatasetId" time="0.0073956">
        </testcase>
        <testcase classname="tests/features/analytics-theater/lib/use-active-dataset.test.ts" name="useActiveDataset &gt; returns ready=true and the view when the active dataset has a viewName" time="0.0054258">
        </testcase>
        <testcase classname="tests/features/analytics-theater/lib/use-active-dataset.test.ts" name="useActiveDataset &gt; falls back to tableName when viewName is an empty string" time="0.0069787">
        </testcase>
        <testcase classname="tests/features/analytics-theater/lib/use-active-dataset.test.ts" name="useActiveDataset &gt; returns view=null and ready=false when both viewName and tableName are empty" time="0.0063262">
        </testcase>
        <testcase classname="tests/features/analytics-theater/lib/use-active-dataset.test.ts" name="useActiveDataset &gt; returns the rowCount from the active dataset" time="0.0058322">
        </testcase>
        <testcase classname="tests/features/analytics-theater/lib/use-active-dataset.test.ts" name="useActiveDataset &gt; falls back to datasets[0] when activeDatasetId is null" time="0.0048542">
        </testcase>
        <testcase classname="tests/features/analytics-theater/lib/use-active-dataset.test.ts" name="useActiveDataset &gt; falls back to datasets[0] when activeDatasetId does not match any dataset" time="0.0056389">
        </testcase>
        <testcase classname="tests/features/analytics-theater/lib/use-active-dataset.test.ts" name="useActiveDataset &gt; detects numeric columns in roles" time="0.0186346">
        </testcase>
        <testcase classname="tests/features/analytics-theater/lib/use-active-dataset.test.ts" name="useActiveDataset &gt; detects a date column in roles" time="0.012106">
        </testcase>
        <testcase classname="tests/features/analytics-theater/lib/use-active-dataset.test.ts" name="useActiveDataset &gt; returns null roles when dataset has no columns" time="0.0248604">
        </testcase>
        <testcase classname="tests/features/analytics-theater/lib/use-active-dataset.test.ts" name="useActiveDataset &gt; updates the returned context when the store changes" time="0.0083023">
            <system-err>
An update to TestComponent inside a test was not wrapped in act(...).

When testing, code that causes React state updates should be wrapped into act(...):

act(() =&gt; {
  /* fire events that update state */
});
/* assert on the output */

This ensures that you&apos;re testing the behavior the user would see in the browser. Learn more at https://react.dev/link/wrap-tests-with-act
An update to TestComponent inside a test was not wrapped in act(...).

When testing, code that causes React state updates should be wrapped into act(...):

act(() =&gt; {
  /* fire events that update state */
});
/* assert on the output */

This ensures that you&apos;re testing the behavior the user would see in the browser. Learn more at https://react.dev/link/wrap-tests-with-act

            </system-err>
        </testcase>
        <testcase classname="tests/features/analytics-theater/lib/use-active-dataset.test.ts" name="useActiveDataset &gt; uses viewName when both viewName and tableName are set" time="0.009613">
        </testcase>
        <testcase classname="tests/features/analytics-theater/lib/use-active-dataset.test.ts" name="useActiveDataset &gt; returns view=null when dataset is undefined (empty store)" time="0.0117835">
        </testcase>
        <testcase classname="tests/features/analytics-theater/lib/use-active-dataset.test.ts" name="useActiveDataset &gt; returns rowCount=0 when dataset is undefined" time="0.0102778">
        </testcase>
        <testcase classname="tests/features/analytics-theater/lib/use-active-dataset.test.ts" name="useActiveDataset &gt; returns datasetId=null when dataset is undefined" time="0.006815">
        </testcase>
        <testcase classname="tests/features/analytics-theater/lib/use-active-dataset.test.ts" name="useActiveDataset &gt; returns name=null when dataset is undefined" time="0.004546">
        </testcase>
        <testcase classname="tests/features/analytics-theater/lib/use-active-dataset.test.ts" name="useActiveDataset &gt; returns the same object reference across re-renders when datasets/activeDatasetId are unchanged" time="0.0117962">
        </testcase>
        <testcase classname="tests/features/analytics-theater/lib/use-active-dataset.test.ts" name="useActiveDataset &gt; returns a new object reference when activeDatasetId changes" time="0.0113901">
            <system-err>
An update to TestComponent inside a test was not wrapped in act(...).

When testing, code that causes React state updates should be wrapped into act(...):

act(() =&gt; {
  /* fire events that update state */
});
/* assert on the output */

This ensures that you&apos;re testing the behavior the user would see in the browser. Learn more at https://react.dev/link/wrap-tests-with-act

            </system-err>
        </testcase>
        <testcase classname="tests/features/analytics-theater/lib/use-active-dataset.test.ts" name="useActiveDataset &gt; uses tableName as view when viewName is not set (empty string)" time="0.0051618">
        </testcase>
        <testcase classname="tests/features/analytics-theater/lib/use-active-dataset.test.ts" name="useActiveDataset &gt; marks ready=false when the resolved view is null" time="0.0123346">
        </testcase>
    </testsuite>
    <testsuite name="tests/features/csv-parser/lib/draft-store.test.ts" timestamp="2026-06-25T18:28:25.514Z" hostname="Desktop" tests="28" failures="0" errors="0" skipped="0" time="0.4191661">
        <testcase classname="tests/features/csv-parser/lib/draft-store.test.ts" name="saveDraft / loadDraft / clearDraft &gt; saveDraft &gt; persists a valid draft to OPFS and the stored JSON is parseable" time="0.0704883">
        </testcase>
        <testcase classname="tests/features/csv-parser/lib/draft-store.test.ts" name="saveDraft / loadDraft / clearDraft &gt; saveDraft &gt; stamps the correct version (DRAFT_VERSION = 1) onto every save" time="0.0064423">
        </testcase>
        <testcase classname="tests/features/csv-parser/lib/draft-store.test.ts" name="saveDraft / loadDraft / clearDraft &gt; saveDraft &gt; sets savedAt to a recent epoch timestamp" time="0.0014009">
        </testcase>
        <testcase classname="tests/features/csv-parser/lib/draft-store.test.ts" name="saveDraft / loadDraft / clearDraft &gt; saveDraft &gt; persists colConfigs array in the stored JSON" time="0.0338543">
        </testcase>
        <testcase classname="tests/features/csv-parser/lib/draft-store.test.ts" name="saveDraft / loadDraft / clearDraft &gt; saveDraft &gt; persists datasetName in the stored JSON" time="0.0081649">
        </testcase>
        <testcase classname="tests/features/csv-parser/lib/draft-store.test.ts" name="saveDraft / loadDraft / clearDraft &gt; saveDraft &gt; does nothing when OPFS is unavailable" time="0.0069075">
        </testcase>
        <testcase classname="tests/features/csv-parser/lib/draft-store.test.ts" name="saveDraft / loadDraft / clearDraft &gt; saveDraft &gt; does nothing when rawText exceeds 4 MB (best-effort guard)" time="0.0015397">
        </testcase>
        <testcase classname="tests/features/csv-parser/lib/draft-store.test.ts" name="saveDraft / loadDraft / clearDraft &gt; saveDraft &gt; allows rawText that is exactly 4 MB (boundary is exclusive)" time="0.1395652">
        </testcase>
        <testcase classname="tests/features/csv-parser/lib/draft-store.test.ts" name="saveDraft / loadDraft / clearDraft &gt; saveDraft &gt; swallows errors from OPFS gracefully (does not throw)" time="0.0230196">
        </testcase>
        <testcase classname="tests/features/csv-parser/lib/draft-store.test.ts" name="saveDraft / loadDraft / clearDraft &gt; saveDraft &gt; does nothing when navigator.storage.getDirectory is not a function" time="0.008248">
        </testcase>
        <testcase classname="tests/features/csv-parser/lib/draft-store.test.ts" name="saveDraft / loadDraft / clearDraft &gt; loadDraft &gt; returns null when OPFS is unavailable" time="0.0015288">
        </testcase>
        <testcase classname="tests/features/csv-parser/lib/draft-store.test.ts" name="saveDraft / loadDraft / clearDraft &gt; loadDraft &gt; returns null when no draft file exists" time="0.0056138">
        </testcase>
        <testcase classname="tests/features/csv-parser/lib/draft-store.test.ts" name="saveDraft / loadDraft / clearDraft &gt; loadDraft &gt; returns a valid CsvDraft when a correct draft exists" time="0.0156892">
        </testcase>
        <testcase classname="tests/features/csv-parser/lib/draft-store.test.ts" name="saveDraft / loadDraft / clearDraft &gt; loadDraft &gt; returns null when the stored JSON has the wrong version" time="0.0038691">
        </testcase>
        <testcase classname="tests/features/csv-parser/lib/draft-store.test.ts" name="saveDraft / loadDraft / clearDraft &gt; loadDraft &gt; returns null when rawText is missing (not a string)" time="0.0024691">
        </testcase>
        <testcase classname="tests/features/csv-parser/lib/draft-store.test.ts" name="saveDraft / loadDraft / clearDraft &gt; loadDraft &gt; returns null when the stored JSON is corrupt (invalid JSON)" time="0.0021064">
        </testcase>
        <testcase classname="tests/features/csv-parser/lib/draft-store.test.ts" name="saveDraft / loadDraft / clearDraft &gt; loadDraft &gt; returns null when the parsed object has no version field" time="0.0014746">
        </testcase>
        <testcase classname="tests/features/csv-parser/lib/draft-store.test.ts" name="saveDraft / loadDraft / clearDraft &gt; loadDraft &gt; round-trips colConfigs faithfully" time="0.0030691">
        </testcase>
        <testcase classname="tests/features/csv-parser/lib/draft-store.test.ts" name="saveDraft / loadDraft / clearDraft &gt; loadDraft &gt; returns null when OPFS getDirectory throws" time="0.0048023">
        </testcase>
        <testcase classname="tests/features/csv-parser/lib/draft-store.test.ts" name="saveDraft / loadDraft / clearDraft &gt; clearDraft &gt; removes the draft file from OPFS" time="0.0058735">
        </testcase>
        <testcase classname="tests/features/csv-parser/lib/draft-store.test.ts" name="saveDraft / loadDraft / clearDraft &gt; clearDraft &gt; does nothing when OPFS is unavailable" time="0.0017035">
        </testcase>
        <testcase classname="tests/features/csv-parser/lib/draft-store.test.ts" name="saveDraft / loadDraft / clearDraft &gt; clearDraft &gt; does not throw when there is no draft to clear" time="0.0050902">
        </testcase>
        <testcase classname="tests/features/csv-parser/lib/draft-store.test.ts" name="saveDraft / loadDraft / clearDraft &gt; clearDraft &gt; does not throw when OPFS getDirectory throws" time="0.0051299">
        </testcase>
        <testcase classname="tests/features/csv-parser/lib/draft-store.test.ts" name="saveDraft / loadDraft / clearDraft &gt; clearDraft &gt; allows loadDraft to return null after clearDraft" time="0.0082035">
        </testcase>
        <testcase classname="tests/features/csv-parser/lib/draft-store.test.ts" name="saveDraft / loadDraft / clearDraft &gt; CsvDraft interface shape &gt; round-trips all boolean flags (hasHeader, skipEmpty, trimWS)" time="0.0079909">
        </testcase>
        <testcase classname="tests/features/csv-parser/lib/draft-store.test.ts" name="saveDraft / loadDraft / clearDraft &gt; CsvDraft interface shape &gt; round-trips various delimiter characters" time="0.0040014">
        </testcase>
        <testcase classname="tests/features/csv-parser/lib/draft-store.test.ts" name="saveDraft / loadDraft / clearDraft &gt; CsvDraft interface shape &gt; round-trips an empty colConfigs array" time="0.0091235">
        </testcase>
        <testcase classname="tests/features/csv-parser/lib/draft-store.test.ts" name="saveDraft / loadDraft / clearDraft &gt; CsvDraft interface shape &gt; round-trips an empty rawText string" time="0.0062233">
        </testcase>
    </testsuite>
    <testsuite name="tests/features/csv-parser/lib/filter.test.ts" timestamp="2026-06-25T18:28:25.517Z" hostname="Desktop" tests="48" failures="0" errors="0" skipped="0" time="0.0268791">
        <testcase classname="tests/features/csv-parser/lib/filter.test.ts" name="compileFilter — empty / unrecognized expression &gt; returns null for an empty string" time="0.0036455">
        </testcase>
        <testcase classname="tests/features/csv-parser/lib/filter.test.ts" name="compileFilter — empty / unrecognized expression &gt; returns null for a whitespace-only string" time="0.0005132">
        </testcase>
        <testcase classname="tests/features/csv-parser/lib/filter.test.ts" name="compileFilter — empty / unrecognized expression &gt; returns null for an expression that matches no known pattern" time="0.000667">
        </testcase>
        <testcase classname="tests/features/csv-parser/lib/filter.test.ts" name="compileFilter — empty / unrecognized expression &gt; returns null for an expression without a column name" time="0.0004541">
        </testcase>
        <testcase classname="tests/features/csv-parser/lib/filter.test.ts" name="compileFilter — equality operator (=) &gt; returns a predicate (not null) for a valid = expression" time="0.0009052">
        </testcase>
        <testcase classname="tests/features/csv-parser/lib/filter.test.ts" name="compileFilter — equality operator (=) &gt; = matches a row whose column value equals the target (case-insensitive)" time="0.0004646">
        </testcase>
        <testcase classname="tests/features/csv-parser/lib/filter.test.ts" name="compileFilter — equality operator (=) &gt; = rejects a row whose column value does not match" time="0.0002715">
        </testcase>
        <testcase classname="tests/features/csv-parser/lib/filter.test.ts" name="compileFilter — equality operator (=) &gt; = treats a missing column as empty string and matches against empty target" time="0.0002892">
        </testcase>
        <testcase classname="tests/features/csv-parser/lib/filter.test.ts" name="compileFilter — equality operator (=) &gt; = with a missing column key treats value as undefined → empty string" time="0.0002789">
        </testcase>
        <testcase classname="tests/features/csv-parser/lib/filter.test.ts" name="compileFilter — equality operator (=) &gt; = with null value coerces to empty string comparison" time="0.0002035">
        </testcase>
        <testcase classname="tests/features/csv-parser/lib/filter.test.ts" name="compileFilter — equality operator (=) &gt; = with quoted string target strips the quotes" time="0.0003398">
        </testcase>
        <testcase classname="tests/features/csv-parser/lib/filter.test.ts" name="compileFilter — equality operator (=) &gt; = with double-quoted target strips the quotes" time="0.0003396">
        </testcase>
        <testcase classname="tests/features/csv-parser/lib/filter.test.ts" name="compileFilter — equality operator (=) &gt; = comparison is case-insensitive on both sides" time="0.0003282">
        </testcase>
        <testcase classname="tests/features/csv-parser/lib/filter.test.ts" name="compileFilter — inequality operator (!=) &gt; != matches a row whose value differs from the target" time="0.0002703">
        </testcase>
        <testcase classname="tests/features/csv-parser/lib/filter.test.ts" name="compileFilter — inequality operator (!=) &gt; != is case-insensitive" time="0.0002507">
        </testcase>
        <testcase classname="tests/features/csv-parser/lib/filter.test.ts" name="compileFilter — inequality operator (!=) &gt; != with missing column (undefined) coerces to empty string" time="0.0001676">
        </testcase>
        <testcase classname="tests/features/csv-parser/lib/filter.test.ts" name="compileFilter — inequality operator (!=) &gt; != with null value coerces to empty string" time="0.0001677">
        </testcase>
        <testcase classname="tests/features/csv-parser/lib/filter.test.ts" name="compileFilter — greater-than operator (&gt;) &gt; &gt; returns true when row value exceeds the numeric target" time="0.0002718">
        </testcase>
        <testcase classname="tests/features/csv-parser/lib/filter.test.ts" name="compileFilter — greater-than operator (&gt;) &gt; &gt; works when the row value is a numeric string" time="0.0002063">
        </testcase>
        <testcase classname="tests/features/csv-parser/lib/filter.test.ts" name="compileFilter — greater-than operator (&gt;) &gt; &gt; returns false when row value is NaN (non-numeric string)" time="0.0001567">
        </testcase>
        <testcase classname="tests/features/csv-parser/lib/filter.test.ts" name="compileFilter — greater-than operator (&gt;) &gt; &gt; with non-numeric target returns true (targetIsNumber is false → early return true)" time="0.0001831">
        </testcase>
        <testcase classname="tests/features/csv-parser/lib/filter.test.ts" name="compileFilter — less-than operator (&lt;) &gt; &lt; returns true when row value is below the numeric target" time="0.000263">
        </testcase>
        <testcase classname="tests/features/csv-parser/lib/filter.test.ts" name="compileFilter — less-than operator (&lt;) &gt; &lt; with string-encoded numeric value in row" time="0.0002034">
        </testcase>
        <testcase classname="tests/features/csv-parser/lib/filter.test.ts" name="compileFilter — less-than operator (&lt;) &gt; &lt; returns false for non-numeric row value" time="0.000233">
        </testcase>
        <testcase classname="tests/features/csv-parser/lib/filter.test.ts" name="compileFilter — greater-than-or-equal operator (&gt;=) &gt; &gt;= returns true when row value equals the target" time="0.0003653">
        </testcase>
        <testcase classname="tests/features/csv-parser/lib/filter.test.ts" name="compileFilter — greater-than-or-equal operator (&gt;=) &gt; &gt;= with string-encoded row value" time="0.0002978">
        </testcase>
        <testcase classname="tests/features/csv-parser/lib/filter.test.ts" name="compileFilter — greater-than-or-equal operator (&gt;=) &gt; &gt;= returns false for non-numeric row value" time="0.0002105">
        </testcase>
        <testcase classname="tests/features/csv-parser/lib/filter.test.ts" name="compileFilter — less-than-or-equal operator (&lt;=) &gt; &lt;= returns true when row value equals the target" time="0.0003086">
        </testcase>
        <testcase classname="tests/features/csv-parser/lib/filter.test.ts" name="compileFilter — less-than-or-equal operator (&lt;=) &gt; &lt;= with string-encoded row value" time="0.0003183">
        </testcase>
        <testcase classname="tests/features/csv-parser/lib/filter.test.ts" name="compileFilter — less-than-or-equal operator (&lt;=) &gt; &lt;= returns false for non-numeric row value" time="0.000258">
        </testcase>
        <testcase classname="tests/features/csv-parser/lib/filter.test.ts" name="compileFilter — LIKE pattern (%needle%) &gt; LIKE returns a non-null predicate for a valid LIKE expression" time="0.0002882">
        </testcase>
        <testcase classname="tests/features/csv-parser/lib/filter.test.ts" name="compileFilter — LIKE pattern (%needle%) &gt; LIKE matches when the column value contains the substring" time="0.0003317">
        </testcase>
        <testcase classname="tests/features/csv-parser/lib/filter.test.ts" name="compileFilter — LIKE pattern (%needle%) &gt; LIKE is case-insensitive" time="0.0003233">
        </testcase>
        <testcase classname="tests/features/csv-parser/lib/filter.test.ts" name="compileFilter — LIKE pattern (%needle%) &gt; LIKE returns false when the column value does not contain the substring" time="0.0002627">
        </testcase>
        <testcase classname="tests/features/csv-parser/lib/filter.test.ts" name="compileFilter — LIKE pattern (%needle%) &gt; LIKE is case-insensitive on the keyword itself (LIKE vs like)" time="0.0002757">
        </testcase>
        <testcase classname="tests/features/csv-parser/lib/filter.test.ts" name="compileFilter — LIKE pattern (%needle%) &gt; LIKE with missing column coerces undefined to empty string" time="0.0002327">
        </testcase>
        <testcase classname="tests/features/csv-parser/lib/filter.test.ts" name="compileFilter — LIKE pattern (%needle%) &gt; LIKE with null column value coerces to empty string" time="0.0002767">
        </testcase>
        <testcase classname="tests/features/csv-parser/lib/filter.test.ts" name="compileFilter — LIKE pattern (%needle%) &gt; LIKE matches a numeric value when converted to string" time="0.0002719">
        </testcase>
        <testcase classname="tests/features/csv-parser/lib/filter.test.ts" name="compileFilter — LIKE pattern (%needle%) &gt; LIKE with empty substring (%) matches everything" time="0.0001954">
        </testcase>
        <testcase classname="tests/features/csv-parser/lib/filter.test.ts" name="compileFilter — numeric target edge cases &gt; treats a quoted numeric target as a number for comparison" time="0.000281">
        </testcase>
        <testcase classname="tests/features/csv-parser/lib/filter.test.ts" name="compileFilter — numeric target edge cases &gt; empty target string makes targetIsNumber false (target === &apos;&apos; guard)" time="0.0002875">
        </testcase>
        <testcase classname="tests/features/csv-parser/lib/filter.test.ts" name="compileFilter — numeric target edge cases &gt; float target parses correctly for comparison" time="0.000275">
        </testcase>
        <testcase classname="tests/features/csv-parser/lib/filter.test.ts" name="compileFilter — numeric target edge cases &gt; negative numeric target works correctly" time="0.0003063">
        </testcase>
        <testcase classname="tests/features/csv-parser/lib/filter.test.ts" name="compileFilter — numeric target edge cases &gt; row value that is already a number is used directly (not re-parsed)" time="0.000325">
        </testcase>
        <testcase classname="tests/features/csv-parser/lib/filter.test.ts" name="compileFilter — whitespace handling &gt; trims leading/trailing whitespace from the overall expression" time="0.000806">
        </testcase>
        <testcase classname="tests/features/csv-parser/lib/filter.test.ts" name="compileFilter — whitespace handling &gt; handles extra spaces around the operator in compare expressions" time="0.0005556">
        </testcase>
        <testcase classname="tests/features/csv-parser/lib/filter.test.ts" name="exported types — compile-time usage smoke &gt; RowRecord accepts arbitrary string-keyed values" time="0.0004095">
        </testcase>
        <testcase classname="tests/features/csv-parser/lib/filter.test.ts" name="exported types — compile-time usage smoke &gt; RowPredicate is callable and returns boolean" time="0.000329">
        </testcase>
    </testsuite>
    <testsuite name="tests/features/csv-parser/lib/profile.test.ts" timestamp="2026-06-25T18:28:25.522Z" hostname="Desktop" tests="53" failures="0" errors="0" skipped="0" time="0.0871108">
        <testcase classname="tests/features/csv-parser/lib/profile.test.ts" name="detectType &gt; returns &apos;string&apos; for an empty column (total === 0)" time="0.0097947">
        </testcase>
        <testcase classname="tests/features/csv-parser/lib/profile.test.ts" name="detectType &gt; returns &apos;string&apos; when every value is nullish (all skipped → total 0)" time="0.006413">
        </testcase>
        <testcase classname="tests/features/csv-parser/lib/profile.test.ts" name="detectType &gt; detects a clean numeric column" time="0.0035914">
        </testcase>
        <testcase classname="tests/features/csv-parser/lib/profile.test.ts" name="detectType &gt; treats comma-grouped numbers as numeric (commas are stripped)" time="0.0007958">
        </testcase>
        <testcase classname="tests/features/csv-parser/lib/profile.test.ts" name="detectType &gt; accepts numeric values passed as real numbers, not strings" time="0.0004435">
        </testcase>
        <testcase classname="tests/features/csv-parser/lib/profile.test.ts" name="detectType &gt; classifies [1,2,3,4] as &apos;string&apos; because &apos;1&apos; is a boolean token" time="0.0003069">
        </testcase>
        <testcase classname="tests/features/csv-parser/lib/profile.test.ts" name="detectType &gt; does NOT count &apos;0&apos; and &apos;1&apos; as numbers because they are boolean tokens (checked first)" time="0.0038525">
        </testcase>
        <testcase classname="tests/features/csv-parser/lib/profile.test.ts" name="detectType &gt; detects a boolean column from word tokens (true/false/yes/no/oui/non)" time="0.0010357">
        </testcase>
        <testcase classname="tests/features/csv-parser/lib/profile.test.ts" name="detectType &gt; is case-insensitive for boolean tokens" time="0.0012619">
        </testcase>
        <testcase classname="tests/features/csv-parser/lib/profile.test.ts" name="detectType &gt; detects ISO (yyyy-mm-dd) dates" time="0.0007797">
        </testcase>
        <testcase classname="tests/features/csv-parser/lib/profile.test.ts" name="detectType &gt; detects slash (dd/mm/yyyy) dates" time="0.0014387">
        </testcase>
        <testcase classname="tests/features/csv-parser/lib/profile.test.ts" name="detectType &gt; falls back to &apos;string&apos; for free text" time="0.0004438">
        </testcase>
        <testcase classname="tests/features/csv-parser/lib/profile.test.ts" name="detectType &gt; uses a strict &gt; 0.85 threshold: exactly 0.85 numeric stays &apos;string&apos;" time="0.0029939">
        </testcase>
        <testcase classname="tests/features/csv-parser/lib/profile.test.ts" name="detectType &gt; crosses the threshold just above 0.85 → &apos;number&apos;" time="0.0005622">
        </testcase>
        <testcase classname="tests/features/csv-parser/lib/profile.test.ts" name="detectType &gt; ignores nullish cells when computing the ratio (they are not part of total)" time="0.0004377">
        </testcase>
        <testcase classname="tests/features/csv-parser/lib/profile.test.ts" name="detectType &gt; treats whitespace-only strings as non-numeric and non-date (trimmed to &apos;&apos;)" time="0.0003094">
        </testcase>
        <testcase classname="tests/features/csv-parser/lib/profile.test.ts" name="detectType &gt; does NOT count &apos;Infinity&apos; as numeric because detection lowercases first" time="0.0002148">
        </testcase>
        <testcase classname="tests/features/csv-parser/lib/profile.test.ts" name="detectType &gt; returns &apos;string&apos; for a mixed column where no single type dominates" time="0.0004484">
        </testcase>
        <testcase classname="tests/features/csv-parser/lib/profile.test.ts" name="castValue &gt; returns null for null / undefined / empty-string regardless of type" time="0.002602">
        </testcase>
        <testcase classname="tests/features/csv-parser/lib/profile.test.ts" name="castValue &gt; casts a numeric string to a number" time="0.0008275">
        </testcase>
        <testcase classname="tests/features/csv-parser/lib/profile.test.ts" name="castValue &gt; casts a negative / decimal numeric string" time="0.0008588">
        </testcase>
        <testcase classname="tests/features/csv-parser/lib/profile.test.ts" name="castValue &gt; strips commas before parsing a number" time="0.0003318">
        </testcase>
        <testcase classname="tests/features/csv-parser/lib/profile.test.ts" name="castValue &gt; trims surrounding whitespace before numeric parsing" time="0.0002619">
        </testcase>
        <testcase classname="tests/features/csv-parser/lib/profile.test.ts" name="castValue &gt; returns null for a non-numeric string under type &apos;number&apos;" time="0.0002425">
        </testcase>
        <testcase classname="tests/features/csv-parser/lib/profile.test.ts" name="castValue &gt; returns Infinity for &apos;Infinity&apos; under type &apos;number&apos; (Number parses it)" time="0.0002313">
        </testcase>
        <testcase classname="tests/features/csv-parser/lib/profile.test.ts" name="castValue &gt; casts true-tokens to true (case-insensitive)" time="0.0003237">
        </testcase>
        <testcase classname="tests/features/csv-parser/lib/profile.test.ts" name="castValue &gt; casts false-tokens to false (case-insensitive)" time="0.0004885">
        </testcase>
        <testcase classname="tests/features/csv-parser/lib/profile.test.ts" name="castValue &gt; returns null for an unrecognized boolean token" time="0.0006339">
        </testcase>
        <testcase classname="tests/features/csv-parser/lib/profile.test.ts" name="castValue &gt; casts a valid ISO date to yyyy-mm-dd (UTC-stable input)" time="0.0009385">
        </testcase>
        <testcase classname="tests/features/csv-parser/lib/profile.test.ts" name="castValue &gt; returns a 10-char yyyy-mm-dd string for a parseable date" time="0.0021345">
        </testcase>
        <testcase classname="tests/features/csv-parser/lib/profile.test.ts" name="castValue &gt; returns the original (trimmed) text when the date is unparseable" time="0.0004392">
        </testcase>
        <testcase classname="tests/features/csv-parser/lib/profile.test.ts" name="castValue &gt; trims the text before returning it on an unparseable date" time="0.0003731">
        </testcase>
        <testcase classname="tests/features/csv-parser/lib/profile.test.ts" name="castValue &gt; returns the trimmed text for type &apos;string&apos;" time="0.0002815">
        </testcase>
        <testcase classname="tests/features/csv-parser/lib/profile.test.ts" name="castValue &gt; stringifies a non-string value under type &apos;string&apos;" time="0.0002447">
        </testcase>
        <testcase classname="tests/features/csv-parser/lib/profile.test.ts" name="castValue &gt; does not strip commas for type &apos;string&apos;" time="0.0002164">
        </testcase>
        <testcase classname="tests/features/csv-parser/lib/profile.test.ts" name="profileColumn &gt; returns a base profile with zero stats for an all-null column" time="0.0038175">
        </testcase>
        <testcase classname="tests/features/csv-parser/lib/profile.test.ts" name="profileColumn &gt; returns an empty base profile for an empty column" time="0.0009231">
        </testcase>
        <testcase classname="tests/features/csv-parser/lib/profile.test.ts" name="profileColumn &gt; counts nulls and distinct string values" time="0.0006254">
        </testcase>
        <testcase classname="tests/features/csv-parser/lib/profile.test.ts" name="profileColumn &gt; treats only null/undefined/&apos;&apos; as null — &apos;0&apos; and false-ish text are real values" time="0.0004177">
        </testcase>
        <testcase classname="tests/features/csv-parser/lib/profile.test.ts" name="profileColumn &gt; does NOT collect numeric stats when type is not &apos;number&apos; even if values are numbers" time="0.0007247">
        </testcase>
        <testcase classname="tests/features/csv-parser/lib/profile.test.ts" name="profileColumn &gt; does NOT collect numeric stats for string-encoded numbers under a &apos;number&apos; type" time="0.000632">
        </testcase>
        <testcase classname="tests/features/csv-parser/lib/profile.test.ts" name="profileColumn &gt; computes numeric stats over actual numbers (population stdev)" time="0.0031647">
        </testcase>
        <testcase classname="tests/features/csv-parser/lib/profile.test.ts" name="profileColumn &gt; computes the median of an even-length set as the midpoint average" time="0.002292">
        </testcase>
        <testcase classname="tests/features/csv-parser/lib/profile.test.ts" name="profileColumn &gt; sorts before computing min/max even when input is unordered" time="0.0016311">
        </testcase>
        <testcase classname="tests/features/csv-parser/lib/profile.test.ts" name="profileColumn &gt; handles negative and fractional numbers" time="0.0007684">
        </testcase>
        <testcase classname="tests/features/csv-parser/lib/profile.test.ts" name="profileColumn &gt; sets stdev to 0 for a single numeric value (length === 1 short-circuit)" time="0.0006427">
        </testcase>
        <testcase classname="tests/features/csv-parser/lib/profile.test.ts" name="profileColumn &gt; ignores nulls inside a numeric column when computing stats" time="0.001099">
        </testcase>
        <testcase classname="tests/features/csv-parser/lib/profile.test.ts" name="profileColumn &gt; produces a single-bucket histogram when all numbers are equal (lo === hi)" time="0.0010712">
        </testcase>
        <testcase classname="tests/features/csv-parser/lib/profile.test.ts" name="profileColumn &gt; buckets a numeric range and conserves the total count across bins" time="0.001875">
        </testcase>
        <testcase classname="tests/features/csv-parser/lib/profile.test.ts" name="profileColumn &gt; places the maximum value in the last bucket (clamped index)" time="0.0013718">
        </testcase>
        <testcase classname="tests/features/csv-parser/lib/profile.test.ts" name="profileColumn &gt; caps the histogram at 24 buckets for large numeric columns" time="0.0011164">
        </testcase>
        <testcase classname="tests/features/csv-parser/lib/profile.test.ts" name="profileColumn &gt; BUG: throws when a numeric column contains NaN (histogram index is NaN)" time="0.0040868">
        </testcase>
        <testcase classname="tests/features/csv-parser/lib/profile.test.ts" name="profileColumn &gt; carries the provided name and type through onto the profile" time="0.0005783">
        </testcase>
    </testsuite>
    <testsuite name="tests/features/analytics-theater/model/scene.test.ts" timestamp="2026-06-25T18:28:25.528Z" hostname="Desktop" tests="42" failures="0" errors="0" skipped="0" time="0.0319337">
        <testcase classname="tests/features/analytics-theater/model/scene.test.ts" name="SCENE_DEFINITIONS &gt; contains exactly 6 scene entries" time="0.0051705">
        </testcase>
        <testcase classname="tests/features/analytics-theater/model/scene.test.ts" name="SCENE_DEFINITIONS &gt; includes all expected SceneKind values in order" time="0.001967">
        </testcase>
        <testcase classname="tests/features/analytics-theater/model/scene.test.ts" name="SCENE_DEFINITIONS &gt; every entry has a non-empty label and subtitle" time="0.001107">
        </testcase>
        <testcase classname="tests/features/analytics-theater/model/scene.test.ts" name="SCENE_DEFINITIONS &gt; calendar entry has correct label and subtitle" time="0.0010546">
        </testcase>
        <testcase classname="tests/features/analytics-theater/model/scene.test.ts" name="SCENE_DEFINITIONS &gt; race entry has correct label and subtitle" time="0.0005565">
        </testcase>
        <testcase classname="tests/features/analytics-theater/model/scene.test.ts" name="SCENE_DEFINITIONS &gt; sankey entry has correct label and subtitle" time="0.0004853">
        </testcase>
        <testcase classname="tests/features/analytics-theater/model/scene.test.ts" name="SCENE_DEFINITIONS &gt; gantt entry has correct label and subtitle" time="0.0003988">
        </testcase>
        <testcase classname="tests/features/analytics-theater/model/scene.test.ts" name="SCENE_DEFINITIONS &gt; wordcloud entry has correct label and subtitle" time="0.0003765">
        </testcase>
        <testcase classname="tests/features/analytics-theater/model/scene.test.ts" name="SCENE_DEFINITIONS &gt; sunburst entry has correct label and subtitle" time="0.0004222">
        </testcase>
        <testcase classname="tests/features/analytics-theater/model/scene.test.ts" name="sceneDefinition &gt; returns the matching definition when kind is &apos;calendar&apos;" time="0.0004946">
        </testcase>
        <testcase classname="tests/features/analytics-theater/model/scene.test.ts" name="sceneDefinition &gt; returns the matching definition when kind is &apos;race&apos;" time="0.0002824">
        </testcase>
        <testcase classname="tests/features/analytics-theater/model/scene.test.ts" name="sceneDefinition &gt; returns the matching definition when kind is &apos;sankey&apos;" time="0.0002065">
        </testcase>
        <testcase classname="tests/features/analytics-theater/model/scene.test.ts" name="sceneDefinition &gt; returns the matching definition when kind is &apos;gantt&apos;" time="0.0001911">
        </testcase>
        <testcase classname="tests/features/analytics-theater/model/scene.test.ts" name="sceneDefinition &gt; returns the matching definition when kind is &apos;wordcloud&apos;" time="0.0001899">
        </testcase>
        <testcase classname="tests/features/analytics-theater/model/scene.test.ts" name="sceneDefinition &gt; returns the matching definition when kind is &apos;sunburst&apos;" time="0.0002201">
        </testcase>
        <testcase classname="tests/features/analytics-theater/model/scene.test.ts" name="sceneDefinition &gt; falls back to SCENE_DEFINITIONS[0] (calendar) when kind is not found — covers ?? branch" time="0.0002369">
        </testcase>
        <testcase classname="tests/features/analytics-theater/model/scene.test.ts" name="sceneDefinition &gt; returns the same object reference as the one in SCENE_DEFINITIONS for a valid kind" time="0.0001864">
        </testcase>
        <testcase classname="tests/features/analytics-theater/model/scene.test.ts" name="newSceneId &gt; returns a string starting with &apos;scene_&apos;" time="0.0005935">
        </testcase>
        <testcase classname="tests/features/analytics-theater/model/scene.test.ts" name="newSceneId &gt; returns a string with three underscore-separated segments" time="0.0005072">
        </testcase>
        <testcase classname="tests/features/analytics-theater/model/scene.test.ts" name="newSceneId &gt; returns unique ids across multiple calls (counter increments)" time="0.0003752">
        </testcase>
        <testcase classname="tests/features/analytics-theater/model/scene.test.ts" name="newSceneId &gt; each successive id has a counter portion that is strictly greater" time="0.000312">
        </testcase>
        <testcase classname="tests/features/analytics-theater/model/scene.test.ts" name="newTheaterId &gt; returns a string starting with &apos;theater_&apos;" time="0.0004305">
        </testcase>
        <testcase classname="tests/features/analytics-theater/model/scene.test.ts" name="newTheaterId &gt; returns a string with three underscore-separated segments" time="0.000492">
        </testcase>
        <testcase classname="tests/features/analytics-theater/model/scene.test.ts" name="newTheaterId &gt; returns unique ids across multiple calls" time="0.0003532">
        </testcase>
        <testcase classname="tests/features/analytics-theater/model/scene.test.ts" name="newTheaterId &gt; each successive theater id has a counter portion greater than the previous" time="0.0002839">
        </testcase>
        <testcase classname="tests/features/analytics-theater/model/scene.test.ts" name="newTheaterId &gt; counter is shared with newSceneId so interleaved calls still produce unique values" time="0.0003126">
        </testcase>
        <testcase classname="tests/features/analytics-theater/model/scene.test.ts" name="defaultTheater &gt; returns a Theater with the provided datasetId and name" time="0.0005044">
        </testcase>
        <testcase classname="tests/features/analytics-theater/model/scene.test.ts" name="defaultTheater &gt; id starts with &apos;theater_&apos;" time="0.0003488">
        </testcase>
        <testcase classname="tests/features/analytics-theater/model/scene.test.ts" name="defaultTheater &gt; createdAt and updatedAt are set to approximately Date.now()" time="0.00043">
        </testcase>
        <testcase classname="tests/features/analytics-theater/model/scene.test.ts" name="defaultTheater &gt; createdAt and updatedAt are equal (set from the same Date.now() call)" time="0.0002419">
        </testcase>
        <testcase classname="tests/features/analytics-theater/model/scene.test.ts" name="defaultTheater &gt; scenes array length matches SCENE_DEFINITIONS length (6 scenes)" time="0.0004995">
        </testcase>
        <testcase classname="tests/features/analytics-theater/model/scene.test.ts" name="defaultTheater &gt; each scene id starts with &apos;scene_&apos;" time="0.0005375">
        </testcase>
        <testcase classname="tests/features/analytics-theater/model/scene.test.ts" name="defaultTheater &gt; each scene kind matches the corresponding SCENE_DEFINITIONS entry in order" time="0.0004722">
        </testcase>
        <testcase classname="tests/features/analytics-theater/model/scene.test.ts" name="defaultTheater &gt; each scene title maps to the definition&apos;s label" time="0.0004091">
        </testcase>
        <testcase classname="tests/features/analytics-theater/model/scene.test.ts" name="defaultTheater &gt; each scene narration maps to the definition&apos;s subtitle" time="0.0004084">
        </testcase>
        <testcase classname="tests/features/analytics-theater/model/scene.test.ts" name="defaultTheater &gt; each scene id is unique within the theater" time="0.0003043">
        </testcase>
        <testcase classname="tests/features/analytics-theater/model/scene.test.ts" name="defaultTheater &gt; different calls produce different theater ids" time="0.0006626">
        </testcase>
        <testcase classname="tests/features/analytics-theater/model/scene.test.ts" name="defaultTheater &gt; returns a Theater whose shape satisfies the Theater interface fully" time="0.0004345">
        </testcase>
        <testcase classname="tests/features/analytics-theater/model/scene.test.ts" name="defaultTheater &gt; each scene satisfies the TheaterScene interface shape" time="0.0010963">
        </testcase>
        <testcase classname="tests/features/analytics-theater/model/scene.test.ts" name="defaultTheater &gt; first scene (calendar) has the correct narration from its subtitle" time="0.000348">
        </testcase>
        <testcase classname="tests/features/analytics-theater/model/scene.test.ts" name="defaultTheater &gt; last scene (sunburst) has the correct narration from its subtitle" time="0.0002926">
        </testcase>
        <testcase classname="tests/features/analytics-theater/model/scene.test.ts" name="exported types &gt; SceneDefinition objects from SCENE_DEFINITIONS conform to the exported interface" time="0.000341">
        </testcase>
    </testsuite>
    <testsuite name="tests/features/analytics-theater/model/theater-db.test.ts" timestamp="2026-06-25T18:28:25.533Z" hostname="Desktop" tests="18" failures="0" errors="0" skipped="0" time="0.1085474">
        <testcase classname="tests/features/analytics-theater/model/theater-db.test.ts" name="theater-db &gt; requestPersistentStorage &gt; calls navigator.storage.persist() on first invocation" time="0.0652294">
        </testcase>
        <testcase classname="tests/features/analytics-theater/model/theater-db.test.ts" name="theater-db &gt; requestPersistentStorage &gt; does not call persist() again on subsequent invocations (persistRequested guard)" time="0.001996">
        </testcase>
        <testcase classname="tests/features/analytics-theater/model/theater-db.test.ts" name="theater-db &gt; requestPersistentStorage &gt; swallows errors from navigator.storage.persist() (best-effort)" time="0.003813">
        </testcase>
        <testcase classname="tests/features/analytics-theater/model/theater-db.test.ts" name="theater-db &gt; requestPersistentStorage &gt; handles navigator.storage being undefined without throwing" time="0.0015412">
        </testcase>
        <testcase classname="tests/features/analytics-theater/model/theater-db.test.ts" name="theater-db &gt; requestPersistentStorage &gt; handles navigator.storage.persist being undefined without throwing" time="0.0016661">
        </testcase>
        <testcase classname="tests/features/analytics-theater/model/theater-db.test.ts" name="theater-db &gt; db() singleton &gt; creates only one TheaterDatabase instance across multiple calls" time="0.0025744">
        </testcase>
        <testcase classname="tests/features/analytics-theater/model/theater-db.test.ts" name="theater-db &gt; saveTheater &gt; puts the theater record with an updated updatedAt timestamp" time="0.0020703">
        </testcase>
        <testcase classname="tests/features/analytics-theater/model/theater-db.test.ts" name="theater-db &gt; saveTheater &gt; spreads theater properties so original object is not mutated" time="0.0013151">
        </testcase>
        <testcase classname="tests/features/analytics-theater/model/theater-db.test.ts" name="theater-db &gt; listTheaters &gt; returns empty array immediately when datasetId is an empty string" time="0.0029321">
        </testcase>
        <testcase classname="tests/features/analytics-theater/model/theater-db.test.ts" name="theater-db &gt; listTheaters &gt; queries theaters by datasetId and returns them sorted by updatedAt descending" time="0.004018">
        </testcase>
        <testcase classname="tests/features/analytics-theater/model/theater-db.test.ts" name="theater-db &gt; listTheaters &gt; returns an empty array when no theaters exist for the dataset" time="0.0021302">
        </testcase>
        <testcase classname="tests/features/analytics-theater/model/theater-db.test.ts" name="theater-db &gt; listTheaters &gt; returns a single theater correctly without sorting issues" time="0.0028299">
        </testcase>
        <testcase classname="tests/features/analytics-theater/model/theater-db.test.ts" name="theater-db &gt; listTheaters &gt; treats a falsy but non-empty datasetId as valid (only empty string is early-return)" time="0.0019337">
        </testcase>
        <testcase classname="tests/features/analytics-theater/model/theater-db.test.ts" name="theater-db &gt; getTheater &gt; returns the theater when it exists" time="0.0016028">
        </testcase>
        <testcase classname="tests/features/analytics-theater/model/theater-db.test.ts" name="theater-db &gt; getTheater &gt; returns undefined when the theater does not exist" time="0.0012381">
        </testcase>
        <testcase classname="tests/features/analytics-theater/model/theater-db.test.ts" name="theater-db &gt; deleteTheater &gt; calls db().theaters.delete with the given id" time="0.0012096">
        </testcase>
        <testcase classname="tests/features/analytics-theater/model/theater-db.test.ts" name="theater-db &gt; deleteTheater &gt; resolves without error even when the theater does not exist" time="0.0011155">
        </testcase>
        <testcase classname="tests/features/analytics-theater/model/theater-db.test.ts" name="theater-db &gt; listTheaters sort order edge cases &gt; preserves relative order for theaters with the same updatedAt" time="0.0015175">
        </testcase>
    </testsuite>
    <testsuite name="tests/features/dashboard-home/lib/generic-overview.test.ts" timestamp="2026-06-25T18:28:25.534Z" hostname="Desktop" tests="43" failures="0" errors="0" skipped="0" time="0.0513418">
        <testcase classname="tests/features/dashboard-home/lib/generic-overview.test.ts" name="buildGenericOverview — empty dataset &gt; returns zeroed aggregates and null charts when SUMMARIZE yields no columns" time="0.0082058">
        </testcase>
        <testcase classname="tests/features/dashboard-home/lib/generic-overview.test.ts" name="buildGenericOverview — empty dataset &gt; never issues an auto-chart query when there are no usable columns" time="0.0012473">
        </testcase>
        <testcase classname="tests/features/dashboard-home/lib/generic-overview.test.ts" name="buildGenericOverview — empty dataset &gt; passes the datasetId straight through to SUMMARIZE" time="0.0028862">
        </testcase>
        <testcase classname="tests/features/dashboard-home/lib/generic-overview.test.ts" name="buildGenericOverview — column field mapping &gt; prefers column_name/column_type but falls back to name/type" time="0.0019617">
        </testcase>
        <testcase classname="tests/features/dashboard-home/lib/generic-overview.test.ts" name="buildGenericOverview — column field mapping &gt; coerces a missing name/type to the empty string" time="0.0009877">
        </testcase>
        <testcase classname="tests/features/dashboard-home/lib/generic-overview.test.ts" name="buildGenericOverview — column field mapping &gt; parses numeric stats and defaults approx_unique/null_percentage to 0" time="0.0017793">
        </testcase>
        <testcase classname="tests/features/dashboard-home/lib/generic-overview.test.ts" name="buildGenericOverview — column field mapping &gt; keeps avg/std null for non-numeric columns whose stats are absent" time="0.0007101">
        </testcase>
        <testcase classname="tests/features/dashboard-home/lib/generic-overview.test.ts" name="buildGenericOverview — column field mapping &gt; maps a NULL min/max to null (not the string &apos;null&apos;)" time="0.0005389">
        </testcase>
        <testcase classname="tests/features/dashboard-home/lib/generic-overview.test.ts" name="buildGenericOverview — column field mapping &gt; converts a bigint approx_unique via Number()" time="0.0005231">
        </testcase>
        <testcase classname="tests/features/dashboard-home/lib/generic-overview.test.ts" name="buildGenericOverview — type classification &gt; classifies the numeric family" time="0.0007041">
        </testcase>
        <testcase classname="tests/features/dashboard-home/lib/generic-overview.test.ts" name="buildGenericOverview — type classification &gt; classifies the temporal family" time="0.0005447">
        </testcase>
        <testcase classname="tests/features/dashboard-home/lib/generic-overview.test.ts" name="buildGenericOverview — type classification &gt; classifies the string/categorical family" time="0.0006675">
        </testcase>
        <testcase classname="tests/features/dashboard-home/lib/generic-overview.test.ts" name="buildGenericOverview — type classification &gt; classifies unknown types (BOOLEAN, STRUCT, MAP, INTERVAL) as &apos;other&apos;" time="0.0006452">
        </testcase>
        <testcase classname="tests/features/dashboard-home/lib/generic-overview.test.ts" name="buildGenericOverview — type classification &gt; (BUG) misclassifies an INTEGER[] array column as &apos;numeric&apos;" time="0.000433">
        </testcase>
        <testcase classname="tests/features/dashboard-home/lib/generic-overview.test.ts" name="buildGenericOverview — type classification &gt; is case-insensitive and tolerant of surrounding whitespace" time="0.0005411">
        </testcase>
        <testcase classname="tests/features/dashboard-home/lib/generic-overview.test.ts" name="buildGenericOverview — null aggregates &gt; averages nullPercentage across columns" time="0.0004482">
        </testcase>
        <testcase classname="tests/features/dashboard-home/lib/generic-overview.test.ts" name="buildGenericOverview — null aggregates &gt; computes totalNullCells as a rounded sum of per-column null cells" time="0.0004093">
        </testcase>
        <testcase classname="tests/features/dashboard-home/lib/generic-overview.test.ts" name="buildGenericOverview — null aggregates &gt; rounds totalNullCells to the nearest integer" time="0.0004764">
        </testcase>
        <testcase classname="tests/features/dashboard-home/lib/generic-overview.test.ts" name="buildGenericOverview — null aggregates &gt; yields zero null cells when rowCount is zero regardless of null %" time="0.0003422">
        </testcase>
        <testcase classname="tests/features/dashboard-home/lib/generic-overview.test.ts" name="buildGenericOverview — categorical chart selection &gt; selects a moderate-cardinality categorical column and fetches its top values" time="0.0010479">
        </testcase>
        <testcase classname="tests/features/dashboard-home/lib/generic-overview.test.ts" name="buildGenericOverview — categorical chart selection &gt; quotes the column name and the view name in the top-N SQL" time="0.0010094">
        </testcase>
        <testcase classname="tests/features/dashboard-home/lib/generic-overview.test.ts" name="buildGenericOverview — categorical chart selection &gt; skips a constant categorical column (approxUnique &lt;= 1)" time="0.0006331">
        </testcase>
        <testcase classname="tests/features/dashboard-home/lib/generic-overview.test.ts" name="buildGenericOverview — categorical chart selection &gt; skips an id-like column whose unique ratio exceeds 0.9" time="0.0003827">
        </testcase>
        <testcase classname="tests/features/dashboard-home/lib/generic-overview.test.ts" name="buildGenericOverview — categorical chart selection &gt; still considers a high-cardinality (&gt;200) column when its unique ratio is low" time="0.0004655">
        </testcase>
        <testcase classname="tests/features/dashboard-home/lib/generic-overview.test.ts" name="buildGenericOverview — categorical chart selection &gt; prefers the column closest to ~8 categories when several compete" time="0.0005394">
        </testcase>
        <testcase classname="tests/features/dashboard-home/lib/generic-overview.test.ts" name="buildGenericOverview — categorical chart selection &gt; maps a NULL label in a returned row to the em-dash placeholder" time="0.0005647">
        </testcase>
        <testcase classname="tests/features/dashboard-home/lib/generic-overview.test.ts" name="buildGenericOverview — categorical chart selection &gt; defaults a non-numeric/absent count to 0" time="0.000534">
        </testcase>
        <testcase classname="tests/features/dashboard-home/lib/generic-overview.test.ts" name="buildGenericOverview — categorical chart selection &gt; returns null topCategorical when the top-N query comes back empty" time="0.0004377">
        </testcase>
        <testcase classname="tests/features/dashboard-home/lib/generic-overview.test.ts" name="buildGenericOverview — numeric histogram &gt; builds 16 equal-width buckets spanning [min, max]" time="0.0018217">
        </testcase>
        <testcase classname="tests/features/dashboard-home/lib/generic-overview.test.ts" name="buildGenericOverview — numeric histogram &gt; places returned counts into the correct bucket index and zero-fills the rest" time="0.0008684">
        </testcase>
        <testcase classname="tests/features/dashboard-home/lib/generic-overview.test.ts" name="buildGenericOverview — numeric histogram &gt; embeds the column, view, min and computed width in the histogram SQL" time="0.0007992">
        </testcase>
        <testcase classname="tests/features/dashboard-home/lib/generic-overview.test.ts" name="buildGenericOverview — numeric histogram &gt; returns null when the numeric column has no spread (min === max)" time="0.000449">
        </testcase>
        <testcase classname="tests/features/dashboard-home/lib/generic-overview.test.ts" name="buildGenericOverview — numeric histogram &gt; ignores a numeric column whose min/max are null" time="0.0003567">
        </testcase>
        <testcase classname="tests/features/dashboard-home/lib/generic-overview.test.ts" name="buildGenericOverview — numeric histogram &gt; ignores a numeric column whose min/max are non-finite (NaN-like)" time="0.0003145">
        </testcase>
        <testcase classname="tests/features/dashboard-home/lib/generic-overview.test.ts" name="buildGenericOverview — numeric histogram &gt; returns null when every histogram bucket is empty" time="0.0003301">
        </testcase>
        <testcase classname="tests/features/dashboard-home/lib/generic-overview.test.ts" name="buildGenericOverview — numeric histogram &gt; skips bucket rows whose bucket index is null" time="0.0006095">
        </testcase>
        <testcase classname="tests/features/dashboard-home/lib/generic-overview.test.ts" name="buildGenericOverview — numeric histogram &gt; selects the FIRST numeric column with spread, skipping an earlier flat one" time="0.0005803">
        </testcase>
        <testcase classname="tests/features/dashboard-home/lib/generic-overview.test.ts" name="buildGenericOverview — numeric histogram &gt; handles a negative-to-positive range with fractional bucket boundaries" time="0.0006936">
        </testcase>
        <testcase classname="tests/features/dashboard-home/lib/generic-overview.test.ts" name="buildGenericOverview — combined &gt; returns BOTH charts and correct counts for a mixed-type dataset" time="0.0008385">
        </testcase>
        <testcase classname="tests/features/dashboard-home/lib/generic-overview.test.ts" name="buildGenericOverview — combined &gt; issues exactly two read-only queries when both charts apply" time="0.00056">
        </testcase>
        <testcase classname="tests/features/dashboard-home/lib/generic-overview.test.ts" name="buildGenericOverview — combined &gt; issues only the categorical query when there is no usable numeric column" time="0.0005771">
        </testcase>
        <testcase classname="tests/features/dashboard-home/lib/generic-overview.test.ts" name="buildGenericOverview — combined &gt; propagates a rejection from the SUMMARIZE boundary" time="0.0036491">
        </testcase>
        <testcase classname="tests/features/dashboard-home/lib/generic-overview.test.ts" name="buildGenericOverview — combined &gt; propagates a rejection from an auto-chart query" time="0.0011814">
        </testcase>
    </testsuite>
    <testsuite name="tests/features/dashboard-home/lib/insight-prompt.test.ts" timestamp="2026-06-25T18:28:25.539Z" hostname="Desktop" tests="50" failures="0" errors="0" skipped="0" time="0.2717118">
        <testcase classname="tests/features/dashboard-home/lib/insight-prompt.test.ts" name="DatasetInsightSchema &gt; accepts a fully valid insight object" time="0.0220191">
        </testcase>
        <testcase classname="tests/features/dashboard-home/lib/insight-prompt.test.ts" name="DatasetInsightSchema &gt; rejects a headline that is too short (&lt; 4 chars)" time="0.0103533">
        </testcase>
        <testcase classname="tests/features/dashboard-home/lib/insight-prompt.test.ts" name="DatasetInsightSchema &gt; rejects a headline that is too long (&gt; 120 chars)" time="0.0125795">
        </testcase>
        <testcase classname="tests/features/dashboard-home/lib/insight-prompt.test.ts" name="DatasetInsightSchema &gt; requires at least 1 observation" time="0.0057212">
        </testcase>
        <testcase classname="tests/features/dashboard-home/lib/insight-prompt.test.ts" name="DatasetInsightSchema &gt; rejects more than 4 observations" time="0.0008714">
        </testcase>
        <testcase classname="tests/features/dashboard-home/lib/insight-prompt.test.ts" name="DatasetInsightSchema &gt; rejects more than 4 dataQualityFlags" time="0.0024402">
        </testcase>
        <testcase classname="tests/features/dashboard-home/lib/insight-prompt.test.ts" name="DatasetInsightSchema &gt; accepts zero dataQualityFlags" time="0.0005953">
        </testcase>
        <testcase classname="tests/features/dashboard-home/lib/insight-prompt.test.ts" name="DatasetInsightSchema &gt; requires at least 1 suggestedNextStep" time="0.0006193">
        </testcase>
        <testcase classname="tests/features/dashboard-home/lib/insight-prompt.test.ts" name="DatasetInsightSchema &gt; rejects more than 3 suggestedNextSteps" time="0.0006004">
        </testcase>
        <testcase classname="tests/features/dashboard-home/lib/insight-prompt.test.ts" name="DatasetInsightSchema &gt; rejects an observation shorter than 4 characters" time="0.0041067">
        </testcase>
        <testcase classname="tests/features/dashboard-home/lib/insight-prompt.test.ts" name="DatasetInsightSchema &gt; rejects an observation longer than 220 characters" time="0.0087911">
        </testcase>
        <testcase classname="tests/features/dashboard-home/lib/insight-prompt.test.ts" name="DatasetInsightSchema &gt; rejects a dataQualityFlag shorter than 4 characters" time="0.0015458">
        </testcase>
        <testcase classname="tests/features/dashboard-home/lib/insight-prompt.test.ts" name="DatasetInsightSchema &gt; rejects a dataQualityFlag longer than 180 characters" time="0.0008416">
        </testcase>
        <testcase classname="tests/features/dashboard-home/lib/insight-prompt.test.ts" name="DatasetInsightSchema &gt; rejects a suggestedNextStep shorter than 4 characters" time="0.0010889">
        </testcase>
        <testcase classname="tests/features/dashboard-home/lib/insight-prompt.test.ts" name="DatasetInsightSchema &gt; rejects a suggestedNextStep longer than 180 characters" time="0.0010421">
        </testcase>
        <testcase classname="tests/features/dashboard-home/lib/insight-prompt.test.ts" name="buildDatasetInsightPrompt — system prompt &gt; returns a system string that instructs the model to use only supplied stats" time="0.1023301">
        </testcase>
        <testcase classname="tests/features/dashboard-home/lib/insight-prompt.test.ts" name="buildDatasetInsightPrompt — dataset header &gt; includes the dataset name in the prompt" time="0.0013042">
        </testcase>
        <testcase classname="tests/features/dashboard-home/lib/insight-prompt.test.ts" name="buildDatasetInsightPrompt — dataset header &gt; embeds shape counts in the prompt" time="0.0030047">
        </testcase>
        <testcase classname="tests/features/dashboard-home/lib/insight-prompt.test.ts" name="buildDatasetInsightPrompt — dataset header &gt; embeds completeness percentage derived from avgNullPercentage" time="0.0005264">
        </testcase>
        <testcase classname="tests/features/dashboard-home/lib/insight-prompt.test.ts" name="buildDatasetInsightPrompt — dataset header &gt; embeds totalNullCells with locale formatting" time="0.000408">
        </testcase>
        <testcase classname="tests/features/dashboard-home/lib/insight-prompt.test.ts" name="NUM helper (via prompt output) &gt; formats a finite integer with locale commas" time="0.000465">
        </testcase>
        <testcase classname="tests/features/dashboard-home/lib/insight-prompt.test.ts" name="NUM helper (via prompt output) &gt; renders &apos;n/a&apos; for non-finite values (NaN)" time="0.0006958">
        </testcase>
        <testcase classname="tests/features/dashboard-home/lib/insight-prompt.test.ts" name="NUM helper (via prompt output) &gt; renders &apos;n/a&apos; for Infinity" time="0.0004238">
        </testcase>
        <testcase classname="tests/features/dashboard-home/lib/insight-prompt.test.ts" name="buildDatasetInsightPrompt — column lines &gt; includes column name, type, and role in each line" time="0.0003784">
        </testcase>
        <testcase classname="tests/features/dashboard-home/lib/insight-prompt.test.ts" name="buildDatasetInsightPrompt — column lines &gt; includes approxUnique and null percentage in each line" time="0.0008939">
        </testcase>
        <testcase classname="tests/features/dashboard-home/lib/insight-prompt.test.ts" name="buildDatasetInsightPrompt — column lines &gt; adds avg and range for a numeric column with non-null avg, min, and max" time="0.0012013">
        </testcase>
        <testcase classname="tests/features/dashboard-home/lib/insight-prompt.test.ts" name="buildDatasetInsightPrompt — column lines &gt; adds avg but omits range when min or max is null for a numeric column" time="0.0009211">
        </testcase>
        <testcase classname="tests/features/dashboard-home/lib/insight-prompt.test.ts" name="buildDatasetInsightPrompt — column lines &gt; adds avg but omits range when min is present but max is null" time="0.0004855">
        </testcase>
        <testcase classname="tests/features/dashboard-home/lib/insight-prompt.test.ts" name="buildDatasetInsightPrompt — column lines &gt; adds &apos;from…to&apos; for a non-numeric column with distinct min and max" time="0.000457">
        </testcase>
        <testcase classname="tests/features/dashboard-home/lib/insight-prompt.test.ts" name="buildDatasetInsightPrompt — column lines &gt; omits &apos;from…to&apos; when min equals max for a non-numeric column" time="0.000818">
        </testcase>
        <testcase classname="tests/features/dashboard-home/lib/insight-prompt.test.ts" name="buildDatasetInsightPrompt — column lines &gt; omits &apos;from…to&apos; when min or max is null for a non-numeric column" time="0.000461">
        </testcase>
        <testcase classname="tests/features/dashboard-home/lib/insight-prompt.test.ts" name="buildDatasetInsightPrompt — column lines &gt; omits both avg and from/to for a non-numeric column with null avg and null min/max" time="0.0008941">
        </testcase>
        <testcase classname="tests/features/dashboard-home/lib/insight-prompt.test.ts" name="buildDatasetInsightPrompt — column lines &gt; omits avg/range block when role is numeric but avg is null" time="0.0019783">
        </testcase>
        <testcase classname="tests/features/dashboard-home/lib/insight-prompt.test.ts" name="buildDatasetInsightPrompt — column lines &gt; sorts columns by descending null percentage, then by descending approxUnique" time="0.004126">
        </testcase>
        <testcase classname="tests/features/dashboard-home/lib/insight-prompt.test.ts" name="buildDatasetInsightPrompt — column lines &gt; slices columns to at most 16 when more are provided" time="0.0009736">
        </testcase>
        <testcase classname="tests/features/dashboard-home/lib/insight-prompt.test.ts" name="buildDatasetInsightPrompt — column lines &gt; handles an empty columns array gracefully (no column lines)" time="0.0206078">
        </testcase>
        <testcase classname="tests/features/dashboard-home/lib/insight-prompt.test.ts" name="buildDatasetInsightPrompt — topCategorical &gt; includes top categorical values when topCategorical is present" time="0.0014662">
        </testcase>
        <testcase classname="tests/features/dashboard-home/lib/insight-prompt.test.ts" name="buildDatasetInsightPrompt — topCategorical &gt; slices topCategorical values to at most 6" time="0.0014326">
        </testcase>
        <testcase classname="tests/features/dashboard-home/lib/insight-prompt.test.ts" name="buildDatasetInsightPrompt — topCategorical &gt; produces an empty topCat string when topCategorical is null" time="0.0005555">
        </testcase>
        <testcase classname="tests/features/dashboard-home/lib/insight-prompt.test.ts" name="buildDatasetInsightPrompt — topCategorical &gt; formats count values with locale commas in topCategorical" time="0.0004705">
        </testcase>
        <testcase classname="tests/features/dashboard-home/lib/insight-prompt.test.ts" name="buildDatasetInsightPrompt — topCategorical &gt; includes the closing sentence when topCategorical is present" time="0.0029888">
        </testcase>
        <testcase classname="tests/features/dashboard-home/lib/insight-prompt.test.ts" name="buildDatasetInsightPrompt — prompt footer &gt; includes writing instructions in the prompt" time="0.0046361">
        </testcase>
        <testcase classname="tests/features/dashboard-home/lib/insight-prompt.test.ts" name="buildDatasetInsightPrompt — return shape &gt; returns an object with exactly &apos;system&apos; and &apos;prompt&apos; string fields" time="0.0031463">
        </testcase>
        <testcase classname="tests/features/dashboard-home/lib/insight-prompt.test.ts" name="buildDatasetInsightPrompt — return shape &gt; produces non-empty system and prompt strings" time="0.0016068">
        </testcase>
        <testcase classname="tests/features/dashboard-home/lib/insight-prompt.test.ts" name="buildDatasetInsightPrompt — edge cases &gt; handles a dataset with a single numeric column that has all parts (avg, min, max)" time="0.0013527">
        </testcase>
        <testcase classname="tests/features/dashboard-home/lib/insight-prompt.test.ts" name="buildDatasetInsightPrompt — edge cases &gt; handles a dataset with zero avgNullPercentage (completeness = 100%)" time="0.0010331">
        </testcase>
        <testcase classname="tests/features/dashboard-home/lib/insight-prompt.test.ts" name="buildDatasetInsightPrompt — edge cases &gt; handles a dataset with full null percentage (completeness = 0%)" time="0.0070981">
        </testcase>
        <testcase classname="tests/features/dashboard-home/lib/insight-prompt.test.ts" name="buildDatasetInsightPrompt — edge cases &gt; handles large rowCount with locale formatting" time="0.0010725">
        </testcase>
        <testcase classname="tests/features/dashboard-home/lib/insight-prompt.test.ts" name="buildDatasetInsightPrompt — edge cases &gt; formats approxUnique of 0 as &apos;~0 distinct&apos;" time="0.0004895">
        </testcase>
        <testcase classname="tests/features/dashboard-home/lib/insight-prompt.test.ts" name="buildDatasetInsightPrompt — edge cases &gt; handles exactly 16 columns without slicing any out" time="0.0031974">
        </testcase>
    </testsuite>
    <testsuite name="tests/features/dashboard-home/lib/open-app.test.ts" timestamp="2026-06-25T18:28:25.545Z" hostname="Desktop" tests="22" failures="0" errors="0" skipped="0" time="0.1281221">
        <testcase classname="tests/features/dashboard-home/lib/open-app.test.ts" name="dispatchOpenApp &gt; returns false when window is undefined" time="0.019117">
        </testcase>
        <testcase classname="tests/features/dashboard-home/lib/open-app.test.ts" name="dispatchOpenApp &gt; dispatches a &apos;desktop:open-app&apos; CustomEvent on window" time="0.0129858">
        </testcase>
        <testcase classname="tests/features/dashboard-home/lib/open-app.test.ts" name="dispatchOpenApp &gt; includes the appId and route in the event detail" time="0.0013849">
        </testcase>
        <testcase classname="tests/features/dashboard-home/lib/open-app.test.ts" name="dispatchOpenApp &gt; returns false when no listener calls preventDefault (event not claimed)" time="0.0008777">
        </testcase>
        <testcase classname="tests/features/dashboard-home/lib/open-app.test.ts" name="dispatchOpenApp &gt; returns true when a listener calls preventDefault (event claimed)" time="0.001165">
        </testcase>
        <testcase classname="tests/features/dashboard-home/lib/open-app.test.ts" name="dispatchOpenApp &gt; passes the event with cancelable: true so preventDefault is effective" time="0.0008965">
        </testcase>
        <testcase classname="tests/features/dashboard-home/lib/open-app.test.ts" name="dispatchOpenApp &gt; works for every valid DesktopAppId without throwing" time="0.0143389">
        </testcase>
        <testcase classname="tests/features/dashboard-home/lib/open-app.test.ts" name="handleLauncherClick &gt; returns a function" time="0.0040637">
        </testcase>
        <testcase classname="tests/features/dashboard-home/lib/open-app.test.ts" name="handleLauncherClick &gt; does nothing when event.defaultPrevented is true" time="0.0030144">
        </testcase>
        <testcase classname="tests/features/dashboard-home/lib/open-app.test.ts" name="handleLauncherClick &gt; does nothing when event.button is not 0 (e.g. right-click)" time="0.0209772">
        </testcase>
        <testcase classname="tests/features/dashboard-home/lib/open-app.test.ts" name="handleLauncherClick &gt; does nothing when event.button is 1 (middle-click)" time="0.002494">
        </testcase>
        <testcase classname="tests/features/dashboard-home/lib/open-app.test.ts" name="handleLauncherClick &gt; does nothing when metaKey is true (⌘-click → new tab on Mac)" time="0.0009621">
        </testcase>
        <testcase classname="tests/features/dashboard-home/lib/open-app.test.ts" name="handleLauncherClick &gt; does nothing when ctrlKey is true (ctrl-click → new tab on Windows/Linux)" time="0.0017959">
        </testcase>
        <testcase classname="tests/features/dashboard-home/lib/open-app.test.ts" name="handleLauncherClick &gt; does nothing when shiftKey is true (shift-click → new window)" time="0.0007919">
        </testcase>
        <testcase classname="tests/features/dashboard-home/lib/open-app.test.ts" name="handleLauncherClick &gt; does nothing when altKey is true (alt-click → download intent)" time="0.0005443">
        </testcase>
        <testcase classname="tests/features/dashboard-home/lib/open-app.test.ts" name="handleLauncherClick &gt; dispatches the desktop event on a plain left-click" time="0.0021763">
        </testcase>
        <testcase classname="tests/features/dashboard-home/lib/open-app.test.ts" name="handleLauncherClick &gt; does NOT call event.preventDefault when no desktop handler claims it" time="0.0007929">
        </testcase>
        <testcase classname="tests/features/dashboard-home/lib/open-app.test.ts" name="handleLauncherClick &gt; calls event.preventDefault when a desktop listener claims the event" time="0.0007076">
        </testcase>
        <testcase classname="tests/features/dashboard-home/lib/open-app.test.ts" name="handleLauncherClick &gt; forwards the correct appId and route when the event IS claimed" time="0.0044581">
        </testcase>
        <testcase classname="tests/features/dashboard-home/lib/open-app.test.ts" name="handleLauncherClick &gt; does nothing when both metaKey and ctrlKey are true" time="0.001682">
        </testcase>
        <testcase classname="tests/features/dashboard-home/lib/open-app.test.ts" name="handleLauncherClick &gt; each call to handleLauncherClick returns an independent handler" time="0.0014296">
        </testcase>
        <testcase classname="tests/features/dashboard-home/lib/open-app.test.ts" name="handleLauncherClick &gt; handler captures the appId and route it was created with" time="0.0012941">
        </testcase>
    </testsuite>
    <testsuite name="tests/features/dashboard-home/hooks/use-generic-overview.test.ts" timestamp="2026-06-25T18:28:25.547Z" hostname="Desktop" tests="20" failures="0" errors="0" skipped="0" time="1.4650013">
        <testcase classname="tests/features/dashboard-home/hooks/use-generic-overview.test.ts" name="useGenericOverview — null dataset (disabled) &gt; returns a disabled query (no data, not loading) when dataset is null" time="0.1058399">
        </testcase>
        <testcase classname="tests/features/dashboard-home/hooks/use-generic-overview.test.ts" name="useGenericOverview — null dataset (disabled) &gt; never calls buildGenericOverview when dataset is null" time="0.0316382">
        </testcase>
        <testcase classname="tests/features/dashboard-home/hooks/use-generic-overview.test.ts" name="useGenericOverview — dataset without id (disabled) &gt; is disabled when dataset has no id (empty string)" time="0.0361669">
        </testcase>
        <testcase classname="tests/features/dashboard-home/hooks/use-generic-overview.test.ts" name="useGenericOverview — dataset without id (disabled) &gt; is disabled when viewName and tableName are both empty" time="0.0367165">
        </testcase>
        <testcase classname="tests/features/dashboard-home/hooks/use-generic-overview.test.ts" name="useGenericOverview — viewName resolution &gt; uses viewName when present (prefers it over tableName)" time="0.0948589">
        </testcase>
        <testcase classname="tests/features/dashboard-home/hooks/use-generic-overview.test.ts" name="useGenericOverview — viewName resolution &gt; falls back to tableName when viewName is empty" time="0.0872736">
        </testcase>
        <testcase classname="tests/features/dashboard-home/hooks/use-generic-overview.test.ts" name="useGenericOverview — viewName resolution &gt; uses empty string when both viewName and tableName are falsy (disabled)" time="0.0334714">
        </testcase>
        <testcase classname="tests/features/dashboard-home/hooks/use-generic-overview.test.ts" name="useGenericOverview — successful query &gt; returns the overview data on success" time="0.0763387">
        </testcase>
        <testcase classname="tests/features/dashboard-home/hooks/use-generic-overview.test.ts" name="useGenericOverview — successful query &gt; passes rowCount = 0 when dataset.rowCount is 0" time="0.060998">
        </testcase>
        <testcase classname="tests/features/dashboard-home/hooks/use-generic-overview.test.ts" name="useGenericOverview — successful query &gt; passes the correct rowCount from the dataset" time="0.0781618">
        </testcase>
        <testcase classname="tests/features/dashboard-home/hooks/use-generic-overview.test.ts" name="useGenericOverview — successful query &gt; is enabled when dataset has both id and viewName" time="0.0637623">
        </testcase>
        <testcase classname="tests/features/dashboard-home/hooks/use-generic-overview.test.ts" name="useGenericOverview — successful query &gt; is enabled with tableName as fallback view" time="0.0783945">
        </testcase>
        <testcase classname="tests/features/dashboard-home/hooks/use-generic-overview.test.ts" name="useGenericOverview — queryKey composition &gt; builds the query key from stable dataset fields" time="0.0961896">
        </testcase>
        <testcase classname="tests/features/dashboard-home/hooks/use-generic-overview.test.ts" name="useGenericOverview — queryKey composition &gt; uses empty string for id when dataset.id is undefined" time="0.0177786">
        </testcase>
        <testcase classname="tests/features/dashboard-home/hooks/use-generic-overview.test.ts" name="useGenericOverview — placeholderData &gt; provides the previous data as placeholder on dataset change" time="0.1378036">
        </testcase>
        <testcase classname="tests/features/dashboard-home/hooks/use-generic-overview.test.ts" name="useGenericOverview — staleTime / gcTime config &gt; does not re-fetch on window focus (staleTime = Infinity)" time="0.0812083">
        </testcase>
        <testcase classname="tests/features/dashboard-home/hooks/use-generic-overview.test.ts" name="useGenericOverview — nullish coalescing in queryKey &gt; falls back rowCount to 0 when dataset.rowCount is absent" time="0.083364">
        </testcase>
        <testcase classname="tests/features/dashboard-home/hooks/use-generic-overview.test.ts" name="useGenericOverview — nullish coalescing in queryKey &gt; falls back updatedAt to empty string when absent" time="0.0864803">
        </testcase>
        <testcase classname="tests/features/dashboard-home/hooks/use-generic-overview.test.ts" name="useGenericOverview — queryFn receives casted dataset &gt; calls buildGenericOverview with dataset.id, resolved viewName, and rowCount" time="0.0887348">
        </testcase>
        <testcase classname="tests/features/dashboard-home/hooks/use-generic-overview.test.ts" name="useGenericOverview — queryFn receives casted dataset &gt; uses tableName in viewName position when viewName is falsy" time="0.07579">
        </testcase>
    </testsuite>
    <testsuite name="tests/features/collaboration/lib/room-actions.test.ts" timestamp="2026-06-25T18:28:25.549Z" hostname="Desktop" tests="52" failures="0" errors="0" skipped="0" time="0.1327879">
        <testcase classname="tests/features/collaboration/lib/room-actions.test.ts" name="addComment &gt; appends a comment with all view-model fields populated" time="0.0138783">
        </testcase>
        <testcase classname="tests/features/collaboration/lib/room-actions.test.ts" name="addComment &gt; initialises reactions as a Y.Map and replies as a Y.Array" time="0.0022724">
        </testcase>
        <testcase classname="tests/features/collaboration/lib/room-actions.test.ts" name="addComment &gt; trims surrounding whitespace from content" time="0.001245">
        </testcase>
        <testcase classname="tests/features/collaboration/lib/room-actions.test.ts" name="addComment &gt; is a no-op when content is empty" time="0.0007635">
        </testcase>
        <testcase classname="tests/features/collaboration/lib/room-actions.test.ts" name="addComment &gt; is a no-op when content is whitespace only" time="0.0008057">
        </testcase>
        <testcase classname="tests/features/collaboration/lib/room-actions.test.ts" name="addComment &gt; stores null cell when cell is null" time="0.0010756">
        </testcase>
        <testcase classname="tests/features/collaboration/lib/room-actions.test.ts" name="addComment &gt; trims a provided cell value" time="0.0010102">
        </testcase>
        <testcase classname="tests/features/collaboration/lib/room-actions.test.ts" name="addComment &gt; coerces a whitespace-only cell to null" time="0.0010152">
        </testcase>
        <testcase classname="tests/features/collaboration/lib/room-actions.test.ts" name="addComment &gt; preserves the comment type passed in" time="0.0010038">
        </testcase>
        <testcase classname="tests/features/collaboration/lib/room-actions.test.ts" name="addComment &gt; unshifts so the newest comment is at index 0" time="0.0014241">
        </testcase>
        <testcase classname="tests/features/collaboration/lib/room-actions.test.ts" name="resolveComment &gt; sets resolved=true on the matching comment" time="0.0030654">
        </testcase>
        <testcase classname="tests/features/collaboration/lib/room-actions.test.ts" name="resolveComment &gt; is a no-op when no comment matches the id" time="0.0011238">
        </testcase>
        <testcase classname="tests/features/collaboration/lib/room-actions.test.ts" name="togglePin &gt; flips pinned from false to true" time="0.0018287">
        </testcase>
        <testcase classname="tests/features/collaboration/lib/room-actions.test.ts" name="togglePin &gt; flips pinned back to false on a second toggle" time="0.0011427">
        </testcase>
        <testcase classname="tests/features/collaboration/lib/room-actions.test.ts" name="togglePin &gt; is a no-op for an unknown id" time="0.0011412">
        </testcase>
        <testcase classname="tests/features/collaboration/lib/room-actions.test.ts" name="toggleReaction &gt; adds the peer id under the emoji on first toggle" time="0.0033058">
        </testcase>
        <testcase classname="tests/features/collaboration/lib/room-actions.test.ts" name="toggleReaction &gt; removes the peer and deletes the emoji key when the last reactor leaves" time="0.0020005">
        </testcase>
        <testcase classname="tests/features/collaboration/lib/room-actions.test.ts" name="toggleReaction &gt; keeps the emoji key when other reactors remain" time="0.0017778">
        </testcase>
        <testcase classname="tests/features/collaboration/lib/room-actions.test.ts" name="toggleReaction &gt; accumulates distinct peers under the same emoji" time="0.0012194">
        </testcase>
        <testcase classname="tests/features/collaboration/lib/room-actions.test.ts" name="toggleReaction &gt; tracks multiple emojis independently" time="0.0018775">
        </testcase>
        <testcase classname="tests/features/collaboration/lib/room-actions.test.ts" name="toggleReaction &gt; is a no-op when the comment id is unknown" time="0.0011169">
        </testcase>
        <testcase classname="tests/features/collaboration/lib/room-actions.test.ts" name="toggleReaction &gt; recreates a reactions map when the stored value is not a Y.Map" time="0.0097078">
        </testcase>
        <testcase classname="tests/features/collaboration/lib/room-actions.test.ts" name="addReply &gt; pushes a reply with trimmed content and author identity" time="0.0020616">
        </testcase>
        <testcase classname="tests/features/collaboration/lib/room-actions.test.ts" name="addReply &gt; appends replies in chronological (push) order" time="0.0015381">
        </testcase>
        <testcase classname="tests/features/collaboration/lib/room-actions.test.ts" name="addReply &gt; is a no-op for empty text" time="0.001019">
        </testcase>
        <testcase classname="tests/features/collaboration/lib/room-actions.test.ts" name="addReply &gt; is a no-op for whitespace-only text" time="0.0008718">
        </testcase>
        <testcase classname="tests/features/collaboration/lib/room-actions.test.ts" name="addReply &gt; is a no-op when the comment id is unknown" time="0.0015363">
        </testcase>
        <testcase classname="tests/features/collaboration/lib/room-actions.test.ts" name="addReply &gt; recreates a replies array when the stored value is not a Y.Array" time="0.0021602">
        </testcase>
        <testcase classname="tests/features/collaboration/lib/room-actions.test.ts" name="sendChat &gt; pushes a chat message with trimmed text and identity" time="0.0021446">
        </testcase>
        <testcase classname="tests/features/collaboration/lib/room-actions.test.ts" name="sendChat &gt; is a no-op for empty text" time="0.0019648">
        </testcase>
        <testcase classname="tests/features/collaboration/lib/room-actions.test.ts" name="sendChat &gt; is a no-op for whitespace-only text" time="0.00314">
        </testcase>
        <testcase classname="tests/features/collaboration/lib/room-actions.test.ts" name="sendChat &gt; appends messages in send order" time="0.0019698">
        </testcase>
        <testcase classname="tests/features/collaboration/lib/room-actions.test.ts" name="recordChange &gt; records required fields and the author identity" time="0.0026328">
        </testcase>
        <testcase classname="tests/features/collaboration/lib/room-actions.test.ts" name="recordChange &gt; omits optional string fields when not provided" time="0.0016166">
        </testcase>
        <testcase classname="tests/features/collaboration/lib/room-actions.test.ts" name="recordChange &gt; includes optional string fields when truthy" time="0.0010946">
        </testcase>
        <testcase classname="tests/features/collaboration/lib/room-actions.test.ts" name="recordChange &gt; drops empty-string optional fields because they are falsy" time="0.0010994">
        </testcase>
        <testcase classname="tests/features/collaboration/lib/room-actions.test.ts" name="recordChange &gt; records rowsAffected=0 because the guard is !== undefined" time="0.0009508">
        </testcase>
        <testcase classname="tests/features/collaboration/lib/room-actions.test.ts" name="recordChange &gt; records a non-zero rowsAffected" time="0.0025759">
        </testcase>
        <testcase classname="tests/features/collaboration/lib/room-actions.test.ts" name="recordChange &gt; unshifts so the newest change is at index 0" time="0.0013681">
        </testcase>
        <testcase classname="tests/features/collaboration/lib/room-actions.test.ts" name="contributionCounts &gt; returns an empty map for no activity" time="0.0006592">
        </testcase>
        <testcase classname="tests/features/collaboration/lib/room-actions.test.ts" name="contributionCounts &gt; counts one contribution per comment authored" time="0.0164438">
        </testcase>
        <testcase classname="tests/features/collaboration/lib/room-actions.test.ts" name="contributionCounts &gt; aggregates multiple comments by the same author" time="0.0012866">
        </testcase>
        <testcase classname="tests/features/collaboration/lib/room-actions.test.ts" name="contributionCounts &gt; counts replies and assigns the fixed reply color #64748b" time="0.0010769">
        </testcase>
        <testcase classname="tests/features/collaboration/lib/room-actions.test.ts" name="contributionCounts &gt; counts chat messages by author" time="0.0056446">
        </testcase>
        <testcase classname="tests/features/collaboration/lib/room-actions.test.ts" name="contributionCounts &gt; merges comment, reply and chat contributions for one author" time="0.0018053">
        </testcase>
        <testcase classname="tests/features/collaboration/lib/room-actions.test.ts" name="contributionCounts &gt; keeps the first-seen name/color when later entries differ" time="0.0008626">
        </testcase>
        <testcase classname="tests/features/collaboration/lib/room-actions.test.ts" name="hourlyActivity &gt; returns 24 zeroed buckets for no activity" time="0.0064738">
        </testcase>
        <testcase classname="tests/features/collaboration/lib/room-actions.test.ts" name="hourlyActivity &gt; buckets a comment into its local hour" time="0.0017418">
        </testcase>
        <testcase classname="tests/features/collaboration/lib/room-actions.test.ts" name="hourlyActivity &gt; buckets replies, changes and chat alongside comments" time="0.0017155">
        </testcase>
        <testcase classname="tests/features/collaboration/lib/room-actions.test.ts" name="hourlyActivity &gt; ignores non-finite timestamps (NaN / Infinity)" time="0.0006649">
        </testcase>
        <testcase classname="tests/features/collaboration/lib/room-actions.test.ts" name="hourlyActivity &gt; ignores zero and negative timestamps" time="0.0004601">
        </testcase>
        <testcase classname="tests/features/collaboration/lib/room-actions.test.ts" name="hourlyActivity &gt; distributes events across distinct hours" time="0.0010365">
        </testcase>
    </testsuite>
    <testsuite name="tests/features/collaboration/lib/room-provider.test.tsx" timestamp="2026-06-25T18:28:25.554Z" hostname="Desktop" tests="23" failures="0" errors="0" skipped="0" time="0.890472">
        <testcase classname="tests/features/collaboration/lib/room-provider.test.tsx" name="useRoom &gt; throws when used outside RoomProvider" time="0.0764702">
        </testcase>
        <testcase classname="tests/features/collaboration/lib/room-provider.test.tsx" name="useLocalPeer &gt; throws when used outside RoomProvider" time="0.0064279">
        </testcase>
        <testcase classname="tests/features/collaboration/lib/room-provider.test.tsx" name="RoomProvider: skeleton state &gt; renders the loading skeleton before whenStored resolves" time="0.1003883">
        </testcase>
        <testcase classname="tests/features/collaboration/lib/room-provider.test.tsx" name="RoomProvider: stored (whenStored resolved) &gt; renders children once whenStored resolves" time="0.0478021">
        </testcase>
        <testcase classname="tests/features/collaboration/lib/room-provider.test.tsx" name="RoomProvider: stored (whenStored resolved) &gt; acquires the room with the provided roomId" time="0.0375809">
        </testcase>
        <testcase classname="tests/features/collaboration/lib/room-provider.test.tsx" name="RoomProvider: stored (whenStored resolved) &gt; releases the room on unmount" time="0.0306959">
        </testcase>
        <testcase classname="tests/features/collaboration/lib/room-provider.test.tsx" name="useRoom inside RoomProvider &gt; returns the room doc from the provider" time="0.0802337">
        </testcase>
        <testcase classname="tests/features/collaboration/lib/room-provider.test.tsx" name="useLocalPeer inside RoomProvider &gt; returns the local peer identity from LAN settings" time="0.0903092">
        </testcase>
        <testcase classname="tests/features/collaboration/lib/room-provider.test.tsx" name="RoomProvider: LAN subscription peer identity sync &gt; updates the local peer when subscribeLAN fires and peer is found in peers list" time="0.1040379">
        </testcase>
        <testcase classname="tests/features/collaboration/lib/room-provider.test.tsx" name="RoomProvider: LAN subscription peer identity sync &gt; falls back to LAN settings name/color when peer not found in getLANPeers" time="0.0913315">
        </testcase>
        <testcase classname="tests/features/collaboration/lib/room-provider.test.tsx" name="RoomProvider: LAN subscription peer identity sync &gt; does not trigger re-render when identity has not changed" time="0.079944">
        </testcase>
        <testcase classname="tests/features/collaboration/lib/room-provider.test.tsx" name="RoomProvider: LAN subscription peer identity sync &gt; calls the unsubscribe fn returned by subscribeLAN on unmount" time="0.0101953">
        </testcase>
        <testcase classname="tests/features/collaboration/lib/room-provider.test.tsx" name="RoomProvider: awareness user publishing &gt; calls setAwarenessUser with the room awareness and peer identity" time="0.0148572">
        </testcase>
        <testcase classname="tests/features/collaboration/lib/room-provider.test.tsx" name="RoomProvider: awareness user publishing &gt; skips setAwarenessUser when room.awareness is falsy" time="0.0063865">
        </testcase>
        <testcase classname="tests/features/collaboration/lib/room-provider.test.tsx" name="RoomProvider: LAN connection &gt; calls connectRoomLAN when LAN settings have a url" time="0.0114909">
        </testcase>
        <testcase classname="tests/features/collaboration/lib/room-provider.test.tsx" name="RoomProvider: LAN connection &gt; does not call connectRoomLAN when url is empty — stays local-only" time="0.0047563">
        </testcase>
        <testcase classname="tests/features/collaboration/lib/room-provider.test.tsx" name="RoomProvider: LAN connection &gt; calls disconnectRoomLAN when url is empty" time="0.0064028">
        </testcase>
        <testcase classname="tests/features/collaboration/lib/room-provider.test.tsx" name="RoomProvider: LAN connection &gt; calls disconnectRoomLAN on unmount" time="0.0065091">
        </testcase>
        <testcase classname="tests/features/collaboration/lib/room-provider.test.tsx" name="RoomProvider: LAN connection &gt; swallows connectRoomLAN errors silently (offline / hub unreachable)" time="0.0152057">
        </testcase>
        <testcase classname="tests/features/collaboration/lib/room-provider.test.tsx" name="RoomProvider: LAN connection &gt; does not reconnect when subscribeLAN fires but the transport signature is unchanged" time="0.0061519">
        </testcase>
        <testcase classname="tests/features/collaboration/lib/room-provider.test.tsx" name="RoomProvider: LAN connection &gt; reconnects when subscribeLAN fires and the LAN settings signature changes" time="0.0252371">
        </testcase>
        <testcase classname="tests/features/collaboration/lib/room-provider.test.tsx" name="RoomProvider: LAN connection &gt; passes the full peer identity to connectRoomLAN" time="0.0101249">
        </testcase>
        <testcase classname="tests/features/collaboration/lib/room-provider.test.tsx" name="RoomProvider: multiple instances &gt; acquires each room by its distinct roomId" time="0.0180839">
        </testcase>
    </testsuite>
    <testsuite name="tests/features/collaboration/lib/room.test.ts" timestamp="2026-06-25T18:28:25.557Z" hostname="Desktop" tests="36" failures="0" errors="0" skipped="0" time="0.1050214">
        <testcase classname="tests/features/collaboration/lib/room.test.ts" name="acquireRoom &gt; delegates to platformAcquireRoom and returns its result" time="0.0105086">
        </testcase>
        <testcase classname="tests/features/collaboration/lib/room.test.ts" name="releaseRoom &gt; delegates to platformReleaseRoom" time="0.0011209">
        </testcase>
        <testcase classname="tests/features/collaboration/lib/room.test.ts" name="commentFromYMap &gt; serializes all fields from a fully-populated Y.Map" time="0.0132463">
        </testcase>
        <testcase classname="tests/features/collaboration/lib/room.test.ts" name="commentFromYMap &gt; falls back authorName to authorId when authorName is absent" time="0.0012925">
        </testcase>
        <testcase classname="tests/features/collaboration/lib/room.test.ts" name="commentFromYMap &gt; falls back authorColor to #1E40AF when absent" time="0.0011437">
        </testcase>
        <testcase classname="tests/features/collaboration/lib/room.test.ts" name="commentFromYMap &gt; falls back content to empty string when absent" time="0.0010259">
        </testcase>
        <testcase classname="tests/features/collaboration/lib/room.test.ts" name="commentFromYMap &gt; returns timestamp=0 when timestamp is not a finite number (missing)" time="0.0012566">
        </testcase>
        <testcase classname="tests/features/collaboration/lib/room.test.ts" name="commentFromYMap &gt; returns cell=null when cell is absent" time="0.0013075">
        </testcase>
        <testcase classname="tests/features/collaboration/lib/room.test.ts" name="commentFromYMap &gt; returns cell=null when cell is explicitly null" time="0.0024407">
        </testcase>
        <testcase classname="tests/features/collaboration/lib/room.test.ts" name="commentFromYMap &gt; falls back type to &apos;comment&apos; when absent" time="0.0015894">
        </testcase>
        <testcase classname="tests/features/collaboration/lib/room.test.ts" name="commentFromYMap &gt; resolved=false when resolved is absent" time="0.0013791">
        </testcase>
        <testcase classname="tests/features/collaboration/lib/room.test.ts" name="commentFromYMap &gt; pinned=false when pinned is absent" time="0.0010299">
        </testcase>
        <testcase classname="tests/features/collaboration/lib/room.test.ts" name="commentFromYMap &gt; deserializes reactions from a Y.Map containing Y.Array values" time="0.003626">
        </testcase>
        <testcase classname="tests/features/collaboration/lib/room.test.ts" name="commentFromYMap &gt; deserializes reactions from a Y.Map containing plain array values" time="0.0016049">
        </testcase>
        <testcase classname="tests/features/collaboration/lib/room.test.ts" name="commentFromYMap &gt; deserializes reactions from a plain object (non-Y.Map)" time="0.0038861">
        </testcase>
        <testcase classname="tests/features/collaboration/lib/room.test.ts" name="commentFromYMap &gt; deserializes replies from a Y.Array containing Y.Map entries" time="0.0137771">
        </testcase>
        <testcase classname="tests/features/collaboration/lib/room.test.ts" name="commentFromYMap &gt; deserializes replies from a Y.Array containing plain-object entries" time="0.0014403">
        </testcase>
        <testcase classname="tests/features/collaboration/lib/room.test.ts" name="commentFromYMap &gt; repliesToArray: falls back authorName to authorId when authorName is missing" time="0.0012941">
        </testcase>
        <testcase classname="tests/features/collaboration/lib/room.test.ts" name="commentFromYMap &gt; repliesToArray: returns empty array for non-array replies value" time="0.001115">
        </testcase>
        <testcase classname="tests/features/collaboration/lib/room.test.ts" name="commentFromYMap &gt; repliesToArray: returns timestamp=0 when timestamp is missing in reply" time="0.0009537">
        </testcase>
        <testcase classname="tests/features/collaboration/lib/room.test.ts" name="changeFromYMap &gt; serializes all required fields from a fully-populated Y.Map" time="0.0014179">
        </testcase>
        <testcase classname="tests/features/collaboration/lib/room.test.ts" name="changeFromYMap &gt; falls back authorName to authorId when authorName is absent" time="0.0008044">
        </testcase>
        <testcase classname="tests/features/collaboration/lib/room.test.ts" name="changeFromYMap &gt; falls back type to &apos;edit&apos; when absent" time="0.00073">
        </testcase>
        <testcase classname="tests/features/collaboration/lib/room.test.ts" name="changeFromYMap &gt; falls back description to empty string when absent" time="0.0006404">
        </testcase>
        <testcase classname="tests/features/collaboration/lib/room.test.ts" name="changeFromYMap &gt; returns timestamp=0 when timestamp is absent" time="0.0007314">
        </testcase>
        <testcase classname="tests/features/collaboration/lib/room.test.ts" name="changeFromYMap &gt; returns undefined for optional fields when absent" time="0.0009054">
        </testcase>
        <testcase classname="tests/features/collaboration/lib/room.test.ts" name="chatFromYMap &gt; serializes all fields from a fully-populated Y.Map" time="0.0010868">
        </testcase>
        <testcase classname="tests/features/collaboration/lib/room.test.ts" name="chatFromYMap &gt; falls back authorName to authorId when authorName is absent" time="0.0006832">
        </testcase>
        <testcase classname="tests/features/collaboration/lib/room.test.ts" name="chatFromYMap &gt; falls back authorColor to #1E40AF when absent" time="0.0006601">
        </testcase>
        <testcase classname="tests/features/collaboration/lib/room.test.ts" name="chatFromYMap &gt; falls back text to empty string when absent" time="0.0010623">
        </testcase>
        <testcase classname="tests/features/collaboration/lib/room.test.ts" name="chatFromYMap &gt; returns ts=0 when ts is absent" time="0.0008332">
        </testcase>
        <testcase classname="tests/features/collaboration/lib/room.test.ts" name="reactionsToObject: plain-object branch (via commentFromYMap) &gt; converts a plain object with array values to a reactions record" time="0.0019501">
        </testcase>
        <testcase classname="tests/features/collaboration/lib/room.test.ts" name="reactionsToObject: plain-object branch (via commentFromYMap) &gt; skips reaction entries with non-array values inside Y.Map branch" time="0.0013603">
        </testcase>
        <testcase classname="tests/features/collaboration/lib/room.test.ts" name="reactionsToObject: plain-object branch (via commentFromYMap) &gt; converts a stored plain object (non-Y.Map) with array values to reactions record" time="0.0015867">
        </testcase>
        <testcase classname="tests/features/collaboration/lib/room.test.ts" name="reactionsToObject: plain-object branch (via commentFromYMap) &gt; skips non-array values inside a plain-object reactions map" time="0.0016862">
        </testcase>
        <testcase classname="tests/features/collaboration/lib/room.test.ts" name="repliesToArray: non-Y.Array input (via commentFromYMap) &gt; handles a plain array as replies value (not Y.Array)" time="0.0036884">
        </testcase>
    </testsuite>
    <testsuite name="tests/features/collaboration/lib/use-lan.test.ts" timestamp="2026-06-25T18:28:25.561Z" hostname="Desktop" tests="27" failures="0" errors="0" skipped="0" time="0.2576721">
        <testcase classname="tests/features/collaboration/lib/use-lan.test.ts" name="useLAN — hook mounts and returns a snapshot &gt; returns an object with status and peers fields" time="0.0725026">
        </testcase>
        <testcase classname="tests/features/collaboration/lib/use-lan.test.ts" name="useLAN — hook mounts and returns a snapshot &gt; peers is an array" time="0.0060457">
        </testcase>
        <testcase classname="tests/features/collaboration/lib/use-lan.test.ts" name="useLAN — hook mounts and returns a snapshot &gt; status is one of the valid LANStatus values" time="0.0091649">
        </testcase>
        <testcase classname="tests/features/collaboration/lib/use-lan.test.ts" name="useLAN — hook mounts and returns a snapshot &gt; calls subscribeLAN on mount" time="0.0074234">
        </testcase>
        <testcase classname="tests/features/collaboration/lib/use-lan.test.ts" name="useLAN — hook mounts and returns a snapshot &gt; calls the unsubscribe function on unmount" time="0.0062457">
        </testcase>
        <testcase classname="tests/features/collaboration/lib/use-lan.test.ts" name="useLAN — re-renders when status changes (status !== lanCache.status) &gt; updates status when subscriber fires with a new status" time="0.0092157">
        </testcase>
        <testcase classname="tests/features/collaboration/lib/use-lan.test.ts" name="useLAN — re-renders when status changes (status !== lanCache.status) &gt; transitions from off to connecting" time="0.0069866">
        </testcase>
        <testcase classname="tests/features/collaboration/lib/use-lan.test.ts" name="useLAN — re-renders when status changes (status !== lanCache.status) &gt; transitions from connecting to connected" time="0.0120104">
        </testcase>
        <testcase classname="tests/features/collaboration/lib/use-lan.test.ts" name="useLAN — re-renders when status changes (status !== lanCache.status) &gt; transitions to error status" time="0.011751">
        </testcase>
        <testcase classname="tests/features/collaboration/lib/use-lan.test.ts" name="useLAN — re-renders when peers change (peers !== lanCache.peers) &gt; updates peers when subscriber fires with a different peers array reference" time="0.0104274">
        </testcase>
        <testcase classname="tests/features/collaboration/lib/use-lan.test.ts" name="useLAN — re-renders when peers change (peers !== lanCache.peers) &gt; peer list grows: new peer is visible" time="0.0058605">
        </testcase>
        <testcase classname="tests/features/collaboration/lib/use-lan.test.ts" name="useLAN — re-renders when peers change (peers !== lanCache.peers) &gt; peer list shrinks: peer departure is visible" time="0.0053531">
        </testcase>
        <testcase classname="tests/features/collaboration/lib/use-lan.test.ts" name="useLAN — NO re-render when nothing changed (both branches false) &gt; does not call onChange when status and peers are unchanged references" time="0.0083002">
        </testcase>
        <testcase classname="tests/features/collaboration/lib/use-lan.test.ts" name="useLAN — NO re-render when nothing changed (both branches false) &gt; snapshot identity is preserved when nothing changed" time="0.0067682">
        </testcase>
        <testcase classname="tests/features/collaboration/lib/use-lan.test.ts" name="useLANAudit — hook mounts and returns audit entries &gt; returns an array" time="0.0051214">
        </testcase>
        <testcase classname="tests/features/collaboration/lib/use-lan.test.ts" name="useLANAudit — hook mounts and returns audit entries &gt; calls subscribeLANAudit on mount" time="0.0044447">
        </testcase>
        <testcase classname="tests/features/collaboration/lib/use-lan.test.ts" name="useLANAudit — hook mounts and returns audit entries &gt; calls the unsubscribe function on unmount" time="0.0042125">
        </testcase>
        <testcase classname="tests/features/collaboration/lib/use-lan.test.ts" name="useLANAudit — subscriber fires and updates auditCache (always calls onChange) &gt; updates audit entries when subscriber fires with new entries" time="0.0077771">
        </testcase>
        <testcase classname="tests/features/collaboration/lib/use-lan.test.ts" name="useLANAudit — subscriber fires and updates auditCache (always calls onChange) &gt; audit cache reflects multiple entries after subscriber fires" time="0.00343">
        </testcase>
        <testcase classname="tests/features/collaboration/lib/use-lan.test.ts" name="useLANAudit — subscriber fires and updates auditCache (always calls onChange) &gt; audit entries can decrease (entries removed from audit)" time="0.0060479">
        </testcase>
        <testcase classname="tests/features/collaboration/lib/use-lan.test.ts" name="useLANAudit — subscriber fires and updates auditCache (always calls onChange) &gt; auditSubscribe always calls onChange even if entries appear identical (no identity check)" time="0.004921">
        </testcase>
        <testcase classname="tests/features/collaboration/lib/use-lan.test.ts" name="useLANAudit — subscriber fires and updates auditCache (always calls onChange) &gt; fires multiple times sequentially and always gets the latest audit state" time="0.0048187">
        </testcase>
        <testcase classname="tests/features/collaboration/lib/use-lan.test.ts" name="useLANAudit — audit entry shapes &gt; correctly surfaces LANAuditEntry with all fields" time="0.0058406">
        </testcase>
        <testcase classname="tests/features/collaboration/lib/use-lan.test.ts" name="useLANAudit — audit entry shapes &gt; handles audit entry with numeric &apos;at&apos; timestamp" time="0.0034877">
        </testcase>
        <testcase classname="tests/features/collaboration/lib/use-lan.test.ts" name="useLANAudit — audit entry shapes &gt; handles audit entry with string &apos;at&apos; timestamp" time="0.0051163">
        </testcase>
        <testcase classname="tests/features/collaboration/lib/use-lan.test.ts" name="useLAN — snapshot functions are stable (lanSnapshot / auditSnapshot) &gt; useLAN snapshot returns the same object reference when cache has not changed" time="0.0074294">
        </testcase>
        <testcase classname="tests/features/collaboration/lib/use-lan.test.ts" name="useLAN — snapshot functions are stable (lanSnapshot / auditSnapshot) &gt; useLANAudit snapshot returns the same array reference when cache has not changed" time="0.0081152">
        </testcase>
    </testsuite>
    <testsuite name="tests/features/collaboration/lib/use-presence.test.ts" timestamp="2026-06-25T18:28:25.565Z" hostname="Desktop" tests="18" failures="0" errors="0" skipped="0" time="0.1705799">
        <testcase classname="tests/features/collaboration/lib/use-presence.test.ts" name="usePresence — null awareness (SSR / no BroadcastChannel) &gt; returns an empty array when awareness is null" time="0.0513572">
        </testcase>
        <testcase classname="tests/features/collaboration/lib/use-presence.test.ts" name="usePresence — null awareness (SSR / no BroadcastChannel) &gt; subscribe returns a no-op unsubscribe when awareness is null" time="0.0055374">
        </testcase>
        <testcase classname="tests/features/collaboration/lib/use-presence.test.ts" name="usePresence — with awareness &gt; reads initial peers from awareness on mount" time="0.0078935">
        </testcase>
        <testcase classname="tests/features/collaboration/lib/use-presence.test.ts" name="usePresence — with awareness &gt; calls subscribePeers and returns the cleanup function on unmount" time="0.0065006">
        </testcase>
        <testcase classname="tests/features/collaboration/lib/use-presence.test.ts" name="usePresence — with awareness &gt; re-renders when peers actually change (samePeers returns false)" time="0.0090091">
        </testcase>
        <testcase classname="tests/features/collaboration/lib/use-presence.test.ts" name="usePresence — with awareness &gt; does NOT re-render when peer list is identical (samePeers returns true)" time="0.019797">
        </testcase>
        <testcase classname="tests/features/collaboration/lib/use-presence.test.ts" name="usePresence — with awareness &gt; re-renders when length changes (peer added)" time="0.0082186">
        </testcase>
        <testcase classname="tests/features/collaboration/lib/use-presence.test.ts" name="usePresence — with awareness &gt; re-renders when length decreases (peer removed)" time="0.010743">
        </testcase>
        <testcase classname="tests/features/collaboration/lib/use-presence.test.ts" name="samePeers — field-level inequality detection &gt; detects clientId change as different peers" time="0.0057902">
        </testcase>
        <testcase classname="tests/features/collaboration/lib/use-presence.test.ts" name="samePeers — field-level inequality detection &gt; detects id change as different peers" time="0.0033124">
        </testcase>
        <testcase classname="tests/features/collaboration/lib/use-presence.test.ts" name="samePeers — field-level inequality detection &gt; detects name change as different peers" time="0.00305">
        </testcase>
        <testcase classname="tests/features/collaboration/lib/use-presence.test.ts" name="samePeers — field-level inequality detection &gt; detects role change as different peers" time="0.0028906">
        </testcase>
        <testcase classname="tests/features/collaboration/lib/use-presence.test.ts" name="samePeers — field-level inequality detection &gt; detects color change as different peers" time="0.0109664">
        </testcase>
        <testcase classname="tests/features/collaboration/lib/use-presence.test.ts" name="samePeers — field-level inequality detection &gt; detects page change as different peers" time="0.0033361">
        </testcase>
        <testcase classname="tests/features/collaboration/lib/use-presence.test.ts" name="samePeers — field-level inequality detection &gt; treats identical peers (same fields) as equal (same reference)" time="0.0038979">
        </testcase>
        <testcase classname="tests/features/collaboration/lib/use-presence.test.ts" name="samePeers — field-level inequality detection &gt; samePeers returns true early when readPeers returns the exact same array reference" time="0.0031631">
        </testcase>
        <testcase classname="tests/features/collaboration/lib/use-presence.test.ts" name="samePeers — field-level inequality detection &gt; handles empty initial peers and no change (both empty)" time="0.0046004">
        </testcase>
        <testcase classname="tests/features/collaboration/lib/use-presence.test.ts" name="usePresence — getSnapshot fallback (?? []) &gt; getSnapshot returns [] when cache is somehow null" time="0.0025158">
        </testcase>
    </testsuite>
    <testsuite name="tests/features/collaboration/lib/use-y.test.ts" timestamp="2026-06-25T18:28:25.567Z" hostname="Desktop" tests="26" failures="0" errors="0" skipped="0" time="0.2030727">
        <testcase classname="tests/features/collaboration/lib/use-y.test.ts" name="shallowArrayEqual &gt; returns true when both arrays are the same reference" time="0.0041358">
        </testcase>
        <testcase classname="tests/features/collaboration/lib/use-y.test.ts" name="shallowArrayEqual &gt; returns true for two empty arrays" time="0.0007712">
        </testcase>
        <testcase classname="tests/features/collaboration/lib/use-y.test.ts" name="shallowArrayEqual &gt; returns false when lengths differ" time="0.0005398">
        </testcase>
        <testcase classname="tests/features/collaboration/lib/use-y.test.ts" name="shallowArrayEqual &gt; returns false when lengths differ (b longer)" time="0.0004036">
        </testcase>
        <testcase classname="tests/features/collaboration/lib/use-y.test.ts" name="shallowArrayEqual &gt; returns true for equal primitive elements" time="0.0003828">
        </testcase>
        <testcase classname="tests/features/collaboration/lib/use-y.test.ts" name="shallowArrayEqual &gt; returns false when one element differs" time="0.0003112">
        </testcase>
        <testcase classname="tests/features/collaboration/lib/use-y.test.ts" name="shallowArrayEqual &gt; uses reference equality for objects (same refs → true)" time="0.0003711">
        </testcase>
        <testcase classname="tests/features/collaboration/lib/use-y.test.ts" name="shallowArrayEqual &gt; uses reference equality for objects (different refs with same shape → false)" time="0.0003064">
        </testcase>
        <testcase classname="tests/features/collaboration/lib/use-y.test.ts" name="shallowArrayEqual &gt; returns true for single-element arrays with equal primitives" time="0.0004058">
        </testcase>
        <testcase classname="tests/features/collaboration/lib/use-y.test.ts" name="shallowArrayEqual &gt; returns false for single-element arrays with different primitives" time="0.0002878">
        </testcase>
        <testcase classname="tests/features/collaboration/lib/use-y.test.ts" name="shallowArrayEqual &gt; handles arrays of strings correctly" time="0.0002509">
        </testcase>
        <testcase classname="tests/features/collaboration/lib/use-y.test.ts" name="shallowArrayEqual &gt; handles arrays with undefined elements" time="0.000296">
        </testcase>
        <testcase classname="tests/features/collaboration/lib/use-y.test.ts" name="useYArray — basic projection &gt; returns the initial projection of an empty array" time="0.0410826">
        </testcase>
        <testcase classname="tests/features/collaboration/lib/use-y.test.ts" name="useYArray — basic projection &gt; returns the correct projection when the array already has items" time="0.0204587">
        </testcase>
        <testcase classname="tests/features/collaboration/lib/use-y.test.ts" name="useYArray — basic projection &gt; re-renders when items are pushed and the projection changes" time="0.0349796">
        </testcase>
        <testcase classname="tests/features/collaboration/lib/use-y.test.ts" name="useYArray — basic projection &gt; does not re-render when the projection value is unchanged (default Object.is equality)" time="0.0081574">
        </testcase>
        <testcase classname="tests/features/collaboration/lib/use-y.test.ts" name="useYArray — custom isEqual &gt; uses the custom isEqual to suppress re-renders" time="0.0094843">
        </testcase>
        <testcase classname="tests/features/collaboration/lib/use-y.test.ts" name="useYArray — custom isEqual &gt; uses the custom isEqual to allow re-renders when it returns false" time="0.0145586">
        </testcase>
        <testcase classname="tests/features/collaboration/lib/use-y.test.ts" name="useYArray — deep observation &gt; observes deeply when deep=true and fires on nested Y.Map changes" time="0.0090341">
        </testcase>
        <testcase classname="tests/features/collaboration/lib/use-y.test.ts" name="useYArray — deep observation &gt; subscribes with observe (not observeDeep) when deep=false (default)" time="0.0162007">
        </testcase>
        <testcase classname="tests/features/collaboration/lib/use-y.test.ts" name="useYArray — deep observation &gt; subscribes with observeDeep when deep=true" time="0.0048873">
        </testcase>
        <testcase classname="tests/features/collaboration/lib/use-y.test.ts" name="useYArray — unsubscribe on unmount &gt; calls unobserve when the hook unmounts (shallow)" time="0.0039334">
        </testcase>
        <testcase classname="tests/features/collaboration/lib/use-y.test.ts" name="useYArray — unsubscribe on unmount &gt; calls unobserveDeep when the hook unmounts (deep)" time="0.0033725">
        </testcase>
        <testcase classname="tests/features/collaboration/lib/use-y.test.ts" name="useYArray — multiple mutations &gt; tracks multiple sequential pushes correctly" time="0.0059785">
        </testcase>
        <testcase classname="tests/features/collaboration/lib/use-y.test.ts" name="useYArray — multiple mutations &gt; reflects deletions from the array" time="0.007901">
        </testcase>
        <testcase classname="tests/features/collaboration/lib/use-y.test.ts" name="useYArray — select function identity updates &gt; uses the latest select function ref without re-subscribing" time="0.0059304">
        </testcase>
    </testsuite>
    <testsuite name="tests/features/ai-briefing/core/briefing-context.test.ts" timestamp="2026-06-25T18:28:25.570Z" hostname="Desktop" tests="44" failures="0" errors="0" skipped="0" time="0.0463609">
        <testcase classname="tests/features/ai-briefing/core/briefing-context.test.ts" name="buildBriefingContext &gt; uses viewName as the table reference when both viewName and tableName are present" time="0.0058949">
        </testcase>
        <testcase classname="tests/features/ai-briefing/core/briefing-context.test.ts" name="buildBriefingContext &gt; falls back to tableName when viewName is empty string" time="0.0008292">
        </testcase>
        <testcase classname="tests/features/ai-briefing/core/briefing-context.test.ts" name="buildBriefingContext &gt; returns dataset metadata fields correctly" time="0.0027057">
        </testcase>
        <testcase classname="tests/features/ai-briefing/core/briefing-context.test.ts" name="buildBriefingContext &gt; resolves rowCount from the aggregate query result (__n as bigint)" time="0.0007228">
        </testcase>
        <testcase classname="tests/features/ai-briefing/core/briefing-context.test.ts" name="buildBriefingContext &gt; falls back to dataset.rowCount when aggRow.__n is absent" time="0.0004744">
        </testcase>
        <testcase classname="tests/features/ai-briefing/core/briefing-context.test.ts" name="buildBriefingContext &gt; returns empty numericCols and null topCategory when no columns are present" time="0.0019095">
        </testcase>
        <testcase classname="tests/features/ai-briefing/core/briefing-context.test.ts" name="buildBriefingContext &gt; computes numeric column stats from aggregated query result" time="0.0029407">
        </testcase>
        <testcase classname="tests/features/ai-briefing/core/briefing-context.test.ts" name="buildBriefingContext &gt; sets nullPct to 0 when rowCount is 0 (avoids division by zero)" time="0.0008164">
        </testcase>
        <testcase classname="tests/features/ai-briefing/core/briefing-context.test.ts" name="buildBriefingContext &gt; handles NaN / non-finite aggregate values by coercing them to 0" time="0.0010261">
        </testcase>
        <testcase classname="tests/features/ai-briefing/core/briefing-context.test.ts" name="buildBriefingContext &gt; limits numeric columns to 12 even when more than 12 exist" time="0.0010667">
        </testcase>
        <testcase classname="tests/features/ai-briefing/core/briefing-context.test.ts" name="buildBriefingContext &gt; picks a string column with cardinality &gt;= 2 as topCategory" time="0.0011264">
        </testcase>
        <testcase classname="tests/features/ai-briefing/core/briefing-context.test.ts" name="buildBriefingContext &gt; sets pct to 0 for category values when rowCount is 0" time="0.0004994">
        </testcase>
        <testcase classname="tests/features/ai-briefing/core/briefing-context.test.ts" name="buildBriefingContext &gt; returns null topCategory when all string columns return fewer than 2 rows" time="0.0004111">
        </testcase>
        <testcase classname="tests/features/ai-briefing/core/briefing-context.test.ts" name="buildBriefingContext &gt; skips a string column that throws and moves to the next candidate" time="0.0008773">
        </testcase>
        <testcase classname="tests/features/ai-briefing/core/briefing-context.test.ts" name="buildBriefingContext &gt; sorts string column candidates by distinctCount ascending (lower = preferred)" time="0.0006392">
        </testcase>
        <testcase classname="tests/features/ai-briefing/core/briefing-context.test.ts" name="buildBriefingContext &gt; handles null label in category rows by substituting em-dash" time="0.000533">
        </testcase>
        <testcase classname="tests/features/ai-briefing/core/briefing-context.test.ts" name="buildBriefingContext &gt; handles a column name with embedded double-quotes (escaping)" time="0.0005462">
        </testcase>
        <testcase classname="tests/features/ai-briefing/core/briefing-context.test.ts" name="buildBriefingContext &gt; ignores non-numeric non-string columns (date, boolean) in stats" time="0.0007586">
        </testcase>
        <testcase classname="tests/features/ai-briefing/core/briefing-context.test.ts" name="buildBriefingContext &gt; returns null topCategory when there are no string columns" time="0.0004421">
        </testcase>
        <testcase classname="tests/features/ai-briefing/core/briefing-context.test.ts" name="fetchColumnOutliers &gt; returns an empty array when std is zero (avoids division by zero)" time="0.0011793">
        </testcase>
        <testcase classname="tests/features/ai-briefing/core/briefing-context.test.ts" name="fetchColumnOutliers &gt; returns an empty array when std is negative" time="0.0004104">
        </testcase>
        <testcase classname="tests/features/ai-briefing/core/briefing-context.test.ts" name="fetchColumnOutliers &gt; returns an empty array when std is NaN" time="0.0003496">
        </testcase>
        <testcase classname="tests/features/ai-briefing/core/briefing-context.test.ts" name="fetchColumnOutliers &gt; returns an empty array when std is Infinity" time="0.0003186">
        </testcase>
        <testcase classname="tests/features/ai-briefing/core/briefing-context.test.ts" name="fetchColumnOutliers &gt; queries outliers and returns their values when std is positive and finite" time="0.0011098">
        </testcase>
        <testcase classname="tests/features/ai-briefing/core/briefing-context.test.ts" name="fetchColumnOutliers &gt; uses default threshold of 3 when not specified" time="0.0004408">
        </testcase>
        <testcase classname="tests/features/ai-briefing/core/briefing-context.test.ts" name="fetchColumnOutliers &gt; uses default limit of 50 when not specified" time="0.0003627">
        </testcase>
        <testcase classname="tests/features/ai-briefing/core/briefing-context.test.ts" name="fetchColumnOutliers &gt; filters out non-finite results from the returned array" time="0.001303">
        </testcase>
        <testcase classname="tests/features/ai-briefing/core/briefing-context.test.ts" name="fetchColumnOutliers &gt; quotes a column name with embedded double-quotes in the SQL" time="0.0004269">
        </testcase>
        <testcase classname="tests/features/ai-briefing/core/briefing-context.test.ts" name="fetchColumnSample &gt; calls buildReservoirSampleSQL and runs the query" time="0.0011297">
        </testcase>
        <testcase classname="tests/features/ai-briefing/core/briefing-context.test.ts" name="fetchColumnSample &gt; passes the column name and default limit of 4000 to buildReservoirSampleSQL" time="0.0005555">
        </testcase>
        <testcase classname="tests/features/ai-briefing/core/briefing-context.test.ts" name="fetchColumnSample &gt; passes the default seed (42) to buildReservoirSampleSQL" time="0.0004003">
        </testcase>
        <testcase classname="tests/features/ai-briefing/core/briefing-context.test.ts" name="fetchColumnSample &gt; accepts a custom limit and seed" time="0.0003875">
        </testcase>
        <testcase classname="tests/features/ai-briefing/core/briefing-context.test.ts" name="fetchColumnSample &gt; filters out non-finite values from results" time="0.0006073">
        </testcase>
        <testcase classname="tests/features/ai-briefing/core/briefing-context.test.ts" name="fetchColumnSample &gt; falls back to the first object value when the column key is absent" time="0.0004423">
        </testcase>
        <testcase classname="tests/features/ai-briefing/core/briefing-context.test.ts" name="fetchColumnSample &gt; includes a NOT NULL where clause in the SQL options" time="0.0004078">
        </testcase>
        <testcase classname="tests/features/ai-briefing/core/briefing-context.test.ts" name="fetchColumnHistogram &gt; calls buildHistogramTableSQL and returns the histogram bins" time="0.0011597">
        </testcase>
        <testcase classname="tests/features/ai-briefing/core/briefing-context.test.ts" name="fetchColumnHistogram &gt; passes the default binCount of 24 and technique &apos;equi-width&apos; to buildHistogramTableSQL" time="0.0005314">
        </testcase>
        <testcase classname="tests/features/ai-briefing/core/briefing-context.test.ts" name="fetchColumnHistogram &gt; accepts a custom binCount" time="0.0004365">
        </testcase>
        <testcase classname="tests/features/ai-briefing/core/briefing-context.test.ts" name="fetchColumnHistogram &gt; filters out bins with an empty label" time="0.0008146">
        </testcase>
        <testcase classname="tests/features/ai-briefing/core/briefing-context.test.ts" name="fetchColumnHistogram &gt; converts null bin field to empty string and filters it out" time="0.000532">
        </testcase>
        <testcase classname="tests/features/ai-briefing/core/briefing-context.test.ts" name="fetchColumnHistogram &gt; coerces non-finite count values to 0" time="0.0004425">
        </testcase>
        <testcase classname="tests/features/ai-briefing/core/briefing-context.test.ts" name="fetchColumnHistogram &gt; returns an empty array when the query throws" time="0.0005235">
        </testcase>
        <testcase classname="tests/features/ai-briefing/core/briefing-context.test.ts" name="fetchColumnHistogram &gt; returns an empty array when DuckDB returns no rows" time="0.0003495">
        </testcase>
        <testcase classname="tests/features/ai-briefing/core/briefing-context.test.ts" name="fetchColumnHistogram &gt; also catches errors from buildHistogramTableSQL itself" time="0.0005151">
        </testcase>
    </testsuite>
    <testsuite name="tests/features/ai-briefing/core/briefing-export.test.ts" timestamp="2026-06-25T18:28:25.575Z" hostname="Desktop" tests="36" failures="0" errors="0" skipped="0" time="0.1265268">
        <testcase classname="tests/features/ai-briefing/core/briefing-export.test.ts" name="exportBriefingReport &gt; throws when the export proxy is unavailable" time="0.0482453">
        </testcase>
        <testcase classname="tests/features/ai-briefing/core/briefing-export.test.ts" name="exportBriefingReport &gt; calls exp.pdf() and saveBytes with .pdf extension for kind=pdf" time="0.0120869">
        </testcase>
        <testcase classname="tests/features/ai-briefing/core/briefing-export.test.ts" name="exportBriefingReport &gt; calls exp.docx() and saveBytes with .docx extension for kind=docx" time="0.0015884">
        </testcase>
        <testcase classname="tests/features/ai-briefing/core/briefing-export.test.ts" name="exportBriefingReport &gt; calls exp.xlsx() and saveBytes with .xlsx extension for kind=xlsx" time="0.0015807">
        </testcase>
        <testcase classname="tests/features/ai-briefing/core/briefing-export.test.ts" name="exportBriefingReport &gt; calls exp.pptx() and saveBytes with .pptx extension for kind=pptx" time="0.0013746">
        </testcase>
        <testcase classname="tests/features/ai-briefing/core/briefing-export.test.ts" name="exportBriefingReport &gt; returns the saveBytes result (so callers can surface the saved path)" time="0.0007322">
        </testcase>
        <testcase classname="tests/features/ai-briefing/core/briefing-export.test.ts" name="exportBriefingReport &gt; sanitises the filename by replacing non-word characters with underscores" time="0.0007657">
        </testcase>
        <testcase classname="tests/features/ai-briefing/core/briefing-export.test.ts" name="exportBriefingReport &gt; includes the dataset name in the generated filename" time="0.0008461">
        </testcase>
        <testcase classname="tests/features/ai-briefing/core/briefing-export.test.ts" name="exportBriefingReport &gt; includes the fileBase in the generated filename" time="0.0009627">
        </testcase>
        <testcase classname="tests/features/ai-briefing/core/briefing-export.test.ts" name="exportBriefingReport &gt; builds a doc without charts when no histogram is provided" time="0.0008317">
        </testcase>
        <testcase classname="tests/features/ai-briefing/core/briefing-export.test.ts" name="exportBriefingReport &gt; embeds a chart PNG when a histogram is provided and rendering succeeds" time="0.021042">
        </testcase>
        <testcase classname="tests/features/ai-briefing/core/briefing-export.test.ts" name="exportBriefingReport &gt; skips chart embedding when histogram bins array is empty" time="0.0016639">
        </testcase>
        <testcase classname="tests/features/ai-briefing/core/briefing-export.test.ts" name="exportBriefingReport &gt; skips chart embedding when chart proxy is unavailable" time="0.0009171">
        </testcase>
        <testcase classname="tests/features/ai-briefing/core/briefing-export.test.ts" name="exportBriefingReport &gt; skips chart embedding when export proxy is null inside renderHistogramPng" time="0.0008427">
        </testcase>
        <testcase classname="tests/features/ai-briefing/core/briefing-export.test.ts" name="exportBriefingReport &gt; gracefully omits chart when renderToSVGString throws" time="0.0018624">
        </testcase>
        <testcase classname="tests/features/ai-briefing/core/briefing-export.test.ts" name="exportBriefingReport &gt; gracefully omits chart when svgToPng throws" time="0.0010296">
        </testcase>
        <testcase classname="tests/features/ai-briefing/core/briefing-export.test.ts" name="exportBriefingReport &gt; gracefully omits chart when renderToSVGString returns a falsy string" time="0.0007728">
        </testcase>
        <testcase classname="tests/features/ai-briefing/core/briefing-export.test.ts" name="exportBriefingReport &gt; passes the correct SVG dimensions (720x320) to renderToSVGString" time="0.001148">
        </testcase>
        <testcase classname="tests/features/ai-briefing/core/briefing-export.test.ts" name="exportBriefingReport &gt; passes the correct raster width (720) to svgToPng" time="0.0008521">
        </testcase>
        <testcase classname="tests/features/ai-briefing/core/briefing-export.test.ts" name="exportBriefingReport &gt; calls buildBarOption with bin labels, counts, and histogram title" time="0.0026863">
        </testcase>
        <testcase classname="tests/features/ai-briefing/core/briefing-export.test.ts" name="exportBriefingReport &gt; includes the metrics section as the first doc section" time="0.0009833">
        </testcase>
        <testcase classname="tests/features/ai-briefing/core/briefing-export.test.ts" name="exportBriefingReport &gt; includes a row count metric in the metrics section" time="0.0007234">
        </testcase>
        <testcase classname="tests/features/ai-briefing/core/briefing-export.test.ts" name="exportBriefingReport &gt; includes numeric column stats in the metrics table (up to 8 columns)" time="0.0011857">
        </testcase>
        <testcase classname="tests/features/ai-briefing/core/briefing-export.test.ts" name="exportBriefingReport &gt; includes the topCategory row in the metrics table when present" time="0.0009813">
        </testcase>
        <testcase classname="tests/features/ai-briefing/core/briefing-export.test.ts" name="exportBriefingReport &gt; omits the topCategory row when topCategory is null" time="0.0006592">
        </testcase>
        <testcase classname="tests/features/ai-briefing/core/briefing-export.test.ts" name="exportBriefingReport &gt; omits topCategory row when topCategory has no values" time="0.0007074">
        </testcase>
        <testcase classname="tests/features/ai-briefing/core/briefing-export.test.ts" name="exportBriefingReport &gt; appends narrative sections for each non-empty narrative entry" time="0.0012878">
        </testcase>
        <testcase classname="tests/features/ai-briefing/core/briefing-export.test.ts" name="exportBriefingReport &gt; skips narrative entries whose text is blank/whitespace-only" time="0.0009747">
        </testcase>
        <testcase classname="tests/features/ai-briefing/core/briefing-export.test.ts" name="exportBriefingReport &gt; splits multi-paragraph prose into separate rows in the narrative section" time="0.0010372">
        </testcase>
        <testcase classname="tests/features/ai-briefing/core/briefing-export.test.ts" name="exportBriefingReport &gt; normalises \r\n line endings before splitting paragraphs" time="0.0008692">
        </testcase>
        <testcase classname="tests/features/ai-briefing/core/briefing-export.test.ts" name="exportBriefingReport &gt; falls back to em-dash when prose text is empty string" time="0.0007032">
        </testcase>
        <testcase classname="tests/features/ai-briefing/core/briefing-export.test.ts" name="exportBriefingReport &gt; uses &apos;a4&apos; paper size in the generated document" time="0.000577">
        </testcase>
        <testcase classname="tests/features/ai-briefing/core/briefing-export.test.ts" name="exportBriefingReport &gt; includes the report title and subtitle in the document" time="0.0006662">
        </testcase>
        <testcase classname="tests/features/ai-briefing/core/briefing-export.test.ts" name="exportBriefingReport &gt; passes the correct colors for the histogram bar series" time="0.0006705">
        </testcase>
        <testcase classname="tests/features/ai-briefing/core/briefing-export.test.ts" name="exportBriefingReport &gt; includes numeric column count metric in metrics section" time="0.0007158">
        </testcase>
        <testcase classname="tests/features/ai-briefing/core/briefing-export.test.ts" name="exportBriefingReport &gt; formats mean and std to 2 decimal places in metrics rows" time="0.0007373">
        </testcase>
    </testsuite>
    <testsuite name="tests/features/ai-briefing/core/briefing-prompts.test.ts" timestamp="2026-06-25T18:28:25.580Z" hostname="Desktop" tests="47" failures="0" errors="0" skipped="0" time="0.1594417">
        <testcase classname="tests/features/ai-briefing/core/briefing-prompts.test.ts" name="fmt (via buildContextSummary) &gt; returns &apos;0&apos; for non-finite values like Infinity" time="0.0781808">
        </testcase>
        <testcase classname="tests/features/ai-briefing/core/briefing-prompts.test.ts" name="fmt (via buildContextSummary) &gt; returns &apos;0&apos; for NaN values" time="0.0013171">
        </testcase>
        <testcase classname="tests/features/ai-briefing/core/briefing-prompts.test.ts" name="fmt (via buildContextSummary) &gt; formats numbers &gt;= 1000 with toLocaleString (rounded integer)" time="0.0044">
        </testcase>
        <testcase classname="tests/features/ai-briefing/core/briefing-prompts.test.ts" name="fmt (via buildContextSummary) &gt; formats numbers &lt; 1000 with toFixed(2) as a Number string" time="0.0018252">
        </testcase>
        <testcase classname="tests/features/ai-briefing/core/briefing-prompts.test.ts" name="fmt (via buildContextSummary) &gt; formats negative numbers &gt;= abs 1000 with toLocaleString" time="0.0049804">
        </testcase>
        <testcase classname="tests/features/ai-briefing/core/briefing-prompts.test.ts" name="fmt (via buildContextSummary) &gt; formats negative numbers with abs &lt; 1000 with toFixed(2)" time="0.0013249">
        </testcase>
        <testcase classname="tests/features/ai-briefing/core/briefing-prompts.test.ts" name="describeNumeric (via buildContextSummary) &gt; returns &apos;No numeric columns are present.&apos; when numericCols is empty" time="0.0006337">
        </testcase>
        <testcase classname="tests/features/ai-briefing/core/briefing-prompts.test.ts" name="describeNumeric (via buildContextSummary) &gt; describes each numeric column with name, mean, std, min, max" time="0.0007539">
        </testcase>
        <testcase classname="tests/features/ai-briefing/core/briefing-prompts.test.ts" name="describeNumeric (via buildContextSummary) &gt; includes null percentage when nullPct &gt;= 1" time="0.0006372">
        </testcase>
        <testcase classname="tests/features/ai-briefing/core/briefing-prompts.test.ts" name="describeNumeric (via buildContextSummary) &gt; omits null percentage when nullPct &lt; 1" time="0.0007513">
        </testcase>
        <testcase classname="tests/features/ai-briefing/core/briefing-prompts.test.ts" name="describeNumeric (via buildContextSummary) &gt; omits null percentage when nullPct is exactly 0" time="0.0004611">
        </testcase>
        <testcase classname="tests/features/ai-briefing/core/briefing-prompts.test.ts" name="describeNumeric (via buildContextSummary) &gt; joins multiple numeric columns with semicolons" time="0.0007882">
        </testcase>
        <testcase classname="tests/features/ai-briefing/core/briefing-prompts.test.ts" name="describeCategory (via buildContextSummary) &gt; returns empty string when topCategory is null" time="0.0004231">
        </testcase>
        <testcase classname="tests/features/ai-briefing/core/briefing-prompts.test.ts" name="describeCategory (via buildContextSummary) &gt; includes topCategory dimension and formatted values when present" time="0.0006438">
        </testcase>
        <testcase classname="tests/features/ai-briefing/core/briefing-prompts.test.ts" name="describeCategory (via buildContextSummary) &gt; formats pct values with toFixed(0) (rounds to integer)" time="0.0004924">
        </testcase>
        <testcase classname="tests/features/ai-briefing/core/briefing-prompts.test.ts" name="buildContextSummary &gt; includes the dataset name and row count" time="0.0004157">
        </testcase>
        <testcase classname="tests/features/ai-briefing/core/briefing-prompts.test.ts" name="buildContextSummary &gt; formats rowCount with toLocaleString for large numbers" time="0.0004118">
        </testcase>
        <testcase classname="tests/features/ai-briefing/core/briefing-prompts.test.ts" name="buildContextSummary &gt; includes numeric and category descriptions together" time="0.0008052">
        </testcase>
        <testcase classname="tests/features/ai-briefing/core/briefing-prompts.test.ts" name="buildDailyBriefingPrompt &gt; returns an object with system and prompt strings" time="0.002078">
        </testcase>
        <testcase classname="tests/features/ai-briefing/core/briefing-prompts.test.ts" name="buildDailyBriefingPrompt &gt; system prompt describes a news-anchor-style analyst" time="0.0007177">
        </testcase>
        <testcase classname="tests/features/ai-briefing/core/briefing-prompts.test.ts" name="buildDailyBriefingPrompt &gt; prompt equals the context summary" time="0.0003929">
        </testcase>
        <testcase classname="tests/features/ai-briefing/core/briefing-prompts.test.ts" name="buildDailyBriefingPrompt &gt; prompt includes dataset info from the context" time="0.0003754">
        </testcase>
        <testcase classname="tests/features/ai-briefing/core/briefing-prompts.test.ts" name="buildExecutiveSummaryPrompt &gt; returns an object with system and prompt strings" time="0.0004419">
        </testcase>
        <testcase classname="tests/features/ai-briefing/core/briefing-prompts.test.ts" name="buildExecutiveSummaryPrompt &gt; system prompt references executive management and 3 paragraphs" time="0.0003398">
        </testcase>
        <testcase classname="tests/features/ai-briefing/core/briefing-prompts.test.ts" name="buildExecutiveSummaryPrompt &gt; prompt equals the context summary" time="0.0003971">
        </testcase>
        <testcase classname="tests/features/ai-briefing/core/briefing-prompts.test.ts" name="buildActionPlanPrompt &gt; returns an object with system and prompt strings" time="0.0004685">
        </testcase>
        <testcase classname="tests/features/ai-briefing/core/briefing-prompts.test.ts" name="buildActionPlanPrompt &gt; system prompt requests a JSON object with &apos;items&apos; and 5 prioritised actions" time="0.0004032">
        </testcase>
        <testcase classname="tests/features/ai-briefing/core/briefing-prompts.test.ts" name="buildActionPlanPrompt &gt; prompt equals the context summary" time="0.0003036">
        </testcase>
        <testcase classname="tests/features/ai-briefing/core/briefing-prompts.test.ts" name="buildAnomalyExplanationPrompt &gt; returns an object with system and prompt strings" time="0.0005287">
        </testcase>
        <testcase classname="tests/features/ai-briefing/core/briefing-prompts.test.ts" name="buildAnomalyExplanationPrompt &gt; system prompt asks for JSON with explanation and hypotheses" time="0.0004169">
        </testcase>
        <testcase classname="tests/features/ai-briefing/core/briefing-prompts.test.ts" name="buildAnomalyExplanationPrompt &gt; prompt includes datasetName, column, count, maxZ, and range" time="0.0004497">
        </testcase>
        <testcase classname="tests/features/ai-briefing/core/briefing-prompts.test.ts" name="buildAnomalyExplanationPrompt &gt; prompt includes formatted example outliers joined with &apos;, &apos;" time="0.0007581">
        </testcase>
        <testcase classname="tests/features/ai-briefing/core/briefing-prompts.test.ts" name="buildAnomalyExplanationPrompt &gt; formats example outliers using the fmt function (large number)" time="0.0018147">
        </testcase>
        <testcase classname="tests/features/ai-briefing/core/briefing-prompts.test.ts" name="buildAnomalyExplanationPrompt &gt; formats example outliers that are non-finite as &apos;0&apos;" time="0.000572">
        </testcase>
        <testcase classname="tests/features/ai-briefing/core/briefing-prompts.test.ts" name="buildAnomalyExplanationPrompt &gt; handles empty examples array gracefully" time="0.0007698">
        </testcase>
        <testcase classname="tests/features/ai-briefing/core/briefing-prompts.test.ts" name="buildAnomalyReportPrompt &gt; returns an object with system and prompt strings" time="0.000478">
        </testcase>
        <testcase classname="tests/features/ai-briefing/core/briefing-prompts.test.ts" name="buildAnomalyReportPrompt &gt; system prompt mentions investigation report sections" time="0.0003955">
        </testcase>
        <testcase classname="tests/features/ai-briefing/core/briefing-prompts.test.ts" name="buildAnomalyReportPrompt &gt; prompt includes datasetName and summary text" time="0.0003784">
        </testcase>
        <testcase classname="tests/features/ai-briefing/core/briefing-prompts.test.ts" name="buildAnomalyReportPrompt &gt; prompt uses a newline to separate dataset name from summary" time="0.0003719">
        </testcase>
        <testcase classname="tests/features/ai-briefing/core/briefing-prompts.test.ts" name="buildDataStoryPrompt &gt; returns an object with system and prompt strings" time="0.0014844">
        </testcase>
        <testcase classname="tests/features/ai-briefing/core/briefing-prompts.test.ts" name="buildDataStoryPrompt &gt; system prompt requests JSON with setup, conflict, resolution fields" time="0.001356">
        </testcase>
        <testcase classname="tests/features/ai-briefing/core/briefing-prompts.test.ts" name="buildDataStoryPrompt &gt; prompt equals the context summary" time="0.0005166">
        </testcase>
        <testcase classname="tests/features/ai-briefing/core/briefing-prompts.test.ts" name="buildDataStoryPrompt &gt; prompt includes dataset info from the context" time="0.0093167">
        </testcase>
        <testcase classname="tests/features/ai-briefing/core/briefing-prompts.test.ts" name="nullPct boundary (exactly 1 vs 0.99) &gt; includes null percentage when nullPct is exactly 1" time="0.0007819">
        </testcase>
        <testcase classname="tests/features/ai-briefing/core/briefing-prompts.test.ts" name="nullPct boundary (exactly 1 vs 0.99) &gt; omits null percentage when nullPct is 0.99 (just below 1)" time="0.0130113">
        </testcase>
        <testcase classname="tests/features/ai-briefing/core/briefing-prompts.test.ts" name="fmt boundary (abs(n) = 1000) &gt; uses toLocaleString when value is exactly 1000" time="0.0006988">
        </testcase>
        <testcase classname="tests/features/ai-briefing/core/briefing-prompts.test.ts" name="fmt boundary (abs(n) = 1000) &gt; uses toFixed(2) when value is 999.99 (just below 1000)" time="0.0005159">
        </testcase>
    </testsuite>
    <testsuite name="tests/features/ai-briefing/core/briefing-schemas.test.ts" timestamp="2026-06-25T18:28:25.586Z" hostname="Desktop" tests="42" failures="0" errors="0" skipped="0" time="0.1129726">
        <testcase classname="tests/features/ai-briefing/core/briefing-schemas.test.ts" name="ActionPlanItemSchema &gt; accepts a fully valid action plan item" time="0.020358">
        </testcase>
        <testcase classname="tests/features/ai-briefing/core/briefing-schemas.test.ts" name="ActionPlanItemSchema &gt; accepts all valid category enum values" time="0.0020854">
        </testcase>
        <testcase classname="tests/features/ai-briefing/core/briefing-schemas.test.ts" name="ActionPlanItemSchema &gt; coerces string priority to number" time="0.0010372">
        </testcase>
        <testcase classname="tests/features/ai-briefing/core/briefing-schemas.test.ts" name="ActionPlanItemSchema &gt; rejects priority less than 1" time="0.0037705">
        </testcase>
        <testcase classname="tests/features/ai-briefing/core/briefing-schemas.test.ts" name="ActionPlanItemSchema &gt; rejects priority greater than 5" time="0.001068">
        </testcase>
        <testcase classname="tests/features/ai-briefing/core/briefing-schemas.test.ts" name="ActionPlanItemSchema &gt; rejects a non-integer priority (float)" time="0.0010018">
        </testcase>
        <testcase classname="tests/features/ai-briefing/core/briefing-schemas.test.ts" name="ActionPlanItemSchema &gt; rejects an invalid category enum value" time="0.0033826">
        </testcase>
        <testcase classname="tests/features/ai-briefing/core/briefing-schemas.test.ts" name="ActionPlanItemSchema &gt; rejects an action string shorter than 4 characters" time="0.0027837">
        </testcase>
        <testcase classname="tests/features/ai-briefing/core/briefing-schemas.test.ts" name="ActionPlanItemSchema &gt; rejects an action string longer than 240 characters" time="0.004483">
        </testcase>
        <testcase classname="tests/features/ai-briefing/core/briefing-schemas.test.ts" name="ActionPlanItemSchema &gt; rejects a rationale string shorter than 4 characters" time="0.0021334">
        </testcase>
        <testcase classname="tests/features/ai-briefing/core/briefing-schemas.test.ts" name="ActionPlanItemSchema &gt; rejects a rationale string longer than 600 characters" time="0.0022609">
        </testcase>
        <testcase classname="tests/features/ai-briefing/core/briefing-schemas.test.ts" name="ActionPlanItemSchema &gt; rejects an estimatedImpact string shorter than 2 characters" time="0.0018076">
        </testcase>
        <testcase classname="tests/features/ai-briefing/core/briefing-schemas.test.ts" name="ActionPlanItemSchema &gt; rejects an estimatedImpact string longer than 240 characters" time="0.00083">
        </testcase>
        <testcase classname="tests/features/ai-briefing/core/briefing-schemas.test.ts" name="ActionPlanItemSchema &gt; accepts minimum-length strings at the boundaries" time="0.0031259">
        </testcase>
        <testcase classname="tests/features/ai-briefing/core/briefing-schemas.test.ts" name="ActionPlanItemSchema &gt; accepts maximum-length strings at the boundaries" time="0.0038849">
        </testcase>
        <testcase classname="tests/features/ai-briefing/core/briefing-schemas.test.ts" name="ActionPlanSchema &gt; accepts a valid plan with one item" time="0.0026779">
        </testcase>
        <testcase classname="tests/features/ai-briefing/core/briefing-schemas.test.ts" name="ActionPlanSchema &gt; accepts a valid plan with up to 8 items" time="0.0025914">
        </testcase>
        <testcase classname="tests/features/ai-briefing/core/briefing-schemas.test.ts" name="ActionPlanSchema &gt; rejects an empty items array (min 1)" time="0.0009595">
        </testcase>
        <testcase classname="tests/features/ai-briefing/core/briefing-schemas.test.ts" name="ActionPlanSchema &gt; rejects more than 8 items" time="0.0014803">
        </testcase>
        <testcase classname="tests/features/ai-briefing/core/briefing-schemas.test.ts" name="ActionPlanSchema &gt; rejects items array with an invalid item inside" time="0.0012452">
        </testcase>
        <testcase classname="tests/features/ai-briefing/core/briefing-schemas.test.ts" name="AnomalyExplanationSchema &gt; accepts a valid anomaly explanation with one hypothesis" time="0.0023485">
        </testcase>
        <testcase classname="tests/features/ai-briefing/core/briefing-schemas.test.ts" name="AnomalyExplanationSchema &gt; accepts up to 4 hypotheses (max boundary)" time="0.0007339">
        </testcase>
        <testcase classname="tests/features/ai-briefing/core/briefing-schemas.test.ts" name="AnomalyExplanationSchema &gt; rejects explanation shorter than 8 characters" time="0.0007545">
        </testcase>
        <testcase classname="tests/features/ai-briefing/core/briefing-schemas.test.ts" name="AnomalyExplanationSchema &gt; rejects explanation longer than 800 characters" time="0.0005395">
        </testcase>
        <testcase classname="tests/features/ai-briefing/core/briefing-schemas.test.ts" name="AnomalyExplanationSchema &gt; rejects an empty hypotheses array (min 1)" time="0.0005333">
        </testcase>
        <testcase classname="tests/features/ai-briefing/core/briefing-schemas.test.ts" name="AnomalyExplanationSchema &gt; rejects more than 4 hypotheses" time="0.0031876">
        </testcase>
        <testcase classname="tests/features/ai-briefing/core/briefing-schemas.test.ts" name="AnomalyExplanationSchema &gt; rejects a hypothesis shorter than 4 characters" time="0.00114">
        </testcase>
        <testcase classname="tests/features/ai-briefing/core/briefing-schemas.test.ts" name="AnomalyExplanationSchema &gt; rejects a hypothesis longer than 400 characters" time="0.0011397">
        </testcase>
        <testcase classname="tests/features/ai-briefing/core/briefing-schemas.test.ts" name="AnomalyExplanationSchema &gt; accepts boundary-minimum strings" time="0.0007468">
        </testcase>
        <testcase classname="tests/features/ai-briefing/core/briefing-schemas.test.ts" name="AnomalyExplanationSchema &gt; accepts boundary-maximum strings" time="0.0007139">
        </testcase>
        <testcase classname="tests/features/ai-briefing/core/briefing-schemas.test.ts" name="DataStorySchema &gt; accepts a valid data story with all three fields" time="0.0021001">
        </testcase>
        <testcase classname="tests/features/ai-briefing/core/briefing-schemas.test.ts" name="DataStorySchema &gt; rejects setup shorter than 20 characters" time="0.0013267">
        </testcase>
        <testcase classname="tests/features/ai-briefing/core/briefing-schemas.test.ts" name="DataStorySchema &gt; rejects setup longer than 1600 characters" time="0.0009877">
        </testcase>
        <testcase classname="tests/features/ai-briefing/core/briefing-schemas.test.ts" name="DataStorySchema &gt; rejects conflict shorter than 20 characters" time="0.0012389">
        </testcase>
        <testcase classname="tests/features/ai-briefing/core/briefing-schemas.test.ts" name="DataStorySchema &gt; rejects conflict longer than 1600 characters" time="0.0009179">
        </testcase>
        <testcase classname="tests/features/ai-briefing/core/briefing-schemas.test.ts" name="DataStorySchema &gt; rejects resolution shorter than 20 characters" time="0.0012977">
        </testcase>
        <testcase classname="tests/features/ai-briefing/core/briefing-schemas.test.ts" name="DataStorySchema &gt; rejects resolution longer than 1600 characters" time="0.0010687">
        </testcase>
        <testcase classname="tests/features/ai-briefing/core/briefing-schemas.test.ts" name="DataStorySchema &gt; accepts boundary-minimum strings (exactly 20 characters each)" time="0.0022563">
        </testcase>
        <testcase classname="tests/features/ai-briefing/core/briefing-schemas.test.ts" name="DataStorySchema &gt; accepts boundary-maximum strings (exactly 1600 characters each)" time="0.0016137">
        </testcase>
        <testcase classname="tests/features/ai-briefing/core/briefing-schemas.test.ts" name="DataStorySchema &gt; rejects missing setup field" time="0.0026851">
        </testcase>
        <testcase classname="tests/features/ai-briefing/core/briefing-schemas.test.ts" name="DataStorySchema &gt; rejects missing conflict field" time="0.0011582">
        </testcase>
        <testcase classname="tests/features/ai-briefing/core/briefing-schemas.test.ts" name="DataStorySchema &gt; rejects missing resolution field" time="0.001358">
        </testcase>
    </testsuite>
    <testsuite name="tests/features/ai-briefing/hooks/useBriefingContext.test.ts" timestamp="2026-06-25T18:28:25.590Z" hostname="Desktop" tests="17" failures="0" errors="0" skipped="0" time="1.1307116">
        <testcase classname="tests/features/ai-briefing/hooks/useBriefingContext.test.ts" name="useBriefingContext: no active dataset &gt; returns null context and false loading when no datasets exist" time="0.051997">
        </testcase>
        <testcase classname="tests/features/ai-briefing/hooks/useBriefingContext.test.ts" name="useBriefingContext: no active dataset &gt; does not call buildBriefingContext when there is no active dataset" time="0.0054338">
        </testcase>
        <testcase classname="tests/features/ai-briefing/hooks/useBriefingContext.test.ts" name="useBriefingContext: no active dataset &gt; returns null context when activeDatasetId does not match any dataset" time="0.0049918">
        </testcase>
        <testcase classname="tests/features/ai-briefing/hooks/useBriefingContext.test.ts" name="useBriefingContext: successful load &gt; sets loading=true during fetch, then resolves context and loading=false" time="0.0137394">
        </testcase>
        <testcase classname="tests/features/ai-briefing/hooks/useBriefingContext.test.ts" name="useBriefingContext: successful load &gt; exposes hasDataset=true and datasetName when active dataset is set" time="0.0603012">
        </testcase>
        <testcase classname="tests/features/ai-briefing/hooks/useBriefingContext.test.ts" name="useBriefingContext: successful load &gt; calls buildBriefingContext with the active dataset object" time="0.0816472">
        </testcase>
        <testcase classname="tests/features/ai-briefing/hooks/useBriefingContext.test.ts" name="useBriefingContext: successful load &gt; returns a reload function that re-runs buildBriefingContext" time="0.0810316">
        </testcase>
        <testcase classname="tests/features/ai-briefing/hooks/useBriefingContext.test.ts" name="useBriefingContext: error handling &gt; captures the error message when buildBriefingContext throws an Error" time="0.0860405">
        </testcase>
        <testcase classname="tests/features/ai-briefing/hooks/useBriefingContext.test.ts" name="useBriefingContext: error handling &gt; uses the fallback message when a non-Error is thrown" time="0.0805319">
        </testcase>
        <testcase classname="tests/features/ai-briefing/hooks/useBriefingContext.test.ts" name="useBriefingContext: error handling &gt; clears a previous error when reload succeeds" time="0.085346">
        </testcase>
        <testcase classname="tests/features/ai-briefing/hooks/useBriefingContext.test.ts" name="useBriefingContext: error handling &gt; clears a previous error when dataset is removed (no active dataset)" time="0.1045898">
        </testcase>
        <testcase classname="tests/features/ai-briefing/hooks/useBriefingContext.test.ts" name="useBriefingContext: dataset switching &gt; re-fetches context when the active dataset id changes" time="0.1567682">
        </testcase>
        <testcase classname="tests/features/ai-briefing/hooks/useBriefingContext.test.ts" name="useBriefingContext: dataset switching &gt; resets to null context when active dataset is cleared" time="0.0985887">
        </testcase>
        <testcase classname="tests/features/ai-briefing/hooks/useBriefingContext.test.ts" name="useBriefingContext: dataset switching &gt; does not re-fetch when unrelated store properties change but datasetId stays the same" time="0.0769244">
        </testcase>
        <testcase classname="tests/features/ai-briefing/hooks/useBriefingContext.test.ts" name="useBriefingContext: race condition (stale request cancellation) &gt; ignores the result of a stale request when a newer one resolves first" time="0.0471961">
        </testcase>
        <testcase classname="tests/features/ai-briefing/hooks/useBriefingContext.test.ts" name="useBriefingContext: return value shape &gt; returns all six expected fields on initial render" time="0.0047875">
        </testcase>
        <testcase classname="tests/features/ai-briefing/hooks/useBriefingContext.test.ts" name="useBriefingContext: return value shape &gt; keeps the reload function stable across re-renders when dataset does not change" time="0.0769059">
        </testcase>
    </testsuite>
    <testsuite name="tests/features/ai-briefing/hooks/useNarrator.test.ts" timestamp="2026-06-25T18:28:25.592Z" hostname="Desktop" tests="18" failures="0" errors="0" skipped="0" time="0.4099233">
        <testcase classname="tests/features/ai-briefing/hooks/useNarrator.test.ts" name="useNarrator.speak Electron lane: audio event handlers &gt; resets speaking to false when the Electron audio element fires onended" time="0.0818875">
        </testcase>
        <testcase classname="tests/features/ai-briefing/hooks/useNarrator.test.ts" name="useNarrator.speak Electron lane: audio event handlers &gt; resets speaking to false when the Electron audio element fires onerror" time="0.0089347">
        </testcase>
        <testcase classname="tests/features/ai-briefing/hooks/useNarrator.test.ts" name="useNarrator.speak Kokoro lane: audio event handlers &gt; resets speaking to false when the Kokoro audio element fires onended" time="0.0198132">
        </testcase>
        <testcase classname="tests/features/ai-briefing/hooks/useNarrator.test.ts" name="useNarrator.speak Kokoro lane: audio event handlers &gt; resets speaking to false when the Kokoro audio element fires onerror" time="0.0067007">
        </testcase>
        <testcase classname="tests/features/ai-briefing/hooks/useNarrator.test.ts" name="useNarrator.cleanup: URL revocation &gt; calls URL.revokeObjectURL when stop() is called after audio was created" time="0.0403496">
        </testcase>
        <testcase classname="tests/features/ai-briefing/hooks/useNarrator.test.ts" name="useNarrator.cleanup: URL revocation &gt; calls URL.revokeObjectURL on unmount when audio was created via Electron lane" time="0.0049131">
        </testcase>
        <testcase classname="tests/features/ai-briefing/hooks/useNarrator.test.ts" name="useNarrator.speakWithSpeechSynthesis: window guard &gt; is a no-op when sherpa fails and neither Worker nor speechSynthesis exist" time="0.006822">
        </testcase>
        <testcase classname="tests/features/ai-briefing/hooks/useNarrator.test.ts" name="useNarrator.speak: proxy null path when kokoro mode but worker fails &gt; falls through to speechSynthesis when Worker throws during proxy creation" time="0.0070154">
        </testcase>
        <testcase classname="tests/features/ai-briefing/hooks/useNarrator.test.ts" name="useNarrator.speak: synthesize resolves null falls through &gt; skips audio creation and falls to speechSynthesis when synthesize returns null" time="0.0196428">
        </testcase>
        <testcase classname="tests/features/ai-briefing/hooks/useNarrator.test.ts" name="useNarrator.stop: pauses active audio &gt; pauses and nullifies the audio element on stop" time="0.0323172">
        </testcase>
        <testcase classname="tests/features/ai-briefing/hooks/useNarrator.test.ts" name="useNarrator.speakWithSpeechSynthesis: setState updaters &gt; loading state transitions are correctly applied via updater functions" time="0.0076351">
        </testcase>
        <testcase classname="tests/features/ai-briefing/hooks/useNarrator.test.ts" name="useNarrator.speakWithSpeechSynthesis: setState updaters &gt; setState updaters inside speech utterance callbacks fire correctly" time="0.0083757">
        </testcase>
        <testcase classname="tests/features/ai-briefing/hooks/useNarrator.test.ts" name="useNarrator.ensureProxy: proxy reuse &gt; calls wrap only once when two consecutive speaks succeed" time="0.0174317">
        </testcase>
        <testcase classname="tests/features/ai-briefing/hooks/useNarrator.test.ts" name="useNarrator: unmount while Electron audio is playing &gt; pauses the active Electron audio element on unmount" time="0.011105">
        </testcase>
        <testcase classname="tests/features/ai-briefing/hooks/useNarrator.test.ts" name="useNarrator.speak Electron lane: all setState lambdas &gt; goes through loading=true then loading=false setState lambdas on success" time="0.0393038">
        </testcase>
        <testcase classname="tests/features/ai-briefing/hooks/useNarrator.test.ts" name="useNarrator.speak Electron lane: all setState lambdas &gt; sets loading=false via catch lambda when sherpaSpeak rejects" time="0.0083524">
        </testcase>
        <testcase classname="tests/features/ai-briefing/hooks/useNarrator.test.ts" name="useNarrator.speak Kokoro lane: all setState lambdas &gt; goes through loading=true then loading=false on successful synthesis" time="0.0591246">
        </testcase>
        <testcase classname="tests/features/ai-briefing/hooks/useNarrator.test.ts" name="useNarrator.speak Kokoro lane: all setState lambdas &gt; sets loading=false and kokoroFailed=true when synthesize throws" time="0.0120682">
        </testcase>
    </testsuite>
    <testsuite name="tests/features/ai-briefing/hooks/useNarrator.test.tsx" timestamp="2026-06-25T18:28:25.594Z" hostname="Desktop" tests="23" failures="0" errors="0" skipped="0" time="0.3082799">
        <testcase classname="tests/features/ai-briefing/hooks/useNarrator.test.tsx" name="useNarrator: engine detection on mount &gt; reports the Kokoro engine and availability when Worker exists" time="0.0667538">
        </testcase>
        <testcase classname="tests/features/ai-briefing/hooks/useNarrator.test.tsx" name="useNarrator: engine detection on mount &gt; falls back to system voices when Worker is absent but speechSynthesis exists" time="0.0059619">
        </testcase>
        <testcase classname="tests/features/ai-briefing/hooks/useNarrator.test.tsx" name="useNarrator: engine detection on mount &gt; reports unavailable when neither Worker nor speechSynthesis exist" time="0.0083883">
        </testcase>
        <testcase classname="tests/features/ai-briefing/hooks/useNarrator.test.tsx" name="useNarrator.speak: empty input guard &gt; does nothing for an empty string" time="0.0120968">
        </testcase>
        <testcase classname="tests/features/ai-briefing/hooks/useNarrator.test.tsx" name="useNarrator.speak: empty input guard &gt; does nothing for whitespace-only input" time="0.0138673">
        </testcase>
        <testcase classname="tests/features/ai-briefing/hooks/useNarrator.test.tsx" name="useNarrator.speak: Electron sherpa-onnx lane &gt; synthesizes via sherpaSpeak, sets speaking, and never touches the worker" time="0.0342604">
        </testcase>
        <testcase classname="tests/features/ai-briefing/hooks/useNarrator.test.tsx" name="useNarrator.speak: Electron sherpa-onnx lane &gt; trims the text before handing it to sherpaSpeak" time="0.0065041">
        </testcase>
        <testcase classname="tests/features/ai-briefing/hooks/useNarrator.test.tsx" name="useNarrator.speak: Electron sherpa-onnx lane &gt; clears loading and falls through to speechSynthesis when sherpaSpeak rejects" time="0.007639">
        </testcase>
        <testcase classname="tests/features/ai-briefing/hooks/useNarrator.test.tsx" name="useNarrator.speak: Kokoro worker lane &gt; creates the worker proxy once and plays the synthesized audio on success" time="0.0157552">
        </testcase>
        <testcase classname="tests/features/ai-briefing/hooks/useNarrator.test.tsx" name="useNarrator.speak: Kokoro worker lane &gt; reuses the same proxy on a second speak (ensureProxy short-circuit)" time="0.0118181">
        </testcase>
        <testcase classname="tests/features/ai-briefing/hooks/useNarrator.test.tsx" name="useNarrator.speak: Kokoro worker lane &gt; falls through to system voices when synthesize resolves null" time="0.0065159">
        </testcase>
        <testcase classname="tests/features/ai-briefing/hooks/useNarrator.test.tsx" name="useNarrator.speak: Kokoro worker lane &gt; marks kokoro failed and skips it on subsequent calls when synthesize throws" time="0.0117555">
        </testcase>
        <testcase classname="tests/features/ai-briefing/hooks/useNarrator.test.tsx" name="useNarrator.speak: Kokoro worker lane &gt; skips kokoro and uses OS voices when the Worker constructor throws" time="0.0079469">
        </testcase>
        <testcase classname="tests/features/ai-briefing/hooks/useNarrator.test.tsx" name="useNarrator.speak: speechSynthesis fallback &gt; speaks via window.speechSynthesis in speech mode with rate 0.97" time="0.0092865">
        </testcase>
        <testcase classname="tests/features/ai-briefing/hooks/useNarrator.test.tsx" name="useNarrator.speak: speechSynthesis fallback &gt; resets speaking to false when the utterance ends" time="0.0044993">
        </testcase>
        <testcase classname="tests/features/ai-briefing/hooks/useNarrator.test.tsx" name="useNarrator.speak: speechSynthesis fallback &gt; resets speaking to false when the utterance errors" time="0.0034422">
        </testcase>
        <testcase classname="tests/features/ai-briefing/hooks/useNarrator.test.tsx" name="useNarrator.speak: speechSynthesis fallback &gt; is a no-op in &apos;none&apos; mode (no Worker, no speechSynthesis)" time="0.0069628">
        </testcase>
        <testcase classname="tests/features/ai-briefing/hooks/useNarrator.test.tsx" name="useNarrator.stop &gt; clears speaking + loading and cancels any active OS speech" time="0.0116771">
        </testcase>
        <testcase classname="tests/features/ai-briefing/hooks/useNarrator.test.tsx" name="useNarrator.stop &gt; is safe to call before anything has been spoken" time="0.0075853">
        </testcase>
        <testcase classname="tests/features/ai-briefing/hooks/useNarrator.test.tsx" name="useNarrator: unmount teardown &gt; terminates the kokoro worker on unmount" time="0.0105971">
        </testcase>
        <testcase classname="tests/features/ai-briefing/hooks/useNarrator.test.tsx" name="useNarrator: unmount teardown &gt; cancels OS speech on unmount" time="0.0038121">
        </testcase>
        <testcase classname="tests/features/ai-briefing/hooks/useNarrator.test.tsx" name="useNarrator: unmount teardown &gt; unmounts cleanly when nothing was ever spoken" time="0.0034208">
        </testcase>
        <testcase classname="tests/features/ai-briefing/hooks/useNarrator.test.tsx" name="useNarrator: returned API stability &gt; keeps speak/stop referentially stable across re-renders" time="0.0102483">
        </testcase>
    </testsuite>
    <testsuite name="tests/features/ai-briefing/hooks/useStreamingGeneration.test.ts" timestamp="2026-06-25T18:28:25.597Z" hostname="Desktop" tests="24" failures="0" errors="0" skipped="0" time="0.4699527">
        <testcase classname="tests/features/ai-briefing/hooks/useStreamingGeneration.test.ts" name="useStreamingGeneration — initial state &gt; starts with empty text, busy=false, and error=null" time="0.0893865">
        </testcase>
        <testcase classname="tests/features/ai-briefing/hooks/useStreamingGeneration.test.ts" name="useStreamingGeneration — initial state &gt; exposes run, cancel, and reset callbacks" time="0.0057149">
        </testcase>
        <testcase classname="tests/features/ai-briefing/hooks/useStreamingGeneration.test.ts" name="useStreamingGeneration — run() happy path &gt; sets busy=true immediately on invocation before generation resolves" time="0.0129223">
        </testcase>
        <testcase classname="tests/features/ai-briefing/hooks/useStreamingGeneration.test.ts" name="useStreamingGeneration — run() happy path &gt; sets busy=false and populates text after generation resolves" time="0.011864">
        </testcase>
        <testcase classname="tests/features/ai-briefing/hooks/useStreamingGeneration.test.ts" name="useStreamingGeneration — run() happy path &gt; accumulates streamed tokens into text during generation" time="0.0158453">
        </testcase>
        <testcase classname="tests/features/ai-briefing/hooks/useStreamingGeneration.test.ts" name="useStreamingGeneration — run() happy path &gt; prefers result.text over accumulated tokens when both are non-empty" time="0.0083522">
        </testcase>
        <testcase classname="tests/features/ai-briefing/hooks/useStreamingGeneration.test.ts" name="useStreamingGeneration — run() happy path &gt; passes system, prompt, and default opts to ai.generate" time="0.0206388">
        </testcase>
        <testcase classname="tests/features/ai-briefing/hooks/useStreamingGeneration.test.ts" name="useStreamingGeneration — run() happy path &gt; forwards custom maxTokens and temperature from opts" time="0.0214076">
        </testcase>
        <testcase classname="tests/features/ai-briefing/hooks/useStreamingGeneration.test.ts" name="useStreamingGeneration — run() happy path &gt; returns the final text string from run()" time="0.0106628">
        </testcase>
        <testcase classname="tests/features/ai-briefing/hooks/useStreamingGeneration.test.ts" name="useStreamingGeneration — run() happy path &gt; resets text to empty and clears error at the start of each run()" time="0.0098944">
        </testcase>
        <testcase classname="tests/features/ai-briefing/hooks/useStreamingGeneration.test.ts" name="useStreamingGeneration — error handling &gt; sets error message when generate throws an Error instance" time="0.036703">
        </testcase>
        <testcase classname="tests/features/ai-briefing/hooks/useStreamingGeneration.test.ts" name="useStreamingGeneration — error handling &gt; sets generic error message when generate throws a non-Error value" time="0.0156189">
        </testcase>
        <testcase classname="tests/features/ai-briefing/hooks/useStreamingGeneration.test.ts" name="useStreamingGeneration — error handling &gt; re-throws the error after updating state" time="0.0192531">
        </testcase>
        <testcase classname="tests/features/ai-briefing/hooks/useStreamingGeneration.test.ts" name="useStreamingGeneration — error handling &gt; preserves accumulated tokens in text on error" time="0.0427283">
        </testcase>
        <testcase classname="tests/features/ai-briefing/hooks/useStreamingGeneration.test.ts" name="useStreamingGeneration — cancel() &gt; sets busy=false immediately when cancel is called" time="0.0172649">
        </testcase>
        <testcase classname="tests/features/ai-briefing/hooks/useStreamingGeneration.test.ts" name="useStreamingGeneration — cancel() &gt; is safe to call cancel when not busy (no-op)" time="0.0159815">
        </testcase>
        <testcase classname="tests/features/ai-briefing/hooks/useStreamingGeneration.test.ts" name="useStreamingGeneration — reset() &gt; clears text, sets busy=false, and clears error" time="0.0132035">
        </testcase>
        <testcase classname="tests/features/ai-briefing/hooks/useStreamingGeneration.test.ts" name="useStreamingGeneration — reset() &gt; is safe to call reset when state is already clean" time="0.0148458">
        </testcase>
        <testcase classname="tests/features/ai-briefing/hooks/useStreamingGeneration.test.ts" name="useStreamingGeneration — AbortController / abort on re-run &gt; aborts the previous in-flight request when run() is called again" time="0.0104471">
        </testcase>
        <testcase classname="tests/features/ai-briefing/hooks/useStreamingGeneration.test.ts" name="useStreamingGeneration — AbortController / abort on re-run &gt; handles abort silently (no error state set) when signal is aborted" time="0.0091651">
        </testcase>
        <testcase classname="tests/features/ai-briefing/hooks/useStreamingGeneration.test.ts" name="useStreamingGeneration — unmount cleanup &gt; aborts in-flight generation when the component unmounts" time="0.0103496">
        </testcase>
        <testcase classname="tests/features/ai-briefing/hooks/useStreamingGeneration.test.ts" name="useStreamingGeneration — unmount cleanup &gt; does not throw on unmount when no run() was ever called" time="0.0054769">
        </testcase>
        <testcase classname="tests/features/ai-briefing/hooks/useStreamingGeneration.test.ts" name="useStreamingGeneration — onToken callback updates state &gt; updates text state incrementally via onToken while busy" time="0.021406">
        </testcase>
        <testcase classname="tests/features/ai-briefing/hooks/useStreamingGeneration.test.ts" name="useStreamingGeneration — onToken callback updates state &gt; does not update text via onToken when busy is false (guard condition)" time="0.0093336">
        </testcase>
    </testsuite>
    <testsuite name="tests/features/analytics-theater/hooks/use-scene-data.test.ts" timestamp="2026-06-25T18:28:25.600Z" hostname="Desktop" tests="26" failures="0" errors="0" skipped="0" time="0.214004">
        <testcase classname="tests/features/analytics-theater/hooks/use-scene-data.test.ts" name="useSceneData – useMemo short-circuits when not ready &gt; does not call builder when ready=false" time="0.0432022">
        </testcase>
        <testcase classname="tests/features/analytics-theater/hooks/use-scene-data.test.ts" name="useSceneData – useMemo short-circuits when not ready &gt; passes empty string sql and enabled=false when built=null" time="0.0038209">
        </testcase>
        <testcase classname="tests/features/analytics-theater/hooks/use-scene-data.test.ts" name="useSceneData – useMemo short-circuits when view=null &gt; does not call builder when view is null" time="0.005649">
        </testcase>
        <testcase classname="tests/features/analytics-theater/hooks/use-scene-data.test.ts" name="useSceneData – builder is called when ready and view is set &gt; calls builder with view and roles and passes sql to useDuckDBQuery" time="0.0091147">
        </testcase>
        <testcase classname="tests/features/analytics-theater/hooks/use-scene-data.test.ts" name="useSceneData – builder is called when ready and view is set &gt; passes null note and unsupported=true when builder returns null" time="0.003733">
        </testcase>
        <testcase classname="tests/features/analytics-theater/hooks/use-scene-data.test.ts" name="useSceneData – builder is called when ready and view is set &gt; returns note from built.note when builder returns SceneSql" time="0.0029557">
        </testcase>
        <testcase classname="tests/features/analytics-theater/hooks/use-scene-data.test.ts" name="useSceneData – rows passthrough from useDuckDBQuery &gt; rows equals data returned from useDuckDBQuery" time="0.012532">
        </testcase>
        <testcase classname="tests/features/analytics-theater/hooks/use-scene-data.test.ts" name="useSceneData – rows passthrough from useDuckDBQuery &gt; rows defaults to [] when data is undefined (default param)" time="0.0191292">
        </testcase>
        <testcase classname="tests/features/analytics-theater/hooks/use-scene-data.test.ts" name="useSceneData – isLoading and error from useDuckDBQuery &gt; isLoading=true is passed through" time="0.0039303">
        </testcase>
        <testcase classname="tests/features/analytics-theater/hooks/use-scene-data.test.ts" name="useSceneData – isLoading and error from useDuckDBQuery &gt; isLoading=false is passed through" time="0.0032698">
        </testcase>
        <testcase classname="tests/features/analytics-theater/hooks/use-scene-data.test.ts" name="useSceneData – isLoading and error from useDuckDBQuery &gt; error is passed through" time="0.0043863">
        </testcase>
        <testcase classname="tests/features/analytics-theater/hooks/use-scene-data.test.ts" name="useSceneData – isEmpty covers all sub-branches &gt; isEmpty=true when built is non-null, not loading, no error, data is empty" time="0.0146686">
        </testcase>
        <testcase classname="tests/features/analytics-theater/hooks/use-scene-data.test.ts" name="useSceneData – isEmpty covers all sub-branches &gt; isEmpty=false when built is null (unsupported scene)" time="0.0046659">
        </testcase>
        <testcase classname="tests/features/analytics-theater/hooks/use-scene-data.test.ts" name="useSceneData – isEmpty covers all sub-branches &gt; isEmpty=false when isLoading=true even with empty data" time="0.0103984">
        </testcase>
        <testcase classname="tests/features/analytics-theater/hooks/use-scene-data.test.ts" name="useSceneData – isEmpty covers all sub-branches &gt; isEmpty=false when error is set even with empty data" time="0.0086131">
        </testcase>
        <testcase classname="tests/features/analytics-theater/hooks/use-scene-data.test.ts" name="useSceneData – isEmpty covers all sub-branches &gt; isEmpty=false when data has rows" time="0.003138">
        </testcase>
        <testcase classname="tests/features/analytics-theater/hooks/use-scene-data.test.ts" name="useSceneData – isEmpty covers all sub-branches &gt; isEmpty=false when builder returns null (unsupported) even with empty data and no loading/error" time="0.0025115">
        </testcase>
        <testcase classname="tests/features/analytics-theater/hooks/use-scene-data.test.ts" name="useSceneData – refetch wrapper &gt; refetch is a function" time="0.0068025">
        </testcase>
        <testcase classname="tests/features/analytics-theater/hooks/use-scene-data.test.ts" name="useSceneData – refetch wrapper &gt; calling refetch delegates to the underlying refetch from useDuckDBQuery" time="0.016379">
        </testcase>
        <testcase classname="tests/features/analytics-theater/hooks/use-scene-data.test.ts" name="useSceneData – refetch wrapper &gt; refetch return value is void (discards the promise)" time="0.0034542">
        </testcase>
        <testcase classname="tests/features/analytics-theater/hooks/use-scene-data.test.ts" name="useSceneData – roles and view passthrough from useActiveDataset &gt; exposes roles from the active dataset context" time="0.003398">
        </testcase>
        <testcase classname="tests/features/analytics-theater/hooks/use-scene-data.test.ts" name="useSceneData – roles and view passthrough from useActiveDataset &gt; exposes view from the active dataset context" time="0.0026747">
        </testcase>
        <testcase classname="tests/features/analytics-theater/hooks/use-scene-data.test.ts" name="useSceneData – roles and view passthrough from useActiveDataset &gt; exposes null view when no view is available" time="0.0023241">
        </testcase>
        <testcase classname="tests/features/analytics-theater/hooks/use-scene-data.test.ts" name="useSceneData – useDuckDBQuery call parameters &gt; passes [view] as the params array for cache keying" time="0.0024974">
        </testcase>
        <testcase classname="tests/features/analytics-theater/hooks/use-scene-data.test.ts" name="useSceneData – useDuckDBQuery call parameters &gt; passes enabled=false when built is null (builder returns null)" time="0.0080898">
        </testcase>
        <testcase classname="tests/features/analytics-theater/hooks/use-scene-data.test.ts" name="useSceneData – useDuckDBQuery call parameters &gt; passes null view as params when there is no active view" time="0.0030333">
        </testcase>
    </testsuite>
    <testsuite name="tests/features/analytics-theater/hooks/use-scrollama.test.ts" timestamp="2026-06-25T18:28:25.603Z" hostname="Desktop" tests="31" failures="0" errors="0" skipped="0" time="0.4448859">
        <testcase classname="tests/features/analytics-theater/hooks/use-scrollama.test.ts" name="useScrollama — return value &gt; returns a React ref object with a current property" time="0.0747928">
        </testcase>
        <testcase classname="tests/features/analytics-theater/hooks/use-scrollama.test.ts" name="useScrollama — return value &gt; ref.current is null on first render when not attached to a DOM element" time="0.0073684">
        </testcase>
        <testcase classname="tests/features/analytics-theater/hooks/use-scrollama.test.ts" name="useScrollama — null root (ref not attached to any DOM element) &gt; does not call scrollama() when ref.current stays null" time="0.0071271">
        </testcase>
        <testcase classname="tests/features/analytics-theater/hooks/use-scrollama.test.ts" name="useScrollama — null root (ref not attached to any DOM element) &gt; does not call scrollama() with enabled=false and null ref" time="0.0108098">
        </testcase>
        <testcase classname="tests/features/analytics-theater/hooks/use-scrollama.test.ts" name="useScrollama — null root (ref not attached to any DOM element) &gt; does not call scrollama() with explicit enabled=true and null ref" time="0.0080457">
        </testcase>
        <testcase classname="tests/features/analytics-theater/hooks/use-scrollama.test.ts" name="useScrollama — nullish coalescing default branches &gt; enabled defaults to true when options arg is omitted (options?.enabled ?? true)" time="0.006307">
        </testcase>
        <testcase classname="tests/features/analytics-theater/hooks/use-scrollama.test.ts" name="useScrollama — nullish coalescing default branches &gt; enabled defaults to true when options exists but enabled is omitted" time="0.0072073">
        </testcase>
        <testcase classname="tests/features/analytics-theater/hooks/use-scrollama.test.ts" name="useScrollama — nullish coalescing default branches &gt; offset defaults to 0.5 when options arg is omitted (options?.offset ?? 0.5)" time="0.0075249">
        </testcase>
        <testcase classname="tests/features/analytics-theater/hooks/use-scrollama.test.ts" name="useScrollama — nullish coalescing default branches &gt; offset defaults to 0.5 when options exists but offset is omitted" time="0.0171767">
        </testcase>
        <testcase classname="tests/features/analytics-theater/hooks/use-scrollama.test.ts" name="useScrollama — nullish coalescing default branches &gt; uses the provided enabled=false value (does not fall through to true)" time="0.0062049">
        </testcase>
        <testcase classname="tests/features/analytics-theater/hooks/use-scrollama.test.ts" name="useScrollama — nullish coalescing default branches &gt; uses the provided offset=0.3 value (does not fall through to 0.5)" time="0.0068595">
        </testcase>
        <testcase classname="tests/features/analytics-theater/hooks/use-scrollama.test.ts" name="useScrollama — enabled=false branch (with real DOM root) &gt; does not call scrollama() even when the root div has [data-scene] children" time="0.0554231">
        </testcase>
        <testcase classname="tests/features/analytics-theater/hooks/use-scrollama.test.ts" name="useScrollama — enabled=false branch (with real DOM root) &gt; does not add a resize listener when enabled=false" time="0.0165016">
        </testcase>
        <testcase classname="tests/features/analytics-theater/hooks/use-scrollama.test.ts" name="useScrollama — zero [data-scene] steps branch &gt; does not call scrollama() when the root div has no [data-scene] children" time="0.025737">
        </testcase>
        <testcase classname="tests/features/analytics-theater/hooks/use-scrollama.test.ts" name="useScrollama — happy path: scrollama initialized &gt; calls scrollama() and setup() when root has [data-scene] elements" time="0.013194">
        </testcase>
        <testcase classname="tests/features/analytics-theater/hooks/use-scrollama.test.ts" name="useScrollama — happy path: scrollama initialized &gt; passes the [data-scene] NodeList and offset to setup()" time="0.0093248">
        </testcase>
        <testcase classname="tests/features/analytics-theater/hooks/use-scrollama.test.ts" name="useScrollama — happy path: scrollama initialized &gt; defaults offset to 0.5 when options not provided" time="0.0084272">
        </testcase>
        <testcase classname="tests/features/analytics-theater/hooks/use-scrollama.test.ts" name="useScrollama — happy path: scrollama initialized &gt; calls onStep when onStepEnter fires (down direction)" time="0.0094186">
        </testcase>
        <testcase classname="tests/features/analytics-theater/hooks/use-scrollama.test.ts" name="useScrollama — happy path: scrollama initialized &gt; calls onStep when onStepEnter fires (up direction)" time="0.0066145">
        </testcase>
        <testcase classname="tests/features/analytics-theater/hooks/use-scrollama.test.ts" name="useScrollama — happy path: scrollama initialized &gt; calls onStep with the correct index from onStepEnter" time="0.0108912">
        </testcase>
        <testcase classname="tests/features/analytics-theater/hooks/use-scrollama.test.ts" name="useScrollama — resize event listener &gt; adds a resize event listener to window when scrollama is active" time="0.0077659">
        </testcase>
        <testcase classname="tests/features/analytics-theater/hooks/use-scrollama.test.ts" name="useScrollama — resize event listener &gt; calls sc.resize() when window fires a resize event" time="0.0083148">
        </testcase>
        <testcase classname="tests/features/analytics-theater/hooks/use-scrollama.test.ts" name="useScrollama — cleanup &gt; removes the resize event listener from window on unmount" time="0.0071322">
        </testcase>
        <testcase classname="tests/features/analytics-theater/hooks/use-scrollama.test.ts" name="useScrollama — cleanup &gt; calls sc.destroy() on unmount" time="0.017345">
        </testcase>
        <testcase classname="tests/features/analytics-theater/hooks/use-scrollama.test.ts" name="useScrollama — cleanup &gt; does not throw when unmounting with no scrollama instance (null root)" time="0.0038395">
        </testcase>
        <testcase classname="tests/features/analytics-theater/hooks/use-scrollama.test.ts" name="useScrollama — cleanup &gt; cleanup is a no-op when enabled=false (no resize listener was registered)" time="0.0045333">
        </testcase>
        <testcase classname="tests/features/analytics-theater/hooks/use-scrollama.test.ts" name="useScrollama — onStepRef update (callback stays current) &gt; fires the latest callback when the onStep prop changes between renders" time="0.0208173">
        </testcase>
        <testcase classname="tests/features/analytics-theater/hooks/use-scrollama.test.ts" name="useScrollama — effect re-runs when offset changes &gt; creates a new scrollama instance when offset dependency changes" time="0.0183396">
        </testcase>
        <testcase classname="tests/features/analytics-theater/hooks/use-scrollama.test.ts" name="useScrollama — effect re-runs when offset changes &gt; destroys the previous scrollama instance when offset changes" time="0.0070798">
        </testcase>
        <testcase classname="tests/features/analytics-theater/hooks/use-scrollama.test.ts" name="useScrollama — effect re-runs when enabled changes &gt; initialises scrollama when enabled switches from false to true" time="0.0074606">
        </testcase>
        <testcase classname="tests/features/analytics-theater/hooks/use-scrollama.test.ts" name="useScrollama — effect re-runs when enabled changes &gt; destroys the scrollama instance when enabled switches from true to false" time="0.0049714">
        </testcase>
    </testsuite>
    <testsuite name="tests/features/collaboration/hooks/useAnnotations.test.ts" timestamp="2026-06-25T18:28:25.606Z" hostname="Desktop" tests="7" failures="0" errors="0" skipped="0" time="0.0864437">
        <testcase classname="tests/features/collaboration/hooks/useAnnotations.test.ts" name="useAnnotations &gt; calls useAnnotationsCRDT with the provided sectionId" time="0.0382453">
        </testcase>
        <testcase classname="tests/features/collaboration/hooks/useAnnotations.test.ts" name="useAnnotations &gt; returns the result of useAnnotationsCRDT" time="0.0036038">
        </testcase>
        <testcase classname="tests/features/collaboration/hooks/useAnnotations.test.ts" name="useAnnotations &gt; passes different sectionIds through to useAnnotationsCRDT" time="0.0129973">
        </testcase>
        <testcase classname="tests/features/collaboration/hooks/useAnnotations.test.ts" name="useAnnotations &gt; returns notes from the CRDT result" time="0.0031901">
        </testcase>
        <testcase classname="tests/features/collaboration/hooks/useAnnotations.test.ts" name="useAnnotations &gt; returns the api functions from the CRDT result" time="0.0097061">
        </testcase>
        <testcase classname="tests/features/collaboration/hooks/useAnnotations.test.ts" name="useAnnotations &gt; calls useAnnotationsCRDT once per render" time="0.0072151">
        </testcase>
        <testcase classname="tests/features/collaboration/hooks/useAnnotations.test.ts" name="useAnnotations &gt; forwards a new sectionId when the argument changes" time="0.0045575">
        </testcase>
    </testsuite>
    <testsuite name="tests/features/data-transform/ai/recipe-from-nl.test.ts" timestamp="2026-06-25T18:28:25.607Z" hostname="Desktop" tests="6" failures="0" errors="0" skipped="0" time="0.115671">
        <testcase classname="tests/features/data-transform/ai/recipe-from-nl.test.ts" name="buildRecipePrompt &gt; returns a fixed system prompt describing the step vocabulary" time="0.0708494">
        </testcase>
        <testcase classname="tests/features/data-transform/ai/recipe-from-nl.test.ts" name="buildRecipePrompt &gt; embeds the table name and a locale-formatted row count" time="0.0009549">
        </testcase>
        <testcase classname="tests/features/data-transform/ai/recipe-from-nl.test.ts" name="buildRecipePrompt &gt; lists each column with its type" time="0.0019644">
        </testcase>
        <testcase classname="tests/features/data-transform/ai/recipe-from-nl.test.ts" name="buildRecipePrompt &gt; trims the instruction before embedding it" time="0.0020129">
        </testcase>
        <testcase classname="tests/features/data-transform/ai/recipe-from-nl.test.ts" name="buildRecipePrompt &gt; falls back to a schema-unavailable note when there are no columns" time="0.000688">
        </testcase>
        <testcase classname="tests/features/data-transform/ai/recipe-from-nl.test.ts" name="buildRecipePrompt &gt; always asks the model to return ordered steps" time="0.0102431">
        </testcase>
    </testsuite>
    <testsuite name="tests/features/data-transform/ai/recipe-schema.test.ts" timestamp="2026-06-25T18:28:25.608Z" hostname="Desktop" tests="19" failures="0" errors="0" skipped="0" time="0.0328472">
        <testcase classname="tests/features/data-transform/ai/recipe-schema.test.ts" name="TransformRecipeSchema &gt; accepts a minimal valid recipe" time="0.0089815">
        </testcase>
        <testcase classname="tests/features/data-transform/ai/recipe-schema.test.ts" name="TransformRecipeSchema &gt; rejects an unknown step type" time="0.0038265">
        </testcase>
        <testcase classname="tests/features/data-transform/ai/recipe-schema.test.ts" name="TransformRecipeSchema &gt; rejects more than 12 steps" time="0.0014106">
        </testcase>
        <testcase classname="tests/features/data-transform/ai/recipe-schema.test.ts" name="TransformRecipeSchema &gt; rejects a non-enum sort direction" time="0.0009687">
        </testcase>
        <testcase classname="tests/features/data-transform/ai/recipe-schema.test.ts" name="TransformRecipeSchema &gt; exposes the full step-type vocabulary" time="0.0013299">
        </testcase>
        <testcase classname="tests/features/data-transform/ai/recipe-schema.test.ts" name="coerceRecipe &gt; returns an empty step list for an empty recipe" time="0.0018834">
        </testcase>
        <testcase classname="tests/features/data-transform/ai/recipe-schema.test.ts" name="coerceRecipe &gt; assigns enabled, stably-prefixed ids and preserves order" time="0.0018787">
        </testcase>
        <testcase classname="tests/features/data-transform/ai/recipe-schema.test.ts" name="coerceRecipe &gt; trims labels and falls back to a type-derived label when blank" time="0.0005457">
        </testcase>
        <testcase classname="tests/features/data-transform/ai/recipe-schema.test.ts" name="coerceRecipe &gt; maps a filter step config with a default condition" time="0.0006589">
        </testcase>
        <testcase classname="tests/features/data-transform/ai/recipe-schema.test.ts" name="coerceRecipe &gt; maps select columns with a wildcard default" time="0.000455">
        </testcase>
        <testcase classname="tests/features/data-transform/ai/recipe-schema.test.ts" name="coerceRecipe &gt; maps derive expression + alias with defaults" time="0.0004584">
        </testcase>
        <testcase classname="tests/features/data-transform/ai/recipe-schema.test.ts" name="coerceRecipe &gt; maps rename to a new_col alias default" time="0.0004019">
        </testcase>
        <testcase classname="tests/features/data-transform/ai/recipe-schema.test.ts" name="coerceRecipe &gt; maps aggregate groupBy + agg with COUNT default" time="0.0003728">
        </testcase>
        <testcase classname="tests/features/data-transform/ai/recipe-schema.test.ts" name="coerceRecipe &gt; maps sort column + direction with ASC default" time="0.000343">
        </testcase>
        <testcase classname="tests/features/data-transform/ai/recipe-schema.test.ts" name="coerceRecipe &gt; maps a numeric limit and defaults a missing count to 1000" time="0.0005167">
        </testcase>
        <testcase classname="tests/features/data-transform/ai/recipe-schema.test.ts" name="coerceRecipe &gt; maps deduplicate to an empty config" time="0.0003259">
        </testcase>
        <testcase classname="tests/features/data-transform/ai/recipe-schema.test.ts" name="coerceRecipe &gt; maps join to an empty, user-completable config" time="0.0003605">
        </testcase>
        <testcase classname="tests/features/data-transform/ai/recipe-schema.test.ts" name="coerceRecipe &gt; maps pivot onColumn from the flat &apos;column&apos; field and agg from &apos;agg&apos;" time="0.0003765">
        </testcase>
        <testcase classname="tests/features/data-transform/ai/recipe-schema.test.ts" name="coerceRecipe &gt; defaults pivot usingAgg to COUNT(*) when agg is absent" time="0.0003236">
        </testcase>
    </testsuite>
    <testsuite name="tests/features/data-transform/state/recipes.test.ts" timestamp="2026-06-25T18:28:25.610Z" hostname="Desktop" tests="9" failures="0" errors="0" skipped="0" time="0.0254875">
        <testcase classname="tests/features/data-transform/state/recipes.test.ts" name="saveRecipe &gt; generates a new id when none is provided and returns it" time="0.0051958">
        </testcase>
        <testcase classname="tests/features/data-transform/state/recipes.test.ts" name="saveRecipe &gt; reuses the provided id (update path) without generating a new one" time="0.0053584">
        </testcase>
        <testcase classname="tests/features/data-transform/state/recipes.test.ts" name="saveRecipe &gt; persists only clone-safe config-only step fields with a copied config" time="0.0014511">
        </testcase>
        <testcase classname="tests/features/data-transform/state/recipes.test.ts" name="loadRecipes &gt; maps stored rows into SavedRecipe shape and revives steps" time="0.0024156">
        </testcase>
        <testcase classname="tests/features/data-transform/state/recipes.test.ts" name="loadRecipes &gt; drops persisted steps with an unknown or missing type" time="0.0012209">
        </testcase>
        <testcase classname="tests/features/data-transform/state/recipes.test.ts" name="loadRecipes &gt; backfills a generated id and type-derived label for sparse steps" time="0.0008995">
        </testcase>
        <testcase classname="tests/features/data-transform/state/recipes.test.ts" name="loadRecipes &gt; treats enabled:false as disabled but any other value as enabled" time="0.0006329">
        </testcase>
        <testcase classname="tests/features/data-transform/state/recipes.test.ts" name="loadRecipes &gt; returns an empty array when there are no stored recipes" time="0.0004292">
        </testcase>
        <testcase classname="tests/features/data-transform/state/recipes.test.ts" name="removeRecipe &gt; delegates deletion to the storage accessor" time="0.0007603">
        </testcase>
    </testsuite>
    <testsuite name="tests/features/data-import/lib/import-pipeline.test.ts" timestamp="2026-06-25T18:28:25.611Z" hostname="Desktop" tests="68" failures="0" errors="0" skipped="0" time="0.2416697">
        <testcase classname="tests/features/data-import/lib/import-pipeline.test.ts" name="fileNameFromPath &gt; extracts the file name from a POSIX path" time="0.0082262">
        </testcase>
        <testcase classname="tests/features/data-import/lib/import-pipeline.test.ts" name="fileNameFromPath &gt; extracts the file name from a Windows path" time="0.0022967">
        </testcase>
        <testcase classname="tests/features/data-import/lib/import-pipeline.test.ts" name="fileNameFromPath &gt; handles mixed separators" time="0.0005854">
        </testcase>
        <testcase classname="tests/features/data-import/lib/import-pipeline.test.ts" name="fileNameFromPath &gt; returns the input unchanged when there is no separator" time="0.0008888">
        </testcase>
        <testcase classname="tests/features/data-import/lib/import-pipeline.test.ts" name="fileNameFromPath &gt; preserves dots and spaces in the file name" time="0.0008613">
        </testcase>
        <testcase classname="tests/features/data-import/lib/import-pipeline.test.ts" name="fileNameFromPath &gt; returns an empty string for a trailing separator" time="0.0010342">
        </testcase>
        <testcase classname="tests/features/data-import/lib/import-pipeline.test.ts" name="fileNameFromPath &gt; returns the original string for an empty input" time="0.0013305">
        </testcase>
        <testcase classname="tests/features/data-import/lib/import-pipeline.test.ts" name="isSupportedImportPath &gt; accepts the supported extension /data/file.csv" time="0.0010609">
        </testcase>
        <testcase classname="tests/features/data-import/lib/import-pipeline.test.ts" name="isSupportedImportPath &gt; accepts the supported extension /data/file.tsv" time="0.0005835">
        </testcase>
        <testcase classname="tests/features/data-import/lib/import-pipeline.test.ts" name="isSupportedImportPath &gt; accepts the supported extension /data/file.txt" time="0.0003291">
        </testcase>
        <testcase classname="tests/features/data-import/lib/import-pipeline.test.ts" name="isSupportedImportPath &gt; accepts the supported extension /data/file.parquet" time="0.0006336">
        </testcase>
        <testcase classname="tests/features/data-import/lib/import-pipeline.test.ts" name="isSupportedImportPath &gt; accepts the supported extension /data/file.pq" time="0.0003971">
        </testcase>
        <testcase classname="tests/features/data-import/lib/import-pipeline.test.ts" name="isSupportedImportPath &gt; is case-insensitive about the extension" time="0.0004811">
        </testcase>
        <testcase classname="tests/features/data-import/lib/import-pipeline.test.ts" name="isSupportedImportPath &gt; accepts Windows paths" time="0.000386">
        </testcase>
        <testcase classname="tests/features/data-import/lib/import-pipeline.test.ts" name="isSupportedImportPath &gt; rejects the unsupported path /data/file.xlsx" time="0.0003736">
        </testcase>
        <testcase classname="tests/features/data-import/lib/import-pipeline.test.ts" name="isSupportedImportPath &gt; rejects the unsupported path /data/file.json" time="0.0002751">
        </testcase>
        <testcase classname="tests/features/data-import/lib/import-pipeline.test.ts" name="isSupportedImportPath &gt; rejects the unsupported path /data/file.pdf" time="0.0033657">
        </testcase>
        <testcase classname="tests/features/data-import/lib/import-pipeline.test.ts" name="isSupportedImportPath &gt; rejects the unsupported path /data/file" time="0.0022846">
        </testcase>
        <testcase classname="tests/features/data-import/lib/import-pipeline.test.ts" name="isSupportedImportPath &gt; rejects the unsupported path /data/archive.csv.gz" time="0.0003187">
        </testcase>
        <testcase classname="tests/features/data-import/lib/import-pipeline.test.ts" name="isSupportedImportPath &gt; rejects a path whose name merely contains a supported token without the extension" time="0.0049128">
        </testcase>
        <testcase classname="tests/features/data-import/lib/import-pipeline.test.ts" name="isSupportedImportPath &gt; rejects an empty string" time="0.0006533">
        </testcase>
        <testcase classname="tests/features/data-import/lib/import-pipeline.test.ts" name="processFilePath — permission gate &gt; returns null and does nothing when canUpload is false" time="0.0073778">
        </testcase>
        <testcase classname="tests/features/data-import/lib/import-pipeline.test.ts" name="processFilePath — extension fallback to csv &gt; treats a path whose filename has no dot (trailing slash) as csv format" time="0.0132851">
        </testcase>
        <testcase classname="tests/features/data-import/lib/import-pipeline.test.ts" name="processFilePath — extension fallback to csv &gt; treats a path with trailing slash (empty filename) as csv format and includes encoding+storeRejects" time="0.0015148">
        </testcase>
        <testcase classname="tests/features/data-import/lib/import-pipeline.test.ts" name="processFilePath — success (preview metadata) &gt; registers the dataset, wires app state, and returns the file id" time="0.0084431">
        </testcase>
        <testcase classname="tests/features/data-import/lib/import-pipeline.test.ts" name="processFilePath — success (preview metadata) &gt; drives the session row to done with 100% progress and real stats" time="0.0016176">
        </testcase>
        <testcase classname="tests/features/data-import/lib/import-pipeline.test.ts" name="processFilePath — success (preview metadata) &gt; caps the persisted preview to 50 rows" time="0.0043171">
        </testcase>
        <testcase classname="tests/features/data-import/lib/import-pipeline.test.ts" name="processFilePath — success (preview metadata) &gt; builds the Dataset from the loader result" time="0.0037892">
        </testcase>
        <testcase classname="tests/features/data-import/lib/import-pipeline.test.ts" name="processFilePath — full-table metadata &gt; uses SUMMARIZE column info and marks metadataSource = full" time="0.0040344">
        </testcase>
        <testcase classname="tests/features/data-import/lib/import-pipeline.test.ts" name="processFilePath — full-table metadata &gt; falls back to preview metadata when SUMMARIZE throws" time="0.0064447">
        </testcase>
        <testcase classname="tests/features/data-import/lib/import-pipeline.test.ts" name="processFilePath — validation issues &gt; flags an empty file as an error-severity issue" time="0.003564">
        </testcase>
        <testcase classname="tests/features/data-import/lib/import-pipeline.test.ts" name="processFilePath — validation issues &gt; warns about columns that are &gt;30% null in the preview sample" time="0.0018227">
        </testcase>
        <testcase classname="tests/features/data-import/lib/import-pipeline.test.ts" name="processFilePath — validation issues &gt; attributes the null warning to the full table when SUMMARIZE provides nullRate" time="0.0016339">
        </testcase>
        <testcase classname="tests/features/data-import/lib/import-pipeline.test.ts" name="processFilePath — validation issues &gt; produces no null warning when every column is dense" time="0.0025982">
        </testcase>
        <testcase classname="tests/features/data-import/lib/import-pipeline.test.ts" name="processFilePath — DuckDB reject summary &gt; surfaces rejected rows as a French warning with up to three samples" time="0.0472063">
        </testcase>
        <testcase classname="tests/features/data-import/lib/import-pipeline.test.ts" name="processFilePath — DuckDB reject summary &gt; produces no detail text when the sample array is empty" time="0.0020498">
        </testcase>
        <testcase classname="tests/features/data-import/lib/import-pipeline.test.ts" name="processFilePath — DuckDB reject summary &gt; records the reject count on the session row for CSV imports" time="0.0015907">
        </testcase>
        <testcase classname="tests/features/data-import/lib/import-pipeline.test.ts" name="processFilePath — DuckDB reject summary &gt; adds no reject issue when rejectedRowCount is zero" time="0.0011644">
        </testcase>
        <testcase classname="tests/features/data-import/lib/import-pipeline.test.ts" name="processFilePath — DuckDB reject summary &gt; adds no reject issue when rejects is undefined" time="0.0008966">
        </testcase>
        <testcase classname="tests/features/data-import/lib/import-pipeline.test.ts" name="processFilePath — DuckDB reject summary &gt; records rejectedRows as 0 in activity when rejects is absent" time="0.0021955">
        </testcase>
        <testcase classname="tests/features/data-import/lib/import-pipeline.test.ts" name="processFilePath — format-specific loader options &gt; passes encoding + storeRejects for CSV-like extensions" time="0.0011996">
        </testcase>
        <testcase classname="tests/features/data-import/lib/import-pipeline.test.ts" name="processFilePath — format-specific loader options &gt; maps the `auto` encoding to undefined (defers to the main process)" time="0.0035677">
        </testcase>
        <testcase classname="tests/features/data-import/lib/import-pipeline.test.ts" name="processFilePath — format-specific loader options &gt; passes encoding for tsv extension (csv-like)" time="0.0021641">
        </testcase>
        <testcase classname="tests/features/data-import/lib/import-pipeline.test.ts" name="processFilePath — format-specific loader options &gt; passes encoding for txt extension (csv-like)" time="0.0010939">
        </testcase>
        <testcase classname="tests/features/data-import/lib/import-pipeline.test.ts" name="processFilePath — format-specific loader options &gt; omits encoding + storeRejects for Parquet and leaves rejectCount undefined" time="0.0017165">
        </testcase>
        <testcase classname="tests/features/data-import/lib/import-pipeline.test.ts" name="processFilePath — format-specific loader options &gt; omits encoding + storeRejects for .pq extension" time="0.0011807">
        </testcase>
        <testcase classname="tests/features/data-import/lib/import-pipeline.test.ts" name="processFilePath — format-specific loader options &gt; derives the upload table name from the sanitized file name plus id suffix" time="0.0012034">
        </testcase>
        <testcase classname="tests/features/data-import/lib/import-pipeline.test.ts" name="processFilePath — telecom mode &gt; warns when telecom mode is on but required columns are missing" time="0.0014885">
        </testcase>
        <testcase classname="tests/features/data-import/lib/import-pipeline.test.ts" name="processFilePath — telecom mode &gt; sets the telecom domain and tags a compatible file" time="0.0035299">
        </testcase>
        <testcase classname="tests/features/data-import/lib/import-pipeline.test.ts" name="processFilePath — telecom mode &gt; does not add the telecom warning when telecom mode is off" time="0.0013694">
        </testcase>
        <testcase classname="tests/features/data-import/lib/import-pipeline.test.ts" name="processFilePath — telecom mode &gt; records telecomMode and the source path in the activity metadata" time="0.004541">
        </testcase>
        <testcase classname="tests/features/data-import/lib/import-pipeline.test.ts" name="processFilePath — telecom mode &gt; sets activeDomain to general when telecom mode is off" time="0.0027148">
        </testcase>
        <testcase classname="tests/features/data-import/lib/import-pipeline.test.ts" name="processFilePath — failure handling &gt; returns null and marks the row errored when the loader throws an Error" time="0.003606">
        </testcase>
        <testcase classname="tests/features/data-import/lib/import-pipeline.test.ts" name="processFilePath — failure handling &gt; stringifies a non-Error rejection into the row error" time="0.0014289">
        </testcase>
        <testcase classname="tests/features/data-import/lib/import-pipeline.test.ts" name="processFilePath — failure handling &gt; still creates a session row before the loader fails" time="0.0028507">
        </testcase>
        <testcase classname="tests/features/data-import/lib/import-pipeline.test.ts" name="processFilePath — session row initialization &gt; seeds the row with the requested encoding and detected file type" time="0.0023288">
        </testcase>
        <testcase classname="tests/features/data-import/lib/import-pipeline.test.ts" name="processFilePath — session row initialization &gt; detects csv file type for .csv extension" time="0.0011534">
        </testcase>
        <testcase classname="tests/features/data-import/lib/import-pipeline.test.ts" name="processFilePath — session row initialization &gt; detects tsv file type for .tsv extension" time="0.0011953">
        </testcase>
        <testcase classname="tests/features/data-import/lib/import-pipeline.test.ts" name="importBatch &gt; returns an empty summary for an empty path list without touching the loader" time="0.0025226">
        </testcase>
        <testcase classname="tests/features/data-import/lib/import-pipeline.test.ts" name="importBatch &gt; processes every path and collects the done ids" time="0.0017867">
        </testcase>
        <testcase classname="tests/features/data-import/lib/import-pipeline.test.ts" name="importBatch &gt; counts failures without aborting the rest of the batch" time="0.0024723">
        </testcase>
        <testcase classname="tests/features/data-import/lib/import-pipeline.test.ts" name="importBatch &gt; treats a blocked import (canUpload false) as a failure for every path" time="0.0010163">
        </testcase>
        <testcase classname="tests/features/data-import/lib/import-pipeline.test.ts" name="importBatch &gt; defaults to concurrency 2 and drains the whole queue" time="0.002122">
        </testcase>
        <testcase classname="tests/features/data-import/lib/import-pipeline.test.ts" name="importBatch &gt; clamps a concurrency of 0 up to 1 and still processes the file" time="0.0013893">
        </testcase>
        <testcase classname="tests/features/data-import/lib/import-pipeline.test.ts" name="importBatch &gt; never invokes app navigation/callbacks more than once per file" time="0.0012533">
        </testcase>
        <testcase classname="tests/features/data-import/lib/import-pipeline.test.ts" name="importBatch &gt; bounds parallel in-flight work to the concurrency limit" time="0.0017317">
        </testcase>
        <testcase classname="tests/features/data-import/lib/import-pipeline.test.ts" name="importBatch &gt; handles a single file with default options" time="0.0016121">
        </testcase>
        <testcase classname="tests/features/data-import/lib/import-pipeline.test.ts" name="importBatch &gt; handles high concurrency value (more workers than files)" time="0.0015279">
        </testcase>
    </testsuite>
    <testsuite name="tests/features/data-import/lib/use-import-history.test.ts" timestamp="2026-06-25T18:28:25.619Z" hostname="Desktop" tests="14" failures="0" errors="0" skipped="0" time="1.0880343">
        <testcase classname="tests/features/data-import/lib/use-import-history.test.ts" name="useImportHistory – non-Electron environment &gt; returns empty history, not loading, no error when isElectron() is false" time="0.0742551">
        </testcase>
        <testcase classname="tests/features/data-import/lib/use-import-history.test.ts" name="useImportHistory – non-Electron environment &gt; manual refresh in non-Electron env also sets empty history and returns" time="0.065588">
        </testcase>
        <testcase classname="tests/features/data-import/lib/use-import-history.test.ts" name="useImportHistory – happy path (Electron env) &gt; loads datasets, maps them to history entries, and sorts by createdAt descending" time="0.0873759">
        </testcase>
        <testcase classname="tests/features/data-import/lib/use-import-history.test.ts" name="useImportHistory – happy path (Electron env) &gt; maps all fields of toHistoryEntry correctly" time="0.0863177">
        </testcase>
        <testcase classname="tests/features/data-import/lib/use-import-history.test.ts" name="useImportHistory – happy path (Electron env) &gt; sets loading to true during fetch and false after completion" time="0.0137183">
        </testcase>
        <testcase classname="tests/features/data-import/lib/use-import-history.test.ts" name="useImportHistory – happy path (Electron env) &gt; returns empty history when listDatasets resolves with an empty array" time="0.0725354">
        </testcase>
        <testcase classname="tests/features/data-import/lib/use-import-history.test.ts" name="useImportHistory – happy path (Electron env) &gt; manual refresh re-fetches datasets" time="0.0889714">
        </testcase>
        <testcase classname="tests/features/data-import/lib/use-import-history.test.ts" name="useImportHistory – happy path (Electron env) &gt; clears a previous error on successful refresh" time="0.0895782">
        </testcase>
        <testcase classname="tests/features/data-import/lib/use-import-history.test.ts" name="useImportHistory – error handling &gt; captures an Error instance message when listDatasets rejects with an Error" time="0.0951557">
        </testcase>
        <testcase classname="tests/features/data-import/lib/use-import-history.test.ts" name="useImportHistory – error handling &gt; converts a non-Error rejection to a string via String(cause)" time="0.076349">
        </testcase>
        <testcase classname="tests/features/data-import/lib/use-import-history.test.ts" name="useImportHistory – error handling &gt; converts a numeric rejection to a string via String(cause)" time="0.0852106">
        </testcase>
        <testcase classname="tests/features/data-import/lib/use-import-history.test.ts" name="useImportHistory – error handling &gt; sets loading to false in finally even when listDatasets throws" time="0.0844308">
        </testcase>
        <testcase classname="tests/features/data-import/lib/use-import-history.test.ts" name="useImportHistory – sort order edge cases &gt; sorts a single entry without error" time="0.0766389">
        </testcase>
        <testcase classname="tests/features/data-import/lib/use-import-history.test.ts" name="useImportHistory – sort order edge cases &gt; sorts three entries in descending createdAt order" time="0.0839367">
        </testcase>
    </testsuite>
    <testsuite name="tests/features/deep-analytics/lib/format.test.ts" timestamp="2026-06-25T18:28:25.621Z" hostname="Desktop" tests="31" failures="0" errors="0" skipped="0" time="0.0763097">
        <testcase classname="tests/features/deep-analytics/lib/format.test.ts" name="fmtRevenue &gt; returns the em-dash for NaN" time="0.003846">
        </testcase>
        <testcase classname="tests/features/deep-analytics/lib/format.test.ts" name="fmtRevenue &gt; returns the em-dash for Infinity" time="0.0006415">
        </testcase>
        <testcase classname="tests/features/deep-analytics/lib/format.test.ts" name="fmtRevenue &gt; formats a value &gt;= 1 000 000 with &apos;M&apos; suffix" time="0.0004184">
        </testcase>
        <testcase classname="tests/features/deep-analytics/lib/format.test.ts" name="fmtRevenue &gt; formats a negative value whose absolute value &gt;= 1 000 000 with &apos;M&apos; suffix" time="0.0002868">
        </testcase>
        <testcase classname="tests/features/deep-analytics/lib/format.test.ts" name="fmtRevenue &gt; formats a value &gt;= 1 000 and &lt; 1 000 000 with &apos;K&apos; suffix (no decimals)" time="0.0003629">
        </testcase>
        <testcase classname="tests/features/deep-analytics/lib/format.test.ts" name="fmtRevenue &gt; formats a negative value whose absolute value &gt;= 1 000 with &apos;K&apos; suffix" time="0.0002898">
        </testcase>
        <testcase classname="tests/features/deep-analytics/lib/format.test.ts" name="fmtRevenue &gt; formats a value &lt; 1 000 as a rounded integer string" time="0.0004677">
        </testcase>
        <testcase classname="tests/features/deep-analytics/lib/format.test.ts" name="fmtInt &gt; returns the em-dash for NaN" time="0.0004495">
        </testcase>
        <testcase classname="tests/features/deep-analytics/lib/format.test.ts" name="fmtInt &gt; returns the em-dash for Infinity" time="0.000369">
        </testcase>
        <testcase classname="tests/features/deep-analytics/lib/format.test.ts" name="fmtInt &gt; rounds and locale-formats finite values using fr-FR locale" time="0.0304588">
        </testcase>
        <testcase classname="tests/features/deep-analytics/lib/format.test.ts" name="fmtInt &gt; rounds a fractional value before formatting" time="0.0007192">
        </testcase>
        <testcase classname="tests/features/deep-analytics/lib/format.test.ts" name="fmtInt &gt; handles zero" time="0.0005318">
        </testcase>
        <testcase classname="tests/features/deep-analytics/lib/format.test.ts" name="fmtPct &gt; returns the em-dash for NaN" time="0.0005316">
        </testcase>
        <testcase classname="tests/features/deep-analytics/lib/format.test.ts" name="fmtPct &gt; returns the em-dash for Infinity" time="0.0002898">
        </testcase>
        <testcase classname="tests/features/deep-analytics/lib/format.test.ts" name="fmtPct &gt; formats a finite value with the default 1 decimal digit" time="0.0002751">
        </testcase>
        <testcase classname="tests/features/deep-analytics/lib/format.test.ts" name="fmtPct &gt; formats a value with a custom digits count" time="0.0002144">
        </testcase>
        <testcase classname="tests/features/deep-analytics/lib/format.test.ts" name="fmtPct &gt; appends a percent sign" time="0.0003732">
        </testcase>
        <testcase classname="tests/features/deep-analytics/lib/format.test.ts" name="fmtBucket &gt; returns the em-dash for null" time="0.0002898">
        </testcase>
        <testcase classname="tests/features/deep-analytics/lib/format.test.ts" name="fmtBucket &gt; returns the em-dash for undefined" time="0.0002461">
        </testcase>
        <testcase classname="tests/features/deep-analytics/lib/format.test.ts" name="fmtBucket &gt; returns the en-CA formatted date string for a valid date string" time="0.0199444">
        </testcase>
        <testcase classname="tests/features/deep-analytics/lib/format.test.ts" name="fmtBucket &gt; returns a formatted date from a numeric timestamp" time="0.002906">
        </testcase>
        <testcase classname="tests/features/deep-analytics/lib/format.test.ts" name="fmtBucket &gt; returns the original stringified value when it cannot be parsed as a date" time="0.0004702">
        </testcase>
        <testcase classname="tests/features/deep-analytics/lib/format.test.ts" name="fmtBucket &gt; converts non-string, non-null values via String() before parsing" time="0.0009043">
        </testcase>
        <testcase classname="tests/features/deep-analytics/lib/format.test.ts" name="pickColumn &gt; returns undefined when columns is empty" time="0.000553">
        </testcase>
        <testcase classname="tests/features/deep-analytics/lib/format.test.ts" name="pickColumn &gt; returns undefined when patterns is empty" time="0.0002826">
        </testcase>
        <testcase classname="tests/features/deep-analytics/lib/format.test.ts" name="pickColumn &gt; returns the first column matching the first pattern" time="0.0005747">
        </testcase>
        <testcase classname="tests/features/deep-analytics/lib/format.test.ts" name="pickColumn &gt; falls through to the second pattern when the first matches nothing" time="0.0006562">
        </testcase>
        <testcase classname="tests/features/deep-analytics/lib/format.test.ts" name="pickColumn &gt; is case-insensitive when the regex flag is provided" time="0.0002656">
        </testcase>
        <testcase classname="tests/features/deep-analytics/lib/format.test.ts" name="pickColumn &gt; returns undefined when no pattern matches any column" time="0.0003835">
        </testcase>
        <testcase classname="tests/features/deep-analytics/lib/format.test.ts" name="pickColumn &gt; returns the earliest column that matches within the column list" time="0.0002751">
        </testcase>
        <testcase classname="tests/features/deep-analytics/lib/format.test.ts" name="pickColumn &gt; respects pattern ordering — earlier patterns take priority" time="0.0001844">
        </testcase>
    </testsuite>
    <testsuite name="tests/features/deep-analytics/lib/hypotheses.test.ts" timestamp="2026-06-25T18:28:25.625Z" hostname="Desktop" tests="37" failures="0" errors="0" skipped="0" time="0.0913115">
        <testcase classname="tests/features/deep-analytics/lib/hypotheses.test.ts" name="HypothesisSchema &gt; accepts a valid hypotheses payload" time="0.0167405">
        </testcase>
        <testcase classname="tests/features/deep-analytics/lib/hypotheses.test.ts" name="HypothesisSchema &gt; rejects a payload missing the hypotheses array" time="0.0039578">
        </testcase>
        <testcase classname="tests/features/deep-analytics/lib/hypotheses.test.ts" name="HypothesisSchema &gt; rejects a hypotheses entry missing the channel field" time="0.0055475">
        </testcase>
        <testcase classname="tests/features/deep-analytics/lib/hypotheses.test.ts" name="HypothesisSchema &gt; rejects a hypotheses entry missing the hypothesis field" time="0.0009819">
        </testcase>
        <testcase classname="tests/features/deep-analytics/lib/hypotheses.test.ts" name="HypothesisSchema &gt; accepts an empty hypotheses array" time="0.0004547">
        </testcase>
        <testcase classname="tests/features/deep-analytics/lib/hypotheses.test.ts" name="SYSTEM &gt; is a non-empty string" time="0.0007819">
        </testcase>
        <testcase classname="tests/features/deep-analytics/lib/hypotheses.test.ts" name="SYSTEM &gt; mentions payments reconciliation analyst role" time="0.0008322">
        </testcase>
        <testcase classname="tests/features/deep-analytics/lib/hypotheses.test.ts" name="buildHypothesisPrompt &gt; returns a string beginning with the fixed preamble" time="0.0090118">
        </testcase>
        <testcase classname="tests/features/deep-analytics/lib/hypotheses.test.ts" name="buildHypothesisPrompt &gt; includes &apos;+&apos; prefix when volVariancePct is positive" time="0.000996">
        </testcase>
        <testcase classname="tests/features/deep-analytics/lib/hypotheses.test.ts" name="buildHypothesisPrompt &gt; omits &apos;+&apos; prefix when volVariancePct is negative" time="0.0037762">
        </testcase>
        <testcase classname="tests/features/deep-analytics/lib/hypotheses.test.ts" name="buildHypothesisPrompt &gt; uses &apos;+&apos; prefix when volVariancePct is exactly zero (&gt;=0 branch)" time="0.0015116">
        </testcase>
        <testcase classname="tests/features/deep-analytics/lib/hypotheses.test.ts" name="buildHypothesisPrompt &gt; includes &apos;+&apos; prefix when revVariancePct is positive" time="0.0005743">
        </testcase>
        <testcase classname="tests/features/deep-analytics/lib/hypotheses.test.ts" name="buildHypothesisPrompt &gt; omits &apos;+&apos; prefix when revVariancePct is negative" time="0.0008461">
        </testcase>
        <testcase classname="tests/features/deep-analytics/lib/hypotheses.test.ts" name="buildHypothesisPrompt &gt; appends [MATERIAL] tag when isMaterial is true" time="0.0004499">
        </testcase>
        <testcase classname="tests/features/deep-analytics/lib/hypotheses.test.ts" name="buildHypothesisPrompt &gt; omits [MATERIAL] tag when isMaterial is false" time="0.0004308">
        </testcase>
        <testcase classname="tests/features/deep-analytics/lib/hypotheses.test.ts" name="buildHypothesisPrompt &gt; includes the channel name in the output line" time="0.0004805">
        </testcase>
        <testcase classname="tests/features/deep-analytics/lib/hypotheses.test.ts" name="buildHypothesisPrompt &gt; includes expected and actual volumes rounded to integers" time="0.0009421">
        </testcase>
        <testcase classname="tests/features/deep-analytics/lib/hypotheses.test.ts" name="buildHypothesisPrompt &gt; handles multiple discrepancies, one line each" time="0.0004411">
        </testcase>
        <testcase classname="tests/features/deep-analytics/lib/hypotheses.test.ts" name="buildHypothesisPrompt &gt; handles an empty discrepancy array" time="0.0002284">
        </testcase>
        <testcase classname="tests/features/deep-analytics/lib/hypotheses.test.ts" name="deterministicHypothesis &gt; when isMaterial is false (early return) &gt; returns a &apos;within normal variance&apos; message with &apos;+&apos; prefix for positive volVariancePct" time="0.0004448">
        </testcase>
        <testcase classname="tests/features/deep-analytics/lib/hypotheses.test.ts" name="deterministicHypothesis &gt; when isMaterial is false (early return) &gt; returns a &apos;within normal variance&apos; message with no &apos;+&apos; prefix for negative volVariancePct" time="0.0003156">
        </testcase>
        <testcase classname="tests/features/deep-analytics/lib/hypotheses.test.ts" name="deterministicHypothesis &gt; when isMaterial is false (early return) &gt; uses &apos;+&apos; sign when volVariancePct is exactly 0 (&gt;=0 branch)" time="0.0018946">
        </testcase>
        <testcase classname="tests/features/deep-analytics/lib/hypotheses.test.ts" name="deterministicHypothesis &gt; when isMaterial is false (early return) &gt; includes the channel name in the early-return message" time="0.0005905">
        </testcase>
        <testcase classname="tests/features/deep-analytics/lib/hypotheses.test.ts" name="deterministicHypothesis &gt; when isMaterial is true &gt; says &apos;above expected&apos; when volVariancePct is positive" time="0.0004112">
        </testcase>
        <testcase classname="tests/features/deep-analytics/lib/hypotheses.test.ts" name="deterministicHypothesis &gt; when isMaterial is true &gt; says &apos;below expected&apos; when volVariancePct is negative" time="0.0002987">
        </testcase>
        <testcase classname="tests/features/deep-analytics/lib/hypotheses.test.ts" name="deterministicHypothesis &gt; when isMaterial is true &gt; says &apos;above expected&apos; when volVariancePct is exactly 0 (&gt;=0 branch)" time="0.001219">
        </testcase>
        <testcase classname="tests/features/deep-analytics/lib/hypotheses.test.ts" name="deterministicHypothesis &gt; when isMaterial is true &gt; mentions campaign/backlog when volume variance is positive (&gt;=0)" time="0.0004335">
        </testcase>
        <testcase classname="tests/features/deep-analytics/lib/hypotheses.test.ts" name="deterministicHypothesis &gt; when isMaterial is true &gt; mentions outage/migration when volume variance is negative" time="0.0004167">
        </testcase>
        <testcase classname="tests/features/deep-analytics/lib/hypotheses.test.ts" name="deterministicHypothesis &gt; when isMaterial is true &gt; uses the absolute value of volVariancePct for magnitude in the message" time="0.0003629">
        </testcase>
        <testcase classname="tests/features/deep-analytics/lib/hypotheses.test.ts" name="deterministicHypothesis &gt; when isMaterial is true &gt; says revenue tracked expectations when |revVariancePct| &lt;= 5 (not &gt; 5)" time="0.0003586">
        </testcase>
        <testcase classname="tests/features/deep-analytics/lib/hypotheses.test.ts" name="deterministicHypothesis &gt; when isMaterial is true &gt; says revenue tracked expectations for zero revVariancePct" time="0.0002898">
        </testcase>
        <testcase classname="tests/features/deep-analytics/lib/hypotheses.test.ts" name="deterministicHypothesis &gt; when isMaterial is true &gt; says revenue tracked expectations for small negative revVariancePct (abs = 3 &lt;= 5)" time="0.0002793">
        </testcase>
        <testcase classname="tests/features/deep-analytics/lib/hypotheses.test.ts" name="deterministicHypothesis &gt; when isMaterial is true &gt; mentions pricing/mix check when |revVariancePct| &gt; 5 (positive revenue variance)" time="0.0003366">
        </testcase>
        <testcase classname="tests/features/deep-analytics/lib/hypotheses.test.ts" name="deterministicHypothesis &gt; when isMaterial is true &gt; mentions revenue &apos;down&apos; when revVariancePct is large negative (&gt; 5 abs)" time="0.0038564">
        </testcase>
        <testcase classname="tests/features/deep-analytics/lib/hypotheses.test.ts" name="deterministicHypothesis &gt; when isMaterial is true &gt; uses the channel name in the material-branch message" time="0.0006867">
        </testcase>
        <testcase classname="tests/features/deep-analytics/lib/hypotheses.test.ts" name="deterministicHypothesis &gt; when isMaterial is true &gt; formats magnitude to one decimal place" time="0.0004506">
        </testcase>
        <testcase classname="tests/features/deep-analytics/lib/hypotheses.test.ts" name="deterministicHypothesis &gt; when isMaterial is true &gt; formats revVariancePct to one decimal place in revNote when &gt; 5" time="0.000336">
        </testcase>
    </testsuite>
    <testsuite name="tests/features/deep-analytics/lib/ml-client.test.ts" timestamp="2026-06-25T18:28:25.630Z" hostname="Desktop" tests="7" failures="0" errors="0" skipped="0" time="0.0532982">
        <testcase classname="tests/features/deep-analytics/lib/ml-client.test.ts" name="getMLClient &gt; throws when called outside the browser (window is undefined)" time="0.025241">
        </testcase>
        <testcase classname="tests/features/deep-analytics/lib/ml-client.test.ts" name="getMLClient &gt; creates a Worker and wraps it with Comlink on the first call" time="0.0110769">
        </testcase>
        <testcase classname="tests/features/deep-analytics/lib/ml-client.test.ts" name="getMLClient &gt; returns the cached api on subsequent calls without creating a new Worker" time="0.0021783">
        </testcase>
        <testcase classname="tests/features/deep-analytics/lib/ml-client.test.ts" name="disposeMLClient &gt; terminates the underlying Worker and resets the singleton state" time="0.0019179">
        </testcase>
        <testcase classname="tests/features/deep-analytics/lib/ml-client.test.ts" name="disposeMLClient &gt; is safe to call when no Worker has been created (worker is null)" time="0.0017417">
        </testcase>
        <testcase classname="tests/features/deep-analytics/lib/ml-client.test.ts" name="disposeMLClient &gt; allows reinitialisation after disposal (dispose then getMLClient creates a fresh Worker)" time="0.0025562">
        </testcase>
        <testcase classname="tests/features/deep-analytics/lib/ml-client.test.ts" name="disposeMLClient &gt; calling dispose twice is idempotent (no double-terminate)" time="0.0016238">
        </testcase>
    </testsuite>
    <testsuite name="tests/features/deep-analytics/lib/runs-store.test.ts" timestamp="2026-06-25T18:28:25.631Z" hostname="Desktop" tests="17" failures="0" errors="0" skipped="0" time="0.0242063">
        <testcase classname="tests/features/deep-analytics/lib/runs-store.test.ts" name="saveRun &gt; calls putReportDefinition with the correct shape for a cluster run" time="0.007815">
        </testcase>
        <testcase classname="tests/features/deep-analytics/lib/runs-store.test.ts" name="saveRun &gt; calls putReportDefinition for an attribution run" time="0.0010243">
        </testcase>
        <testcase classname="tests/features/deep-analytics/lib/runs-store.test.ts" name="saveRun &gt; calls putReportDefinition for a reconciliation run" time="0.0006968">
        </testcase>
        <testcase classname="tests/features/deep-analytics/lib/runs-store.test.ts" name="saveRun &gt; returns early without calling putReportDefinition when datasetId is empty string" time="0.0007017">
        </testcase>
        <testcase classname="tests/features/deep-analytics/lib/runs-store.test.ts" name="saveRun &gt; accepts an undefined-like falsy datasetId and skips IO" time="0.0003864">
        </testcase>
        <testcase classname="tests/features/deep-analytics/lib/runs-store.test.ts" name="saveRun &gt; resolves to undefined (void) on success" time="0.0003717">
        </testcase>
        <testcase classname="tests/features/deep-analytics/lib/runs-store.test.ts" name="loadRun &gt; returns null immediately when datasetId is empty" time="0.0007494">
        </testcase>
        <testcase classname="tests/features/deep-analytics/lib/runs-store.test.ts" name="loadRun &gt; returns null when no matching record exists in the store" time="0.0004612">
        </testcase>
        <testcase classname="tests/features/deep-analytics/lib/runs-store.test.ts" name="loadRun &gt; returns a PersistedRun when a matching record is found" time="0.0013028">
        </testcase>
        <testcase classname="tests/features/deep-analytics/lib/runs-store.test.ts" name="loadRun &gt; picks the correct record when the list contains several entries" time="0.0007137">
        </testcase>
        <testcase classname="tests/features/deep-analytics/lib/runs-store.test.ts" name="loadRun &gt; passes the config value as the typed payload without transformation" time="0.0005914">
        </testcase>
        <testcase classname="tests/features/deep-analytics/lib/runs-store.test.ts" name="loadRun &gt; calls listReportDefinitions exactly once per invocation" time="0.0004437">
        </testcase>
        <testcase classname="tests/features/deep-analytics/lib/runs-store.test.ts" name="clearRun &gt; calls deleteReportDefinition with the composed id for a cluster run" time="0.0006733">
        </testcase>
        <testcase classname="tests/features/deep-analytics/lib/runs-store.test.ts" name="clearRun &gt; calls deleteReportDefinition for an attribution run" time="0.0003817">
        </testcase>
        <testcase classname="tests/features/deep-analytics/lib/runs-store.test.ts" name="clearRun &gt; calls deleteReportDefinition for a reconciliation run" time="0.0003899">
        </testcase>
        <testcase classname="tests/features/deep-analytics/lib/runs-store.test.ts" name="clearRun &gt; returns early without calling deleteReportDefinition when datasetId is empty string" time="0.0003454">
        </testcase>
        <testcase classname="tests/features/deep-analytics/lib/runs-store.test.ts" name="clearRun &gt; resolves to undefined (void) on success" time="0.0003263">
        </testcase>
    </testsuite>
    <testsuite name="tests/features/deep-analytics/lib/sql.test.ts" timestamp="2026-06-25T18:28:25.633Z" hostname="Desktop" tests="75" failures="0" errors="0" skipped="0" time="0.2742722">
        <testcase classname="tests/features/deep-analytics/lib/sql.test.ts" name="quoteIdent &gt; wraps the identifier in double quotes" time="0.0072258">
        </testcase>
        <testcase classname="tests/features/deep-analytics/lib/sql.test.ts" name="quoteIdent &gt; escapes embedded double quotes by doubling them" time="0.0010374">
        </testcase>
        <testcase classname="tests/features/deep-analytics/lib/sql.test.ts" name="quoteIdent &gt; escapes multiple embedded double quotes" time="0.0032184">
        </testcase>
        <testcase classname="tests/features/deep-analytics/lib/sql.test.ts" name="quoteIdent &gt; handles an empty string without error" time="0.0004385">
        </testcase>
        <testcase classname="tests/features/deep-analytics/lib/sql.test.ts" name="quoteIdent &gt; handles identifiers with only double-quote characters" time="0.0003591">
        </testcase>
        <testcase classname="tests/features/deep-analytics/lib/sql.test.ts" name="quoteIdent &gt; does not alter identifiers that need no escaping" time="0.0016391">
        </testcase>
        <testcase classname="tests/features/deep-analytics/lib/sql.test.ts" name="quoteLiteral &gt; wraps the value in single quotes" time="0.0141737">
        </testcase>
        <testcase classname="tests/features/deep-analytics/lib/sql.test.ts" name="quoteLiteral &gt; escapes embedded single quotes by doubling them" time="0.0013131">
        </testcase>
        <testcase classname="tests/features/deep-analytics/lib/sql.test.ts" name="quoteLiteral &gt; escapes multiple embedded single quotes" time="0.0031587">
        </testcase>
        <testcase classname="tests/features/deep-analytics/lib/sql.test.ts" name="quoteLiteral &gt; handles an empty string" time="0.0004284">
        </testcase>
        <testcase classname="tests/features/deep-analytics/lib/sql.test.ts" name="quoteLiteral &gt; does not alter strings that need no escaping" time="0.0003379">
        </testcase>
        <testcase classname="tests/features/deep-analytics/lib/sql.test.ts" name="buildCohortRatesSql &gt; produces a SELECT with cohort, bucket, total, successes, rate columns" time="0.0008705">
        </testcase>
        <testcase classname="tests/features/deep-analytics/lib/sql.test.ts" name="buildCohortRatesSql &gt; quotes the view identifier" time="0.000397">
        </testcase>
        <testcase classname="tests/features/deep-analytics/lib/sql.test.ts" name="buildCohortRatesSql &gt; quotes the categoryCol and dateCol identifiers" time="0.0015362">
        </testcase>
        <testcase classname="tests/features/deep-analytics/lib/sql.test.ts" name="buildCohortRatesSql &gt; defaults to &apos;week&apos; bucket when none is supplied" time="0.000695">
        </testcase>
        <testcase classname="tests/features/deep-analytics/lib/sql.test.ts" name="buildCohortRatesSql &gt; respects an explicit &apos;day&apos; bucket" time="0.0036608">
        </testcase>
        <testcase classname="tests/features/deep-analytics/lib/sql.test.ts" name="buildCohortRatesSql &gt; respects an explicit &apos;month&apos; bucket" time="0.0005708">
        </testcase>
        <testcase classname="tests/features/deep-analytics/lib/sql.test.ts" name="buildCohortRatesSql &gt; defaults topCategories to LIMIT 12" time="0.00046">
        </testcase>
        <testcase classname="tests/features/deep-analytics/lib/sql.test.ts" name="buildCohortRatesSql &gt; uses a custom topCategories limit" time="0.0009869">
        </testcase>
        <testcase classname="tests/features/deep-analytics/lib/sql.test.ts" name="buildCohortRatesSql &gt; floors a fractional topCategories value" time="0.0007118">
        </testcase>
        <testcase classname="tests/features/deep-analytics/lib/sql.test.ts" name="buildCohortRatesSql &gt; injects a CASE WHEN success expression when statusCol is supplied" time="0.0004456">
        </testcase>
        <testcase classname="tests/features/deep-analytics/lib/sql.test.ts" name="buildCohortRatesSql &gt; uses a custom successPattern when provided with a statusCol" time="0.0003339">
        </testcase>
        <testcase classname="tests/features/deep-analytics/lib/sql.test.ts" name="buildCohortRatesSql &gt; falls back to &apos;1&apos; (row-share) when no statusCol is given" time="0.000343">
        </testcase>
        <testcase classname="tests/features/deep-analytics/lib/sql.test.ts" name="buildCohortRatesSql &gt; quotes identifiers that require escaping (double quotes in names)" time="0.0004521">
        </testcase>
        <testcase classname="tests/features/deep-analytics/lib/sql.test.ts" name="buildCohortRatesSql &gt; includes the ranked CTE and bucketed CTE" time="0.0014645">
        </testcase>
        <testcase classname="tests/features/deep-analytics/lib/sql.test.ts" name="buildCohortRatesSql &gt; joins bucketed to ranked on cohort" time="0.0007284">
        </testcase>
        <testcase classname="tests/features/deep-analytics/lib/sql.test.ts" name="buildPeriodMetricsSql &gt; produces the required period-metrics columns" time="0.0008641">
        </testcase>
        <testcase classname="tests/features/deep-analytics/lib/sql.test.ts" name="buildPeriodMetricsSql &gt; defaults to week bucket" time="0.0003878">
        </testcase>
        <testcase classname="tests/features/deep-analytics/lib/sql.test.ts" name="buildPeriodMetricsSql &gt; uses an explicit &apos;day&apos; bucket" time="0.0002743">
        </testcase>
        <testcase classname="tests/features/deep-analytics/lib/sql.test.ts" name="buildPeriodMetricsSql &gt; uses an explicit &apos;month&apos; bucket" time="0.0002326">
        </testcase>
        <testcase classname="tests/features/deep-analytics/lib/sql.test.ts" name="buildPeriodMetricsSql &gt; defaults to LIMIT 26" time="0.0014044">
        </testcase>
        <testcase classname="tests/features/deep-analytics/lib/sql.test.ts" name="buildPeriodMetricsSql &gt; uses a custom limit" time="0.0005442">
        </testcase>
        <testcase classname="tests/features/deep-analytics/lib/sql.test.ts" name="buildPeriodMetricsSql &gt; floors a fractional limit" time="0.0003774">
        </testcase>
        <testcase classname="tests/features/deep-analytics/lib/sql.test.ts" name="buildPeriodMetricsSql &gt; uses COUNT(*) for revenue and 0 for avg_amount when amountCol is absent" time="0.000387">
        </testcase>
        <testcase classname="tests/features/deep-analytics/lib/sql.test.ts" name="buildPeriodMetricsSql &gt; uses SUM(amountCol) for revenue and AVG(amountCol) for avg_amount when amountCol is supplied" time="0.0099733">
        </testcase>
        <testcase classname="tests/features/deep-analytics/lib/sql.test.ts" name="buildPeriodMetricsSql &gt; defaults success expression to &apos;1&apos; when no statusCol is given" time="0.000649">
        </testcase>
        <testcase classname="tests/features/deep-analytics/lib/sql.test.ts" name="buildPeriodMetricsSql &gt; injects CASE WHEN expression when statusCol is provided" time="0.0005221">
        </testcase>
        <testcase classname="tests/features/deep-analytics/lib/sql.test.ts" name="buildPeriodMetricsSql &gt; uses a custom successPattern with statusCol" time="0.0048369">
        </testcase>
        <testcase classname="tests/features/deep-analytics/lib/sql.test.ts" name="buildPeriodMetricsSql &gt; quotes the view and dateCol identifiers" time="0.0017158">
        </testcase>
        <testcase classname="tests/features/deep-analytics/lib/sql.test.ts" name="buildPeriodMetricsSql &gt; filters rows where dateCol IS NOT NULL" time="0.0004824">
        </testcase>
        <testcase classname="tests/features/deep-analytics/lib/sql.test.ts" name="buildPeriodMetricsSql &gt; orders results descending by period" time="0.0003269">
        </testcase>
        <testcase classname="tests/features/deep-analytics/lib/sql.test.ts" name="buildClusterSampleSql &gt; casts x and y to DOUBLE and filters non-finite values" time="0.0030469">
        </testcase>
        <testcase classname="tests/features/deep-analytics/lib/sql.test.ts" name="buildClusterSampleSql &gt; selects x, y, label, and status columns" time="0.000738">
        </testcase>
        <testcase classname="tests/features/deep-analytics/lib/sql.test.ts" name="buildClusterSampleSql &gt; uses NULL AS label when labelCol is absent" time="0.024721">
        </testcase>
        <testcase classname="tests/features/deep-analytics/lib/sql.test.ts" name="buildClusterSampleSql &gt; uses NULL AS status when statusCol is absent" time="0.0004547">
        </testcase>
        <testcase classname="tests/features/deep-analytics/lib/sql.test.ts" name="buildClusterSampleSql &gt; uses the labelCol when supplied" time="0.0072294">
        </testcase>
        <testcase classname="tests/features/deep-analytics/lib/sql.test.ts" name="buildClusterSampleSql &gt; uses the statusCol when supplied" time="0.0012327">
        </testcase>
        <testcase classname="tests/features/deep-analytics/lib/sql.test.ts" name="buildClusterSampleSql &gt; defaults to USING SAMPLE 5000 ROWS" time="0.0058708">
        </testcase>
        <testcase classname="tests/features/deep-analytics/lib/sql.test.ts" name="buildClusterSampleSql &gt; uses a custom sampleRows count" time="0.0016888">
        </testcase>
        <testcase classname="tests/features/deep-analytics/lib/sql.test.ts" name="buildClusterSampleSql &gt; floors a fractional sampleRows value" time="0.0011301">
        </testcase>
        <testcase classname="tests/features/deep-analytics/lib/sql.test.ts" name="buildClusterSampleSql &gt; quotes view, xCol, and yCol identifiers" time="0.0302315">
        </testcase>
        <testcase classname="tests/features/deep-analytics/lib/sql.test.ts" name="buildClusterSampleSql &gt; filters NULL values from x and y" time="0.0022093">
        </testcase>
        <testcase classname="tests/features/deep-analytics/lib/sql.test.ts" name="buildClusterSampleSql &gt; includes both labelCol and statusCol when both are supplied" time="0.0009039">
        </testcase>
        <testcase classname="tests/features/deep-analytics/lib/sql.test.ts" name="buildAttributionFeaturesSql &gt; produces channel, volume, success_rate, avg_amount, revenue columns" time="0.0012857">
        </testcase>
        <testcase classname="tests/features/deep-analytics/lib/sql.test.ts" name="buildAttributionFeaturesSql &gt; quotes view, categoryCol, amountCol identifiers" time="0.0005546">
        </testcase>
        <testcase classname="tests/features/deep-analytics/lib/sql.test.ts" name="buildAttributionFeaturesSql &gt; defaults success_rate to &apos;100.0&apos; (i.e. always 100%) when no statusCol" time="0.0005478">
        </testcase>
        <testcase classname="tests/features/deep-analytics/lib/sql.test.ts" name="buildAttributionFeaturesSql &gt; injects a CASE WHEN success expression when statusCol is provided" time="0.000541">
        </testcase>
        <testcase classname="tests/features/deep-analytics/lib/sql.test.ts" name="buildAttributionFeaturesSql &gt; uses a custom successPattern (lowercased) when provided" time="0.0010628">
        </testcase>
        <testcase classname="tests/features/deep-analytics/lib/sql.test.ts" name="buildAttributionFeaturesSql &gt; defaults topCategories to LIMIT 40" time="0.0165349">
        </testcase>
        <testcase classname="tests/features/deep-analytics/lib/sql.test.ts" name="buildAttributionFeaturesSql &gt; uses a custom topCategories limit" time="0.0013226">
        </testcase>
        <testcase classname="tests/features/deep-analytics/lib/sql.test.ts" name="buildAttributionFeaturesSql &gt; floors a fractional topCategories value" time="0.004458">
        </testcase>
        <testcase classname="tests/features/deep-analytics/lib/sql.test.ts" name="buildAttributionFeaturesSql &gt; orders by revenue DESC" time="0.0007776">
        </testcase>
        <testcase classname="tests/features/deep-analytics/lib/sql.test.ts" name="buildAttributionFeaturesSql &gt; filters rows where categoryCol and amountCol are NOT NULL" time="0.0050077">
        </testcase>
        <testcase classname="tests/features/deep-analytics/lib/sql.test.ts" name="buildAttributionFeaturesSql &gt; uses AVG and SUM over the amountCol cast to DOUBLE" time="0.0005137">
        </testcase>
        <testcase classname="tests/features/deep-analytics/lib/sql.test.ts" name="buildReconciliationActualsSql &gt; produces channel, actual_volume, actual_revenue columns" time="0.0013649">
        </testcase>
        <testcase classname="tests/features/deep-analytics/lib/sql.test.ts" name="buildReconciliationActualsSql &gt; quotes view and categoryCol identifiers" time="0.0083768">
        </testcase>
        <testcase classname="tests/features/deep-analytics/lib/sql.test.ts" name="buildReconciliationActualsSql &gt; uses COUNT(*) for revenue when amountCol is absent" time="0.0256545">
        </testcase>
        <testcase classname="tests/features/deep-analytics/lib/sql.test.ts" name="buildReconciliationActualsSql &gt; uses SUM(amountCol cast to DOUBLE) when amountCol is supplied" time="0.0006653">
        </testcase>
        <testcase classname="tests/features/deep-analytics/lib/sql.test.ts" name="buildReconciliationActualsSql &gt; defaults topCategories to LIMIT 25" time="0.0004477">
        </testcase>
        <testcase classname="tests/features/deep-analytics/lib/sql.test.ts" name="buildReconciliationActualsSql &gt; uses a custom topCategories limit" time="0.0098888">
        </testcase>
        <testcase classname="tests/features/deep-analytics/lib/sql.test.ts" name="buildReconciliationActualsSql &gt; floors a fractional topCategories value" time="0.0022316">
        </testcase>
        <testcase classname="tests/features/deep-analytics/lib/sql.test.ts" name="buildReconciliationActualsSql &gt; orders by actual_revenue DESC" time="0.000443">
        </testcase>
        <testcase classname="tests/features/deep-analytics/lib/sql.test.ts" name="buildReconciliationActualsSql &gt; filters rows where categoryCol IS NOT NULL" time="0.0002384">
        </testcase>
        <testcase classname="tests/features/deep-analytics/lib/sql.test.ts" name="buildReconciliationActualsSql &gt; groups by 1 (the channel alias)" time="0.0002229">
        </testcase>
        <testcase classname="tests/features/deep-analytics/lib/sql.test.ts" name="buildReconciliationActualsSql &gt; quotes amountCol identifier that contains a double-quote" time="0.0001907">
        </testcase>
    </testsuite>
    <testsuite name="tests/features/deep-analytics/lib/stats.test.ts" timestamp="2026-06-25T18:28:25.644Z" hostname="Desktop" tests="36" failures="0" errors="0" skipped="0" time="0.0914392">
        <testcase classname="tests/features/deep-analytics/lib/stats.test.ts" name="studentTTwoSidedP &gt; returns the maximal p-value (1) for t = 0 (means coincide)" time="0.0058465">
        </testcase>
        <testcase classname="tests/features/deep-analytics/lib/stats.test.ts" name="studentTTwoSidedP &gt; matches the t-distribution tail for a moderate statistic (t=2, df=10)" time="0.0009519">
        </testcase>
        <testcase classname="tests/features/deep-analytics/lib/stats.test.ts" name="studentTTwoSidedP &gt; is symmetric in the sign of t" time="0.0031161">
        </testcase>
        <testcase classname="tests/features/deep-analytics/lib/stats.test.ts" name="studentTTwoSidedP &gt; returns ~0.05 at the classic two-sided 95% critical value (t=2.262, df=9)" time="0.0005179">
        </testcase>
        <testcase classname="tests/features/deep-analytics/lib/stats.test.ts" name="studentTTwoSidedP &gt; drives the p-value toward zero for a large statistic" time="0.0019302">
        </testcase>
        <testcase classname="tests/features/deep-analytics/lib/stats.test.ts" name="studentTTwoSidedP &gt; returns 1 (not 0) for an infinite t — the non-finite guard short-circuits before the tail math" time="0.0012509">
        </testcase>
        <testcase classname="tests/features/deep-analytics/lib/stats.test.ts" name="studentTTwoSidedP &gt; returns 1 for a NaN statistic" time="0.0008458">
        </testcase>
        <testcase classname="tests/features/deep-analytics/lib/stats.test.ts" name="studentTTwoSidedP &gt; returns 1 for a non-finite df" time="0.0009353">
        </testcase>
        <testcase classname="tests/features/deep-analytics/lib/stats.test.ts" name="studentTTwoSidedP &gt; returns 1 for df &lt;= 0 (zero and negative degrees of freedom)" time="0.0008248">
        </testcase>
        <testcase classname="tests/features/deep-analytics/lib/stats.test.ts" name="studentTTwoSidedP &gt; always returns a probability clamped to [0, 1]" time="0.0077938">
        </testcase>
        <testcase classname="tests/features/deep-analytics/lib/stats.test.ts" name="welchTTest &gt; returns null when either sample has fewer than two finite values" time="0.0013041">
        </testcase>
        <testcase classname="tests/features/deep-analytics/lib/stats.test.ts" name="welchTTest &gt; filters non-finite values before counting, so NaN/Infinity can drop a sample below the minimum" time="0.0004722">
        </testcase>
        <testcase classname="tests/features/deep-analytics/lib/stats.test.ts" name="welchTTest &gt; ignores NaN/Infinity entries when both samples still have &gt;=2 finite values" time="0.0017462">
        </testcase>
        <testcase classname="tests/features/deep-analytics/lib/stats.test.ts" name="welchTTest &gt; computes the known Welch statistic for two equal-variance samples" time="0.0008284">
        </testcase>
        <testcase classname="tests/features/deep-analytics/lib/stats.test.ts" name="welchTTest &gt; builds a 95% CI from the z≈1.96 critical value at the default alpha" time="0.0005698">
        </testcase>
        <testcase classname="tests/features/deep-analytics/lib/stats.test.ts" name="welchTTest &gt; flags significance when p &lt; alpha (default alpha=0.05)" time="0.0050473">
        </testcase>
        <testcase classname="tests/features/deep-analytics/lib/stats.test.ts" name="welchTTest &gt; widens the CI and re-evaluates significance for a stricter alpha (0.01 -&gt; z=2.576)" time="0.01116">
        </testcase>
        <testcase classname="tests/features/deep-analytics/lib/stats.test.ts" name="welchTTest &gt; uses the z=1.645 critical value for a loose alpha (&gt;0.05, e.g. 0.10)" time="0.0017514">
        </testcase>
        <testcase classname="tests/features/deep-analytics/lib/stats.test.ts" name="welchTTest &gt; treats an alpha below the 0.01 ceiling as the 2.576 branch (e.g. alpha=0.001), yet not-significant when p &gt;= alpha" time="0.0007553">
        </testcase>
        <testcase classname="tests/features/deep-analytics/lib/stats.test.ts" name="welchTTest &gt; returns a zero-difference, p=1 result for two identical samples" time="0.000616">
        </testcase>
        <testcase classname="tests/features/deep-analytics/lib/stats.test.ts" name="welchTTest &gt; returns null when the pooled standard error is zero (both samples constant)" time="0.0003879">
        </testcase>
        <testcase classname="tests/features/deep-analytics/lib/stats.test.ts" name="welchTTest &gt; handles one constant and one varying sample (se &gt; 0, finite t/df)" time="0.0005652">
        </testcase>
        <testcase classname="tests/features/deep-analytics/lib/stats.test.ts" name="welchTTest &gt; produces a negative t and negative meanDiff when sample a &lt; sample b" time="0.000514">
        </testcase>
        <testcase classname="tests/features/deep-analytics/lib/stats.test.ts" name="significanceFromP &gt; reports insufficient data for null / undefined / NaN p-values" time="0.0022798">
        </testcase>
        <testcase classname="tests/features/deep-analytics/lib/stats.test.ts" name="significanceFromP &gt; labels p &lt; 0.01 as highly significant" time="0.0014658">
        </testcase>
        <testcase classname="tests/features/deep-analytics/lib/stats.test.ts" name="significanceFromP &gt; labels 0.01 &lt;= p &lt; 0.05 as significant" time="0.0005285">
        </testcase>
        <testcase classname="tests/features/deep-analytics/lib/stats.test.ts" name="significanceFromP &gt; labels 0.05 &lt;= p &lt; 0.10 as marginal" time="0.0005607">
        </testcase>
        <testcase classname="tests/features/deep-analytics/lib/stats.test.ts" name="significanceFromP &gt; labels p &gt;= 0.10 as not significant" time="0.0006638">
        </testcase>
        <testcase classname="tests/features/deep-analytics/lib/stats.test.ts" name="significanceFromP &gt; uses strict &lt; at each boundary (thresholds fall into the next-looser bucket)" time="0.0006529">
        </testcase>
        <testcase classname="tests/features/deep-analytics/lib/stats.test.ts" name="significanceFromP &gt; does not special-case out-of-range or negative p-values (only the finite buckets apply)" time="0.000322">
        </testcase>
        <testcase classname="tests/features/deep-analytics/lib/stats.test.ts" name="safeCorrelation &gt; returns 0 for mismatched lengths" time="0.0004482">
        </testcase>
        <testcase classname="tests/features/deep-analytics/lib/stats.test.ts" name="safeCorrelation &gt; returns 0 for inputs shorter than two points" time="0.0008447">
        </testcase>
        <testcase classname="tests/features/deep-analytics/lib/stats.test.ts" name="safeCorrelation &gt; recovers a perfect positive correlation (+1)" time="0.0014986">
        </testcase>
        <testcase classname="tests/features/deep-analytics/lib/stats.test.ts" name="safeCorrelation &gt; recovers a perfect negative correlation (-1)" time="0.0005172">
        </testcase>
        <testcase classname="tests/features/deep-analytics/lib/stats.test.ts" name="safeCorrelation &gt; returns 0 (not NaN) when a series is constant — the finite guard catches zero variance" time="0.0066581">
        </testcase>
        <testcase classname="tests/features/deep-analytics/lib/stats.test.ts" name="safeCorrelation &gt; returns a value strictly inside (-1, 1) for an imperfect relationship" time="0.0005945">
        </testcase>
    </testsuite>
    <testsuite name="tests/features/deep-analytics/lib/use-analytics-source.test.ts" timestamp="2026-06-25T18:28:25.649Z" hostname="Desktop" tests="19" failures="0" errors="0" skipped="0" time="0.1282245">
        <testcase classname="tests/features/deep-analytics/lib/use-analytics-source.test.ts" name="useAnalyticsSource — no active dataset &gt; returns undefined identifiers and empty column lists when there is no dataset" time="0.0388886">
        </testcase>
        <testcase classname="tests/features/deep-analytics/lib/use-analytics-source.test.ts" name="useAnalyticsSource — no active dataset &gt; enabled is false when there is no active dataset" time="0.0032798">
        </testcase>
        <testcase classname="tests/features/deep-analytics/lib/use-analytics-source.test.ts" name="useAnalyticsSource — active dataset with columns &gt; returns the correct datasetId, viewName, and datasetName from the active dataset" time="0.0042499">
        </testcase>
        <testcase classname="tests/features/deep-analytics/lib/use-analytics-source.test.ts" name="useAnalyticsSource — active dataset with columns &gt; uses tableName as viewName fallback when viewName is undefined" time="0.0085507">
        </testcase>
        <testcase classname="tests/features/deep-analytics/lib/use-analytics-source.test.ts" name="useAnalyticsSource — active dataset with columns &gt; enabled is false when both viewName and tableName are falsy" time="0.0049565">
        </testcase>
        <testcase classname="tests/features/deep-analytics/lib/use-analytics-source.test.ts" name="useAnalyticsSource — active dataset with columns &gt; returns the rowCount from the active dataset" time="0.0063777">
        </testcase>
        <testcase classname="tests/features/deep-analytics/lib/use-analytics-source.test.ts" name="useAnalyticsSource — active dataset with columns &gt; defaults rowCount to 0 when dataset.rowCount is 0" time="0.0042838">
        </testcase>
        <testcase classname="tests/features/deep-analytics/lib/use-analytics-source.test.ts" name="useAnalyticsSource — active dataset with columns &gt; categorises number-type columns into numericColumns" time="0.0063725">
        </testcase>
        <testcase classname="tests/features/deep-analytics/lib/use-analytics-source.test.ts" name="useAnalyticsSource — active dataset with columns &gt; categorises string-type columns into categoricalColumns" time="0.0055195">
        </testcase>
        <testcase classname="tests/features/deep-analytics/lib/use-analytics-source.test.ts" name="useAnalyticsSource — active dataset with columns &gt; categorises boolean-type columns into categoricalColumns" time="0.0037987">
        </testcase>
        <testcase classname="tests/features/deep-analytics/lib/use-analytics-source.test.ts" name="useAnalyticsSource — active dataset with columns &gt; categorises date-type columns into dateColumns" time="0.0029835">
        </testcase>
        <testcase classname="tests/features/deep-analytics/lib/use-analytics-source.test.ts" name="useAnalyticsSource — active dataset with columns &gt; columns with type &apos;unknown&apos; are excluded from all categorised lists" time="0.0070107">
        </testcase>
        <testcase classname="tests/features/deep-analytics/lib/use-analytics-source.test.ts" name="useAnalyticsSource — active dataset with columns &gt; handles a mixed dataset with all column types" time="0.0033589">
        </testcase>
        <testcase classname="tests/features/deep-analytics/lib/use-analytics-source.test.ts" name="useAnalyticsSource — active dataset with columns &gt; returns all columns via the columns field (unfiltered)" time="0.0026529">
        </testcase>
        <testcase classname="tests/features/deep-analytics/lib/use-analytics-source.test.ts" name="useAnalyticsSource — viewName vs tableName resolution &gt; prefers viewName over tableName when both are present" time="0.0022734">
        </testcase>
        <testcase classname="tests/features/deep-analytics/lib/use-analytics-source.test.ts" name="useAnalyticsSource — viewName vs tableName resolution &gt; falls back to tableName when viewName is an empty string" time="0.0057142">
        </testcase>
        <testcase classname="tests/features/deep-analytics/lib/use-analytics-source.test.ts" name="useAnalyticsSource — viewName vs tableName resolution &gt; falls back to tableName when viewName is undefined" time="0.0024662">
        </testcase>
        <testcase classname="tests/features/deep-analytics/lib/use-analytics-source.test.ts" name="useAnalyticsSource — AnalyticsSource interface &gt; returns the complete AnalyticsSource shape with all expected fields" time="0.0037484">
        </testcase>
        <testcase classname="tests/features/deep-analytics/lib/use-analytics-source.test.ts" name="useAnalyticsSource — AnalyticsSource interface &gt; the hook is stable across renders when the dataset has not changed (memoisation)" time="0.0046411">
        </testcase>
    </testsuite>
    <testsuite name="tests/features/data-transform/engine/export.test.ts" timestamp="2026-06-25T18:28:25.652Z" hostname="Desktop" tests="11" failures="0" errors="0" skipped="0" time="0.0919373">
        <testcase classname="tests/features/data-transform/engine/export.test.ts" name="toCSV &gt; returns just the header row when there are no data rows" time="0.0094215">
        </testcase>
        <testcase classname="tests/features/data-transform/engine/export.test.ts" name="toCSV &gt; serializes rows in column order with a CRLF separator" time="0.0009122">
        </testcase>
        <testcase classname="tests/features/data-transform/engine/export.test.ts" name="toCSV &gt; quotes and doubles embedded quotes, commas and newlines" time="0.0006211">
        </testcase>
        <testcase classname="tests/features/data-transform/engine/export.test.ts" name="toCSV &gt; renders null and undefined cells as empty strings" time="0.0007342">
        </testcase>
        <testcase classname="tests/features/data-transform/engine/export.test.ts" name="toCSV &gt; stringifies object cells as JSON and dates as ISO" time="0.0011221">
        </testcase>
        <testcase classname="tests/features/data-transform/engine/export.test.ts" name="toCSV &gt; emits empty cells for columns absent on a row" time="0.0035105">
        </testcase>
        <testcase classname="tests/features/data-transform/engine/export.test.ts" name="exportResultCsv &gt; writes through the Electron fs bridge when a path is chosen" time="0.0273793">
        </testcase>
        <testcase classname="tests/features/data-transform/engine/export.test.ts" name="exportResultCsv &gt; returns saved:false and does not write when the dialog is cancelled" time="0.0013882">
        </testcase>
        <testcase classname="tests/features/data-transform/engine/export.test.ts" name="exportResultCsv &gt; falls back to a browser blob download when Electron fs is unavailable" time="0.0175994">
        </testcase>
        <testcase classname="tests/features/data-transform/engine/export.test.ts" name="exportResultXlsx &gt; returns saved:false when the export worker proxy is unavailable" time="0.001048">
        </testcase>
        <testcase classname="tests/features/data-transform/engine/export.test.ts" name="exportResultXlsx &gt; builds a single-section ReportDocument and saves the workbook bytes" time="0.016815">
        </testcase>
    </testsuite>
    <testsuite name="tests/features/data-transform/engine/run.test.ts" timestamp="2026-06-25T18:28:25.653Z" hostname="Desktop" tests="16" failures="0" errors="0" skipped="0" time="0.0322535">
        <testcase classname="tests/features/data-transform/engine/run.test.ts" name="runPipeline &gt; runs exactly two IPC round-trips (counts then preview)" time="0.0057324">
        </testcase>
        <testcase classname="tests/features/data-transform/engine/run.test.ts" name="runPipeline &gt; derives per-step input/output counts by walking enabled steps in order" time="0.0035165">
        </testcase>
        <testcase classname="tests/features/data-transform/engine/run.test.ts" name="runPipeline &gt; uses sourceRowCount as the final count when there are no enabled steps" time="0.000814">
        </testcase>
        <testcase classname="tests/features/data-transform/engine/run.test.ts" name="runPipeline &gt; falls back to the previous count when a step&apos;s count is missing" time="0.0007563">
        </testcase>
        <testcase classname="tests/features/data-transform/engine/run.test.ts" name="runPipeline &gt; derives preview columns from the first preview row" time="0.0025777">
        </testcase>
        <testcase classname="tests/features/data-transform/engine/run.test.ts" name="runPipeline &gt; returns empty preview columns when no rows come back" time="0.0006856">
        </testcase>
        <testcase classname="tests/features/data-transform/engine/run.test.ts" name="runPipeline &gt; previews directly off the quoted source with PREVIEW_LIMIT when no steps" time="0.0006867">
        </testcase>
        <testcase classname="tests/features/data-transform/engine/run.test.ts" name="runPipeline &gt; appends the preview LIMIT to the compiled CTE when steps exist" time="0.0010239">
        </testcase>
        <testcase classname="tests/features/data-transform/engine/run.test.ts" name="runPipeline &gt; reports a non-negative numeric duration" time="0.0009108">
        </testcase>
        <testcase classname="tests/features/data-transform/engine/run.test.ts" name="runPipeline &gt; propagates a DuckDB error from the count query" time="0.0039519">
        </testcase>
        <testcase classname="tests/features/data-transform/engine/run.test.ts" name="profileTable &gt; runs SUMMARIZE on the quoted relation" time="0.0017044">
        </testcase>
        <testcase classname="tests/features/data-transform/engine/run.test.ts" name="profileTable &gt; maps SUMMARIZE rows into typed column profiles" time="0.00079">
        </testcase>
        <testcase classname="tests/features/data-transform/engine/run.test.ts" name="profileTable &gt; derives null percentage from null_count/count when null_percentage is absent" time="0.0004537">
        </testcase>
        <testcase classname="tests/features/data-transform/engine/run.test.ts" name="profileTable &gt; falls back to 0 null percentage when count is zero" time="0.0004543">
        </testcase>
        <testcase classname="tests/features/data-transform/engine/run.test.ts" name="profileTable &gt; normalizes a non-finite null percentage to 0 and null min/max stay null" time="0.000662">
        </testcase>
        <testcase classname="tests/features/data-transform/engine/run.test.ts" name="profileTable &gt; coerces missing column name/type to empty strings" time="0.0004167">
        </testcase>
    </testsuite>
    <testsuite name="tests/features/data-transform/engine/sql.prop.test.ts" timestamp="2026-06-25T18:28:25.656Z" hostname="Desktop" tests="10" failures="0" errors="0" skipped="0" time="0.8386954">
        <testcase classname="tests/features/data-transform/engine/sql.prop.test.ts" name="quoteIdent / quoteString — injection-safe quoting (fuzzed) &gt; quoteIdent doubles EVERY embedded double-quote and round-trips back to the original (with seed=881764257)" time="0.0567149">
        </testcase>
        <testcase classname="tests/features/data-transform/engine/sql.prop.test.ts" name="quoteIdent / quoteString — injection-safe quoting (fuzzed) &gt; quoteString doubles EVERY embedded single-quote and round-trips back to the original (with seed=1186705279)" time="0.0438243">
        </testcase>
        <testcase classname="tests/features/data-transform/engine/sql.prop.test.ts" name="quoteIdent / quoteString — injection-safe quoting (fuzzed) &gt; a bare identifier is wrapped without any internal doubling (with seed=1669527177)" time="0.0385272">
        </testcase>
        <testcase classname="tests/features/data-transform/engine/sql.prop.test.ts" name="buildCTE — read-only &amp; CTE-count invariants (fuzzed) &gt; the compiled SQL is ALWAYS read-only (leads SELECT/WITH, no mutating verb) (with seed=-1835144764)" time="0.1191846">
        </testcase>
        <testcase classname="tests/features/data-transform/engine/sql.prop.test.ts" name="buildCTE — read-only &amp; CTE-count invariants (fuzzed) &gt; emits exactly one CTE per ENABLED step (disabled steps are dropped) (with seed=559702795)" time="0.1102396">
        </testcase>
        <testcase classname="tests/features/data-transform/engine/sql.prop.test.ts" name="buildCTE — read-only &amp; CTE-count invariants (fuzzed) &gt; is idempotent under re-filtering: compiling the already-enabled-only subset yields the SAME SQL (with seed=2033210686)" time="0.1426241">
        </testcase>
        <testcase classname="tests/features/data-transform/engine/sql.prop.test.ts" name="buildCTE — read-only &amp; CTE-count invariants (fuzzed) &gt; with no steps it degrades to a plain SELECT over the (quoted) source (with seed=1912582392)" time="0.0555768">
        </testcase>
        <testcase classname="tests/features/data-transform/engine/sql.prop.test.ts" name="buildCTE — read-only &amp; CTE-count invariants (fuzzed) &gt; adding a DISABLED step never changes the compiled SQL (monotone in enabled steps) (with seed=-1540181518)" time="0.0719297">
        </testcase>
        <testcase classname="tests/features/data-transform/engine/sql.prop.test.ts" name="buildCountQuery — one branch per enabled step + source (fuzzed) &gt; is read-only and emits a count branch for every enabled step plus the source (with seed=2069992433)" time="0.0926704">
        </testcase>
        <testcase classname="tests/features/data-transform/engine/sql.prop.test.ts" name="buildCountQuery — one branch per enabled step + source (fuzzed) &gt; always references the __source__ sentinel exactly once (with seed=-690168129)" time="0.0936972">
        </testcase>
    </testsuite>
    <testsuite name="tests/features/data-transform/engine/sql.test.ts" timestamp="2026-06-25T18:28:25.658Z" hostname="Desktop" tests="44" failures="0" errors="0" skipped="0" time="0.0787216">
        <testcase classname="tests/features/data-transform/engine/sql.test.ts" name="quoteIdent &gt; wraps a bare identifier in double quotes" time="0.004233">
        </testcase>
        <testcase classname="tests/features/data-transform/engine/sql.test.ts" name="quoteIdent &gt; escapes every embedded double-quote (not just the first)" time="0.0005715">
        </testcase>
        <testcase classname="tests/features/data-transform/engine/sql.test.ts" name="quoteIdent &gt; coerces non-string input to a string before quoting" time="0.000426">
        </testcase>
        <testcase classname="tests/features/data-transform/engine/sql.test.ts" name="quoteString &gt; wraps a value in single quotes" time="0.0005266">
        </testcase>
        <testcase classname="tests/features/data-transform/engine/sql.test.ts" name="quoteString &gt; escapes every embedded single-quote" time="0.0003433">
        </testcase>
        <testcase classname="tests/features/data-transform/engine/sql.test.ts" name="stepToSQL &gt; builds a WHERE clause for filter steps" time="0.0008151">
        </testcase>
        <testcase classname="tests/features/data-transform/engine/sql.test.ts" name="stepToSQL &gt; falls back to a no-op predicate when filter condition is missing" time="0.0003851">
        </testcase>
        <testcase classname="tests/features/data-transform/engine/sql.test.ts" name="stepToSQL &gt; projects an explicit column list for select steps" time="0.0005952">
        </testcase>
        <testcase classname="tests/features/data-transform/engine/sql.test.ts" name="stepToSQL &gt; selects all columns when select column list is empty" time="0.000355">
        </testcase>
        <testcase classname="tests/features/data-transform/engine/sql.test.ts" name="stepToSQL &gt; appends a derived column with a quoted alias for derive steps" time="0.0003015">
        </testcase>
        <testcase classname="tests/features/data-transform/engine/sql.test.ts" name="stepToSQL &gt; uses the &apos;derived&apos; default alias for derive steps without an alias" time="0.0002958">
        </testcase>
        <testcase classname="tests/features/data-transform/engine/sql.test.ts" name="stepToSQL &gt; uses the &apos;new_col&apos; default alias for rename steps without an alias" time="0.0003372">
        </testcase>
        <testcase classname="tests/features/data-transform/engine/sql.test.ts" name="stepToSQL &gt; groups and aggregates when a groupBy is provided" time="0.0002907">
        </testcase>
        <testcase classname="tests/features/data-transform/engine/sql.test.ts" name="stepToSQL &gt; aggregates without a GROUP BY clause when groupBy is blank" time="0.0002502">
        </testcase>
        <testcase classname="tests/features/data-transform/engine/sql.test.ts" name="stepToSQL &gt; defaults the aggregation to COUNT(*) when agg is missing" time="0.000278">
        </testcase>
        <testcase classname="tests/features/data-transform/engine/sql.test.ts" name="stepToSQL &gt; sorts ascending by a quoted column by default" time="0.0002675">
        </testcase>
        <testcase classname="tests/features/data-transform/engine/sql.test.ts" name="stepToSQL &gt; honours a DESC direction case-insensitively" time="0.0002454">
        </testcase>
        <testcase classname="tests/features/data-transform/engine/sql.test.ts" name="stepToSQL &gt; treats any non-DESC direction as ASC" time="0.0002323">
        </testcase>
        <testcase classname="tests/features/data-transform/engine/sql.test.ts" name="stepToSQL &gt; returns a passthrough SELECT when the sort column is empty" time="0.0003136">
        </testcase>
        <testcase classname="tests/features/data-transform/engine/sql.test.ts" name="stepToSQL &gt; emits SELECT DISTINCT for deduplicate steps" time="0.0004461">
        </testcase>
        <testcase classname="tests/features/data-transform/engine/sql.test.ts" name="stepToSQL &gt; floors a positive numeric limit" time="0.0002742">
        </testcase>
        <testcase classname="tests/features/data-transform/engine/sql.test.ts" name="stepToSQL &gt; falls back to a 1000-row limit for non-numeric counts" time="0.0003072">
        </testcase>
        <testcase classname="tests/features/data-transform/engine/sql.test.ts" name="stepToSQL &gt; falls back to a 1000-row limit for a negative count" time="0.0003105">
        </testcase>
        <testcase classname="tests/features/data-transform/engine/sql.test.ts" name="stepToSQL &gt; allows an explicit zero-row limit" time="0.0002465">
        </testcase>
        <testcase classname="tests/features/data-transform/engine/sql.test.ts" name="stepToSQL &gt; builds a LEFT JOIN by default with quoted table and keys" time="0.0003433">
        </testcase>
        <testcase classname="tests/features/data-transform/engine/sql.test.ts" name="stepToSQL &gt; maps the joinType keyword to the SQL join keyword" time="0.0006093">
        </testcase>
        <testcase classname="tests/features/data-transform/engine/sql.test.ts" name="stepToSQL &gt; falls back to LEFT for an unknown joinType" time="0.0003127">
        </testcase>
        <testcase classname="tests/features/data-transform/engine/sql.test.ts" name="stepToSQL &gt; reuses the left key as the right key when rightKey is absent" time="0.000659">
        </testcase>
        <testcase classname="tests/features/data-transform/engine/sql.test.ts" name="stepToSQL &gt; returns a passthrough SELECT when a join is missing required config" time="0.0003494">
        </testcase>
        <testcase classname="tests/features/data-transform/engine/sql.test.ts" name="stepToSQL &gt; builds a DuckDB PIVOT with quoted ON column" time="0.0003178">
        </testcase>
        <testcase classname="tests/features/data-transform/engine/sql.test.ts" name="stepToSQL &gt; adds a GROUP BY clause to a pivot when groupBy is provided" time="0.0003045">
        </testcase>
        <testcase classname="tests/features/data-transform/engine/sql.test.ts" name="stepToSQL &gt; defaults the pivot aggregation to COUNT(*)" time="0.0002715">
        </testcase>
        <testcase classname="tests/features/data-transform/engine/sql.test.ts" name="stepToSQL &gt; returns a passthrough SELECT when the pivot onColumn is missing" time="0.000249">
        </testcase>
        <testcase classname="tests/features/data-transform/engine/sql.test.ts" name="stepToSQL &gt; returns a passthrough SELECT for an unknown step type" time="0.0002589">
        </testcase>
        <testcase classname="tests/features/data-transform/engine/sql.test.ts" name="buildCTE &gt; returns a plain SELECT over the quoted source when there are no steps" time="0.0020962">
        </testcase>
        <testcase classname="tests/features/data-transform/engine/sql.test.ts" name="buildCTE &gt; ignores disabled steps" time="0.0005248">
        </testcase>
        <testcase classname="tests/features/data-transform/engine/sql.test.ts" name="buildCTE &gt; chains a single step off the quoted source table" time="0.0012121">
        </testcase>
        <testcase classname="tests/features/data-transform/engine/sql.test.ts" name="buildCTE &gt; nests each step CTE off the previous one in order" time="0.000909">
        </testcase>
        <testcase classname="tests/features/data-transform/engine/sql.test.ts" name="buildCTE &gt; normalizes unsafe characters in step ids into the CTE alias" time="0.0004622">
        </testcase>
        <testcase classname="tests/features/data-transform/engine/sql.test.ts" name="buildCountQuery &gt; counts the source directly when there are no enabled steps" time="0.0005271">
        </testcase>
        <testcase classname="tests/features/data-transform/engine/sql.test.ts" name="buildCountQuery &gt; emits a UNION ALL count for the source and every enabled step" time="0.0024082">
        </testcase>
        <testcase classname="tests/features/data-transform/engine/sql.test.ts" name="buildCountQuery &gt; escapes single-quotes in the step id literal" time="0.0005048">
        </testcase>
        <testcase classname="tests/features/data-transform/engine/sql.test.ts" name="buildReadableSQL &gt; prefixes the compiled SQL with a commented header and trailing semicolon" time="0.044799">
        </testcase>
        <testcase classname="tests/features/data-transform/engine/sql.test.ts" name="buildReadableSQL &gt; includes the nested CTE for a pipeline with steps" time="0.0007246">
        </testcase>
    </testsuite>
    <testsuite name="tests/features/data-transform/engine/validate.test.ts" timestamp="2026-06-25T18:28:25.664Z" hostname="Desktop" tests="15" failures="0" errors="0" skipped="0" time="0.0727281">
        <testcase classname="tests/features/data-transform/engine/validate.test.ts" name="validateSql &gt; treats empty / whitespace input as valid" time="0.0048778">
        </testcase>
        <testcase classname="tests/features/data-transform/engine/validate.test.ts" name="validateSql &gt; accepts a syntactically valid SELECT" time="0.0254618">
        </testcase>
        <testcase classname="tests/features/data-transform/engine/validate.test.ts" name="validateSql &gt; accepts a WITH/CTE statement" time="0.0021611">
        </testcase>
        <testcase classname="tests/features/data-transform/engine/validate.test.ts" name="validateSql &gt; flags DuckDB-only PIVOT as best-effort but still ok" time="0.0004284">
        </testcase>
        <testcase classname="tests/features/data-transform/engine/validate.test.ts" name="validateSql &gt; flags QUALIFY as best-effort" time="0.0003179">
        </testcase>
        <testcase classname="tests/features/data-transform/engine/validate.test.ts" name="validateSql &gt; flags SUMMARIZE as best-effort" time="0.0003196">
        </testcase>
        <testcase classname="tests/features/data-transform/engine/validate.test.ts" name="validateSql &gt; reports a single-line error for genuinely invalid SQL" time="0.011405">
        </testcase>
        <testcase classname="tests/features/data-transform/engine/validate.test.ts" name="validateSql &gt; does not treat best-effort fragments as errors even if otherwise unparseable" time="0.0004793">
        </testcase>
        <testcase classname="tests/features/data-transform/engine/validate.test.ts" name="validateFragment &gt; treats an empty fragment as valid" time="0.0008748">
        </testcase>
        <testcase classname="tests/features/data-transform/engine/validate.test.ts" name="validateFragment &gt; validates a WHERE fragment by wrapping it in a SELECT" time="0.0051482">
        </testcase>
        <testcase classname="tests/features/data-transform/engine/validate.test.ts" name="validateFragment &gt; validates a projection fragment" time="0.0026932">
        </testcase>
        <testcase classname="tests/features/data-transform/engine/validate.test.ts" name="validateFragment &gt; validates a groupby fragment" time="0.0023612">
        </testcase>
        <testcase classname="tests/features/data-transform/engine/validate.test.ts" name="validateFragment &gt; returns an error for an invalid WHERE fragment" time="0.0023776">
        </testcase>
        <testcase classname="tests/features/data-transform/engine/validate.test.ts" name="validateFragment &gt; flags a DuckDB-only fragment as best-effort" time="0.0006261">
        </testcase>
        <testcase classname="tests/features/data-transform/engine/validate.test.ts" name="validateFragment &gt; keeps error messages on a single line and bounded" time="0.0064406">
        </testcase>
    </testsuite>
    <testsuite name="tests/features/data-import/model/helpers.test.tsx" timestamp="2026-06-25T18:28:25.666Z" hostname="Desktop" tests="43" failures="0" errors="0" skipped="0" time="0.4914961">
        <testcase classname="tests/features/data-import/model/helpers.test.tsx" name="formatBytes &gt; returns &apos;0 B&apos; for zero bytes" time="0.0107934">
        </testcase>
        <testcase classname="tests/features/data-import/model/helpers.test.tsx" name="formatBytes &gt; formats raw bytes under 1 KB" time="0.0063029">
        </testcase>
        <testcase classname="tests/features/data-import/model/helpers.test.tsx" name="formatBytes &gt; formats kilobytes" time="0.0008741">
        </testcase>
        <testcase classname="tests/features/data-import/model/helpers.test.tsx" name="formatBytes &gt; formats megabytes" time="0.0007746">
        </testcase>
        <testcase classname="tests/features/data-import/model/helpers.test.tsx" name="formatBytes &gt; formats gigabytes" time="0.0004636">
        </testcase>
        <testcase classname="tests/features/data-import/model/helpers.test.tsx" name="detectFileType &gt; detects .csv" time="0.0005496">
        </testcase>
        <testcase classname="tests/features/data-import/model/helpers.test.tsx" name="detectFileType &gt; detects .csv case-insensitively" time="0.0063032">
        </testcase>
        <testcase classname="tests/features/data-import/model/helpers.test.tsx" name="detectFileType &gt; detects .tsv" time="0.0004253">
        </testcase>
        <testcase classname="tests/features/data-import/model/helpers.test.tsx" name="detectFileType &gt; detects .parquet" time="0.0009878">
        </testcase>
        <testcase classname="tests/features/data-import/model/helpers.test.tsx" name="detectFileType &gt; detects .pq as parquet" time="0.0003877">
        </testcase>
        <testcase classname="tests/features/data-import/model/helpers.test.tsx" name="detectFileType &gt; returns unknown for .txt (ambiguous)" time="0.0003399">
        </testcase>
        <testcase classname="tests/features/data-import/model/helpers.test.tsx" name="detectFileType &gt; returns unknown for files with no extension" time="0.0003557">
        </testcase>
        <testcase classname="tests/features/data-import/model/helpers.test.tsx" name="detectFileType &gt; returns unknown for unsupported extensions" time="0.00126">
        </testcase>
        <testcase classname="tests/features/data-import/model/helpers.test.tsx" name="getFileIcon &gt; returns a React element for every FileType value" time="0.1737081">
        </testcase>
        <testcase classname="tests/features/data-import/model/helpers.test.tsx" name="computeQualityScores &gt; returns perfect 100 scores when rowCount is 0" time="0.0025311">
        </testcase>
        <testcase classname="tests/features/data-import/model/helpers.test.tsx" name="computeQualityScores &gt; returns perfect 100 scores when columns array is empty (non-zero rowCount)" time="0.0006575">
        </testcase>
        <testcase classname="tests/features/data-import/model/helpers.test.tsx" name="computeQualityScores &gt; uses nullRate (0..1) directly when present on a column" time="0.0009467">
        </testcase>
        <testcase classname="tests/features/data-import/model/helpers.test.tsx" name="computeQualityScores &gt; falls back to nullCount / rowCount when nullRate is absent" time="0.0003812">
        </testcase>
        <testcase classname="tests/features/data-import/model/helpers.test.tsx" name="computeQualityScores &gt; clamps nullRate above 1 to 1" time="0.0003232">
        </testcase>
        <testcase classname="tests/features/data-import/model/helpers.test.tsx" name="computeQualityScores &gt; clamps nullRate below 0 to 0" time="0.0003169">
        </testcase>
        <testcase classname="tests/features/data-import/model/helpers.test.tsx" name="computeQualityScores &gt; reflects null cells in completeness using nullCount fallback" time="0.0016475">
        </testcase>
        <testcase classname="tests/features/data-import/model/helpers.test.tsx" name="computeQualityScores &gt; marks consistency lower when mixed-type columns exist" time="0.000406">
        </testcase>
        <testcase classname="tests/features/data-import/model/helpers.test.tsx" name="computeQualityScores &gt; marks accuracy 0 when all columns are fully null" time="0.0003472">
        </testcase>
        <testcase classname="tests/features/data-import/model/helpers.test.tsx" name="computeQualityScores &gt; computes uniqueness from uniqueCount / rowCount ratio" time="0.0003704">
        </testcase>
        <testcase classname="tests/features/data-import/model/helpers.test.tsx" name="computeQualityScores &gt; caps uniqueness at 100 when uniqueCount exceeds rowCount" time="0.0002697">
        </testcase>
        <testcase classname="tests/features/data-import/model/helpers.test.tsx" name="columnInfoToColMeta &gt; maps mixed type to string" time="0.0043845">
        </testcase>
        <testcase classname="tests/features/data-import/model/helpers.test.tsx" name="columnInfoToColMeta &gt; maps boolean type to boolean" time="0.0008335">
        </testcase>
        <testcase classname="tests/features/data-import/model/helpers.test.tsx" name="columnInfoToColMeta &gt; maps number type to number" time="0.0007878">
        </testcase>
        <testcase classname="tests/features/data-import/model/helpers.test.tsx" name="columnInfoToColMeta &gt; maps string type to string" time="0.0004577">
        </testcase>
        <testcase classname="tests/features/data-import/model/helpers.test.tsx" name="columnInfoToColMeta &gt; maps date type to date" time="0.0004146">
        </testcase>
        <testcase classname="tests/features/data-import/model/helpers.test.tsx" name="columnInfoToColMeta &gt; slices sampleValues to at most 5 entries" time="0.000719">
        </testcase>
        <testcase classname="tests/features/data-import/model/helpers.test.tsx" name="columnInfoToColMeta &gt; returns an empty array for empty input" time="0.0007572">
        </testcase>
        <testcase classname="tests/features/data-import/model/helpers.test.tsx" name="columnInfoToColMeta &gt; preserves min, max, and avg fields" time="0.0010135">
        </testcase>
        <testcase classname="tests/features/data-import/model/helpers.test.tsx" name="StatusStep component &gt; renders the label text for every status" time="0.1467416">
        </testcase>
        <testcase classname="tests/features/data-import/model/helpers.test.tsx" name="StatusStep component &gt; shows duration in ms when status is done and duration is provided" time="0.0091918">
        </testcase>
        <testcase classname="tests/features/data-import/model/helpers.test.tsx" name="StatusStep component &gt; does NOT show a duration when status is done and duration is undefined" time="0.0078525">
        </testcase>
        <testcase classname="tests/features/data-import/model/helpers.test.tsx" name="StatusStep component &gt; does NOT show duration when status is active even if duration is provided" time="0.0093069">
        </testcase>
        <testcase classname="tests/features/data-import/model/helpers.test.tsx" name="StatusStep component &gt; does NOT show duration when status is pending even if duration is provided" time="0.0075555">
        </testcase>
        <testcase classname="tests/features/data-import/model/helpers.test.tsx" name="StatusStep component &gt; does NOT show duration when status is error even if duration is provided" time="0.0141334">
        </testcase>
        <testcase classname="tests/features/data-import/model/helpers.test.tsx" name="StatusStep component &gt; renders a Loader2 spinner icon when status is active" time="0.0178258">
        </testcase>
        <testcase classname="tests/features/data-import/model/helpers.test.tsx" name="StatusStep component &gt; renders a Check icon when status is done" time="0.0163787">
        </testcase>
        <testcase classname="tests/features/data-import/model/helpers.test.tsx" name="StatusStep component &gt; renders an X icon when status is error" time="0.0105941">
        </testcase>
        <testcase classname="tests/features/data-import/model/helpers.test.tsx" name="StatusStep component &gt; renders a small dot span when status is pending (no svg icon)" time="0.0111107">
        </testcase>
    </testsuite>
    <testsuite name="tests/features/data-import/model/import-session-store.test.ts" timestamp="2026-06-25T18:28:25.671Z" hostname="Desktop" tests="21" failures="0" errors="0" skipped="0" time="0.0302571">
        <testcase classname="tests/features/data-import/model/import-session-store.test.ts" name="useImportSession — initial state &gt; starts with empty files and an empty order" time="0.0055383">
        </testcase>
        <testcase classname="tests/features/data-import/model/import-session-store.test.ts" name="useImportSession — add &gt; stores the file under its id" time="0.0011458">
        </testcase>
        <testcase classname="tests/features/data-import/model/import-session-store.test.ts" name="useImportSession — add &gt; prepends the id to the order (most-recent first)" time="0.000865">
        </testcase>
        <testcase classname="tests/features/data-import/model/import-session-store.test.ts" name="useImportSession — add &gt; does NOT duplicate the id in order when the same id is added again" time="0.0027235">
        </testcase>
        <testcase classname="tests/features/data-import/model/import-session-store.test.ts" name="useImportSession — add &gt; updates the file data when the same id is added a second time" time="0.0009946">
        </testcase>
        <testcase classname="tests/features/data-import/model/import-session-store.test.ts" name="useImportSession — add &gt; keeps insertion order intact across multiple distinct files" time="0.0008648">
        </testcase>
        <testcase classname="tests/features/data-import/model/import-session-store.test.ts" name="useImportSession — patch &gt; merges the partial update into an existing file" time="0.0007896">
        </testcase>
        <testcase classname="tests/features/data-import/model/import-session-store.test.ts" name="useImportSession — patch &gt; returns the unchanged state object when the id does not exist" time="0.0005301">
        </testcase>
        <testcase classname="tests/features/data-import/model/import-session-store.test.ts" name="useImportSession — patch &gt; does not affect other files when patching one" time="0.0005879">
        </testcase>
        <testcase classname="tests/features/data-import/model/import-session-store.test.ts" name="useImportSession — patch &gt; can patch to done status with 100% progress" time="0.0005701">
        </testcase>
        <testcase classname="tests/features/data-import/model/import-session-store.test.ts" name="useImportSession — remove &gt; deletes the file entry and removes the id from order" time="0.001779">
        </testcase>
        <testcase classname="tests/features/data-import/model/import-session-store.test.ts" name="useImportSession — remove &gt; returns unchanged state when the id is not in files" time="0.0005442">
        </testcase>
        <testcase classname="tests/features/data-import/model/import-session-store.test.ts" name="useImportSession — remove &gt; removes only the targeted file when multiple files are present" time="0.0010704">
        </testcase>
        <testcase classname="tests/features/data-import/model/import-session-store.test.ts" name="useImportSession — remove &gt; results in an empty store when the only file is removed" time="0.0007892">
        </testcase>
        <testcase classname="tests/features/data-import/model/import-session-store.test.ts" name="useImportSession — reset &gt; clears all files and the order" time="0.0005444">
        </testcase>
        <testcase classname="tests/features/data-import/model/import-session-store.test.ts" name="useImportSession — reset &gt; is idempotent — calling reset on an already-empty store is safe" time="0.0003793">
        </testcase>
        <testcase classname="tests/features/data-import/model/import-session-store.test.ts" name="getOrderedFiles &gt; returns an empty array when no files have been added" time="0.0004234">
        </testcase>
        <testcase classname="tests/features/data-import/model/import-session-store.test.ts" name="getOrderedFiles &gt; returns files in display order (most-recent first)" time="0.0006736">
        </testcase>
        <testcase classname="tests/features/data-import/model/import-session-store.test.ts" name="getOrderedFiles &gt; filters out undefined entries when an id in order has no corresponding file" time="0.0004109">
        </testcase>
        <testcase classname="tests/features/data-import/model/import-session-store.test.ts" name="getOrderedFiles &gt; returns only files that exist in the files map, skipping dangling ids" time="0.0006179">
        </testcase>
        <testcase classname="tests/features/data-import/model/import-session-store.test.ts" name="getOrderedFiles &gt; reflects the current store state (non-reactive snapshot)" time="0.0005639">
        </testcase>
    </testsuite>
    <testsuite name="tests/features/data-import/model/summarize.test.ts" timestamp="2026-06-25T18:28:25.674Z" hostname="Desktop" tests="38" failures="0" errors="0" skipped="0" time="0.06736">
        <testcase classname="tests/features/data-import/model/summarize.test.ts" name="mapDuckTypeToColumnInfoType &gt; maps INTEGER to number" time="0.0057705">
        </testcase>
        <testcase classname="tests/features/data-import/model/summarize.test.ts" name="mapDuckTypeToColumnInfoType &gt; maps BIGINT to number" time="0.0009182">
        </testcase>
        <testcase classname="tests/features/data-import/model/summarize.test.ts" name="mapDuckTypeToColumnInfoType &gt; maps TINYINT to number" time="0.0004257">
        </testcase>
        <testcase classname="tests/features/data-import/model/summarize.test.ts" name="mapDuckTypeToColumnInfoType &gt; maps DOUBLE to number" time="0.0004676">
        </testcase>
        <testcase classname="tests/features/data-import/model/summarize.test.ts" name="mapDuckTypeToColumnInfoType &gt; maps FLOAT to number" time="0.0005723">
        </testcase>
        <testcase classname="tests/features/data-import/model/summarize.test.ts" name="mapDuckTypeToColumnInfoType &gt; maps DECIMAL(10,2) to number" time="0.0003172">
        </testcase>
        <testcase classname="tests/features/data-import/model/summarize.test.ts" name="mapDuckTypeToColumnInfoType &gt; maps NUMERIC to number" time="0.0003642">
        </testcase>
        <testcase classname="tests/features/data-import/model/summarize.test.ts" name="mapDuckTypeToColumnInfoType &gt; maps REAL to number" time="0.000484">
        </testcase>
        <testcase classname="tests/features/data-import/model/summarize.test.ts" name="mapDuckTypeToColumnInfoType &gt; maps HUGEINT to number" time="0.0005093">
        </testcase>
        <testcase classname="tests/features/data-import/model/summarize.test.ts" name="mapDuckTypeToColumnInfoType &gt; maps UINTEGER to number" time="0.0003451">
        </testcase>
        <testcase classname="tests/features/data-import/model/summarize.test.ts" name="mapDuckTypeToColumnInfoType &gt; maps UBIGINT to number" time="0.0003979">
        </testcase>
        <testcase classname="tests/features/data-import/model/summarize.test.ts" name="mapDuckTypeToColumnInfoType &gt; maps DATE to date" time="0.0004808">
        </testcase>
        <testcase classname="tests/features/data-import/model/summarize.test.ts" name="mapDuckTypeToColumnInfoType &gt; maps TIMESTAMP to date" time="0.0002952">
        </testcase>
        <testcase classname="tests/features/data-import/model/summarize.test.ts" name="mapDuckTypeToColumnInfoType &gt; maps TIMESTAMP WITH TIME ZONE to date" time="0.0003399">
        </testcase>
        <testcase classname="tests/features/data-import/model/summarize.test.ts" name="mapDuckTypeToColumnInfoType &gt; maps TIME to date" time="0.0002015">
        </testcase>
        <testcase classname="tests/features/data-import/model/summarize.test.ts" name="mapDuckTypeToColumnInfoType &gt; maps BOOLEAN to boolean" time="0.0003301">
        </testcase>
        <testcase classname="tests/features/data-import/model/summarize.test.ts" name="mapDuckTypeToColumnInfoType &gt; maps BOOL to boolean" time="0.0007155">
        </testcase>
        <testcase classname="tests/features/data-import/model/summarize.test.ts" name="mapDuckTypeToColumnInfoType &gt; honours the &apos;mixed&apos; sentinel from the preview path" time="0.0003197">
        </testcase>
        <testcase classname="tests/features/data-import/model/summarize.test.ts" name="mapDuckTypeToColumnInfoType &gt; falls back to string for VARCHAR and unknown types" time="0.000423">
        </testcase>
        <testcase classname="tests/features/data-import/model/summarize.test.ts" name="mapDuckTypeToColumnInfoType &gt; is case-insensitive" time="0.0049444">
        </testcase>
        <testcase classname="tests/features/data-import/model/summarize.test.ts" name="summarizeRowsToColumnInfo &gt; returns an empty array for no rows" time="0.0046574">
        </testcase>
        <testcase classname="tests/features/data-import/model/summarize.test.ts" name="summarizeRowsToColumnInfo &gt; maps a numeric column with full-table stats" time="0.0015179">
        </testcase>
        <testcase classname="tests/features/data-import/model/summarize.test.ts" name="summarizeRowsToColumnInfo &gt; keeps min/max as strings for non-numeric columns and omits avg" time="0.0041752">
        </testcase>
        <testcase classname="tests/features/data-import/model/summarize.test.ts" name="summarizeRowsToColumnInfo &gt; attaches preview sample values by column name" time="0.0050413">
        </testcase>
        <testcase classname="tests/features/data-import/model/summarize.test.ts" name="summarizeRowsToColumnInfo &gt; defaults sample values to an empty array when none are provided" time="0.0009581">
        </testcase>
        <testcase classname="tests/features/data-import/model/summarize.test.ts" name="summarizeRowsToColumnInfo &gt; defaults a missing column name to an empty string and missing type to VARCHAR/string" time="0.0005827">
        </testcase>
        <testcase classname="tests/features/data-import/model/summarize.test.ts" name="summarizeRowsToColumnInfo &gt; treats an empty-string numeric summary field as missing (uniqueCount falls back to 0)" time="0.0006157">
        </testcase>
        <testcase classname="tests/features/data-import/model/summarize.test.ts" name="summarizeRowsToColumnInfo &gt; clamps a negative rowCount to 0 when computing nullCount" time="0.0005811">
        </testcase>
        <testcase classname="tests/features/data-import/model/summarize.test.ts" name="summarizeRowsToColumnInfo &gt; round-trips a large bigint approx_unique" time="0.0005046">
        </testcase>
        <testcase classname="tests/features/data-import/model/summarize.test.ts" name="summarizeRowsToColumnInfo &gt; treats an empty-string column_name as missing, falling back to empty string name" time="0.0005315">
        </testcase>
        <testcase classname="tests/features/data-import/model/summarize.test.ts" name="summarizeRowsToColumnInfo &gt; treats an empty-string column_type as missing, defaulting type to string (VARCHAR fallback)" time="0.0004746">
        </testcase>
        <testcase classname="tests/features/data-import/model/summarize.test.ts" name="summarizeRowsToColumnInfo &gt; treats an empty-string min/max for a string column as undefined" time="0.0008739">
        </testcase>
        <testcase classname="tests/features/data-import/model/summarize.test.ts" name="summarizeRowsToColumnInfo &gt; handles null column_name gracefully, falling back to empty string" time="0.0005222">
        </testcase>
        <testcase classname="tests/features/data-import/model/summarize.test.ts" name="summarizeRowsToColumnInfo &gt; handles null column_type gracefully, defaulting to VARCHAR/string" time="0.0020324">
        </testcase>
        <testcase classname="tests/features/data-import/model/summarize.test.ts" name="fetchFullTableColumnInfo &gt; maps the rows returned by summarizeDataset" time="0.0091141">
        </testcase>
        <testcase classname="tests/features/data-import/model/summarize.test.ts" name="fetchFullTableColumnInfo &gt; returns null when SUMMARIZE yields an empty result set" time="0.0009738">
        </testcase>
        <testcase classname="tests/features/data-import/model/summarize.test.ts" name="fetchFullTableColumnInfo &gt; returns null when summarizeDataset returns a non-array" time="0.0011196">
        </testcase>
        <testcase classname="tests/features/data-import/model/summarize.test.ts" name="fetchFullTableColumnInfo &gt; returns null (does not throw) when the query rejects" time="0.0009894">
        </testcase>
    </testsuite>
    <testsuite name="tests/features/data-formulator/core/ai.test.ts" timestamp="2026-06-25T18:28:25.679Z" hostname="Desktop" tests="26" failures="0" errors="0" skipped="0" time="0.0258345">
        <testcase classname="tests/features/data-formulator/core/ai.test.ts" name="flagOutliers &gt; returns all-false for an empty array (length &lt; 4)" time="0.0044817">
        </testcase>
        <testcase classname="tests/features/data-formulator/core/ai.test.ts" name="flagOutliers &gt; returns all-false for a single-element array (length &lt; 4)" time="0.0005875">
        </testcase>
        <testcase classname="tests/features/data-formulator/core/ai.test.ts" name="flagOutliers &gt; returns all-false for a two-element array (length &lt; 4)" time="0.0003499">
        </testcase>
        <testcase classname="tests/features/data-formulator/core/ai.test.ts" name="flagOutliers &gt; returns all-false for a three-element array (length &lt; 4)" time="0.0004118">
        </testcase>
        <testcase classname="tests/features/data-formulator/core/ai.test.ts" name="flagOutliers &gt; returns all-false when all values are identical (no outliers)" time="0.0004285">
        </testcase>
        <testcase classname="tests/features/data-formulator/core/ai.test.ts" name="flagOutliers &gt; returns all-false for tightly clustered values with no outliers" time="0.0003353">
        </testcase>
        <testcase classname="tests/features/data-formulator/core/ai.test.ts" name="flagOutliers &gt; flags a value that is below the lower fence (v &lt; lo)" time="0.0005462">
        </testcase>
        <testcase classname="tests/features/data-formulator/core/ai.test.ts" name="flagOutliers &gt; flags a value that is above the upper fence (v &gt; hi)" time="0.0003016">
        </testcase>
        <testcase classname="tests/features/data-formulator/core/ai.test.ts" name="flagOutliers &gt; does not flag values that are within the fences" time="0.0004021">
        </testcase>
        <testcase classname="tests/features/data-formulator/core/ai.test.ts" name="flagOutliers &gt; returns a boolean array of the same length as input" time="0.0021687">
        </testcase>
        <testcase classname="tests/features/data-formulator/core/ai.test.ts" name="flagOutliers &gt; does not mutate the original array" time="0.0005109">
        </testcase>
        <testcase classname="tests/features/data-formulator/core/ai.test.ts" name="flagOutliers &gt; flags both a low and a high outlier simultaneously" time="0.0004302">
        </testcase>
        <testcase classname="tests/features/data-formulator/core/ai.test.ts" name="flagOutliers &gt; handles negative numbers correctly without flagging non-outliers" time="0.0003164">
        </testcase>
        <testcase classname="tests/features/data-formulator/core/ai.test.ts" name="flagOutliers &gt; handles exactly 4 elements (minimum for IQR path)" time="0.0005385">
        </testcase>
        <testcase classname="tests/features/data-formulator/core/ai.test.ts" name="linearTrendline &gt; returns a copy of input for an empty array (n &lt; 2)" time="0.000519">
        </testcase>
        <testcase classname="tests/features/data-formulator/core/ai.test.ts" name="linearTrendline &gt; returns a copy (not same reference) for a single element (n &lt; 2)" time="0.0007004">
        </testcase>
        <testcase classname="tests/features/data-formulator/core/ai.test.ts" name="linearTrendline &gt; does not mutate original array when n &lt; 2" time="0.0002376">
        </testcase>
        <testcase classname="tests/features/data-formulator/core/ai.test.ts" name="linearTrendline &gt; computes correct trendline for two points on a perfect line" time="0.0011515">
        </testcase>
        <testcase classname="tests/features/data-formulator/core/ai.test.ts" name="linearTrendline &gt; computes correct trendline for a perfectly flat series" time="0.0006563">
        </testcase>
        <testcase classname="tests/features/data-formulator/core/ai.test.ts" name="linearTrendline &gt; handles den === 0 case (all x deviations sum to zero — impossible with distinct xs but den=0 means all xs same, which cannot happen for n&gt;=2 with sequential xs; cover by verifying slope=0 for constant input)" time="0.0005802">
        </testcase>
        <testcase classname="tests/features/data-formulator/core/ai.test.ts" name="linearTrendline &gt; computes a positive slope trendline correctly" time="0.000516">
        </testcase>
        <testcase classname="tests/features/data-formulator/core/ai.test.ts" name="linearTrendline &gt; computes a negative slope trendline correctly" time="0.0004014">
        </testcase>
        <testcase classname="tests/features/data-formulator/core/ai.test.ts" name="linearTrendline &gt; returns an array of the same length as input" time="0.0003668">
        </testcase>
        <testcase classname="tests/features/data-formulator/core/ai.test.ts" name="linearTrendline &gt; does not mutate the original array" time="0.0003807">
        </testcase>
        <testcase classname="tests/features/data-formulator/core/ai.test.ts" name="linearTrendline &gt; handles two identical values (flat, n=2)" time="0.0003112">
        </testcase>
        <testcase classname="tests/features/data-formulator/core/ai.test.ts" name="linearTrendline &gt; produces a smoothed trendline for noisy data" time="0.0010328">
        </testcase>
    </testsuite>
    <testsuite name="tests/features/data-formulator/core/chart-options.test.ts" timestamp="2026-06-25T18:28:25.682Z" hostname="Desktop" tests="59" failures="0" errors="0" skipped="0" time="0.1215927">
        <testcase classname="tests/features/data-formulator/core/chart-options.test.ts" name="buildOption — empty data guard &gt; returns null when data is empty" time="0.0045644">
        </testcase>
        <testcase classname="tests/features/data-formulator/core/chart-options.test.ts" name="buildOption — empty data guard &gt; returns null for every chart type when data is empty" time="0.0010776">
        </testcase>
        <testcase classname="tests/features/data-formulator/core/chart-options.test.ts" name="buildOption — base styling &gt; applies a transparent background and shared text/tooltip styling" time="0.0028742">
        </testcase>
        <testcase classname="tests/features/data-formulator/core/chart-options.test.ts" name="buildOption — pie / donut &gt; builds a pie with full radius and slices to 14 items" time="0.0041972">
        </testcase>
        <testcase classname="tests/features/data-formulator/core/chart-options.test.ts" name="buildOption — pie / donut &gt; uses an inner/outer radius pair for donut" time="0.0005545">
        </testcase>
        <testcase classname="tests/features/data-formulator/core/chart-options.test.ts" name="buildOption — pie / donut &gt; cycles the palette by index modulo palette length" time="0.0005821">
        </testcase>
        <testcase classname="tests/features/data-formulator/core/chart-options.test.ts" name="buildOption — pie / donut &gt; falls back to a generated slice name when x_val is missing" time="0.0004238">
        </testcase>
        <testcase classname="tests/features/data-formulator/core/chart-options.test.ts" name="buildOption — pie / donut &gt; coerces a missing y_val to 0" time="0.000281">
        </testcase>
        <testcase classname="tests/features/data-formulator/core/chart-options.test.ts" name="buildOption — pie / donut &gt; uses an item-trigger tooltip whose formatter renders name, value and percent" time="0.0006838">
        </testcase>
        <testcase classname="tests/features/data-formulator/core/chart-options.test.ts" name="buildOption — pie / donut &gt; tolerates an undefined percent in the tooltip formatter" time="0.0412392">
        </testcase>
        <testcase classname="tests/features/data-formulator/core/chart-options.test.ts" name="buildOption — scatter / bubble &gt; groups points by color_val into one series per group" time="0.0016087">
        </testcase>
        <testcase classname="tests/features/data-formulator/core/chart-options.test.ts" name="buildOption — scatter / bubble &gt; names the group &apos;Points&apos; when color_val is empty/missing" time="0.0019215">
        </testcase>
        <testcase classname="tests/features/data-formulator/core/chart-options.test.ts" name="buildOption — scatter / bubble &gt; uses symbolSize 7 for scatter and 14 for bubble" time="0.006248">
        </testcase>
        <testcase classname="tests/features/data-formulator/core/chart-options.test.ts" name="buildOption — scatter / bubble &gt; shows a legend only when more than one group exists" time="0.0009741">
        </testcase>
        <testcase classname="tests/features/data-formulator/core/chart-options.test.ts" name="buildOption — scatter / bubble &gt; makes both axes value-typed and scaled" time="0.0007639">
        </testcase>
        <testcase classname="tests/features/data-formulator/core/chart-options.test.ts" name="buildOption — scatter / bubble &gt; coerces non-numeric x/y coordinates to NaN via Number(...)" time="0.0005344">
        </testcase>
        <testcase classname="tests/features/data-formulator/core/chart-options.test.ts" name="buildOption — heatmap &gt; derives unique x and y categories from x_val and color_val" time="0.0009178">
        </testcase>
        <testcase classname="tests/features/data-formulator/core/chart-options.test.ts" name="buildOption — heatmap &gt; uses size_val for the cell value when present" time="0.0004591">
        </testcase>
        <testcase classname="tests/features/data-formulator/core/chart-options.test.ts" name="buildOption — heatmap &gt; falls back to y_val when size_val is absent" time="0.0004121">
        </testcase>
        <testcase classname="tests/features/data-formulator/core/chart-options.test.ts" name="buildOption — heatmap &gt; sets visualMap max to the largest cell value" time="0.0004231">
        </testcase>
        <testcase classname="tests/features/data-formulator/core/chart-options.test.ts" name="buildOption — heatmap &gt; floors visualMap max at 1 when all values are zero/negative (safeMax floor)" time="0.0003769">
        </testcase>
        <testcase classname="tests/features/data-formulator/core/chart-options.test.ts" name="buildOption — treemap &gt; slices the data to 40 nodes" time="0.0008487">
        </testcase>
        <testcase classname="tests/features/data-formulator/core/chart-options.test.ts" name="buildOption — treemap &gt; falls back to a generated node name when x_val is missing" time="0.0003815">
        </testcase>
        <testcase classname="tests/features/data-formulator/core/chart-options.test.ts" name="buildOption — treemap &gt; formats the tooltip as &apos;name: value&apos;" time="0.0004726">
        </testcase>
        <testcase classname="tests/features/data-formulator/core/chart-options.test.ts" name="buildOption — funnel &gt; sorts stages by value descending" time="0.0006827">
        </testcase>
        <testcase classname="tests/features/data-formulator/core/chart-options.test.ts" name="buildOption — funnel &gt; does not mutate the input array while sorting" time="0.0007622">
        </testcase>
        <testcase classname="tests/features/data-formulator/core/chart-options.test.ts" name="buildOption — funnel &gt; slices to the top 10 stages" time="0.0009173">
        </testcase>
        <testcase classname="tests/features/data-formulator/core/chart-options.test.ts" name="buildOption — funnel &gt; falls back to a generated stage name when x_val is missing" time="0.0004246">
        </testcase>
        <testcase classname="tests/features/data-formulator/core/chart-options.test.ts" name="buildOption — radar &gt; builds one indicator per x label, all sharing the global max" time="0.0006329">
        </testcase>
        <testcase classname="tests/features/data-formulator/core/chart-options.test.ts" name="buildOption — radar &gt; plots the y values as the single radar data point" time="0.0004092">
        </testcase>
        <testcase classname="tests/features/data-formulator/core/chart-options.test.ts" name="buildOption — radar &gt; uses the spec title as the series name when provided" time="0.0003565">
        </testcase>
        <testcase classname="tests/features/data-formulator/core/chart-options.test.ts" name="buildOption — radar &gt; falls back to &apos;Profile&apos; when the title is empty" time="0.0003669">
        </testcase>
        <testcase classname="tests/features/data-formulator/core/chart-options.test.ts" name="buildOption — radar &gt; floors the indicator max at 1 when all values are zero (safeMax floor)" time="0.0004206">
        </testcase>
        <testcase classname="tests/features/data-formulator/core/chart-options.test.ts" name="buildOption — stacked / multi-line with color pivot &gt; pivots color values into one series per group with aligned x buckets" time="0.0012872">
        </testcase>
        <testcase classname="tests/features/data-formulator/core/chart-options.test.ts" name="buildOption — stacked / multi-line with color pivot &gt; fills missing (x, color) cells with 0" time="0.0008338">
        </testcase>
        <testcase classname="tests/features/data-formulator/core/chart-options.test.ts" name="buildOption — stacked / multi-line with color pivot &gt; marks bar series with a &apos;total&apos; stack for stacked-bar" time="0.0005292">
        </testcase>
        <testcase classname="tests/features/data-formulator/core/chart-options.test.ts" name="buildOption — stacked / multi-line with color pivot &gt; produces smooth line series without a stack for multi-line" time="0.0006984">
        </testcase>
        <testcase classname="tests/features/data-formulator/core/chart-options.test.ts" name="buildOption — stacked / multi-line with color pivot &gt; swaps axes so the value axis is on x for stacked-horizontal-bar" time="0.0005376">
        </testcase>
        <testcase classname="tests/features/data-formulator/core/chart-options.test.ts" name="buildOption — stacked / multi-line with color pivot &gt; keeps category on x for vertical stacked-bar" time="0.0004753">
        </testcase>
        <testcase classname="tests/features/data-formulator/core/chart-options.test.ts" name="buildOption — stacked / multi-line with color pivot &gt; uses an axis-trigger tooltip with a shadow pointer" time="0.0004128">
        </testcase>
        <testcase classname="tests/features/data-formulator/core/chart-options.test.ts" name="buildOption — stacked / multi-line with color pivot &gt; falls through to single-series rendering when no color_val is present" time="0.001022">
        </testcase>
        <testcase classname="tests/features/data-formulator/core/chart-options.test.ts" name="buildOption — line / area &gt; renders a smooth line over the raw y values" time="0.0013739">
        </testcase>
        <testcase classname="tests/features/data-formulator/core/chart-options.test.ts" name="buildOption — line / area &gt; omits the area gradient for a plain line" time="0.0004934">
        </testcase>
        <testcase classname="tests/features/data-formulator/core/chart-options.test.ts" name="buildOption — line / area &gt; adds a linear-gradient area fill for area charts" time="0.0008684">
        </testcase>
        <testcase classname="tests/features/data-formulator/core/chart-options.test.ts" name="buildOption — line / area &gt; appends a trendline series when showTrendline is set and there are &gt;2 points" time="0.0015756">
        </testcase>
        <testcase classname="tests/features/data-formulator/core/chart-options.test.ts" name="buildOption — line / area &gt; does NOT add a trendline when there are 2 or fewer points" time="0.0144257">
        </testcase>
        <testcase classname="tests/features/data-formulator/core/chart-options.test.ts" name="buildOption — line / area &gt; does NOT add a trendline when showTrendline is unset" time="0.001006">
        </testcase>
        <testcase classname="tests/features/data-formulator/core/chart-options.test.ts" name="buildOption — line / area &gt; shows a legend once the series count exceeds one (trendline present)" time="0.0014508">
        </testcase>
        <testcase classname="tests/features/data-formulator/core/chart-options.test.ts" name="buildOption — bar / horizontal-bar &gt; renders bar values as per-point objects with the base palette color" time="0.0006159">
        </testcase>
        <testcase classname="tests/features/data-formulator/core/chart-options.test.ts" name="buildOption — bar / horizontal-bar &gt; uses top-rounded borders for vertical bars" time="0.0004571">
        </testcase>
        <testcase classname="tests/features/data-formulator/core/chart-options.test.ts" name="buildOption — bar / horizontal-bar &gt; uses right-rounded borders and swaps axes for horizontal bars" time="0.0005485">
        </testcase>
        <testcase classname="tests/features/data-formulator/core/chart-options.test.ts" name="buildOption — bar / horizontal-bar &gt; keeps category on x and value on y for a vertical bar" time="0.0004632">
        </testcase>
        <testcase classname="tests/features/data-formulator/core/chart-options.test.ts" name="buildOption — bar / horizontal-bar &gt; does not flag any bars red when showOutliers is unset" time="0.0029771">
        </testcase>
        <testcase classname="tests/features/data-formulator/core/chart-options.test.ts" name="buildOption — bar / horizontal-bar &gt; colors IQR outliers red when showOutliers is set" time="0.0008052">
        </testcase>
        <testcase classname="tests/features/data-formulator/core/chart-options.test.ts" name="buildOption — bar / horizontal-bar &gt; never flags outliers for fewer than 4 points even with showOutliers" time="0.0004624">
        </testcase>
        <testcase classname="tests/features/data-formulator/core/chart-options.test.ts" name="buildOption — category axis label rotation &gt; does not rotate labels when there are 10 or fewer categories" time="0.0005035">
        </testcase>
        <testcase classname="tests/features/data-formulator/core/chart-options.test.ts" name="buildOption — category axis label rotation &gt; rotates labels 35deg once there are more than 10 categories" time="0.00063">
        </testcase>
        <testcase classname="tests/features/data-formulator/core/chart-options.test.ts" name="buildOption — category axis label rotation &gt; stringifies null/undefined x labels to empty strings" time="0.0004085">
        </testcase>
        <testcase classname="tests/features/data-formulator/core/chart-options.test.ts" name="buildOption — single-series grid layout &gt; uses a taller top margin when a legend (extra series) is present" time="0.0003807">
        </testcase>
    </testsuite>
    <testsuite name="tests/features/data-formulator/core/helpers.test.ts" timestamp="2026-06-25T18:28:25.689Z" hostname="Desktop" tests="51" failures="0" errors="0" skipped="0" time="0.0834552">
        <testcase classname="tests/features/data-formulator/core/helpers.test.ts" name="inferType &gt; returns &apos;number&apos; for INT" time="0.0040221">
        </testcase>
        <testcase classname="tests/features/data-formulator/core/helpers.test.ts" name="inferType &gt; returns &apos;number&apos; for BIGINT" time="0.0006918">
        </testcase>
        <testcase classname="tests/features/data-formulator/core/helpers.test.ts" name="inferType &gt; returns &apos;number&apos; for FLOAT" time="0.0004195">
        </testcase>
        <testcase classname="tests/features/data-formulator/core/helpers.test.ts" name="inferType &gt; returns &apos;number&apos; for DOUBLE" time="0.0005027">
        </testcase>
        <testcase classname="tests/features/data-formulator/core/helpers.test.ts" name="inferType &gt; returns &apos;number&apos; for DECIMAL" time="0.0003299">
        </testcase>
        <testcase classname="tests/features/data-formulator/core/helpers.test.ts" name="inferType &gt; returns &apos;number&apos; for NUMERIC" time="0.0002805">
        </testcase>
        <testcase classname="tests/features/data-formulator/core/helpers.test.ts" name="inferType &gt; returns &apos;number&apos; for REAL" time="0.0003222">
        </testcase>
        <testcase classname="tests/features/data-formulator/core/helpers.test.ts" name="inferType &gt; returns &apos;number&apos; for lowercase int" time="0.0002768">
        </testcase>
        <testcase classname="tests/features/data-formulator/core/helpers.test.ts" name="inferType &gt; returns &apos;date&apos; for DATE" time="0.0004625">
        </testcase>
        <testcase classname="tests/features/data-formulator/core/helpers.test.ts" name="inferType &gt; returns &apos;date&apos; for TIME" time="0.0003381">
        </testcase>
        <testcase classname="tests/features/data-formulator/core/helpers.test.ts" name="inferType &gt; returns &apos;date&apos; for TIMESTAMP" time="0.0002813">
        </testcase>
        <testcase classname="tests/features/data-formulator/core/helpers.test.ts" name="inferType &gt; returns &apos;date&apos; for lowercase timestamp" time="0.0002484">
        </testcase>
        <testcase classname="tests/features/data-formulator/core/helpers.test.ts" name="inferType &gt; returns &apos;boolean&apos; for BOOL" time="0.0002677">
        </testcase>
        <testcase classname="tests/features/data-formulator/core/helpers.test.ts" name="inferType &gt; returns &apos;boolean&apos; for BOOLEAN" time="0.0002089">
        </testcase>
        <testcase classname="tests/features/data-formulator/core/helpers.test.ts" name="inferType &gt; returns &apos;boolean&apos; for lowercase bool" time="0.0002279">
        </testcase>
        <testcase classname="tests/features/data-formulator/core/helpers.test.ts" name="inferType &gt; returns &apos;string&apos; for VARCHAR" time="0.0002199">
        </testcase>
        <testcase classname="tests/features/data-formulator/core/helpers.test.ts" name="inferType &gt; returns &apos;string&apos; for TEXT" time="0.0002337">
        </testcase>
        <testcase classname="tests/features/data-formulator/core/helpers.test.ts" name="inferType &gt; returns &apos;string&apos; for unknown type" time="0.0002016">
        </testcase>
        <testcase classname="tests/features/data-formulator/core/helpers.test.ts" name="inferType &gt; returns &apos;string&apos; for empty string" time="0.0002606">
        </testcase>
        <testcase classname="tests/features/data-formulator/core/helpers.test.ts" name="genId &gt; returns a non-empty string" time="0.0012836">
        </testcase>
        <testcase classname="tests/features/data-formulator/core/helpers.test.ts" name="genId &gt; returns a 12-char string when randomUUID is available" time="0.0030584">
        </testcase>
        <testcase classname="tests/features/data-formulator/core/helpers.test.ts" name="genId &gt; produces different ids on successive calls" time="0.0028782">
        </testcase>
        <testcase classname="tests/features/data-formulator/core/helpers.test.ts" name="genId &gt; falls back to getRandomValues when randomUUID is not available" time="0.0023444">
        </testcase>
        <testcase classname="tests/features/data-formulator/core/helpers.test.ts" name="genId &gt; falls back to Date.now + Math.random when crypto is undefined" time="0.0007539">
        </testcase>
        <testcase classname="tests/features/data-formulator/core/helpers.test.ts" name="fmtVal &gt; returns &apos;0&apos; for null (Number(null) === 0, which is finite and integer)" time="0.0355408">
        </testcase>
        <testcase classname="tests/features/data-formulator/core/helpers.test.ts" name="fmtVal &gt; returns &apos;&apos; for undefined" time="0.0004471">
        </testcase>
        <testcase classname="tests/features/data-formulator/core/helpers.test.ts" name="fmtVal &gt; returns the string value for a non-numeric string" time="0.0003547">
        </testcase>
        <testcase classname="tests/features/data-formulator/core/helpers.test.ts" name="fmtVal &gt; returns &apos;NaN&apos; string for NaN input" time="0.0003242">
        </testcase>
        <testcase classname="tests/features/data-formulator/core/helpers.test.ts" name="fmtVal &gt; returns &apos;Infinity&apos; string for Infinity" time="0.0003484">
        </testcase>
        <testcase classname="tests/features/data-formulator/core/helpers.test.ts" name="fmtVal &gt; returns &apos;-Infinity&apos; string for -Infinity" time="0.0005853">
        </testcase>
        <testcase classname="tests/features/data-formulator/core/helpers.test.ts" name="fmtVal &gt; formats numbers &gt;= 1e9 as billions with 1 decimal place" time="0.0003788">
        </testcase>
        <testcase classname="tests/features/data-formulator/core/helpers.test.ts" name="fmtVal &gt; formats 2.5B correctly" time="0.0003132">
        </testcase>
        <testcase classname="tests/features/data-formulator/core/helpers.test.ts" name="fmtVal &gt; formats negative billions correctly" time="0.0003009">
        </testcase>
        <testcase classname="tests/features/data-formulator/core/helpers.test.ts" name="fmtVal &gt; formats numbers &gt;= 1e6 but &lt; 1e9 as millions with 1 decimal" time="0.0003801">
        </testcase>
        <testcase classname="tests/features/data-formulator/core/helpers.test.ts" name="fmtVal &gt; formats 5.7M correctly" time="0.0003524">
        </testcase>
        <testcase classname="tests/features/data-formulator/core/helpers.test.ts" name="fmtVal &gt; formats negative millions correctly" time="0.0002926">
        </testcase>
        <testcase classname="tests/features/data-formulator/core/helpers.test.ts" name="fmtVal &gt; formats numbers &gt;= 1e3 but &lt; 1e6 as thousands with 1 decimal" time="0.0002926">
        </testcase>
        <testcase classname="tests/features/data-formulator/core/helpers.test.ts" name="fmtVal &gt; formats 3.5K correctly" time="0.0002883">
        </testcase>
        <testcase classname="tests/features/data-formulator/core/helpers.test.ts" name="fmtVal &gt; formats negative thousands correctly" time="0.0002896">
        </testcase>
        <testcase classname="tests/features/data-formulator/core/helpers.test.ts" name="fmtVal &gt; returns toLocaleString for small integers" time="0.000748">
        </testcase>
        <testcase classname="tests/features/data-formulator/core/helpers.test.ts" name="fmtVal &gt; returns toLocaleString for 0" time="0.0014293">
        </testcase>
        <testcase classname="tests/features/data-formulator/core/helpers.test.ts" name="fmtVal &gt; returns toLocaleString for small negative integers" time="0.0005193">
        </testcase>
        <testcase classname="tests/features/data-formulator/core/helpers.test.ts" name="fmtVal &gt; returns 2-decimal fixed for non-integer floats" time="0.0003642">
        </testcase>
        <testcase classname="tests/features/data-formulator/core/helpers.test.ts" name="fmtVal &gt; returns 2-decimal fixed for negative floats" time="0.0004631">
        </testcase>
        <testcase classname="tests/features/data-formulator/core/helpers.test.ts" name="fmtVal &gt; handles a numeric string correctly (coerces to number)" time="0.0003565">
        </testcase>
        <testcase classname="tests/features/data-formulator/core/helpers.test.ts" name="fmtVal &gt; handles an object with toString that coerces to NaN (non-numeric string-like)" time="0.0004176">
        </testcase>
        <testcase classname="tests/features/data-formulator/core/helpers.test.ts" name="fmtVal &gt; handles exactly 1e9 as the billions threshold" time="0.0006611">
        </testcase>
        <testcase classname="tests/features/data-formulator/core/helpers.test.ts" name="fmtVal &gt; handles a number just below 1e9 as millions" time="0.0050736">
        </testcase>
        <testcase classname="tests/features/data-formulator/core/helpers.test.ts" name="fmtVal &gt; handles exactly 1e6 as the millions threshold" time="0.0012181">
        </testcase>
        <testcase classname="tests/features/data-formulator/core/helpers.test.ts" name="fmtVal &gt; handles exactly 1e3 as the thousands threshold" time="0.0007342">
        </testcase>
        <testcase classname="tests/features/data-formulator/core/helpers.test.ts" name="fmtVal &gt; handles a number just below 1e3 as integer when it is one" time="0.0004571">
        </testcase>
    </testsuite>
    <testsuite name="tests/features/data-formulator/core/json.test.ts" timestamp="2026-06-25T18:28:25.695Z" hostname="Desktop" tests="30" failures="0" errors="0" skipped="0" time="0.0231305">
        <testcase classname="tests/features/data-formulator/core/json.test.ts" name="bigIntJsonReplacer &gt; returns non-bigint values unchanged" time="0.0052445">
        </testcase>
        <testcase classname="tests/features/data-formulator/core/json.test.ts" name="bigIntJsonReplacer &gt; converts a small bigint to a number" time="0.0005771">
        </testcase>
        <testcase classname="tests/features/data-formulator/core/json.test.ts" name="bigIntJsonReplacer &gt; converts negative small bigint to a number" time="0.0003915">
        </testcase>
        <testcase classname="tests/features/data-formulator/core/json.test.ts" name="bigIntJsonReplacer &gt; converts bigint within MAX_SAFE_INTEGER to number" time="0.0003522">
        </testcase>
        <testcase classname="tests/features/data-formulator/core/json.test.ts" name="bigIntJsonReplacer &gt; converts bigint larger than MAX_SAFE_INTEGER to string" time="0.0002799">
        </testcase>
        <testcase classname="tests/features/data-formulator/core/json.test.ts" name="bigIntJsonReplacer &gt; converts very large bigint to string" time="0.0002663">
        </testcase>
        <testcase classname="tests/features/data-formulator/core/json.test.ts" name="bigIntJsonReplacer &gt; converts large negative bigint to string" time="0.000239">
        </testcase>
        <testcase classname="tests/features/data-formulator/core/json.test.ts" name="sanitizeJsonValue &gt; returns primitives unchanged" time="0.0008017">
        </testcase>
        <testcase classname="tests/features/data-formulator/core/json.test.ts" name="sanitizeJsonValue &gt; converts a small bigint to a number" time="0.0003868">
        </testcase>
        <testcase classname="tests/features/data-formulator/core/json.test.ts" name="sanitizeJsonValue &gt; converts a large bigint to a string" time="0.0002283">
        </testcase>
        <testcase classname="tests/features/data-formulator/core/json.test.ts" name="sanitizeJsonValue &gt; recursively sanitizes arrays" time="0.0004139">
        </testcase>
        <testcase classname="tests/features/data-formulator/core/json.test.ts" name="sanitizeJsonValue &gt; recursively sanitizes nested arrays" time="0.0003551">
        </testcase>
        <testcase classname="tests/features/data-formulator/core/json.test.ts" name="sanitizeJsonValue &gt; recursively sanitizes plain objects" time="0.0003772">
        </testcase>
        <testcase classname="tests/features/data-formulator/core/json.test.ts" name="sanitizeJsonValue &gt; recursively sanitizes nested objects" time="0.0003281">
        </testcase>
        <testcase classname="tests/features/data-formulator/core/json.test.ts" name="sanitizeJsonValue &gt; leaves Date objects unchanged (does not iterate Date as object)" time="0.0002204">
        </testcase>
        <testcase classname="tests/features/data-formulator/core/json.test.ts" name="sanitizeJsonValue &gt; leaves Blob objects unchanged" time="0.0007536">
        </testcase>
        <testcase classname="tests/features/data-formulator/core/json.test.ts" name="sanitizeJsonValue &gt; leaves File objects unchanged" time="0.0011349">
        </testcase>
        <testcase classname="tests/features/data-formulator/core/json.test.ts" name="sanitizeJsonValue &gt; handles an empty object" time="0.0003269">
        </testcase>
        <testcase classname="tests/features/data-formulator/core/json.test.ts" name="sanitizeJsonValue &gt; handles an empty array" time="0.0002098">
        </testcase>
        <testcase classname="tests/features/data-formulator/core/json.test.ts" name="sanitizeJsonValue &gt; handles objects with mixed value types" time="0.0007088">
        </testcase>
        <testcase classname="tests/features/data-formulator/core/json.test.ts" name="safeJsonStringify &gt; serializes a plain value" time="0.0003695">
        </testcase>
        <testcase classname="tests/features/data-formulator/core/json.test.ts" name="safeJsonStringify &gt; serializes with indentation space" time="0.0002046">
        </testcase>
        <testcase classname="tests/features/data-formulator/core/json.test.ts" name="safeJsonStringify &gt; converts small bigint to number in JSON output" time="0.0001848">
        </testcase>
        <testcase classname="tests/features/data-formulator/core/json.test.ts" name="safeJsonStringify &gt; converts large bigint to string in JSON output" time="0.0001887">
        </testcase>
        <testcase classname="tests/features/data-formulator/core/json.test.ts" name="safeJsonStringify &gt; returns error JSON when serialization throws with an Error" time="0.0004539">
        </testcase>
        <testcase classname="tests/features/data-formulator/core/json.test.ts" name="safeJsonStringify &gt; returns error JSON when serialization throws with a non-Error (string throw)" time="0.0003193">
        </testcase>
        <testcase classname="tests/features/data-formulator/core/json.test.ts" name="safeJsonStringify &gt; serializes null" time="0.0003219">
        </testcase>
        <testcase classname="tests/features/data-formulator/core/json.test.ts" name="safeJsonStringify &gt; serializes a string" time="0.000214">
        </testcase>
        <testcase classname="tests/features/data-formulator/core/json.test.ts" name="safeJsonStringify &gt; serializes an array with bigints" time="0.0002449">
        </testcase>
        <testcase classname="tests/features/data-formulator/core/json.test.ts" name="safeJsonStringify &gt; uses space parameter for formatting" time="0.0001858">
        </testcase>
    </testsuite>
    <testsuite name="tests/features/data-formulator/core/ollama-provider.test.ts" timestamp="2026-06-25T18:28:25.698Z" hostname="Desktop" tests="50" failures="0" errors="0" skipped="0" time="0.4524194">
        <testcase classname="tests/features/data-formulator/core/ollama-provider.test.ts" name="EDGE_AI_HOST &gt; is the expected edge protocol string" time="0.0048997">
        </testcase>
        <testcase classname="tests/features/data-formulator/core/ollama-provider.test.ts" name="EDGE_LLM_MODELS &gt; contains at least two model entries" time="0.0023041">
        </testcase>
        <testcase classname="tests/features/data-formulator/core/ollama-provider.test.ts" name="EDGE_LLM_MODELS &gt; each entry has a name property" time="0.000935">
        </testcase>
        <testcase classname="tests/features/data-formulator/core/ollama-provider.test.ts" name="EDGE_LLM_MODELS &gt; includes the SmolLM2 model" time="0.0006674">
        </testcase>
        <testcase classname="tests/features/data-formulator/core/ollama-provider.test.ts" name="EDGE_LLM_MODELS &gt; includes a Qwen model" time="0.0005595">
        </testcase>
        <testcase classname="tests/features/data-formulator/core/ollama-provider.test.ts" name="EDGE_LLM_MODELS &gt; entries have correct details structure" time="0.0010515">
        </testcase>
        <testcase classname="tests/features/data-formulator/core/ollama-provider.test.ts" name="LLMModel interface &gt; allows a minimal model object with just name" time="0.0005621">
        </testcase>
        <testcase classname="tests/features/data-formulator/core/ollama-provider.test.ts" name="LLMModel interface &gt; allows full model object including details" time="0.0024652">
        </testcase>
        <testcase classname="tests/features/data-formulator/core/ollama-provider.test.ts" name="LLMProvider interface &gt; allows constructing a provider object matching the shape" time="0.0008192">
        </testcase>
        <testcase classname="tests/features/data-formulator/core/ollama-provider.test.ts" name="discoverOllamaModels &gt; resolves with EDGE_LLM_MODELS" time="0.0040391">
        </testcase>
        <testcase classname="tests/features/data-formulator/core/ollama-provider.test.ts" name="discoverOllamaModels &gt; resolves even when called multiple times consecutively" time="0.0007338">
        </testcase>
        <testcase classname="tests/features/data-formulator/core/ollama-provider.test.ts" name="checkOllamaAvailable &gt; returns true when a provider reports it is available" time="0.0010429">
        </testcase>
        <testcase classname="tests/features/data-formulator/core/ollama-provider.test.ts" name="checkOllamaAvailable &gt; returns false when the provider reports it is unavailable" time="0.000432">
        </testcase>
        <testcase classname="tests/features/data-formulator/core/ollama-provider.test.ts" name="checkOllamaAvailable &gt; returns false when pickDefaultProvider throws" time="0.0007048">
        </testcase>
        <testcase classname="tests/features/data-formulator/core/ollama-provider.test.ts" name="checkOllamaAvailable &gt; returns false when provider.isAvailable() throws" time="0.000492">
        </testcase>
        <testcase classname="tests/features/data-formulator/core/ollama-provider.test.ts" name="streamOllamaChat &gt; returns an AbortController synchronously" time="0.0013795">
        </testcase>
        <testcase classname="tests/features/data-formulator/core/ollama-provider.test.ts" name="streamOllamaChat &gt; calls onToken with each token and onDone when generation succeeds" time="0.0403188">
        </testcase>
        <testcase classname="tests/features/data-formulator/core/ollama-provider.test.ts" name="streamOllamaChat &gt; calls onError when provider.generate throws a non-abort error" time="0.0403894">
        </testcase>
        <testcase classname="tests/features/data-formulator/core/ollama-provider.test.ts" name="streamOllamaChat &gt; calls onError with an Error when a non-Error is thrown" time="0.0270673">
        </testcase>
        <testcase classname="tests/features/data-formulator/core/ollama-provider.test.ts" name="streamOllamaChat &gt; separates system messages from non-system messages when building prompt" time="0.0363265">
        </testcase>
        <testcase classname="tests/features/data-formulator/core/ollama-provider.test.ts" name="streamOllamaChat &gt; passes undefined as system when there are no system messages" time="0.0278687">
        </testcase>
        <testcase classname="tests/features/data-formulator/core/ollama-provider.test.ts" name="streamOllamaChat &gt; caps maxTokens to 1024 when num_ctx is supplied" time="0.0217249">
        </testcase>
        <testcase classname="tests/features/data-formulator/core/ollama-provider.test.ts" name="streamOllamaChat &gt; uses num_ctx directly when it is smaller than 1024" time="0.030953">
        </testcase>
        <testcase classname="tests/features/data-formulator/core/ollama-provider.test.ts" name="streamOllamaChat &gt; defaults maxTokens to 512 when num_ctx is absent" time="0.0304489">
        </testcase>
        <testcase classname="tests/features/data-formulator/core/ollama-provider.test.ts" name="streamOllamaChat &gt; applies the temperature option when provided" time="0.028323">
        </testcase>
        <testcase classname="tests/features/data-formulator/core/ollama-provider.test.ts" name="streamOllamaChat &gt; defaults temperature to 0 when not provided" time="0.0281566">
        </testcase>
        <testcase classname="tests/features/data-formulator/core/ollama-provider.test.ts" name="streamOllamaChat &gt; calls onDone (not onError) when the abort signal fires mid-generation" time="0.0367574">
        </testcase>
        <testcase classname="tests/features/data-formulator/core/ollama-provider.test.ts" name="generateWithOllama &gt; resolves with the trimmed text from the provider" time="0.0042985">
        </testcase>
        <testcase classname="tests/features/data-formulator/core/ollama-provider.test.ts" name="generateWithOllama &gt; passes systemPrompt to provider.generate as system field" time="0.0174075">
        </testcase>
        <testcase classname="tests/features/data-formulator/core/ollama-provider.test.ts" name="generateWithOllama &gt; passes undefined as system when systemPrompt is empty" time="0.0006252">
        </testcase>
        <testcase classname="tests/features/data-formulator/core/ollama-provider.test.ts" name="generateWithOllama &gt; defaults maxTokens to 768 when not provided" time="0.0003983">
        </testcase>
        <testcase classname="tests/features/data-formulator/core/ollama-provider.test.ts" name="generateWithOllama &gt; respects a custom maxTokens option" time="0.000439">
        </testcase>
        <testcase classname="tests/features/data-formulator/core/ollama-provider.test.ts" name="generateWithOllama &gt; defaults temperature to 0 when not provided" time="0.0003981">
        </testcase>
        <testcase classname="tests/features/data-formulator/core/ollama-provider.test.ts" name="generateWithOllama &gt; applies a custom temperature option" time="0.0035459">
        </testcase>
        <testcase classname="tests/features/data-formulator/core/ollama-provider.test.ts" name="generateWithOllama &gt; propagates errors from the provider" time="0.0064074">
        </testcase>
        <testcase classname="tests/features/data-formulator/core/ollama-provider.test.ts" name="generateWithOllamaStructured — fallback (prompt-only) path &gt; parses valid JSON response from the provider" time="0.002714">
        </testcase>
        <testcase classname="tests/features/data-formulator/core/ollama-provider.test.ts" name="generateWithOllamaStructured — fallback (prompt-only) path &gt; uses extractJsonBlock to strip surrounding prose" time="0.0011718">
        </testcase>
        <testcase classname="tests/features/data-formulator/core/ollama-provider.test.ts" name="generateWithOllamaStructured — fallback (prompt-only) path &gt; falls back to repairJson when JSON.parse fails on extracted block" time="0.0007686">
        </testcase>
        <testcase classname="tests/features/data-formulator/core/ollama-provider.test.ts" name="generateWithOllamaStructured — fallback (prompt-only) path &gt; appends a JSON instruction derived from the schema to the user prompt" time="0.0030993">
        </testcase>
        <testcase classname="tests/features/data-formulator/core/ollama-provider.test.ts" name="generateWithOllamaStructured — fallback (prompt-only) path &gt; joins systemPrompt with the JSON instruction in the system field" time="0.0006482">
        </testcase>
        <testcase classname="tests/features/data-formulator/core/ollama-provider.test.ts" name="generateWithOllamaStructured — fallback (prompt-only) path &gt; sets maxTokens to 1024" time="0.000599">
        </testcase>
        <testcase classname="tests/features/data-formulator/core/ollama-provider.test.ts" name="generateWithOllamaStructured — fallback (prompt-only) path &gt; defaults temperature to 0" time="0.000449">
        </testcase>
        <testcase classname="tests/features/data-formulator/core/ollama-provider.test.ts" name="generateWithOllamaStructured — fallback (prompt-only) path &gt; applies a custom temperature option" time="0.0050782">
        </testcase>
        <testcase classname="tests/features/data-formulator/core/ollama-provider.test.ts" name="generateWithOllamaStructured — fallback (prompt-only) path &gt; passes undefined as system when systemPrompt is empty" time="0.000775">
        </testcase>
        <testcase classname="tests/features/data-formulator/core/ollama-provider.test.ts" name="generateWithOllamaStructured — fallback (prompt-only) path &gt; propagates errors from the provider generate call" time="0.0008774">
        </testcase>
        <testcase classname="tests/features/data-formulator/core/ollama-provider.test.ts" name="generateWithOllamaStructured — fallback (prompt-only) path &gt; throws when both extractJsonBlock result and repairJson result are invalid JSON" time="0.0066986">
        </testcase>
        <testcase classname="tests/features/data-formulator/core/ollama-provider.test.ts" name="generateWithOllamaStructured — llamacpp fast path (electronLlama bridge) &gt; uses window.electronLlama.generateStructured when provider is llamacpp" time="0.0054632">
        </testcase>
        <testcase classname="tests/features/data-formulator/core/ollama-provider.test.ts" name="generateWithOllamaStructured — llamacpp fast path (electronLlama bridge) &gt; passes undefined as system on the fast path when systemPrompt is empty" time="0.0034436">
        </testcase>
        <testcase classname="tests/features/data-formulator/core/ollama-provider.test.ts" name="generateWithOllamaStructured — llamacpp fast path (electronLlama bridge) &gt; applies a custom temperature on the fast path" time="0.0019269">
        </testcase>
        <testcase classname="tests/features/data-formulator/core/ollama-provider.test.ts" name="generateWithOllamaStructured — llamacpp fast path (electronLlama bridge) &gt; falls through to the fallback path when provider is llamacpp but electronLlama is absent" time="0.0022147">
        </testcase>
    </testsuite>
    <testsuite name="tests/features/data-formulator/core/sql.test.ts" timestamp="2026-06-25T18:28:25.704Z" hostname="Desktop" tests="60" failures="0" errors="0" skipped="0" time="0.0368617">
        <testcase classname="tests/features/data-formulator/core/sql.test.ts" name="quote — derived map lookup &gt; uses the derived SQL expression when the field has a sql property" time="0.0050813">
        </testcase>
        <testcase classname="tests/features/data-formulator/core/sql.test.ts" name="quote — derived map lookup &gt; quotes the field name when the derived entry has no sql property" time="0.0007921">
        </testcase>
        <testcase classname="tests/features/data-formulator/core/sql.test.ts" name="quote — derived map lookup &gt; quotes the field name when there is no derived entry at all" time="0.0006996">
        </testcase>
        <testcase classname="tests/features/data-formulator/core/sql.test.ts" name="buildWhereClause — filter operations &gt; returns a query without WHERE when filters array is empty" time="0.0007532">
        </testcase>
        <testcase classname="tests/features/data-formulator/core/sql.test.ts" name="buildWhereClause — filter operations &gt; generates IS NULL for op IS NULL" time="0.0007307">
        </testcase>
        <testcase classname="tests/features/data-formulator/core/sql.test.ts" name="buildWhereClause — filter operations &gt; generates IS NOT NULL for op NOT NULL" time="0.0004563">
        </testcase>
        <testcase classname="tests/features/data-formulator/core/sql.test.ts" name="buildWhereClause — filter operations &gt; generates IN clause for op IN with comma-separated values" time="0.0004844">
        </testcase>
        <testcase classname="tests/features/data-formulator/core/sql.test.ts" name="buildWhereClause — filter operations &gt; escapes single quotes in IN values" time="0.0004066">
        </testcase>
        <testcase classname="tests/features/data-formulator/core/sql.test.ts" name="buildWhereClause — filter operations &gt; generates BETWEEN clause for op BETWEEN" time="0.0012978">
        </testcase>
        <testcase classname="tests/features/data-formulator/core/sql.test.ts" name="buildWhereClause — filter operations &gt; generates LIKE clause for op LIKE" time="0.0004517">
        </testcase>
        <testcase classname="tests/features/data-formulator/core/sql.test.ts" name="buildWhereClause — filter operations &gt; escapes single quotes in LIKE values" time="0.0005436">
        </testcase>
        <testcase classname="tests/features/data-formulator/core/sql.test.ts" name="buildWhereClause — filter operations &gt; uses TRY_CAST comparison when value is numeric" time="0.0005305">
        </testcase>
        <testcase classname="tests/features/data-formulator/core/sql.test.ts" name="buildWhereClause — filter operations &gt; uses TRY_CAST comparison for negative numeric values" time="0.000506">
        </testcase>
        <testcase classname="tests/features/data-formulator/core/sql.test.ts" name="buildWhereClause — filter operations &gt; uses CAST to VARCHAR comparison when value is a string" time="0.0003916">
        </testcase>
        <testcase classname="tests/features/data-formulator/core/sql.test.ts" name="buildWhereClause — filter operations &gt; escapes single quotes in string comparison values" time="0.0004055">
        </testcase>
        <testcase classname="tests/features/data-formulator/core/sql.test.ts" name="buildWhereClause — filter operations &gt; joins multiple filters with AND" time="0.0004375">
        </testcase>
        <testcase classname="tests/features/data-formulator/core/sql.test.ts" name="buildWhereClause — filter operations &gt; uses derived SQL expression in filter WHERE clause" time="0.0003601">
        </testcase>
        <testcase classname="tests/features/data-formulator/core/sql.test.ts" name="buildAgg — aggregation expressions &gt; uses TRY_CAST with no aggregate function when agg is undefined" time="0.0004281">
        </testcase>
        <testcase classname="tests/features/data-formulator/core/sql.test.ts" name="buildAgg — aggregation expressions &gt; uses TRY_CAST with no aggregate function when agg is none" time="0.0003227">
        </testcase>
        <testcase classname="tests/features/data-formulator/core/sql.test.ts" name="buildAgg — aggregation expressions &gt; uses COUNT() for agg count" time="0.0002703">
        </testcase>
        <testcase classname="tests/features/data-formulator/core/sql.test.ts" name="buildAgg — aggregation expressions &gt; uses COUNT(DISTINCT) for agg distinct" time="0.0002915">
        </testcase>
        <testcase classname="tests/features/data-formulator/core/sql.test.ts" name="buildAgg — aggregation expressions &gt; uses MEDIAN(TRY_CAST(...)) for agg median" time="0.0002901">
        </testcase>
        <testcase classname="tests/features/data-formulator/core/sql.test.ts" name="buildAgg — aggregation expressions &gt; uses uppercase aggregate name with TRY_CAST for sum" time="0.0003007">
        </testcase>
        <testcase classname="tests/features/data-formulator/core/sql.test.ts" name="buildAgg — aggregation expressions &gt; uses uppercase aggregate name with TRY_CAST for avg" time="0.0002344">
        </testcase>
        <testcase classname="tests/features/data-formulator/core/sql.test.ts" name="buildAgg — aggregation expressions &gt; uses uppercase aggregate name with TRY_CAST for min" time="0.0002561">
        </testcase>
        <testcase classname="tests/features/data-formulator/core/sql.test.ts" name="buildAgg — aggregation expressions &gt; uses uppercase aggregate name with TRY_CAST for max" time="0.0002493">
        </testcase>
        <testcase classname="tests/features/data-formulator/core/sql.test.ts" name="buildSQL — histogram (bin + count) &gt; builds a WIDTH_BUCKET histogram query when xEnc has bin=true and aggregate=count" time="0.0005271">
        </testcase>
        <testcase classname="tests/features/data-formulator/core/sql.test.ts" name="buildSQL — histogram (bin + count) &gt; includes WHERE clause in histogram query when filters are present" time="0.0005128">
        </testcase>
        <testcase classname="tests/features/data-formulator/core/sql.test.ts" name="buildSQL — histogram (bin + count) &gt; omits WHERE keyword when histogram has no filters (uses plain WHERE)" time="0.0003807">
        </testcase>
        <testcase classname="tests/features/data-formulator/core/sql.test.ts" name="buildSQL — histogram (bin + count) &gt; uses derived SQL expression for the bin field in histogram" time="0.0003523">
        </testcase>
        <testcase classname="tests/features/data-formulator/core/sql.test.ts" name="buildSQL — histogram (bin + count) &gt; does NOT enter histogram path when bin=true but aggregate is not count" time="0.0003618">
        </testcase>
        <testcase classname="tests/features/data-formulator/core/sql.test.ts" name="buildSQL — histogram (bin + count) &gt; does NOT enter histogram path when aggregate=count but bin is not set" time="0.0003313">
        </testcase>
        <testcase classname="tests/features/data-formulator/core/sql.test.ts" name="buildSQL — main select path &gt; returns SELECT * when no encodings produce select parts" time="0.0005624">
        </testcase>
        <testcase classname="tests/features/data-formulator/core/sql.test.ts" name="buildSQL — main select path &gt; uses topN instead of limit when topN is provided" time="0.0004177">
        </testcase>
        <testcase classname="tests/features/data-formulator/core/sql.test.ts" name="buildSQL — main select path &gt; uses limit when topN is not provided" time="0.0003234">
        </testcase>
        <testcase classname="tests/features/data-formulator/core/sql.test.ts" name="buildSQL — main select path &gt; includes x encoding as x_val" time="0.0003303">
        </testcase>
        <testcase classname="tests/features/data-formulator/core/sql.test.ts" name="buildSQL — main select path &gt; includes y encoding as y_val" time="0.000345">
        </testcase>
        <testcase classname="tests/features/data-formulator/core/sql.test.ts" name="buildSQL — main select path &gt; includes color encoding as color_val" time="0.0002654">
        </testcase>
        <testcase classname="tests/features/data-formulator/core/sql.test.ts" name="buildSQL — main select path &gt; includes size encoding as size_val" time="0.000242">
        </testcase>
        <testcase classname="tests/features/data-formulator/core/sql.test.ts" name="buildSQL — main select path &gt; omits x from query when no x encoding is present" time="0.0002723">
        </testcase>
        <testcase classname="tests/features/data-formulator/core/sql.test.ts" name="buildSQL — main select path &gt; omits y from query when no y encoding is present" time="0.0003315">
        </testcase>
        <testcase classname="tests/features/data-formulator/core/sql.test.ts" name="buildSQL — main select path &gt; omits color from query when no color encoding is present" time="0.0002396">
        </testcase>
        <testcase classname="tests/features/data-formulator/core/sql.test.ts" name="buildSQL — main select path &gt; omits size from query when no size encoding is present" time="0.0002162">
        </testcase>
        <testcase classname="tests/features/data-formulator/core/sql.test.ts" name="buildSQL — main select path &gt; adds WHERE clause when filters are present" time="0.0002989">
        </testcase>
        <testcase classname="tests/features/data-formulator/core/sql.test.ts" name="buildSQL — main select path &gt; omits WHERE clause when filters are empty" time="0.0002481">
        </testcase>
        <testcase classname="tests/features/data-formulator/core/sql.test.ts" name="buildSQL — main select path &gt; adds GROUP BY when hasAgg is true and there are x encodings" time="0.0002989">
        </testcase>
        <testcase classname="tests/features/data-formulator/core/sql.test.ts" name="buildSQL — main select path &gt; adds GROUP BY including color when hasAgg is true and color encoding is present" time="0.00035">
        </testcase>
        <testcase classname="tests/features/data-formulator/core/sql.test.ts" name="buildSQL — main select path &gt; does NOT add GROUP BY when hasAgg is false" time="0.0005042">
        </testcase>
        <testcase classname="tests/features/data-formulator/core/sql.test.ts" name="buildSQL — main select path &gt; does NOT add color to GROUP BY when hasAgg is false" time="0.0003298">
        </testcase>
        <testcase classname="tests/features/data-formulator/core/sql.test.ts" name="buildSQL — ORDER BY &gt; orders DESC when sortEnc.sort is desc" time="0.000311">
        </testcase>
        <testcase classname="tests/features/data-formulator/core/sql.test.ts" name="buildSQL — ORDER BY &gt; orders ASC when sortEnc.sort is asc" time="0.0002241">
        </testcase>
        <testcase classname="tests/features/data-formulator/core/sql.test.ts" name="buildSQL — ORDER BY &gt; orders DESC by default when hasAgg is true and yEnc exists (no explicit sort)" time="0.0002281">
        </testcase>
        <testcase classname="tests/features/data-formulator/core/sql.test.ts" name="buildSQL — ORDER BY &gt; does NOT add ORDER BY when no sort encoding and no hasAgg+yEnc condition" time="0.0002198">
        </testcase>
        <testcase classname="tests/features/data-formulator/core/sql.test.ts" name="buildSQL — ORDER BY &gt; does NOT add ORDER BY when hasAgg is true but yEnc is absent" time="0.0002754">
        </testcase>
        <testcase classname="tests/features/data-formulator/core/sql.test.ts" name="buildSQL — ORDER BY &gt; skips sort encoding with sort=none and falls back to hasAgg+yEnc default" time="0.0002271">
        </testcase>
        <testcase classname="tests/features/data-formulator/core/sql.test.ts" name="buildSQL — derived expressions &gt; uses derived SQL in x_val" time="0.0003214">
        </testcase>
        <testcase classname="tests/features/data-formulator/core/sql.test.ts" name="buildSQL — derived expressions &gt; uses derived SQL in aggregation (y_val)" time="0.0003154">
        </testcase>
        <testcase classname="tests/features/data-formulator/core/sql.test.ts" name="buildSQL — derived expressions &gt; defaults derived to empty array when not provided" time="0.0002307">
        </testcase>
        <testcase classname="tests/features/data-formulator/core/sql.test.ts" name="buildSQL — table name &gt; quotes the table name in double quotes" time="0.0002654">
        </testcase>
        <testcase classname="tests/features/data-formulator/core/sql.test.ts" name="buildSQL — table name &gt; SELECT * also quotes the table name" time="0.0002053">
        </testcase>
    </testsuite>
    <testsuite name="tests/features/data-formulator/core/widget-registry.test.ts" timestamp="2026-06-25T18:28:25.711Z" hostname="Desktop" tests="32" failures="0" errors="0" skipped="0" time="0.0488619">
        <testcase classname="tests/features/data-formulator/core/widget-registry.test.ts" name="initial state &gt; starts with an empty widgets array" time="0.0061629">
        </testcase>
        <testcase classname="tests/features/data-formulator/core/widget-registry.test.ts" name="addWidget &gt; adds a widget and assigns a generated id" time="0.0033997">
        </testcase>
        <testcase classname="tests/features/data-formulator/core/widget-registry.test.ts" name="addWidget &gt; assigns a createdAt timestamp" time="0.0011263">
        </testcase>
        <testcase classname="tests/features/data-formulator/core/widget-registry.test.ts" name="addWidget &gt; preserves all input fields on the created widget" time="0.002124">
        </testcase>
        <testcase classname="tests/features/data-formulator/core/widget-registry.test.ts" name="addWidget &gt; prepends new widgets so the newest is first" time="0.0008362">
        </testcase>
        <testcase classname="tests/features/data-formulator/core/widget-registry.test.ts" name="addWidget &gt; generates unique ids for each widget" time="0.0063621">
        </testcase>
        <testcase classname="tests/features/data-formulator/core/widget-registry.test.ts" name="removeWidget &gt; removes the widget with the given id" time="0.0010537">
        </testcase>
        <testcase classname="tests/features/data-formulator/core/widget-registry.test.ts" name="removeWidget &gt; leaves other widgets untouched when removing by id" time="0.000847">
        </testcase>
        <testcase classname="tests/features/data-formulator/core/widget-registry.test.ts" name="removeWidget &gt; is a no-op when the id does not match any widget" time="0.0006396">
        </testcase>
        <testcase classname="tests/features/data-formulator/core/widget-registry.test.ts" name="attachToPage &gt; appends the pageId to attachedTo when the widget id matches and page not already attached" time="0.0007077">
        </testcase>
        <testcase classname="tests/features/data-formulator/core/widget-registry.test.ts" name="attachToPage &gt; does not duplicate the pageId when the page is already attached" time="0.0005537">
        </testcase>
        <testcase classname="tests/features/data-formulator/core/widget-registry.test.ts" name="attachToPage &gt; can attach multiple pages to the same widget" time="0.0005123">
        </testcase>
        <testcase classname="tests/features/data-formulator/core/widget-registry.test.ts" name="attachToPage &gt; does not modify widgets whose id does not match" time="0.0005842">
        </testcase>
        <testcase classname="tests/features/data-formulator/core/widget-registry.test.ts" name="attachToPage &gt; is a no-op when the widgetId does not match any widget" time="0.0004154">
        </testcase>
        <testcase classname="tests/features/data-formulator/core/widget-registry.test.ts" name="detachFromPage &gt; removes the pageId from attachedTo when the widget id matches" time="0.0005186">
        </testcase>
        <testcase classname="tests/features/data-formulator/core/widget-registry.test.ts" name="detachFromPage &gt; results in an empty attachedTo when the last page is detached" time="0.0003436">
        </testcase>
        <testcase classname="tests/features/data-formulator/core/widget-registry.test.ts" name="detachFromPage &gt; is a no-op for pages that were never attached" time="0.0002987">
        </testcase>
        <testcase classname="tests/features/data-formulator/core/widget-registry.test.ts" name="detachFromPage &gt; does not modify widgets whose id does not match" time="0.0004641">
        </testcase>
        <testcase classname="tests/features/data-formulator/core/widget-registry.test.ts" name="detachFromPage &gt; is a no-op when the widgetId does not match any widget" time="0.000354">
        </testcase>
        <testcase classname="tests/features/data-formulator/core/widget-registry.test.ts" name="updateWidget &gt; merges the patch into the matching widget" time="0.0005785">
        </testcase>
        <testcase classname="tests/features/data-formulator/core/widget-registry.test.ts" name="updateWidget &gt; preserves fields not included in the patch" time="0.0004334">
        </testcase>
        <testcase classname="tests/features/data-formulator/core/widget-registry.test.ts" name="updateWidget &gt; does not modify widgets whose id does not match" time="0.0004196">
        </testcase>
        <testcase classname="tests/features/data-formulator/core/widget-registry.test.ts" name="updateWidget &gt; is a no-op when the id does not match any widget" time="0.0002769">
        </testcase>
        <testcase classname="tests/features/data-formulator/core/widget-registry.test.ts" name="updateWidget &gt; can update the result field from null to a QueryResult" time="0.0004874">
        </testcase>
        <testcase classname="tests/features/data-formulator/core/widget-registry.test.ts" name="getWidgetsForPage &gt; returns an empty array when there are no widgets" time="0.0003605">
        </testcase>
        <testcase classname="tests/features/data-formulator/core/widget-registry.test.ts" name="getWidgetsForPage &gt; returns widgets attached to the given pageId" time="0.0006267">
        </testcase>
        <testcase classname="tests/features/data-formulator/core/widget-registry.test.ts" name="getWidgetsForPage &gt; returns multiple widgets when all are attached to the page" time="0.0004402">
        </testcase>
        <testcase classname="tests/features/data-formulator/core/widget-registry.test.ts" name="getWidgetsForPage &gt; returns an empty array when no widgets are attached to the given pageId" time="0.000363">
        </testcase>
        <testcase classname="tests/features/data-formulator/core/widget-registry.test.ts" name="getWidgetsForPage &gt; returns a widget that is attached to multiple pages for each page query" time="0.0006336">
        </testcase>
        <testcase classname="tests/features/data-formulator/core/widget-registry.test.ts" name="getWidgetsForPage &gt; reflects attachToPage and detachFromPage changes immediately" time="0.000658">
        </testcase>
        <testcase classname="tests/features/data-formulator/core/widget-registry.test.ts" name="cross-action integration &gt; full lifecycle: add → attach → update → detach → remove" time="0.0008691">
        </testcase>
        <testcase classname="tests/features/data-formulator/core/widget-registry.test.ts" name="cross-action integration &gt; managing multiple widgets independently" time="0.0009754">
        </testcase>
    </testsuite>
    <testsuite name="tests/features/folders/lib/catalog-filters.test.ts" timestamp="2026-06-25T18:28:25.714Z" hostname="Desktop" tests="22" failures="0" errors="0" skipped="0" time="0.0269184">
        <testcase classname="tests/features/folders/lib/catalog-filters.test.ts" name="matchesFilter &gt; returns true for any node when filter is &quot;all&quot;" time="0.0050034">
        </testcase>
        <testcase classname="tests/features/folders/lib/catalog-filters.test.ts" name="matchesFilter &gt; returns false for a folder node on any non-&quot;all&quot; filter" time="0.0008845">
        </testcase>
        <testcase classname="tests/features/folders/lib/catalog-filters.test.ts" name="matchesFilter &gt; matches csv-family types for &quot;csv&quot; filter" time="0.0007181">
        </testcase>
        <testcase classname="tests/features/folders/lib/catalog-filters.test.ts" name="matchesFilter &gt; rejects non-csv types for &quot;csv&quot; filter" time="0.0005463">
        </testcase>
        <testcase classname="tests/features/folders/lib/catalog-filters.test.ts" name="matchesFilter &gt; matches parquet-family types for &quot;parquet&quot; filter" time="0.0004318">
        </testcase>
        <testcase classname="tests/features/folders/lib/catalog-filters.test.ts" name="matchesFilter &gt; rejects non-parquet types for &quot;parquet&quot; filter" time="0.0004428">
        </testcase>
        <testcase classname="tests/features/folders/lib/catalog-filters.test.ts" name="matchesFilter &gt; matches unclassified nodes via ctx.isUnclassified for &quot;unclassified&quot; filter" time="0.0005212">
        </testcase>
        <testcase classname="tests/features/folders/lib/catalog-filters.test.ts" name="matchesFilter &gt; matches nodes with quality below threshold for &quot;low-quality&quot; filter" time="0.000513">
        </testcase>
        <testcase classname="tests/features/folders/lib/catalog-filters.test.ts" name="matchesFilter &gt; rejects nodes at or above the quality threshold for &quot;low-quality&quot; filter" time="0.0005541">
        </testcase>
        <testcase classname="tests/features/folders/lib/catalog-filters.test.ts" name="matchesFilter &gt; rejects nodes without a quality field for &quot;low-quality&quot; filter" time="0.000462">
        </testcase>
        <testcase classname="tests/features/folders/lib/catalog-filters.test.ts" name="matchesFilter &gt; matches nodes created within the recent window for &quot;recent&quot; filter" time="0.0004743">
        </testcase>
        <testcase classname="tests/features/folders/lib/catalog-filters.test.ts" name="matchesFilter &gt; rejects nodes created before the recent window for &quot;recent&quot; filter" time="0.000369">
        </testcase>
        <testcase classname="tests/features/folders/lib/catalog-filters.test.ts" name="matchesFilter &gt; matches a node created right now for &quot;recent&quot; filter (boundary = 0 ms ago)" time="0.0003496">
        </testcase>
        <testcase classname="tests/features/folders/lib/catalog-filters.test.ts" name="matchesFilter &gt; returns true for an unknown filter value (default switch branch)" time="0.0003117">
        </testcase>
        <testcase classname="tests/features/folders/lib/catalog-filters.test.ts" name="filterFileNodes &gt; returns the same array reference for &quot;all&quot; filter" time="0.0005079">
        </testcase>
        <testcase classname="tests/features/folders/lib/catalog-filters.test.ts" name="filterFileNodes &gt; filters to csv nodes only for &quot;csv&quot; filter" time="0.0019321">
        </testcase>
        <testcase classname="tests/features/folders/lib/catalog-filters.test.ts" name="filterFileNodes &gt; filters to parquet nodes for &quot;parquet&quot; filter" time="0.0004872">
        </testcase>
        <testcase classname="tests/features/folders/lib/catalog-filters.test.ts" name="filterFileNodes &gt; filters to unclassified nodes for &quot;unclassified&quot; filter" time="0.0004381">
        </testcase>
        <testcase classname="tests/features/folders/lib/catalog-filters.test.ts" name="filterFileNodes &gt; returns empty array when no nodes match &quot;low-quality&quot; filter (none have quality field)" time="0.0021297">
        </testcase>
        <testcase classname="tests/features/folders/lib/catalog-filters.test.ts" name="filterFileNodes &gt; filters to recent nodes for &quot;recent&quot; filter" time="0.000499">
        </testcase>
        <testcase classname="tests/features/folders/lib/catalog-filters.test.ts" name="filterFileNodes &gt; accepts every documented CatalogFilter value without throwing" time="0.000525">
        </testcase>
        <testcase classname="tests/features/folders/lib/catalog-filters.test.ts" name="filterFileNodes &gt; returns empty array when input list is empty" time="0.0004135">
        </testcase>
    </testsuite>
    <testsuite name="tests/features/folders/lib/catalogExport.test.ts" timestamp="2026-06-25T18:28:25.717Z" hostname="Desktop" tests="28" failures="0" errors="0" skipped="0" time="0.2017435">
        <testcase classname="tests/features/folders/lib/catalogExport.test.ts" name="exportCatalogXlsx &gt; returns false when getExportProxy() returns null (worker unavailable)" time="0.0289577">
        </testcase>
        <testcase classname="tests/features/folders/lib/catalogExport.test.ts" name="exportCatalogXlsx &gt; calls exp.xlsx() with a ReportDocument for a single file node" time="0.0655565">
        </testcase>
        <testcase classname="tests/features/folders/lib/catalogExport.test.ts" name="exportCatalogXlsx &gt; passes the correct sections: summary first, then datasets" time="0.0084097">
        </testcase>
        <testcase classname="tests/features/folders/lib/catalogExport.test.ts" name="exportCatalogXlsx &gt; summary section contains correct headers and row count" time="0.0088445">
        </testcase>
        <testcase classname="tests/features/folders/lib/catalogExport.test.ts" name="exportCatalogXlsx &gt; datasets section rows encode file node properties correctly" time="0.0035418">
        </testcase>
        <testcase classname="tests/features/folders/lib/catalogExport.test.ts" name="exportCatalogXlsx &gt; uses folder name from folderNameById when parentId is a real folder" time="0.0017483">
        </testcase>
        <testcase classname="tests/features/folders/lib/catalogExport.test.ts" name="exportCatalogXlsx &gt; falls back to &apos;—&apos; when parent folder name is missing from folderNameById" time="0.0019808">
        </testcase>
        <testcase classname="tests/features/folders/lib/catalogExport.test.ts" name="exportCatalogXlsx &gt; shows &apos;(root)&apos; when parentId is the literal string &apos;root&apos;" time="0.0008267">
        </testcase>
        <testcase classname="tests/features/folders/lib/catalogExport.test.ts" name="exportCatalogXlsx &gt; shows quality as &apos;—&apos; when quality is undefined" time="0.0029998">
        </testcase>
        <testcase classname="tests/features/folders/lib/catalogExport.test.ts" name="exportCatalogXlsx &gt; defaults rowCount and colCount to 0 when undefined" time="0.0014099">
        </testcase>
        <testcase classname="tests/features/folders/lib/catalogExport.test.ts" name="exportCatalogXlsx &gt; calls saveBytes with the xlsx bytes and correct filename/kind" time="0.0071193">
        </testcase>
        <testcase classname="tests/features/folders/lib/catalogExport.test.ts" name="exportCatalogXlsx &gt; returns true when saveBytes reports saved=true" time="0.002767">
        </testcase>
        <testcase classname="tests/features/folders/lib/catalogExport.test.ts" name="exportCatalogXlsx &gt; returns false when saveBytes reports saved=false (user cancelled)" time="0.0027429">
        </testcase>
        <testcase classname="tests/features/folders/lib/catalogExport.test.ts" name="exportCatalogXlsx &gt; handles an empty fileNodes array gracefully" time="0.0045828">
        </testcase>
        <testcase classname="tests/features/folders/lib/catalogExport.test.ts" name="exportCatalogXlsx &gt; handles multiple file nodes, each with different folder assignments" time="0.0044155">
        </testcase>
        <testcase classname="tests/features/folders/lib/catalogExport.test.ts" name="exportCatalogPdf &gt; returns false when getExportProxy() returns null" time="0.0009184">
        </testcase>
        <testcase classname="tests/features/folders/lib/catalogExport.test.ts" name="exportCatalogPdf &gt; calls renderToSVGString to embed the storage chart" time="0.0053015">
        </testcase>
        <testcase classname="tests/features/folders/lib/catalogExport.test.ts" name="exportCatalogPdf &gt; embeds SVG in the doc when chart renders successfully" time="0.0012435">
        </testcase>
        <testcase classname="tests/features/folders/lib/catalogExport.test.ts" name="exportCatalogPdf &gt; omits charts in the doc when chart proxy is null" time="0.0031913">
        </testcase>
        <testcase classname="tests/features/folders/lib/catalogExport.test.ts" name="exportCatalogPdf &gt; omits charts when renderToSVGString throws" time="0.0044146">
        </testcase>
        <testcase classname="tests/features/folders/lib/catalogExport.test.ts" name="exportCatalogPdf &gt; omits charts when renderToSVGString returns undefined" time="0.000812">
        </testcase>
        <testcase classname="tests/features/folders/lib/catalogExport.test.ts" name="exportCatalogPdf &gt; sets paperSize to &apos;a4&apos; in the ReportDocument" time="0.0005451">
        </testcase>
        <testcase classname="tests/features/folders/lib/catalogExport.test.ts" name="exportCatalogPdf &gt; builds subtitle including dataset count and formatted total size" time="0.0030114">
        </testcase>
        <testcase classname="tests/features/folders/lib/catalogExport.test.ts" name="exportCatalogPdf &gt; calls saveBytes with pdf bytes and correct filename/kind" time="0.0008337">
        </testcase>
        <testcase classname="tests/features/folders/lib/catalogExport.test.ts" name="exportCatalogPdf &gt; returns true when saveBytes reports saved=true" time="0.0008937">
        </testcase>
        <testcase classname="tests/features/folders/lib/catalogExport.test.ts" name="exportCatalogPdf &gt; returns false when saveBytes reports saved=false (user cancelled)" time="0.0006372">
        </testcase>
        <testcase classname="tests/features/folders/lib/catalogExport.test.ts" name="exportCatalogPdf &gt; includes sections: summary + datasets, in that order" time="0.0008413">
        </testcase>
        <testcase classname="tests/features/folders/lib/catalogExport.test.ts" name="exportCatalogPdf &gt; handles an empty fileNodes array without throwing" time="0.0028274">
        </testcase>
    </testsuite>
    <testsuite name="tests/features/folders/lib/folderTree.test.ts" timestamp="2026-06-25T18:28:25.721Z" hostname="Desktop" tests="37" failures="0" errors="0" skipped="0" time="0.0644295">
        <testcase classname="tests/features/folders/lib/folderTree.test.ts" name="buildFolderIndex &gt; returns empty maps for an empty input" time="0.0042315">
        </testcase>
        <testcase classname="tests/features/folders/lib/folderTree.test.ts" name="buildFolderIndex &gt; indexes every node by id" time="0.0010715">
        </testcase>
        <testcase classname="tests/features/folders/lib/folderTree.test.ts" name="buildFolderIndex &gt; groups children under their parentId" time="0.0226212">
        </testcase>
        <testcase classname="tests/features/folders/lib/folderTree.test.ts" name="buildFolderIndex &gt; places top-level nodes (null parentId) under the null key" time="0.0032019">
        </testcase>
        <testcase classname="tests/features/folders/lib/folderTree.test.ts" name="buildFolderIndex &gt; sorts: folders before files, then alphabetically within each group" time="0.0029503">
        </testcase>
        <testcase classname="tests/features/folders/lib/folderTree.test.ts" name="buildFolderIndex &gt; handles a single node with no children" time="0.0007198">
        </testcase>
        <testcase classname="tests/features/folders/lib/folderTree.test.ts" name="buildFolderIndex &gt; handles deeply nested structures" time="0.0012157">
        </testcase>
        <testcase classname="tests/features/folders/lib/folderTree.test.ts" name="flattenVisible &gt; returns empty array when rootIds is empty" time="0.0009157">
        </testcase>
        <testcase classname="tests/features/folders/lib/folderTree.test.ts" name="flattenVisible &gt; skips a rootId that does not exist in the index" time="0.0008104">
        </testcase>
        <testcase classname="tests/features/folders/lib/folderTree.test.ts" name="flattenVisible &gt; includes the root node at depth 0" time="0.0005981">
        </testcase>
        <testcase classname="tests/features/folders/lib/folderTree.test.ts" name="flattenVisible &gt; does not descend into collapsed folders" time="0.0005076">
        </testcase>
        <testcase classname="tests/features/folders/lib/folderTree.test.ts" name="flattenVisible &gt; descends into expanded folders and exposes children at depth+1" time="0.0005207">
        </testcase>
        <testcase classname="tests/features/folders/lib/folderTree.test.ts" name="flattenVisible &gt; exposes hasChildren=false for leaf nodes" time="0.0003654">
        </testcase>
        <testcase classname="tests/features/folders/lib/folderTree.test.ts" name="flattenVisible &gt; handles multiple root ids" time="0.0003955">
        </testcase>
        <testcase classname="tests/features/folders/lib/folderTree.test.ts" name="flattenVisible &gt; recurses correctly through multiple expansion levels" time="0.0005805">
        </testcase>
        <testcase classname="tests/features/folders/lib/folderTree.test.ts" name="flattenVisible &gt; shows mid children only when mid is expanded, not when only root is expanded" time="0.0005063">
        </testcase>
        <testcase classname="tests/features/folders/lib/folderTree.test.ts" name="computeFolderSizes &gt; returns size 0 for an empty folder" time="0.0006503">
        </testcase>
        <testcase classname="tests/features/folders/lib/folderTree.test.ts" name="computeFolderSizes &gt; sums direct file children sizes" time="0.0003744">
        </testcase>
        <testcase classname="tests/features/folders/lib/folderTree.test.ts" name="computeFolderSizes &gt; recursively sums nested folder sizes" time="0.0002537">
        </testcase>
        <testcase classname="tests/features/folders/lib/folderTree.test.ts" name="computeFolderSizes &gt; combines files and subfolders in the same parent" time="0.0002103">
        </testcase>
        <testcase classname="tests/features/folders/lib/folderTree.test.ts" name="computeFolderSizes &gt; is cycle-safe: does not infinite-loop if parentId creates a back-edge" time="0.003433">
        </testcase>
        <testcase classname="tests/features/folders/lib/folderTree.test.ts" name="computeFolderSizes &gt; returns an empty map (no entry) for a rootId that has no children and no entry" time="0.0004393">
        </testcase>
        <testcase classname="tests/features/folders/lib/folderTree.test.ts" name="wouldCreateCycle &gt; returns false when candidateParentId is null (moving to root)" time="0.0004398">
        </testcase>
        <testcase classname="tests/features/folders/lib/folderTree.test.ts" name="wouldCreateCycle &gt; returns true when candidateParentId equals the node itself" time="0.0002983">
        </testcase>
        <testcase classname="tests/features/folders/lib/folderTree.test.ts" name="wouldCreateCycle &gt; returns true when candidateParentId is a descendant of the node" time="0.0005173">
        </testcase>
        <testcase classname="tests/features/folders/lib/folderTree.test.ts" name="wouldCreateCycle &gt; returns false when candidateParentId is an ancestor of the node" time="0.0004169">
        </testcase>
        <testcase classname="tests/features/folders/lib/folderTree.test.ts" name="wouldCreateCycle &gt; returns false for an unrelated sibling node" time="0.0010618">
        </testcase>
        <testcase classname="tests/features/folders/lib/folderTree.test.ts" name="wouldCreateCycle &gt; breaks out of a pre-existing parentId cycle without infinite loop" time="0.0010449">
        </testcase>
        <testcase classname="tests/features/folders/lib/folderTree.test.ts" name="wouldCreateCycle &gt; returns false when the candidate parent chain does not pass through the node" time="0.0004272">
        </testcase>
        <testcase classname="tests/features/folders/lib/folderTree.test.ts" name="breadcrumbPath &gt; returns empty array (plus root fallback) when selectedId is null" time="0.0006459">
        </testcase>
        <testcase classname="tests/features/folders/lib/folderTree.test.ts" name="breadcrumbPath &gt; returns empty array when selectedId is null and no &apos;root&apos; node exists" time="0.0004271">
        </testcase>
        <testcase classname="tests/features/folders/lib/folderTree.test.ts" name="breadcrumbPath &gt; returns just the node itself when it is at the top level" time="0.0005244">
        </testcase>
        <testcase classname="tests/features/folders/lib/folderTree.test.ts" name="breadcrumbPath &gt; returns ancestor path from root to selected node in order" time="0.0004355">
        </testcase>
        <testcase classname="tests/features/folders/lib/folderTree.test.ts" name="breadcrumbPath &gt; returns root-fallback when selectedId points to a non-existent node and &apos;root&apos; exists" time="0.0004136">
        </testcase>
        <testcase classname="tests/features/folders/lib/folderTree.test.ts" name="breadcrumbPath &gt; handles a two-level path correctly" time="0.0003933">
        </testcase>
        <testcase classname="tests/features/folders/lib/folderTree.test.ts" name="breadcrumbPath &gt; is cycle-safe: stops traversing if the parentId chain loops" time="0.000605">
        </testcase>
        <testcase classname="tests/features/folders/lib/folderTree.test.ts" name="breadcrumbPath &gt; falls back to the root node when the selected node has no ancestors and id !== &apos;root&apos;" time="0.001633">
        </testcase>
    </testsuite>
    <testsuite name="tests/features/folders/lib/format.test.ts" timestamp="2026-06-25T18:28:25.725Z" hostname="Desktop" tests="32" failures="0" errors="0" skipped="0" time="0.1099454">
        <testcase classname="tests/features/folders/lib/format.test.ts" name="formatBytes &gt; returns an em dash for exactly 0 bytes" time="0.0063469">
        </testcase>
        <testcase classname="tests/features/folders/lib/format.test.ts" name="formatBytes &gt; returns bytes when under 1 KB" time="0.000864">
        </testcase>
        <testcase classname="tests/features/folders/lib/format.test.ts" name="formatBytes &gt; returns kilobytes when 1 KB ≤ size &lt; 1 MB" time="0.0035455">
        </testcase>
        <testcase classname="tests/features/folders/lib/format.test.ts" name="formatBytes &gt; returns megabytes when 1 MB ≤ size &lt; 1 GB" time="0.0006604">
        </testcase>
        <testcase classname="tests/features/folders/lib/format.test.ts" name="formatBytes &gt; returns gigabytes for sizes ≥ 1 GB" time="0.0003961">
        </testcase>
        <testcase classname="tests/features/folders/lib/format.test.ts" name="formatAge &gt; returns &apos;just now&apos; when under 60 seconds ago" time="0.009711">
        </testcase>
        <testcase classname="tests/features/folders/lib/format.test.ts" name="formatAge &gt; returns minutes ago when under 1 hour ago" time="0.0007169">
        </testcase>
        <testcase classname="tests/features/folders/lib/format.test.ts" name="formatAge &gt; returns hours ago when under 1 day ago" time="0.0006009">
        </testcase>
        <testcase classname="tests/features/folders/lib/format.test.ts" name="formatAge &gt; returns days ago when under 7 days ago" time="0.0005947">
        </testcase>
        <testcase classname="tests/features/folders/lib/format.test.ts" name="formatAge &gt; returns locale date string when 7 or more days ago" time="0.0502629">
        </testcase>
        <testcase classname="tests/features/folders/lib/format.test.ts" name="formatAge &gt; returns &apos;just now&apos; at exactly 0 seconds ago" time="0.0004788">
        </testcase>
        <testcase classname="tests/features/folders/lib/format.test.ts" name="formatAge &gt; returns &apos;just now&apos; at 59 seconds ago (boundary)" time="0.0004282">
        </testcase>
        <testcase classname="tests/features/folders/lib/format.test.ts" name="formatAge &gt; returns minutes at exactly 60 seconds ago" time="0.0007163">
        </testcase>
        <testcase classname="tests/features/folders/lib/format.test.ts" name="formatAge &gt; returns hours at exactly 3600 seconds ago" time="0.0004222">
        </testcase>
        <testcase classname="tests/features/folders/lib/format.test.ts" name="formatAge &gt; returns days at exactly 86400 seconds ago" time="0.0007557">
        </testcase>
        <testcase classname="tests/features/folders/lib/format.test.ts" name="formatAge &gt; returns locale date at exactly 7 days ago" time="0.0004262">
        </testcase>
        <testcase classname="tests/features/folders/lib/format.test.ts" name="fileTypeStyle &gt; returns folder style for &apos;folder&apos;" time="0.001525">
        </testcase>
        <testcase classname="tests/features/folders/lib/format.test.ts" name="fileTypeStyle &gt; returns spreadsheet/green style for &apos;csv&apos;" time="0.0009397">
        </testcase>
        <testcase classname="tests/features/folders/lib/format.test.ts" name="fileTypeStyle &gt; returns spreadsheet/green style for &apos;tsv&apos;" time="0.0010601">
        </testcase>
        <testcase classname="tests/features/folders/lib/format.test.ts" name="fileTypeStyle &gt; returns spreadsheet/green style for &apos;txt&apos;" time="0.0005911">
        </testcase>
        <testcase classname="tests/features/folders/lib/format.test.ts" name="fileTypeStyle &gt; returns spreadsheet/emerald style for &apos;excel&apos;" time="0.0004438">
        </testcase>
        <testcase classname="tests/features/folders/lib/format.test.ts" name="fileTypeStyle &gt; returns database/indigo style for &apos;parquet&apos;" time="0.0004308">
        </testcase>
        <testcase classname="tests/features/folders/lib/format.test.ts" name="fileTypeStyle &gt; returns database/indigo style for &apos;pq&apos;" time="0.000867">
        </testcase>
        <testcase classname="tests/features/folders/lib/format.test.ts" name="fileTypeStyle &gt; returns database/purple style for &apos;duckdb&apos;" time="0.000646">
        </testcase>
        <testcase classname="tests/features/folders/lib/format.test.ts" name="fileTypeStyle &gt; returns hash/orange style for &apos;sql&apos;" time="0.0012939">
        </testcase>
        <testcase classname="tests/features/folders/lib/format.test.ts" name="fileTypeStyle &gt; returns generic file style for unknown type (default case)" time="0.0021634">
        </testcase>
        <testcase classname="tests/features/folders/lib/format.test.ts" name="qualityColor &gt; returns green for quality &gt;= 0.9" time="0.0006361">
        </testcase>
        <testcase classname="tests/features/folders/lib/format.test.ts" name="qualityColor &gt; returns amber for quality &gt;= 0.7 but &lt; 0.9" time="0.0003958">
        </testcase>
        <testcase classname="tests/features/folders/lib/format.test.ts" name="qualityColor &gt; returns red for quality &lt; 0.7" time="0.0005428">
        </testcase>
        <testcase classname="tests/features/folders/lib/format.test.ts" name="FOLDER_COLORS &gt; is an array of 8 color entries" time="0.0027529">
        </testcase>
        <testcase classname="tests/features/folders/lib/format.test.ts" name="FOLDER_COLORS &gt; every entry has a non-empty name and hex-format value" time="0.0046896">
        </testcase>
        <testcase classname="tests/features/folders/lib/format.test.ts" name="FOLDER_COLORS &gt; contains the expected color names" time="0.0030017">
        </testcase>
    </testsuite>
    <testsuite name="tests/features/folders/lib/openApp.test.ts" timestamp="2026-06-25T18:28:25.728Z" hostname="Desktop" tests="11" failures="0" errors="0" skipped="0" time="0.0515194">
        <testcase classname="tests/features/folders/lib/openApp.test.ts" name="openDesktopApp &gt; returns false when no listener calls preventDefault" time="0.0199121">
        </testcase>
        <testcase classname="tests/features/folders/lib/openApp.test.ts" name="openDesktopApp &gt; dispatches a desktop:open-app CustomEvent with the correct appId" time="0.0022108">
        </testcase>
        <testcase classname="tests/features/folders/lib/openApp.test.ts" name="openDesktopApp &gt; includes the correct route for each app" time="0.0024635">
        </testcase>
        <testcase classname="tests/features/folders/lib/openApp.test.ts" name="openDesktopApp &gt; returns true when a listener calls preventDefault on the event" time="0.004434">
        </testcase>
        <testcase classname="tests/features/folders/lib/openApp.test.ts" name="openDesktopApp &gt; dispatches a cancelable event" time="0.0008669">
        </testcase>
        <testcase classname="tests/features/folders/lib/openApp.test.ts" name="openDesktopApp &gt; returns false when window is undefined" time="0.0006537">
        </testcase>
        <testcase classname="tests/features/folders/lib/openApp.test.ts" name="askMoudirAbout &gt; dispatches desktop:open-app for moudir then moudir:ask" time="0.0061479">
        </testcase>
        <testcase classname="tests/features/folders/lib/openApp.test.ts" name="askMoudirAbout &gt; includes the dataset name in the moudir:ask prompt" time="0.0029114">
        </testcase>
        <testcase classname="tests/features/folders/lib/openApp.test.ts" name="askMoudirAbout &gt; embeds the full French analysis prompt for the dataset" time="0.0010094">
        </testcase>
        <testcase classname="tests/features/folders/lib/openApp.test.ts" name="askMoudirAbout &gt; returns undefined (void) even for a happy path call" time="0.0008439">
        </testcase>
        <testcase classname="tests/features/folders/lib/openApp.test.ts" name="askMoudirAbout &gt; returns early without dispatching when window is undefined" time="0.0009048">
        </testcase>
    </testsuite>
    <testsuite name="tests/features/forecast-intelligence/core/forecast-engine.test.ts" timestamp="2026-06-25T18:28:25.729Z" hostname="Desktop" tests="86" failures="0" errors="0" skipped="0" time="0.1141303">
        <testcase classname="tests/features/forecast-intelligence/core/forecast-engine.test.ts" name="normalQuantile &gt; returns -Infinity for p &lt;= 0" time="0.0045047">
        </testcase>
        <testcase classname="tests/features/forecast-intelligence/core/forecast-engine.test.ts" name="normalQuantile &gt; returns +Infinity for p &gt;= 1" time="0.0007341">
        </testcase>
        <testcase classname="tests/features/forecast-intelligence/core/forecast-engine.test.ts" name="normalQuantile &gt; returns ~0 for p = 0.5 (middle region)" time="0.0008348">
        </testcase>
        <testcase classname="tests/features/forecast-intelligence/core/forecast-engine.test.ts" name="normalQuantile &gt; returns ~1.96 for p = 0.975 (middle region, 95% two-sided)" time="0.0005621">
        </testcase>
        <testcase classname="tests/features/forecast-intelligence/core/forecast-engine.test.ts" name="normalQuantile &gt; handles the low tail: p &lt; 0.02425" time="0.000787">
        </testcase>
        <testcase classname="tests/features/forecast-intelligence/core/forecast-engine.test.ts" name="normalQuantile &gt; handles the low tail: p = 0.001" time="0.0005259">
        </testcase>
        <testcase classname="tests/features/forecast-intelligence/core/forecast-engine.test.ts" name="normalQuantile &gt; handles the low tail: p very small but &gt; 0" time="0.000543">
        </testcase>
        <testcase classname="tests/features/forecast-intelligence/core/forecast-engine.test.ts" name="normalQuantile &gt; handles the high tail: p &gt; 1 - 0.02425 = 0.97575" time="0.0006141">
        </testcase>
        <testcase classname="tests/features/forecast-intelligence/core/forecast-engine.test.ts" name="normalQuantile &gt; handles the high tail: p = 0.999" time="0.0005749">
        </testcase>
        <testcase classname="tests/features/forecast-intelligence/core/forecast-engine.test.ts" name="normalQuantile &gt; high tail is symmetric to low tail" time="0.000425">
        </testcase>
        <testcase classname="tests/features/forecast-intelligence/core/forecast-engine.test.ts" name="normalQuantile &gt; high tail: p near pHigh boundary (0.9758)" time="0.0004963">
        </testcase>
        <testcase classname="tests/features/forecast-intelligence/core/forecast-engine.test.ts" name="normalizeSeries &gt; drops NaN values" time="0.0042085">
        </testcase>
        <testcase classname="tests/features/forecast-intelligence/core/forecast-engine.test.ts" name="normalizeSeries &gt; drops Infinity values" time="0.0006316">
        </testcase>
        <testcase classname="tests/features/forecast-intelligence/core/forecast-engine.test.ts" name="normalizeSeries &gt; coerces string-like numbers" time="0.0004509">
        </testcase>
        <testcase classname="tests/features/forecast-intelligence/core/forecast-engine.test.ts" name="normalizeSeries &gt; returns empty for all-invalid" time="0.0004974">
        </testcase>
        <testcase classname="tests/features/forecast-intelligence/core/forecast-engine.test.ts" name="normalizeSeries &gt; stringifies the date field" time="0.0003822">
        </testcase>
        <testcase classname="tests/features/forecast-intelligence/core/forecast-engine.test.ts" name="normalizeSeries &gt; passes through a clean series unchanged in length" time="0.001071">
        </testcase>
        <testcase classname="tests/features/forecast-intelligence/core/forecast-engine.test.ts" name="seasonalIndices &gt; returns zero array of length 1 when m &lt;= 1" time="0.0007492">
        </testcase>
        <testcase classname="tests/features/forecast-intelligence/core/forecast-engine.test.ts" name="seasonalIndices &gt; returns zero array when n &lt; 2*m (too short)" time="0.000574">
        </testcase>
        <testcase classname="tests/features/forecast-intelligence/core/forecast-engine.test.ts" name="seasonalIndices &gt; returns zeros (length m) when series too short" time="0.0006401">
        </testcase>
        <testcase classname="tests/features/forecast-intelligence/core/forecast-engine.test.ts" name="seasonalIndices &gt; recovers known additive weekly pattern (indices sum to ~0)" time="0.001399">
        </testcase>
        <testcase classname="tests/features/forecast-intelligence/core/forecast-engine.test.ts" name="seasonalIndices &gt; centres indices to sum to zero even with drift" time="0.0006013">
        </testcase>
        <testcase classname="tests/features/forecast-intelligence/core/forecast-engine.test.ts" name="seasonalIndices &gt; handles m=2 (biweekly) with sufficient data" time="0.0006943">
        </testcase>
        <testcase classname="tests/features/forecast-intelligence/core/forecast-engine.test.ts" name="seasonalIndices &gt; handles constant series (no drift, flat detrend)" time="0.0003942">
        </testcase>
        <testcase classname="tests/features/forecast-intelligence/core/forecast-engine.test.ts" name="forecastSeries — degenerate cases &gt; handles empty series: returns degraded with no forecast" time="0.0018103">
        </testcase>
        <testcase classname="tests/features/forecast-intelligence/core/forecast-engine.test.ts" name="forecastSeries — degenerate cases &gt; handles single-point series: degraded, flat forecast" time="0.0018434">
        </testcase>
        <testcase classname="tests/features/forecast-intelligence/core/forecast-engine.test.ts" name="forecastSeries — degenerate cases &gt; handles constant series: degraded, zero residual" time="0.0023138">
        </testcase>
        <testcase classname="tests/features/forecast-intelligence/core/forecast-engine.test.ts" name="forecastSeries — degenerate cases &gt; handles two-point series" time="0.0015249">
        </testcase>
        <testcase classname="tests/features/forecast-intelligence/core/forecast-engine.test.ts" name="forecastSeries — degenerate cases &gt; handles series with all-NaN filtered out" time="0.000565">
        </testcase>
        <testcase classname="tests/features/forecast-intelligence/core/forecast-engine.test.ts" name="forecastSeries — non-date labels &gt; uses t+n fallback for non-date date strings" time="0.0006061">
        </testcase>
        <testcase classname="tests/features/forecast-intelligence/core/forecast-engine.test.ts" name="forecastSeries — non-date labels &gt; uses t+n fallback for single-point non-date" time="0.0005401">
        </testcase>
        <testcase classname="tests/features/forecast-intelligence/core/forecast-engine.test.ts" name="forecastSeries — trend recovery &gt; projects a rising trend forward" time="0.0012674">
        </testcase>
        <testcase classname="tests/features/forecast-intelligence/core/forecast-engine.test.ts" name="forecastSeries — trend recovery &gt; projects a falling trend downward" time="0.0008499">
        </testcase>
        <testcase classname="tests/features/forecast-intelligence/core/forecast-engine.test.ts" name="forecastSeries — trend recovery &gt; approximates next value on a clean linear series" time="0.00087">
        </testcase>
        <testcase classname="tests/features/forecast-intelligence/core/forecast-engine.test.ts" name="forecastSeries — seasonality &gt; recovers seasonal shape in the forecast" time="0.0021853">
        </testcase>
        <testcase classname="tests/features/forecast-intelligence/core/forecast-engine.test.ts" name="forecastSeries — seasonality &gt; degrades gracefully when m &lt;= 1 (no seasonality)" time="0.000906">
        </testcase>
        <testcase classname="tests/features/forecast-intelligence/core/forecast-engine.test.ts" name="forecastSeries — seasonality &gt; degrades gracefully when series too short for season" time="0.0014055">
        </testcase>
        <testcase classname="tests/features/forecast-intelligence/core/forecast-engine.test.ts" name="forecastSeries — seasonality &gt; hasSeason=false path: seasonalIndices all zeros, effectiveM=1" time="0.0011159">
        </testcase>
        <testcase classname="tests/features/forecast-intelligence/core/forecast-engine.test.ts" name="forecastSeries — CI resolution &gt; uses explicit ci (legacy multiplier) when provided" time="0.0011068">
        </testcase>
        <testcase classname="tests/features/forecast-intelligence/core/forecast-engine.test.ts" name="forecastSeries — CI resolution &gt; uses ciLevel (normal quantile) when ci is absent" time="0.0014811">
        </testcase>
        <testcase classname="tests/features/forecast-intelligence/core/forecast-engine.test.ts" name="forecastSeries — CI resolution &gt; uses default ciLevel (0.95) when neither ci nor ciLevel is specified" time="0.0007366">
        </testcase>
        <testcase classname="tests/features/forecast-intelligence/core/forecast-engine.test.ts" name="forecastSeries — CI resolution &gt; clamps ciLevel below 0.5 to 0.5" time="0.0008204">
        </testcase>
        <testcase classname="tests/features/forecast-intelligence/core/forecast-engine.test.ts" name="forecastSeries — CI resolution &gt; clamps ciLevel above 0.999999 to 0.999999" time="0.0032446">
        </testcase>
        <testcase classname="tests/features/forecast-intelligence/core/forecast-engine.test.ts" name="forecastSeries — CI resolution &gt; ci: non-finite value falls back to ciLevel" time="0.0011428">
        </testcase>
        <testcase classname="tests/features/forecast-intelligence/core/forecast-engine.test.ts" name="forecastSeries — anomalyZ option &gt; uses custom anomalyZ threshold" time="0.000962">
        </testcase>
        <testcase classname="tests/features/forecast-intelligence/core/forecast-engine.test.ts" name="forecastSeries — anomalyZ option &gt; uses default anomalyZ=3 when not specified" time="0.0006859">
        </testcase>
        <testcase classname="tests/features/forecast-intelligence/core/forecast-engine.test.ts" name="forecastSeries — anomalyZ option &gt; anomalyZ: non-finite value falls back to default 3" time="0.0009234">
        </testcase>
        <testcase classname="tests/features/forecast-intelligence/core/forecast-engine.test.ts" name="forecastSeries — confidence band &gt; band widens monotonically with horizon" time="0.0037984">
        </testcase>
        <testcase classname="tests/features/forecast-intelligence/core/forecast-engine.test.ts" name="forecastSeries — confidence band &gt; band is zero width for constant series (residualStd=0)" time="0.0008989">
        </testcase>
        <testcase classname="tests/features/forecast-intelligence/core/forecast-engine.test.ts" name="forecastSeries — determinism &gt; produces identical results for same input" time="0.0013374">
        </testcase>
        <testcase classname="tests/features/forecast-intelligence/core/forecast-engine.test.ts" name="forecastSeries — full result structure &gt; returns all expected fields for a normal run" time="0.0013959">
        </testcase>
        <testcase classname="tests/features/forecast-intelligence/core/forecast-engine.test.ts" name="forecastSeries — full result structure &gt; forecast dates advance by 1 day each step" time="0.000755">
        </testcase>
        <testcase classname="tests/features/forecast-intelligence/core/forecast-engine.test.ts" name="scoreForecast &gt; returns zeros for empty input" time="0.0008136">
        </testcase>
        <testcase classname="tests/features/forecast-intelligence/core/forecast-engine.test.ts" name="scoreForecast &gt; computes MAE, RMSE, MAPE correctly" time="0.0005156">
        </testcase>
        <testcase classname="tests/features/forecast-intelligence/core/forecast-engine.test.ts" name="scoreForecast &gt; skips MAPE terms where actual is 0" time="0.0003067">
        </testcase>
        <testcase classname="tests/features/forecast-intelligence/core/forecast-engine.test.ts" name="scoreForecast &gt; MAPE is 0 when all actuals are 0 (pctCount=0)" time="0.0003102">
        </testcase>
        <testcase classname="tests/features/forecast-intelligence/core/forecast-engine.test.ts" name="scoreForecast &gt; uses minimum length when arrays differ in length" time="0.0002445">
        </testcase>
        <testcase classname="tests/features/forecast-intelligence/core/forecast-engine.test.ts" name="scoreForecast &gt; handles perfect prediction (zero error)" time="0.0003116">
        </testcase>
        <testcase classname="tests/features/forecast-intelligence/core/forecast-engine.test.ts" name="backtest &gt; returns null for series shorter than 6" time="0.0003976">
        </testcase>
        <testcase classname="tests/features/forecast-intelligence/core/forecast-engine.test.ts" name="backtest &gt; returns metrics for series of length 6" time="0.0003267">
        </testcase>
        <testcase classname="tests/features/forecast-intelligence/core/forecast-engine.test.ts" name="backtest &gt; yields low error on a clean linear series" time="0.0006679">
        </testcase>
        <testcase classname="tests/features/forecast-intelligence/core/forecast-engine.test.ts" name="backtest &gt; returns null when trainLen &lt; 4" time="0.0006802">
        </testcase>
        <testcase classname="tests/features/forecast-intelligence/core/forecast-engine.test.ts" name="backtest &gt; works with seasonality in backtest (hasSeason=true path)" time="0.0008818">
        </testcase>
        <testcase classname="tests/features/forecast-intelligence/core/forecast-engine.test.ts" name="backtest &gt; works with no seasonality in backtest (hasSeason=false path)" time="0.0009096">
        </testcase>
        <testcase classname="tests/features/forecast-intelligence/core/forecast-engine.test.ts" name="backtest &gt; uses default options when none given" time="0.0004358">
        </testcase>
        <testcase classname="tests/features/forecast-intelligence/core/forecast-engine.test.ts" name="detectResidualAnomalies &gt; returns [] for fewer than 4 points" time="0.0005129">
        </testcase>
        <testcase classname="tests/features/forecast-intelligence/core/forecast-engine.test.ts" name="detectResidualAnomalies &gt; flags an injected spike via forecastSeries" time="0.0007118">
        </testcase>
        <testcase classname="tests/features/forecast-intelligence/core/forecast-engine.test.ts" name="detectResidualAnomalies &gt; flags nothing on a perfectly smooth series" time="0.0008319">
        </testcase>
        <testcase classname="tests/features/forecast-intelligence/core/forecast-engine.test.ts" name="detectResidualAnomalies &gt; returns [] when all residuals are identical (scale=0 path via stdDev=0)" time="0.0007582">
        </testcase>
        <testcase classname="tests/features/forecast-intelligence/core/forecast-engine.test.ts" name="detectResidualAnomalies &gt; uses MAD scale when mad &gt; 0" time="0.0006795">
        </testcase>
        <testcase classname="tests/features/forecast-intelligence/core/forecast-engine.test.ts" name="detectResidualAnomalies &gt; falls back to stdDev scale when mad=0 (all deviations identical)" time="0.0054603">
        </testcase>
        <testcase classname="tests/features/forecast-intelligence/core/forecast-engine.test.ts" name="detectResidualAnomalies &gt; sorts anomalies by |zScore| descending" time="0.001089">
        </testcase>
        <testcase classname="tests/features/forecast-intelligence/core/forecast-engine.test.ts" name="detectResidualAnomalies &gt; each anomaly has expected structure fields" time="0.0012025">
        </testcase>
        <testcase classname="tests/features/forecast-intelligence/core/forecast-engine.test.ts" name="detectResidualAnomalies &gt; uses shorter array length when history and fitted differ in length" time="0.0004597">
        </testcase>
        <testcase classname="tests/features/forecast-intelligence/core/forecast-engine.test.ts" name="normalQuantile — all branches &gt; covers p=0 edge (returns -Infinity)" time="0.0040533">
        </testcase>
        <testcase classname="tests/features/forecast-intelligence/core/forecast-engine.test.ts" name="normalQuantile — all branches &gt; covers p negative (returns -Infinity)" time="0.0005864">
        </testcase>
        <testcase classname="tests/features/forecast-intelligence/core/forecast-engine.test.ts" name="normalQuantile — all branches &gt; covers p=1 edge (returns +Infinity)" time="0.0003881">
        </testcase>
        <testcase classname="tests/features/forecast-intelligence/core/forecast-engine.test.ts" name="normalQuantile — all branches &gt; covers p &gt; 1 (returns +Infinity)" time="0.0002458">
        </testcase>
        <testcase classname="tests/features/forecast-intelligence/core/forecast-engine.test.ts" name="normalQuantile — all branches &gt; covers p in low tail (p &lt; 0.02425) — lines 184-185" time="0.0003182">
        </testcase>
        <testcase classname="tests/features/forecast-intelligence/core/forecast-engine.test.ts" name="normalQuantile — all branches &gt; covers p exactly at pLow boundary: p=0.02424 &lt; pLow" time="0.0002645">
        </testcase>
        <testcase classname="tests/features/forecast-intelligence/core/forecast-engine.test.ts" name="normalQuantile — all branches &gt; covers p in middle region (pLow &lt;= p &lt;= pHigh)" time="0.0022988">
        </testcase>
        <testcase classname="tests/features/forecast-intelligence/core/forecast-engine.test.ts" name="normalQuantile — all branches &gt; covers p in high tail (p &gt; pHigh = 0.97575) — lines 198-199" time="0.0008315">
        </testcase>
        <testcase classname="tests/features/forecast-intelligence/core/forecast-engine.test.ts" name="normalQuantile — all branches &gt; covers p=0.976 (just above pHigh)" time="0.0004516">
        </testcase>
        <testcase classname="tests/features/forecast-intelligence/core/forecast-engine.test.ts" name="normalQuantile — all branches &gt; symmetry: normalQuantile(p) = -normalQuantile(1-p) for tail values" time="0.000266">
        </testcase>
        <testcase classname="tests/features/forecast-intelligence/core/forecast-engine.test.ts" name="forecastSeries — ciLevel exercising normalQuantile tails &gt; ciLevel clamped to 0.5 (lower bound) -&gt; normalQuantile(0.75) in middle region" time="0.0013664">
        </testcase>
        <testcase classname="tests/features/forecast-intelligence/core/forecast-engine.test.ts" name="forecastSeries — ciLevel exercising normalQuantile tails &gt; ciLevel=0.999999 (upper bound) -&gt; normalQuantile(0.9999995) in high tail" time="0.0009969">
        </testcase>
    </testsuite>
    <testsuite name="tests/features/data-browser/model/constants.test.tsx" timestamp="2026-06-25T18:28:25.738Z" hostname="Desktop" tests="36" failures="0" errors="0" skipped="0" time="0.2691434">
        <testcase classname="tests/features/data-browser/model/constants.test.tsx" name="PAGE_SIZES &gt; is an array of five positive integers in ascending order" time="0.0100314">
        </testcase>
        <testcase classname="tests/features/data-browser/model/constants.test.tsx" name="PAGE_SIZES &gt; contains the expected values [25, 50, 100, 250, 500]" time="0.0026191">
        </testcase>
        <testcase classname="tests/features/data-browser/model/constants.test.tsx" name="OPERATOR_LABELS &gt; has a label for every operator" time="0.0023919">
        </testcase>
        <testcase classname="tests/features/data-browser/model/constants.test.tsx" name="OPERATOR_LABELS &gt; maps eq to &apos;equals&apos;" time="0.0005298">
        </testcase>
        <testcase classname="tests/features/data-browser/model/constants.test.tsx" name="OPERATOR_LABELS &gt; maps neq to &apos;not equals&apos;" time="0.0008812">
        </testcase>
        <testcase classname="tests/features/data-browser/model/constants.test.tsx" name="OPERATOR_LABELS &gt; maps gt to &apos;greater than&apos;" time="0.0003844">
        </testcase>
        <testcase classname="tests/features/data-browser/model/constants.test.tsx" name="OPERATOR_LABELS &gt; maps gte to &apos;≥&apos;" time="0.0003527">
        </testcase>
        <testcase classname="tests/features/data-browser/model/constants.test.tsx" name="OPERATOR_LABELS &gt; maps lt to &apos;less than&apos;" time="0.0003418">
        </testcase>
        <testcase classname="tests/features/data-browser/model/constants.test.tsx" name="OPERATOR_LABELS &gt; maps lte to &apos;≤&apos;" time="0.0004093">
        </testcase>
        <testcase classname="tests/features/data-browser/model/constants.test.tsx" name="OPERATOR_LABELS &gt; maps contains to &apos;contains&apos;" time="0.0003655">
        </testcase>
        <testcase classname="tests/features/data-browser/model/constants.test.tsx" name="OPERATOR_LABELS &gt; maps not_contains to &apos;not contains&apos;" time="0.0004131">
        </testcase>
        <testcase classname="tests/features/data-browser/model/constants.test.tsx" name="OPERATOR_LABELS &gt; maps starts_with to &apos;starts with&apos;" time="0.000306">
        </testcase>
        <testcase classname="tests/features/data-browser/model/constants.test.tsx" name="OPERATOR_LABELS &gt; maps ends_with to &apos;ends with&apos;" time="0.0002998">
        </testcase>
        <testcase classname="tests/features/data-browser/model/constants.test.tsx" name="OPERATOR_LABELS &gt; maps is_null to &apos;is null&apos;" time="0.0003688">
        </testcase>
        <testcase classname="tests/features/data-browser/model/constants.test.tsx" name="OPERATOR_LABELS &gt; maps is_not_null to &apos;is not null&apos;" time="0.0003126">
        </testcase>
        <testcase classname="tests/features/data-browser/model/constants.test.tsx" name="OPERATOR_LABELS &gt; maps in to &apos;in list&apos;" time="0.0003082">
        </testcase>
        <testcase classname="tests/features/data-browser/model/constants.test.tsx" name="OPERATOR_LABELS &gt; maps between to &apos;between&apos;" time="0.0002809">
        </testcase>
        <testcase classname="tests/features/data-browser/model/constants.test.tsx" name="OPERATOR_LABELS &gt; has exactly 14 operator entries" time="0.0004688">
        </testcase>
        <testcase classname="tests/features/data-browser/model/constants.test.tsx" name="TYPE_ICON &gt; has a React node for every ColType" time="0.0009427">
        </testcase>
        <testcase classname="tests/features/data-browser/model/constants.test.tsx" name="TYPE_ICON &gt; has exactly 6 ColType entries" time="0.0007035">
        </testcase>
        <testcase classname="tests/features/data-browser/model/constants.test.tsx" name="TYPE_ICON &gt; renders the string icon without throwing" time="0.0887757">
        </testcase>
        <testcase classname="tests/features/data-browser/model/constants.test.tsx" name="TYPE_ICON &gt; renders the number icon without throwing" time="0.0161605">
        </testcase>
        <testcase classname="tests/features/data-browser/model/constants.test.tsx" name="TYPE_ICON &gt; renders the date icon without throwing" time="0.0131097">
        </testcase>
        <testcase classname="tests/features/data-browser/model/constants.test.tsx" name="TYPE_ICON &gt; renders the boolean icon without throwing" time="0.0123261">
        </testcase>
        <testcase classname="tests/features/data-browser/model/constants.test.tsx" name="TYPE_ICON &gt; renders the email icon without throwing" time="0.0196329">
        </testcase>
        <testcase classname="tests/features/data-browser/model/constants.test.tsx" name="TYPE_ICON &gt; renders the url icon without throwing" time="0.0178633">
        </testcase>
        <testcase classname="tests/features/data-browser/model/constants.test.tsx" name="TYPE_ICON &gt; each icon has h-3 w-3 class applied" time="0.0399183">
        </testcase>
        <testcase classname="tests/features/data-browser/model/constants.test.tsx" name="TYPE_COLORS &gt; has a color string for every ColType" time="0.0011637">
        </testcase>
        <testcase classname="tests/features/data-browser/model/constants.test.tsx" name="TYPE_COLORS &gt; has exactly 6 ColType entries" time="0.0005077">
        </testcase>
        <testcase classname="tests/features/data-browser/model/constants.test.tsx" name="TYPE_COLORS &gt; maps string to text-blue-400" time="0.0002924">
        </testcase>
        <testcase classname="tests/features/data-browser/model/constants.test.tsx" name="TYPE_COLORS &gt; maps number to text-emerald-400" time="0.0036253">
        </testcase>
        <testcase classname="tests/features/data-browser/model/constants.test.tsx" name="TYPE_COLORS &gt; maps date to text-purple-400" time="0.000761">
        </testcase>
        <testcase classname="tests/features/data-browser/model/constants.test.tsx" name="TYPE_COLORS &gt; maps boolean to text-amber-400" time="0.000743">
        </testcase>
        <testcase classname="tests/features/data-browser/model/constants.test.tsx" name="TYPE_COLORS &gt; maps email to text-pink-400" time="0.0003879">
        </testcase>
        <testcase classname="tests/features/data-browser/model/constants.test.tsx" name="TYPE_COLORS &gt; maps url to text-cyan-400" time="0.0002302">
        </testcase>
        <testcase classname="tests/features/data-browser/model/constants.test.tsx" name="TYPE_COLORS &gt; all color values are Tailwind text-* class strings" time="0.0042232">
        </testcase>
    </testsuite>
    <testsuite name="tests/features/data-browser/model/helpers.test.ts" timestamp="2026-06-25T18:28:25.742Z" hostname="Desktop" tests="68" failures="0" errors="0" skipped="0" time="0.1773352">
        <testcase classname="tests/features/data-browser/model/helpers.test.ts" name="inferColType &gt; infers boolean from a real boolean sample" time="0.00844">
        </testcase>
        <testcase classname="tests/features/data-browser/model/helpers.test.ts" name="inferColType &gt; infers number from numeric samples including 0, negatives, NaN and Infinity" time="0.0010826">
        </testcase>
        <testcase classname="tests/features/data-browser/model/helpers.test.ts" name="inferColType &gt; detects email-shaped strings" time="0.0032334">
        </testcase>
        <testcase classname="tests/features/data-browser/model/helpers.test.ts" name="inferColType &gt; does not classify a malformed email as email" time="0.0007333">
        </testcase>
        <testcase classname="tests/features/data-browser/model/helpers.test.ts" name="inferColType &gt; detects http and https URLs" time="0.0004052">
        </testcase>
        <testcase classname="tests/features/data-browser/model/helpers.test.ts" name="inferColType &gt; does not treat ftp or scheme-less strings as url" time="0.0024162">
        </testcase>
        <testcase classname="tests/features/data-browser/model/helpers.test.ts" name="inferColType &gt; detects ISO-like date strings by their leading yyyy-mm-dd prefix" time="0.0013172">
        </testcase>
        <testcase classname="tests/features/data-browser/model/helpers.test.ts" name="inferColType &gt; does not treat partial or wrongly-shaped dates as date" time="0.0006092">
        </testcase>
        <testcase classname="tests/features/data-browser/model/helpers.test.ts" name="inferColType &gt; returns string for plain text" time="0.0032105">
        </testcase>
        <testcase classname="tests/features/data-browser/model/helpers.test.ts" name="inferColType &gt; returns string for null, undefined, objects and arrays" time="0.0005416">
        </testcase>
        <testcase classname="tests/features/data-browser/model/helpers.test.ts" name="inferColType &gt; ignores the column key argument entirely" time="0.0003248">
        </testcase>
        <testcase classname="tests/features/data-browser/model/helpers.test.ts" name="formatCellValue &gt; returns empty string for null and undefined regardless of type" time="0.0033998">
        </testcase>
        <testcase classname="tests/features/data-browser/model/helpers.test.ts" name="formatCellValue &gt; formats numbers with grouping and max 2 fraction digits (en-US)" time="0.0786042">
        </testcase>
        <testcase classname="tests/features/data-browser/model/helpers.test.ts" name="formatCellValue &gt; formats zero and negative numbers" time="0.0026641">
        </testcase>
        <testcase classname="tests/features/data-browser/model/helpers.test.ts" name="formatCellValue &gt; does not Intl-format a numeric value when the column type is not number" time="0.0006204">
        </testcase>
        <testcase classname="tests/features/data-browser/model/helpers.test.ts" name="formatCellValue &gt; falls through to String() when type is number but value is a numeric string" time="0.0014085">
        </testcase>
        <testcase classname="tests/features/data-browser/model/helpers.test.ts" name="formatCellValue &gt; renders boolean true-ish as a check and everything else as a cross" time="0.0011268">
        </testcase>
        <testcase classname="tests/features/data-browser/model/helpers.test.ts" name="formatCellValue &gt; stringifies date, email and url types verbatim" time="0.0008352">
        </testcase>
        <testcase classname="tests/features/data-browser/model/helpers.test.ts" name="formatCellValue &gt; stringifies NaN and Infinity through Intl when type is number" time="0.0008732">
        </testcase>
        <testcase classname="tests/features/data-browser/model/helpers.test.ts" name="buildWhereClause &gt; returns empty string when there are no rules" time="0.000619">
        </testcase>
        <testcase classname="tests/features/data-browser/model/helpers.test.ts" name="buildWhereClause &gt; returns empty string when every rule is inactive" time="0.0019226">
        </testcase>
        <testcase classname="tests/features/data-browser/model/helpers.test.ts" name="buildWhereClause &gt; skips inactive rules and keeps active ones" time="0.0008913">
        </testcase>
        <testcase classname="tests/features/data-browser/model/helpers.test.ts" name="buildWhereClause &gt; builds eq / neq with quoted literals" time="0.0005047">
        </testcase>
        <testcase classname="tests/features/data-browser/model/helpers.test.ts" name="buildWhereClause &gt; emits a genuine number unquoted for numeric comparisons" time="0.0033166">
        </testcase>
        <testcase classname="tests/features/data-browser/model/helpers.test.ts" name="buildWhereClause &gt; safely quotes a non-numeric comparison value (regression: no raw SQL injection)" time="0.0015734">
        </testcase>
        <testcase classname="tests/features/data-browser/model/helpers.test.ts" name="buildWhereClause &gt; builds LIKE-based contains / not_contains / starts_with / ends_with" time="0.0024219">
        </testcase>
        <testcase classname="tests/features/data-browser/model/helpers.test.ts" name="buildWhereClause &gt; builds IS NULL and IS NOT NULL (value ignored)" time="0.0034694">
        </testcase>
        <testcase classname="tests/features/data-browser/model/helpers.test.ts" name="buildWhereClause &gt; builds IN by splitting on commas, trimming, and quoting each element" time="0.0010847">
        </testcase>
        <testcase classname="tests/features/data-browser/model/helpers.test.ts" name="buildWhereClause &gt; builds a single-element IN list when the value has no comma" time="0.0004585">
        </testcase>
        <testcase classname="tests/features/data-browser/model/helpers.test.ts" name="buildWhereClause &gt; builds BETWEEN using value and value2" time="0.001477">
        </testcase>
        <testcase classname="tests/features/data-browser/model/helpers.test.ts" name="buildWhereClause &gt; falls back to value for the upper bound when value2 is undefined" time="0.0003736">
        </testcase>
        <testcase classname="tests/features/data-browser/model/helpers.test.ts" name="buildWhereClause &gt; falls back to value for the upper bound when value2 is an empty string (regression: no dangling BETWEEN)" time="0.0003602">
        </testcase>
        <testcase classname="tests/features/data-browser/model/helpers.test.ts" name="buildWhereClause &gt; treats a value2 of &apos;0&apos; as a real upper bound (not nullish)" time="0.000367">
        </testcase>
        <testcase classname="tests/features/data-browser/model/helpers.test.ts" name="buildWhereClause &gt; joins multiple active rules with the group&apos;s AND logic" time="0.0009348">
        </testcase>
        <testcase classname="tests/features/data-browser/model/helpers.test.ts" name="buildWhereClause &gt; joins multiple active rules with the group&apos;s OR logic" time="0.0006656">
        </testcase>
        <testcase classname="tests/features/data-browser/model/helpers.test.ts" name="buildWhereClause &gt; escapes embedded single quotes in literal values (SQL-safe quoting)" time="0.0013816">
        </testcase>
        <testcase classname="tests/features/data-browser/model/helpers.test.ts" name="buildWhereClause &gt; escapes embedded double quotes in column identifiers" time="0.0007595">
        </testcase>
        <testcase classname="tests/features/data-browser/model/helpers.test.ts" name="buildSearchPredicate &gt; returns empty string for an empty or whitespace-only term" time="0.0006211">
        </testcase>
        <testcase classname="tests/features/data-browser/model/helpers.test.ts" name="buildSearchPredicate &gt; returns empty string when there are no columns at all" time="0.0002931">
        </testcase>
        <testcase classname="tests/features/data-browser/model/helpers.test.ts" name="buildSearchPredicate &gt; targets only string/email/url columns and casts them to VARCHAR for ILIKE" time="0.0004871">
        </testcase>
        <testcase classname="tests/features/data-browser/model/helpers.test.ts" name="buildSearchPredicate &gt; falls back to ALL columns when none are obviously text-like" time="0.000334">
        </testcase>
        <testcase classname="tests/features/data-browser/model/helpers.test.ts" name="buildSearchPredicate &gt; trims the search term before wrapping it in wildcards" time="0.0020458">
        </testcase>
        <testcase classname="tests/features/data-browser/model/helpers.test.ts" name="buildSearchPredicate &gt; escapes single quotes in the search term" time="0.0016501">
        </testcase>
        <testcase classname="tests/features/data-browser/model/helpers.test.ts" name="buildSearchPredicate &gt; escapes double quotes in column names" time="0.0007215">
        </testcase>
        <testcase classname="tests/features/data-browser/model/helpers.test.ts" name="composeWhereClause &gt; returns empty string when neither filter nor search produces a clause" time="0.0009984">
        </testcase>
        <testcase classname="tests/features/data-browser/model/helpers.test.ts" name="composeWhereClause &gt; returns only the parenthesized filter when search is empty" time="0.0003942">
        </testcase>
        <testcase classname="tests/features/data-browser/model/helpers.test.ts" name="composeWhereClause &gt; returns only the parenthesized search predicate when no filters are active" time="0.0002927">
        </testcase>
        <testcase classname="tests/features/data-browser/model/helpers.test.ts" name="composeWhereClause &gt; ANDs the parenthesized filter and search together" time="0.0005704">
        </testcase>
        <testcase classname="tests/features/data-browser/model/helpers.test.ts" name="composeWhereClause &gt; preserves the inner group OR logic while ANDing with search" time="0.0003652">
        </testcase>
        <testcase classname="tests/features/data-browser/model/helpers.test.ts" name="generateSQL &gt; selects only visible columns, quotes the table, and appends LIMIT/OFFSET" time="0.0005934">
        </testcase>
        <testcase classname="tests/features/data-browser/model/helpers.test.ts" name="generateSQL &gt; projects * when no columns are visible" time="0.0003851">
        </testcase>
        <testcase classname="tests/features/data-browser/model/helpers.test.ts" name="generateSQL &gt; omits the WHERE keyword when the clause is empty" time="0.002308">
        </testcase>
        <testcase classname="tests/features/data-browser/model/helpers.test.ts" name="generateSQL &gt; inserts the WHERE clause verbatim when provided" time="0.0004487">
        </testcase>
        <testcase classname="tests/features/data-browser/model/helpers.test.ts" name="generateSQL &gt; builds ORDER BY ordered by ascending priority and uppercases the direction" time="0.0004467">
        </testcase>
        <testcase classname="tests/features/data-browser/model/helpers.test.ts" name="generateSQL &gt; omits ORDER BY when there are no sorts" time="0.000269">
        </testcase>
        <testcase classname="tests/features/data-browser/model/helpers.test.ts" name="generateSQL &gt; does not mutate the caller&apos;s sorts array while ordering" time="0.0040262">
        </testcase>
        <testcase classname="tests/features/data-browser/model/helpers.test.ts" name="generateSQL &gt; quotes a table name containing a double quote" time="0.0004572">
        </testcase>
        <testcase classname="tests/features/data-browser/model/helpers.test.ts" name="generateSQL &gt; emits the limit and offset even when they are zero or negative (characterization)" time="0.0031437">
        </testcase>
        <testcase classname="tests/features/data-browser/model/helpers.test.ts" name="generateCountSQL &gt; counts all rows with no WHERE when the clause is empty" time="0.0005126">
        </testcase>
        <testcase classname="tests/features/data-browser/model/helpers.test.ts" name="generateCountSQL &gt; appends the WHERE clause when provided" time="0.0003216">
        </testcase>
        <testcase classname="tests/features/data-browser/model/helpers.test.ts" name="generateCountSQL &gt; quotes the table identifier" time="0.0004449">
        </testcase>
        <testcase classname="tests/features/data-browser/model/helpers.test.ts" name="generateExportSQL &gt; projects only visible columns and applies no LIMIT by default" time="0.0006641">
        </testcase>
        <testcase classname="tests/features/data-browser/model/helpers.test.ts" name="generateExportSQL &gt; includes WHERE and ORDER BY when supplied" time="0.0003074">
        </testcase>
        <testcase classname="tests/features/data-browser/model/helpers.test.ts" name="generateExportSQL &gt; appends a positive hard limit" time="0.000754">
        </testcase>
        <testcase classname="tests/features/data-browser/model/helpers.test.ts" name="generateExportSQL &gt; ignores a zero or negative hard limit" time="0.0013827">
        </testcase>
        <testcase classname="tests/features/data-browser/model/helpers.test.ts" name="generateExportSQL &gt; ignores an undefined hard limit" time="0.0003783">
        </testcase>
        <testcase classname="tests/features/data-browser/model/helpers.test.ts" name="generateExportSQL &gt; projects * when no column is visible for export" time="0.0003668">
        </testcase>
        <testcase classname="tests/features/data-browser/model/helpers.test.ts" name="ColType coverage sanity &gt; formatCellValue handles every ColType without throwing" time="0.0005902">
        </testcase>
    </testsuite>
    <testsuite name="tests/features/data-browser/model/persistence.test.ts" timestamp="2026-06-25T18:28:25.752Z" hostname="Desktop" tests="39" failures="0" errors="0" skipped="0" time="0.1476678">
        <testcase classname="tests/features/data-browser/model/persistence.test.ts" name="listSavedFilters &gt; returns an empty array when no rows match the datasetId" time="0.0210454">
        </testcase>
        <testcase classname="tests/features/data-browser/model/persistence.test.ts" name="listSavedFilters &gt; returns an empty array when definition is not a valid filter definition (null)" time="0.0035412">
        </testcase>
        <testcase classname="tests/features/data-browser/model/persistence.test.ts" name="listSavedFilters &gt; returns an empty array when definition is not an object (string)" time="0.0125699">
        </testcase>
        <testcase classname="tests/features/data-browser/model/persistence.test.ts" name="listSavedFilters &gt; returns an empty array when definition lacks the group key" time="0.0011894">
        </testcase>
        <testcase classname="tests/features/data-browser/model/persistence.test.ts" name="listSavedFilters &gt; returns an empty array when definition.group is not an object (string)" time="0.0196686">
        </testcase>
        <testcase classname="tests/features/data-browser/model/persistence.test.ts" name="listSavedFilters &gt; maps valid rows into SavedFilterRecord shape" time="0.0172129">
        </testcase>
        <testcase classname="tests/features/data-browser/model/persistence.test.ts" name="listSavedFilters &gt; filters out rows belonging to other datasets but keeps the matching ones" time="0.0057275">
        </testcase>
        <testcase classname="tests/features/data-browser/model/persistence.test.ts" name="listSavedFilters &gt; includes rows where definition.group is null (typeof null === &apos;object&apos; passes the guard)" time="0.0011537">
        </testcase>
        <testcase classname="tests/features/data-browser/model/persistence.test.ts" name="listSavedFilters &gt; returns an empty array when listSavedQueries returns an empty array" time="0.0006557">
        </testcase>
        <testcase classname="tests/features/data-browser/model/persistence.test.ts" name="saveFilter &gt; calls putSavedQuery with the correct shape and returns the generated id" time="0.0027726">
        </testcase>
        <testcase classname="tests/features/data-browser/model/persistence.test.ts" name="saveFilter &gt; uses newId() to generate unique ids each time" time="0.0007115">
        </testcase>
        <testcase classname="tests/features/data-browser/model/persistence.test.ts" name="saveFilter &gt; embeds the datasetId into the id prefix" time="0.0011055">
        </testcase>
        <testcase classname="tests/features/data-browser/model/persistence.test.ts" name="listSavedSql &gt; calls listSavedQueries with kind &apos;query&apos;" time="0.0006681">
        </testcase>
        <testcase classname="tests/features/data-browser/model/persistence.test.ts" name="listSavedSql &gt; returns an empty array when no rows match the datasetId" time="0.0005443">
        </testcase>
        <testcase classname="tests/features/data-browser/model/persistence.test.ts" name="listSavedSql &gt; returns an empty array when definition is null" time="0.0004767">
        </testcase>
        <testcase classname="tests/features/data-browser/model/persistence.test.ts" name="listSavedSql &gt; returns an empty array when definition is not an object (number)" time="0.0004777">
        </testcase>
        <testcase classname="tests/features/data-browser/model/persistence.test.ts" name="listSavedSql &gt; returns an empty array when definition lacks the sql key" time="0.0004511">
        </testcase>
        <testcase classname="tests/features/data-browser/model/persistence.test.ts" name="listSavedSql &gt; returns an empty array when definition.sql is not a string (number)" time="0.0004521">
        </testcase>
        <testcase classname="tests/features/data-browser/model/persistence.test.ts" name="listSavedSql &gt; maps valid rows into SavedSqlRecord shape" time="0.0012427">
        </testcase>
        <testcase classname="tests/features/data-browser/model/persistence.test.ts" name="listSavedSql &gt; filters by datasetId and keeps only matching rows" time="0.0011309">
        </testcase>
        <testcase classname="tests/features/data-browser/model/persistence.test.ts" name="listSavedSql &gt; returns an empty array when listSavedQueries returns empty" time="0.0027383">
        </testcase>
        <testcase classname="tests/features/data-browser/model/persistence.test.ts" name="saveSql &gt; calls putSavedQuery with the correct shape and returns the generated id" time="0.0019144">
        </testcase>
        <testcase classname="tests/features/data-browser/model/persistence.test.ts" name="saveSql &gt; generates unique ids on successive calls" time="0.0012298">
        </testcase>
        <testcase classname="tests/features/data-browser/model/persistence.test.ts" name="saveSql &gt; embeds the datasetId into the id prefix" time="0.0005055">
        </testcase>
        <testcase classname="tests/features/data-browser/model/persistence.test.ts" name="removeSavedRecord &gt; delegates to deleteSavedQuery with the provided id" time="0.0021365">
        </testcase>
        <testcase classname="tests/features/data-browser/model/persistence.test.ts" name="removeSavedRecord &gt; resolves without returning a value" time="0.0006483">
        </testcase>
        <testcase classname="tests/features/data-browser/model/persistence.test.ts" name="loadStarredKeys &gt; calls listSavedQueries with kind &apos;filter&apos;" time="0.0007847">
        </testcase>
        <testcase classname="tests/features/data-browser/model/persistence.test.ts" name="loadStarredKeys &gt; returns an empty Set when no starred record exists for the dataset" time="0.015258">
        </testcase>
        <testcase classname="tests/features/data-browser/model/persistence.test.ts" name="loadStarredKeys &gt; returns the set of starred keys from the matched record" time="0.001679">
        </testcase>
        <testcase classname="tests/features/data-browser/model/persistence.test.ts" name="loadStarredKeys &gt; returns an empty Set when the record&apos;s definition.keys is not an array" time="0.0014226">
        </testcase>
        <testcase classname="tests/features/data-browser/model/persistence.test.ts" name="loadStarredKeys &gt; returns an empty Set when the record&apos;s definition is null" time="0.0006222">
        </testcase>
        <testcase classname="tests/features/data-browser/model/persistence.test.ts" name="loadStarredKeys &gt; returns an empty Set when the record&apos;s definition has no keys property" time="0.0010583">
        </testcase>
        <testcase classname="tests/features/data-browser/model/persistence.test.ts" name="loadStarredKeys &gt; returns an empty Set when rows is empty" time="0.0006417">
        </testcase>
        <testcase classname="tests/features/data-browser/model/persistence.test.ts" name="loadStarredKeys &gt; uses the deterministic id &apos;star:&lt;datasetId&gt;&apos; to find the record" time="0.0007315">
        </testcase>
        <testcase classname="tests/features/data-browser/model/persistence.test.ts" name="saveStarredKeys &gt; calls putSavedQuery with the correct shape for the deterministic id" time="0.0016723">
        </testcase>
        <testcase classname="tests/features/data-browser/model/persistence.test.ts" name="saveStarredKeys &gt; resolves without returning a value" time="0.0012342">
        </testcase>
        <testcase classname="tests/features/data-browser/model/persistence.test.ts" name="saveStarredKeys &gt; converts the Set to an array in the definition" time="0.0006358">
        </testcase>
        <testcase classname="tests/features/data-browser/model/persistence.test.ts" name="saveStarredKeys &gt; stores an empty array when the Set is empty" time="0.0005973">
        </testcase>
        <testcase classname="tests/features/data-browser/model/persistence.test.ts" name="saveStarredKeys &gt; uses the deterministic id &apos;star:&lt;datasetId&gt;&apos; (not newId)" time="0.000634">
        </testcase>
    </testsuite>
    <testsuite name="tests/features/folders/hooks/useAutoOrganize.test.ts" timestamp="2026-06-25T18:28:25.762Z" hostname="Desktop" tests="29" failures="0" errors="0" skipped="0" time="0.4504728">
        <testcase classname="tests/features/folders/hooks/useAutoOrganize.test.ts" name="useAutoOrganize – initial state &gt; starts with running=false, no error, no plan, and appliedCount=0" time="0.0678596">
        </testcase>
        <testcase classname="tests/features/folders/hooks/useAutoOrganize.test.ts" name="useAutoOrganize – initial state &gt; exposes organize and applyPlan as functions" time="0.0049372">
        </testcase>
        <testcase classname="tests/features/folders/hooks/useAutoOrganize.test.ts" name="useAutoOrganize – initial state &gt; exposes ai.progress on the returned object" time="0.0100475">
        </testcase>
        <testcase classname="tests/features/folders/hooks/useAutoOrganize.test.ts" name="useAutoOrganize – organize() with no ungrouped datasets &gt; returns null immediately when all datasets are already in folders" time="0.0098177">
        </testcase>
        <testcase classname="tests/features/folders/hooks/useAutoOrganize.test.ts" name="useAutoOrganize – organize() with no ungrouped datasets &gt; sets an error message when no candidates remain" time="0.0044334">
        </testcase>
        <testcase classname="tests/features/folders/hooks/useAutoOrganize.test.ts" name="useAutoOrganize – organize() with no ungrouped datasets &gt; returns null and sets error when the dataset list is empty" time="0.0084222">
        </testcase>
        <testcase classname="tests/features/folders/hooks/useAutoOrganize.test.ts" name="useAutoOrganize – organize() happy path &gt; calls generateStructured with a prompt containing the dataset summary" time="0.0613651">
        </testcase>
        <testcase classname="tests/features/folders/hooks/useAutoOrganize.test.ts" name="useAutoOrganize – organize() happy path &gt; returns a cleaned plan with the AI-proposed groups" time="0.0041499">
        </testcase>
        <testcase classname="tests/features/folders/hooks/useAutoOrganize.test.ts" name="useAutoOrganize – organize() happy path &gt; stores the cleaned plan in lastPlan and clears running=false" time="0.0043558">
        </testcase>
        <testcase classname="tests/features/folders/hooks/useAutoOrganize.test.ts" name="useAutoOrganize – organize() happy path &gt; includes tags in the summary string when the dataset has tags" time="0.0148112">
        </testcase>
        <testcase classname="tests/features/folders/hooks/useAutoOrganize.test.ts" name="useAutoOrganize – organize() happy path &gt; omits the tags segment when the dataset has no tags" time="0.0409775">
        </testcase>
        <testcase classname="tests/features/folders/hooks/useAutoOrganize.test.ts" name="useAutoOrganize – organize() AI response sanitisation &gt; filters out dataset IDs that were not offered to the AI" time="0.0261984">
        </testcase>
        <testcase classname="tests/features/folders/hooks/useAutoOrganize.test.ts" name="useAutoOrganize – organize() AI response sanitisation &gt; removes duplicate dataset IDs within a single group" time="0.008721">
        </testcase>
        <testcase classname="tests/features/folders/hooks/useAutoOrganize.test.ts" name="useAutoOrganize – organize() AI response sanitisation &gt; drops groups that have an empty folderName after trimming" time="0.0054452">
        </testcase>
        <testcase classname="tests/features/folders/hooks/useAutoOrganize.test.ts" name="useAutoOrganize – organize() AI response sanitisation &gt; drops groups that end up with no valid dataset IDs after filtering" time="0.0044797">
        </testcase>
        <testcase classname="tests/features/folders/hooks/useAutoOrganize.test.ts" name="useAutoOrganize – organize() AI response sanitisation &gt; only organizes datasets that are not already in a folder (ungrouped filter)" time="0.004486">
        </testcase>
        <testcase classname="tests/features/folders/hooks/useAutoOrganize.test.ts" name="useAutoOrganize – organize() error handling &gt; sets error and clears running when generateStructured throws an Error" time="0.0059115">
        </testcase>
        <testcase classname="tests/features/folders/hooks/useAutoOrganize.test.ts" name="useAutoOrganize – organize() error handling &gt; sets a fallback error string when generateStructured throws a non-Error value" time="0.0026158">
        </testcase>
        <testcase classname="tests/features/folders/hooks/useAutoOrganize.test.ts" name="useAutoOrganize – organize() error handling &gt; returns null on error" time="0.0053457">
        </testcase>
        <testcase classname="tests/features/folders/hooks/useAutoOrganize.test.ts" name="useAutoOrganize – organize() error handling &gt; clears a previous error when a successful organize() follows a failed one" time="0.0045001">
        </testcase>
        <testcase classname="tests/features/folders/hooks/useAutoOrganize.test.ts" name="useAutoOrganize – running state transitions &gt; sets running=true while the AI call is in flight" time="0.011778">
        </testcase>
        <testcase classname="tests/features/folders/hooks/useAutoOrganize.test.ts" name="useAutoOrganize – applyPlan() &gt; calls addFolder and moveDataset for each group and dataset" time="0.0150168">
        </testcase>
        <testcase classname="tests/features/folders/hooks/useAutoOrganize.test.ts" name="useAutoOrganize – applyPlan() &gt; creates folders with the expected fields (parentId=null, starred=false, color)" time="0.0100333">
        </testcase>
        <testcase classname="tests/features/folders/hooks/useAutoOrganize.test.ts" name="useAutoOrganize – applyPlan() &gt; returns the number of datasets that were moved" time="0.0304843">
        </testcase>
        <testcase classname="tests/features/folders/hooks/useAutoOrganize.test.ts" name="useAutoOrganize – applyPlan() &gt; updates appliedCount state after applyPlan" time="0.0209159">
        </testcase>
        <testcase classname="tests/features/folders/hooks/useAutoOrganize.test.ts" name="useAutoOrganize – applyPlan() &gt; clears lastPlan after applyPlan is called" time="0.0223952">
        </testcase>
        <testcase classname="tests/features/folders/hooks/useAutoOrganize.test.ts" name="useAutoOrganize – applyPlan() &gt; skips duplicate dataset IDs across groups (cross-group deduplication)" time="0.012238">
        </testcase>
        <testcase classname="tests/features/folders/hooks/useAutoOrganize.test.ts" name="useAutoOrganize – applyPlan() &gt; handles an empty groups array without calling addFolder or moveDataset" time="0.0117586">
        </testcase>
        <testcase classname="tests/features/folders/hooks/useAutoOrganize.test.ts" name="useAutoOrganize – applyPlan() &gt; generates a unique id for each folder" time="0.0053585">
        </testcase>
    </testsuite>
    <testsuite name="tests/features/folders/hooks/useFolderIndex.test.ts" timestamp="2026-06-25T18:28:25.766Z" hostname="Desktop" tests="12" failures="0" errors="0" skipped="0" time="0.2330716">
        <testcase classname="tests/features/folders/hooks/useFolderIndex.test.ts" name="useFolderIndex – empty nodes array &gt; returns a FolderIndex with empty byId and childrenOf maps for an empty array" time="0.09154">
        </testcase>
        <testcase classname="tests/features/folders/hooks/useFolderIndex.test.ts" name="useFolderIndex – single node &gt; indexes a single root-level file node" time="0.0072554">
        </testcase>
        <testcase classname="tests/features/folders/hooks/useFolderIndex.test.ts" name="useFolderIndex – single node &gt; indexes a single folder node" time="0.0106303">
        </testcase>
        <testcase classname="tests/features/folders/hooks/useFolderIndex.test.ts" name="useFolderIndex – multiple nodes &gt; builds correct byId mapping for multiple nodes" time="0.0331077">
        </testcase>
        <testcase classname="tests/features/folders/hooks/useFolderIndex.test.ts" name="useFolderIndex – multiple nodes &gt; groups child nodes under their parent in childrenOf" time="0.0190367">
        </testcase>
        <testcase classname="tests/features/folders/hooks/useFolderIndex.test.ts" name="useFolderIndex – multiple nodes &gt; sorts folder nodes before file nodes among siblings" time="0.0097286">
        </testcase>
        <testcase classname="tests/features/folders/hooks/useFolderIndex.test.ts" name="useFolderIndex – multiple nodes &gt; handles nodes at multiple nesting levels" time="0.0049486">
        </testcase>
        <testcase classname="tests/features/folders/hooks/useFolderIndex.test.ts" name="useFolderIndex – memoization &gt; returns the same FolderIndex reference when the same nodes array is passed on rerender" time="0.006899">
        </testcase>
        <testcase classname="tests/features/folders/hooks/useFolderIndex.test.ts" name="useFolderIndex – memoization &gt; recomputes and returns a new FolderIndex when a different nodes array is passed" time="0.0076973">
        </testcase>
        <testcase classname="tests/features/folders/hooks/useFolderIndex.test.ts" name="useFolderIndex – memoization &gt; returns an updated index that reflects the new nodes after rerender" time="0.0042002">
        </testcase>
        <testcase classname="tests/features/folders/hooks/useFolderIndex.test.ts" name="useFolderIndex – various node types &gt; correctly indexes nodes of different file types" time="0.0087441">
        </testcase>
        <testcase classname="tests/features/folders/hooks/useFolderIndex.test.ts" name="useFolderIndex – various node types &gt; handles starred and tagged nodes without errors" time="0.0042884">
        </testcase>
    </testsuite>
    <testsuite name="tests/features/folders/hooks/useFolderNodes.test.ts" timestamp="2026-06-25T18:28:25.768Z" hostname="Desktop" tests="20" failures="0" errors="0" skipped="0" time="0.2241467">
        <testcase classname="tests/features/folders/hooks/useFolderNodes.test.ts" name="useFolderNodes – empty stores &gt; returns only the synthetic root node when all stores are empty" time="0.0882249">
        </testcase>
        <testcase classname="tests/features/folders/hooks/useFolderNodes.test.ts" name="useFolderNodes – empty stores &gt; root node createdAt is epoch (new Date(0))" time="0.0079131">
        </testcase>
        <testcase classname="tests/features/folders/hooks/useFolderNodes.test.ts" name="useFolderNodes – empty stores &gt; root node updatedAt is a recent Date (not epoch)" time="0.0045793">
        </testcase>
        <testcase classname="tests/features/folders/hooks/useFolderNodes.test.ts" name="useFolderNodes – folder nodes &gt; maps a catalog folder with null parentId to ROOT_ID (&apos;root&apos;)" time="0.0129364">
        </testcase>
        <testcase classname="tests/features/folders/hooks/useFolderNodes.test.ts" name="useFolderNodes – folder nodes &gt; maps a catalog folder with an explicit parentId to that parentId" time="0.0097261">
        </testcase>
        <testcase classname="tests/features/folders/hooks/useFolderNodes.test.ts" name="useFolderNodes – folder nodes &gt; maps all folder fields correctly" time="0.0126857">
        </testcase>
        <testcase classname="tests/features/folders/hooks/useFolderNodes.test.ts" name="useFolderNodes – folder nodes &gt; maps multiple folders preserving order" time="0.0048691">
        </testcase>
        <testcase classname="tests/features/folders/hooks/useFolderNodes.test.ts" name="useFolderNodes – folder nodes &gt; maps a folder without a color field (color is undefined)" time="0.0035411">
        </testcase>
        <testcase classname="tests/features/folders/hooks/useFolderNodes.test.ts" name="useFolderNodes – file/dataset nodes &gt; maps a dataset not in the folder map to parentId=&apos;root&apos;" time="0.008527">
        </testcase>
        <testcase classname="tests/features/folders/hooks/useFolderNodes.test.ts" name="useFolderNodes – file/dataset nodes &gt; maps a dataset in the folder map to the folder&apos;s id" time="0.0029301">
        </testcase>
        <testcase classname="tests/features/folders/hooks/useFolderNodes.test.ts" name="useFolderNodes – file/dataset nodes &gt; maps a dataset with a null folder map entry to parentId=&apos;root&apos;" time="0.0053548">
        </testcase>
        <testcase classname="tests/features/folders/hooks/useFolderNodes.test.ts" name="useFolderNodes – file/dataset nodes &gt; marks a dataset as starred when its id is in starredDatasets" time="0.0034732">
        </testcase>
        <testcase classname="tests/features/folders/hooks/useFolderNodes.test.ts" name="useFolderNodes – file/dataset nodes &gt; marks a dataset as not starred when its id is NOT in starredDatasets" time="0.0038276">
        </testcase>
        <testcase classname="tests/features/folders/hooks/useFolderNodes.test.ts" name="useFolderNodes – file/dataset nodes &gt; maps all dataset fields correctly" time="0.0063025">
        </testcase>
        <testcase classname="tests/features/folders/hooks/useFolderNodes.test.ts" name="useFolderNodes – file/dataset nodes &gt; quality is computed as qualityScore / 100" time="0.0048968">
        </testcase>
        <testcase classname="tests/features/folders/hooks/useFolderNodes.test.ts" name="useFolderNodes – file/dataset nodes &gt; maps multiple datasets preserving order after folders" time="0.0042473">
        </testcase>
        <testcase classname="tests/features/folders/hooks/useFolderNodes.test.ts" name="useFolderNodes – combined stores &gt; returns [root, ...folderNodes, ...fileNodes] in the correct order" time="0.0038104">
        </testcase>
        <testcase classname="tests/features/folders/hooks/useFolderNodes.test.ts" name="useFolderNodes – combined stores &gt; handles a mix of starred and unstarred datasets correctly" time="0.0031192">
        </testcase>
        <testcase classname="tests/features/folders/hooks/useFolderNodes.test.ts" name="useFolderNodes – combined stores &gt; uses the correct format/type for different dataset formats" time="0.0034668">
        </testcase>
        <testcase classname="tests/features/folders/hooks/useFolderNodes.test.ts" name="useFolderNodes – memoization &gt; returns the same array reference when stores do not change" time="0.0090695">
        </testcase>
    </testsuite>
    <testsuite name="tests/features/folders/hooks/useFolderSearch.test.ts" timestamp="2026-06-25T18:28:25.770Z" hostname="Desktop" tests="15" failures="0" errors="0" skipped="0" time="0.1700674">
        <testcase classname="tests/features/folders/hooks/useFolderSearch.test.ts" name="useFolderSearch – empty / blank query returns null &gt; returns null when query is an empty string" time="0.0564541">
        </testcase>
        <testcase classname="tests/features/folders/hooks/useFolderSearch.test.ts" name="useFolderSearch – empty / blank query returns null &gt; returns null when query is whitespace only" time="0.0048505">
        </testcase>
        <testcase classname="tests/features/folders/hooks/useFolderSearch.test.ts" name="useFolderSearch – empty / blank query returns null &gt; returns null when query is a tab character" time="0.0068996">
        </testcase>
        <testcase classname="tests/features/folders/hooks/useFolderSearch.test.ts" name="useFolderSearch – empty / blank query returns null &gt; returns null with an empty nodes array and empty query" time="0.0046433">
        </testcase>
        <testcase classname="tests/features/folders/hooks/useFolderSearch.test.ts" name="useFolderSearch – non-empty query with matches &gt; returns a Set containing matching node id when name matches query" time="0.009955">
        </testcase>
        <testcase classname="tests/features/folders/hooks/useFolderSearch.test.ts" name="useFolderSearch – non-empty query with matches &gt; returns a Set with all matching node ids for a fuzzy match" time="0.0049061">
        </testcase>
        <testcase classname="tests/features/folders/hooks/useFolderSearch.test.ts" name="useFolderSearch – non-empty query with matches &gt; matches on tags field (weight=1)" time="0.0050223">
        </testcase>
        <testcase classname="tests/features/folders/hooks/useFolderSearch.test.ts" name="useFolderSearch – non-empty query with matches &gt; matches on description field (weight=0.5)" time="0.004082">
        </testcase>
        <testcase classname="tests/features/folders/hooks/useFolderSearch.test.ts" name="useFolderSearch – non-empty query with matches &gt; returns a Set (possibly empty) when query has no matches" time="0.0036958">
        </testcase>
        <testcase classname="tests/features/folders/hooks/useFolderSearch.test.ts" name="useFolderSearch – non-empty query with matches &gt; returns an empty Set when nodes list is empty but query is non-empty" time="0.0034194">
        </testcase>
        <testcase classname="tests/features/folders/hooks/useFolderSearch.test.ts" name="useFolderSearch – query trimming &gt; trims leading and trailing spaces before searching (returns results for padded match)" time="0.0091334">
        </testcase>
        <testcase classname="tests/features/folders/hooks/useFolderSearch.test.ts" name="useFolderSearch – reactivity (nodes change rebuilds index) &gt; updates the index when the nodes array changes" time="0.0100846">
        </testcase>
        <testcase classname="tests/features/folders/hooks/useFolderSearch.test.ts" name="useFolderSearch – reactivity (nodes change rebuilds index) &gt; returns null when query is cleared after a previous non-null result" time="0.0044695">
        </testcase>
        <testcase classname="tests/features/folders/hooks/useFolderSearch.test.ts" name="useFolderSearch – reactivity (nodes change rebuilds index) &gt; returns a Set when a query is set after being empty" time="0.0077488">
        </testcase>
        <testcase classname="tests/features/folders/hooks/useFolderSearch.test.ts" name="useFolderSearch – multiple nodes, mixed match/no-match &gt; returns only the ids of matching nodes, not all nodes" time="0.023814">
        </testcase>
    </testsuite>
    <testsuite name="tests/features/folders/hooks/usePreviewRows.test.ts" timestamp="2026-06-25T18:28:25.773Z" hostname="Desktop" tests="22" failures="0" errors="0" skipped="0" time="0.9484824">
        <testcase classname="tests/features/folders/hooks/usePreviewRows.test.ts" name="usePreviewRows – initial state &gt; starts with empty rows, loading=false, and no error" time="0.0437872">
        </testcase>
        <testcase classname="tests/features/folders/hooks/usePreviewRows.test.ts" name="usePreviewRows – null viewName &gt; returns EMPTY state immediately when viewName is null" time="0.0056171">
        </testcase>
        <testcase classname="tests/features/folders/hooks/usePreviewRows.test.ts" name="usePreviewRows – null viewName &gt; resets to EMPTY state when viewName changes from a value to null" time="0.0159487">
            <system-err>
An update to TestComponent inside a test was not wrapped in act(...).

When testing, code that causes React state updates should be wrapped into act(...):

act(() =&gt; {
  /* fire events that update state */
});
/* assert on the output */

This ensures that you&apos;re testing the behavior the user would see in the browser. Learn more at https://react.dev/link/wrap-tests-with-act

            </system-err>
        </testcase>
        <testcase classname="tests/features/folders/hooks/usePreviewRows.test.ts" name="usePreviewRows – successful query &gt; sets loading=true while the query is in flight" time="0.0046714">
        </testcase>
        <testcase classname="tests/features/folders/hooks/usePreviewRows.test.ts" name="usePreviewRows – successful query &gt; sets rows and loading=false after a successful query" time="0.0798745">
        </testcase>
        <testcase classname="tests/features/folders/hooks/usePreviewRows.test.ts" name="usePreviewRows – successful query &gt; calls runReadOnlyQuery with a properly quoted view name" time="0.0129256">
        </testcase>
        <testcase classname="tests/features/folders/hooks/usePreviewRows.test.ts" name="usePreviewRows – successful query &gt; falls back to empty array when query resolves with null" time="0.0780197">
        </testcase>
        <testcase classname="tests/features/folders/hooks/usePreviewRows.test.ts" name="usePreviewRows – successful query &gt; falls back to empty array when query resolves with undefined" time="0.0698977">
        </testcase>
        <testcase classname="tests/features/folders/hooks/usePreviewRows.test.ts" name="usePreviewRows – quoteIdent with embedded double-quotes &gt; escapes embedded double-quotes in the viewName" time="0.0151798">
        </testcase>
        <testcase classname="tests/features/folders/hooks/usePreviewRows.test.ts" name="usePreviewRows – error handling &gt; sets error.message when query rejects with an Error instance" time="0.0918615">
        </testcase>
        <testcase classname="tests/features/folders/hooks/usePreviewRows.test.ts" name="usePreviewRows – error handling &gt; sets fallback error string when query rejects with a non-Error value (string)" time="0.0888571">
        </testcase>
        <testcase classname="tests/features/folders/hooks/usePreviewRows.test.ts" name="usePreviewRows – error handling &gt; sets fallback error string when query rejects with a non-Error value (number)" time="0.0853894">
        </testcase>
        <testcase classname="tests/features/folders/hooks/usePreviewRows.test.ts" name="usePreviewRows – error handling &gt; sets fallback error string when query rejects with null" time="0.0604002">
        </testcase>
        <testcase classname="tests/features/folders/hooks/usePreviewRows.test.ts" name="usePreviewRows – limit parameter clamping &gt; uses the default limit of 20 rows when no limit is given" time="0.0124652">
        </testcase>
        <testcase classname="tests/features/folders/hooks/usePreviewRows.test.ts" name="usePreviewRows – limit parameter clamping &gt; clamps limit to 1 when given a value below 1 (e.g. 0)" time="0.0145227">
        </testcase>
        <testcase classname="tests/features/folders/hooks/usePreviewRows.test.ts" name="usePreviewRows – limit parameter clamping &gt; clamps limit to 1 when given a negative value" time="0.0085663">
        </testcase>
        <testcase classname="tests/features/folders/hooks/usePreviewRows.test.ts" name="usePreviewRows – limit parameter clamping &gt; clamps limit to 100 when given a value above 100" time="0.0114524">
        </testcase>
        <testcase classname="tests/features/folders/hooks/usePreviewRows.test.ts" name="usePreviewRows – limit parameter clamping &gt; floors a float limit (e.g. 7.9 → 7)" time="0.0170364">
        </testcase>
        <testcase classname="tests/features/folders/hooks/usePreviewRows.test.ts" name="usePreviewRows – limit parameter clamping &gt; uses an exact limit of 50 when within bounds" time="0.0066148">
        </testcase>
        <testcase classname="tests/features/folders/hooks/usePreviewRows.test.ts" name="usePreviewRows – stale request guard &gt; ignores a resolved response when a newer request has superseded it (then path)" time="0.0871231">
        </testcase>
        <testcase classname="tests/features/folders/hooks/usePreviewRows.test.ts" name="usePreviewRows – stale request guard &gt; ignores a rejected response when a newer request has superseded it (catch path)" time="0.0961332">
        </testcase>
        <testcase classname="tests/features/folders/hooks/usePreviewRows.test.ts" name="usePreviewRows – rerenders with same viewName &gt; refetches when limit changes while viewName remains constant" time="0.0342609">
        </testcase>
    </testsuite>
    <testsuite name="tests/features/desktop/core/app-registry.test.tsx" timestamp="2026-06-25T18:28:25.776Z" hostname="Desktop" tests="57" failures="0" errors="0" skipped="0" time="0.1922567">
        <testcase classname="tests/features/desktop/core/app-registry.test.tsx" name="DESKTOP_APPS &gt; is a non-empty array" time="0.0071982">
        </testcase>
        <testcase classname="tests/features/desktop/core/app-registry.test.tsx" name="DESKTOP_APPS &gt; contains exactly 29 app entries" time="0.0073109">
        </testcase>
        <testcase classname="tests/features/desktop/core/app-registry.test.tsx" name="DESKTOP_APPS &gt; every entry has a non-empty string id" time="0.0056219">
        </testcase>
        <testcase classname="tests/features/desktop/core/app-registry.test.tsx" name="DESKTOP_APPS &gt; every entry has a non-empty string title" time="0.0071246">
        </testcase>
        <testcase classname="tests/features/desktop/core/app-registry.test.tsx" name="DESKTOP_APPS &gt; every entry has a non-empty string blurb" time="0.0064235">
        </testcase>
        <testcase classname="tests/features/desktop/core/app-registry.test.tsx" name="DESKTOP_APPS &gt; every entry has an icon (function/component)" time="0.0098812">
        </testcase>
        <testcase classname="tests/features/desktop/core/app-registry.test.tsx" name="DESKTOP_APPS &gt; every hue is a number in [0, 360]" time="0.0283173">
        </testcase>
        <testcase classname="tests/features/desktop/core/app-registry.test.tsx" name="DESKTOP_APPS &gt; every defaultSize has positive integer w and h" time="0.0047118">
        </testcase>
        <testcase classname="tests/features/desktop/core/app-registry.test.tsx" name="DESKTOP_APPS &gt; all IDs are unique" time="0.0034295">
        </testcase>
        <testcase classname="tests/features/desktop/core/app-registry.test.tsx" name="DESKTOP_APPS &gt; contains all known required app IDs" time="0.0015696">
        </testcase>
        <testcase classname="tests/features/desktop/core/app-registry.test.tsx" name="DESKTOP_APPS &gt; every entry has either a Component or a route (but not necessarily both)" time="0.0050773">
        </testcase>
        <testcase classname="tests/features/desktop/core/app-registry.test.tsx" name="DESKTOP_APPS &gt; singleInstance is boolean or undefined when present" time="0.0012158">
        </testcase>
        <testcase classname="tests/features/desktop/core/app-registry.test.tsx" name="DESKTOP_APPS &gt; inLauncher is boolean or undefined when present" time="0.0017313">
        </testcase>
        <testcase classname="tests/features/desktop/core/app-registry.test.tsx" name="DESKTOP_APPS &gt; pinned is boolean or undefined when present" time="0.000679">
        </testcase>
        <testcase classname="tests/features/desktop/core/app-registry.test.tsx" name="individual app property contracts &gt; home is singleInstance, inLauncher, and pinned" time="0.0005335">
        </testcase>
        <testcase classname="tests/features/desktop/core/app-registry.test.tsx" name="individual app property contracts &gt; home has a Component (not a route)" time="0.0004626">
        </testcase>
        <testcase classname="tests/features/desktop/core/app-registry.test.tsx" name="individual app property contracts &gt; telecom uses a route instead of a Component" time="0.0003469">
        </testcase>
        <testcase classname="tests/features/desktop/core/app-registry.test.tsx" name="individual app property contracts &gt; recycle-bin has inLauncher set to false" time="0.0033672">
        </testcase>
        <testcase classname="tests/features/desktop/core/app-registry.test.tsx" name="individual app property contracts &gt; settings is singleInstance, inLauncher, and pinned" time="0.0006945">
        </testcase>
        <testcase classname="tests/features/desktop/core/app-registry.test.tsx" name="individual app property contracts &gt; commander is singleInstance and pinned" time="0.0005512">
        </testcase>
        <testcase classname="tests/features/desktop/core/app-registry.test.tsx" name="individual app property contracts &gt; moudir is singleInstance and pinned" time="0.0005565">
        </testcase>
        <testcase classname="tests/features/desktop/core/app-registry.test.tsx" name="individual app property contracts &gt; diagnostics is singleInstance" time="0.0008326">
        </testcase>
        <testcase classname="tests/features/desktop/core/app-registry.test.tsx" name="individual app property contracts &gt; telecom is singleInstance and inLauncher" time="0.0008259">
        </testcase>
        <testcase classname="tests/features/desktop/core/app-registry.test.tsx" name="individual app property contracts &gt; ai-briefing has no singleInstance (it is undefined)" time="0.0008047">
        </testcase>
        <testcase classname="tests/features/desktop/core/app-registry.test.tsx" name="individual app property contracts &gt; home defaultSize is 1100 x 760" time="0.0041518">
        </testcase>
        <testcase classname="tests/features/desktop/core/app-registry.test.tsx" name="individual app property contracts &gt; recycle-bin defaultSize is 620 x 540" time="0.000658">
        </testcase>
        <testcase classname="tests/features/desktop/core/app-registry.test.tsx" name="individual app property contracts &gt; telecom hue is 18" time="0.0004001">
        </testcase>
        <testcase classname="tests/features/desktop/core/app-registry.test.tsx" name="individual app property contracts &gt; moudir hue is 268" time="0.0009889">
        </testcase>
        <testcase classname="tests/features/desktop/core/app-registry.test.tsx" name="getApp &gt; returns the correct app for a known id" time="0.0005433">
        </testcase>
        <testcase classname="tests/features/desktop/core/app-registry.test.tsx" name="getApp &gt; returns undefined for an unknown id" time="0.0003191">
        </testcase>
        <testcase classname="tests/features/desktop/core/app-registry.test.tsx" name="getApp &gt; returns undefined for an empty string" time="0.0002567">
        </testcase>
        <testcase classname="tests/features/desktop/core/app-registry.test.tsx" name="getApp &gt; is case-sensitive (uppercase id is not found)" time="0.0001847">
        </testcase>
        <testcase classname="tests/features/desktop/core/app-registry.test.tsx" name="getApp &gt; returns each known app by id" time="0.0028337">
        </testcase>
        <testcase classname="tests/features/desktop/core/app-registry.test.tsx" name="getApp &gt; returns the telecom app with the correct route" time="0.0004657">
        </testcase>
        <testcase classname="tests/features/desktop/core/app-registry.test.tsx" name="getApp &gt; returned app object is the same reference as in DESKTOP_APPS" time="0.0003587">
        </testcase>
        <testcase classname="tests/features/desktop/core/app-registry.test.tsx" name="LAUNCHER_APPS &gt; is a subset of DESKTOP_APPS" time="0.0229931">
        </testcase>
        <testcase classname="tests/features/desktop/core/app-registry.test.tsx" name="LAUNCHER_APPS &gt; contains only apps where inLauncher !== false" time="0.002803">
        </testcase>
        <testcase classname="tests/features/desktop/core/app-registry.test.tsx" name="LAUNCHER_APPS &gt; excludes the recycle-bin app (inLauncher: false)" time="0.0006041">
        </testcase>
        <testcase classname="tests/features/desktop/core/app-registry.test.tsx" name="LAUNCHER_APPS &gt; includes the home app (inLauncher: true)" time="0.0004345">
        </testcase>
        <testcase classname="tests/features/desktop/core/app-registry.test.tsx" name="LAUNCHER_APPS &gt; includes the settings app (inLauncher: true)" time="0.0003535">
        </testcase>
        <testcase classname="tests/features/desktop/core/app-registry.test.tsx" name="LAUNCHER_APPS &gt; includes the telecom app" time="0.0026589">
        </testcase>
        <testcase classname="tests/features/desktop/core/app-registry.test.tsx" name="LAUNCHER_APPS &gt; has fewer entries than DESKTOP_APPS (recycle-bin is excluded)" time="0.0010119">
        </testcase>
        <testcase classname="tests/features/desktop/core/app-registry.test.tsx" name="LAUNCHER_APPS &gt; has exactly 28 entries (all apps minus recycle-bin)" time="0.0007087">
        </testcase>
        <testcase classname="tests/features/desktop/core/app-registry.test.tsx" name="PINNED_APPS &gt; is a subset of DESKTOP_APPS" time="0.0032455">
        </testcase>
        <testcase classname="tests/features/desktop/core/app-registry.test.tsx" name="PINNED_APPS &gt; contains only apps with pinned: true" time="0.000564">
        </testcase>
        <testcase classname="tests/features/desktop/core/app-registry.test.tsx" name="PINNED_APPS &gt; includes home (pinned: true)" time="0.0004187">
        </testcase>
        <testcase classname="tests/features/desktop/core/app-registry.test.tsx" name="PINNED_APPS &gt; includes settings (pinned: true)" time="0.0026917">
        </testcase>
        <testcase classname="tests/features/desktop/core/app-registry.test.tsx" name="PINNED_APPS &gt; includes moudir (pinned: true)" time="0.0006626">
        </testcase>
        <testcase classname="tests/features/desktop/core/app-registry.test.tsx" name="PINNED_APPS &gt; includes commander (pinned: true)" time="0.0004234">
        </testcase>
        <testcase classname="tests/features/desktop/core/app-registry.test.tsx" name="PINNED_APPS &gt; includes eye-tracking (pinned: true)" time="0.0022777">
        </testcase>
        <testcase classname="tests/features/desktop/core/app-registry.test.tsx" name="PINNED_APPS &gt; includes telecom (pinned: true)" time="0.0009007">
        </testcase>
        <testcase classname="tests/features/desktop/core/app-registry.test.tsx" name="PINNED_APPS &gt; does not include ai-briefing (pinned is not set)" time="0.0007504">
        </testcase>
        <testcase classname="tests/features/desktop/core/app-registry.test.tsx" name="PINNED_APPS &gt; does not include recycle-bin (not pinned)" time="0.0012346">
        </testcase>
        <testcase classname="tests/features/desktop/core/app-registry.test.tsx" name="PINNED_APPS &gt; has exactly 6 pinned apps" time="0.0005555">
        </testcase>
        <testcase classname="tests/features/desktop/core/app-registry.test.tsx" name="PINNED_APPS &gt; every pinned app is also in LAUNCHER_APPS or at least in DESKTOP_APPS" time="0.0017047">
        </testcase>
        <testcase classname="tests/features/desktop/core/app-registry.test.tsx" name="DesktopApp type shape at runtime &gt; every app has an id, title, blurb, icon, hue, and defaultSize" time="0.0059316">
        </testcase>
        <testcase classname="tests/features/desktop/core/app-registry.test.tsx" name="DesktopApp type shape at runtime &gt; optional keys (route, singleInstance, inLauncher, pinned, Component) are absent or typed correctly" time="0.0038306">
        </testcase>
    </testsuite>
    <testsuite name="tests/features/desktop/core/commands.test.ts" timestamp="2026-06-25T18:28:25.782Z" hostname="Desktop" tests="76" failures="0" errors="0" skipped="0" time="0.2553603">
        <testcase classname="tests/features/desktop/core/commands.test.ts" name="tryEvalMath — rejects non-math input &gt; returns null for an empty string" time="0.0122768">
        </testcase>
        <testcase classname="tests/features/desktop/core/commands.test.ts" name="tryEvalMath — rejects non-math input &gt; returns null for whitespace only" time="0.0009725">
        </testcase>
        <testcase classname="tests/features/desktop/core/commands.test.ts" name="tryEvalMath — rejects non-math input &gt; returns null for a lone &apos;=&apos; with nothing after it" time="0.000705">
        </testcase>
        <testcase classname="tests/features/desktop/core/commands.test.ts" name="tryEvalMath — rejects non-math input &gt; returns null for plain text" time="0.0009462">
        </testcase>
        <testcase classname="tests/features/desktop/core/commands.test.ts" name="tryEvalMath — rejects non-math input &gt; returns null for a bare number with no operator (not &apos;math noise&apos;)" time="0.0016401">
        </testcase>
        <testcase classname="tests/features/desktop/core/commands.test.ts" name="tryEvalMath — rejects non-math input &gt; returns null for a bare decimal with no operator" time="0.0004917">
        </testcase>
        <testcase classname="tests/features/desktop/core/commands.test.ts" name="tryEvalMath — rejects non-math input &gt; returns null when letters are mixed with digits" time="0.0003501">
        </testcase>
        <testcase classname="tests/features/desktop/core/commands.test.ts" name="tryEvalMath — rejects non-math input &gt; returns null when there are operators but no digit" time="0.0002594">
        </testcase>
        <testcase classname="tests/features/desktop/core/commands.test.ts" name="tryEvalMath — rejects non-math input &gt; returns null for a currency string with a comma decimal" time="0.0002961">
        </testcase>
        <testcase classname="tests/features/desktop/core/commands.test.ts" name="tryEvalMath — evaluates arithmetic &gt; adds two integers" time="0.0011128">
        </testcase>
        <testcase classname="tests/features/desktop/core/commands.test.ts" name="tryEvalMath — evaluates arithmetic &gt; strips a leading &apos;=&apos; prefix before evaluating" time="0.0006067">
        </testcase>
        <testcase classname="tests/features/desktop/core/commands.test.ts" name="tryEvalMath — evaluates arithmetic &gt; strips &apos;=&apos; even with no space after it" time="0.0003769">
        </testcase>
        <testcase classname="tests/features/desktop/core/commands.test.ts" name="tryEvalMath — evaluates arithmetic &gt; honors multiplication-over-addition precedence" time="0.000299">
        </testcase>
        <testcase classname="tests/features/desktop/core/commands.test.ts" name="tryEvalMath — evaluates arithmetic &gt; respects parentheses overriding precedence" time="0.0002766">
        </testcase>
        <testcase classname="tests/features/desktop/core/commands.test.ts" name="tryEvalMath — evaluates arithmetic &gt; evaluates nested parentheses" time="0.0002825">
        </testcase>
        <testcase classname="tests/features/desktop/core/commands.test.ts" name="tryEvalMath — evaluates arithmetic &gt; computes a decimal result" time="0.0027473">
        </testcase>
        <testcase classname="tests/features/desktop/core/commands.test.ts" name="tryEvalMath — evaluates arithmetic &gt; supports the modulo operator" time="0.0094088">
        </testcase>
        <testcase classname="tests/features/desktop/core/commands.test.ts" name="tryEvalMath — evaluates arithmetic &gt; evaluates left-to-right for equal precedence" time="0.000622">
        </testcase>
        <testcase classname="tests/features/desktop/core/commands.test.ts" name="tryEvalMath — evaluates arithmetic &gt; evaluates a decimal-leading token like .5" time="0.0010508">
        </testcase>
        <testcase classname="tests/features/desktop/core/commands.test.ts" name="tryEvalMath — unary plus/minus handling &gt; treats a leading minus as unary (0 - x)" time="0.0006579">
        </testcase>
        <testcase classname="tests/features/desktop/core/commands.test.ts" name="tryEvalMath — unary plus/minus handling &gt; treats a leading plus as unary (0 + x)" time="0.0003867">
        </testcase>
        <testcase classname="tests/features/desktop/core/commands.test.ts" name="tryEvalMath — unary plus/minus handling &gt; mishandles a unary minus right after a higher-precedence operator (BUG)" time="0.0003607">
        </testcase>
        <testcase classname="tests/features/desktop/core/commands.test.ts" name="tryEvalMath — unary plus/minus handling &gt; also mishandles unary minus after &apos;/&apos; for the same reason (BUG)" time="0.0003204">
        </testcase>
        <testcase classname="tests/features/desktop/core/commands.test.ts" name="tryEvalMath — unary plus/minus handling &gt; handles a unary minus right after an open paren" time="0.0002727">
        </testcase>
        <testcase classname="tests/features/desktop/core/commands.test.ts" name="tryEvalMath — unary plus/minus handling &gt; evaluates a lone &apos;-3&apos; (operator present, digit present, unary applied)" time="0.0029331">
        </testcase>
        <testcase classname="tests/features/desktop/core/commands.test.ts" name="tryEvalMath — error conditions return null &gt; returns null on division by zero" time="0.0038175">
        </testcase>
        <testcase classname="tests/features/desktop/core/commands.test.ts" name="tryEvalMath — error conditions return null &gt; returns null on modulo by zero" time="0.000522">
        </testcase>
        <testcase classname="tests/features/desktop/core/commands.test.ts" name="tryEvalMath — error conditions return null &gt; returns null for an unbalanced closing paren" time="0.0003049">
        </testcase>
        <testcase classname="tests/features/desktop/core/commands.test.ts" name="tryEvalMath — error conditions return null &gt; returns null for an unbalanced opening structure &apos;)&apos;" time="0.0002576">
        </testcase>
        <testcase classname="tests/features/desktop/core/commands.test.ts" name="tryEvalMath — error conditions return null &gt; returns null when an operator is missing an operand" time="0.0012514">
        </testcase>
        <testcase classname="tests/features/desktop/core/commands.test.ts" name="tryEvalMath — error conditions return null &gt; returns null for two adjacent operators that cannot reduce" time="0.0007002">
        </testcase>
        <testcase classname="tests/features/desktop/core/commands.test.ts" name="tryEvalMath — error conditions return null &gt; returns null for empty parentheses" time="0.0003712">
        </testcase>
        <testcase classname="tests/features/desktop/core/commands.test.ts" name="tryEvalMath — error conditions return null &gt; does not divide by zero when zero is produced mid-expression" time="0.000299">
        </testcase>
        <testcase classname="tests/features/desktop/core/commands.test.ts" name="resolveCommands — empty query &gt; returns the launcher apps plus a Moudir hint and no math/dataset/appearance" time="0.0041078">
        </testcase>
        <testcase classname="tests/features/desktop/core/commands.test.ts" name="resolveCommands — empty query &gt; offers the gentle &apos;moudir-hint&apos; (not the ask form) on empty query" time="0.0037132">
        </testcase>
        <testcase classname="tests/features/desktop/core/commands.test.ts" name="resolveCommands — empty query &gt; preserves registry order for app scores on empty query (first app scores highest)" time="0.0006844">
        </testcase>
        <testcase classname="tests/features/desktop/core/commands.test.ts" name="resolveCommands — empty query &gt; treats a whitespace-only query the same as empty (trimmed)" time="0.0041392">
        </testcase>
        <testcase classname="tests/features/desktop/core/commands.test.ts" name="resolveCommands — empty query &gt; includes datasets on an empty query at the fixed score 30 (no fuzzy gate)" time="0.0717005">
        </testcase>
        <testcase classname="tests/features/desktop/core/commands.test.ts" name="resolveCommands — calculator &gt; emits a math result with the highest score for a pure math query" time="0.0032699">
        </testcase>
        <testcase classname="tests/features/desktop/core/commands.test.ts" name="resolveCommands — calculator &gt; formats the result in the French locale in the title" time="0.0042691">
        </testcase>
        <testcase classname="tests/features/desktop/core/commands.test.ts" name="resolveCommands — calculator &gt; does not emit a math result for non-math text" time="0.0004638">
        </testcase>
        <testcase classname="tests/features/desktop/core/commands.test.ts" name="resolveCommands — calculator &gt; run() copies the formatted value to the clipboard when available" time="0.0127488">
        </testcase>
        <testcase classname="tests/features/desktop/core/commands.test.ts" name="resolveCommands — calculator &gt; run() does not throw when clipboard is unavailable" time="0.0125144">
        </testcase>
        <testcase classname="tests/features/desktop/core/commands.test.ts" name="resolveCommands — app launches &gt; fuzzy-matches an app by title" time="0.0050778">
        </testcase>
        <testcase classname="tests/features/desktop/core/commands.test.ts" name="resolveCommands — app launches &gt; matches an app by its blurb when the title does not match" time="0.0004896">
        </testcase>
        <testcase classname="tests/features/desktop/core/commands.test.ts" name="resolveCommands — app launches &gt; excludes apps with no fuzzy match for a specific term" time="0.0003552">
        </testcase>
        <testcase classname="tests/features/desktop/core/commands.test.ts" name="resolveCommands — app launches &gt; scores matched apps at 2000+ (above the Moudir fallback when strong)" time="0.000459">
        </testcase>
        <testcase classname="tests/features/desktop/core/commands.test.ts" name="resolveCommands — app launches &gt; run() dispatches a desktop:open-app CustomEvent with the app id" time="0.0053165">
        </testcase>
        <testcase classname="tests/features/desktop/core/commands.test.ts" name="resolveCommands — recent datasets &gt; matches a dataset by name and tags it as kind &apos;dataset&apos;" time="0.0014576">
        </testcase>
        <testcase classname="tests/features/desktop/core/commands.test.ts" name="resolveCommands — recent datasets &gt; builds a French-formatted subtitle with row/column counts" time="0.007796">
        </testcase>
        <testcase classname="tests/features/desktop/core/commands.test.ts" name="resolveCommands — recent datasets &gt; excludes non-matching datasets for a specific term" time="0.001619">
        </testcase>
        <testcase classname="tests/features/desktop/core/commands.test.ts" name="resolveCommands — recent datasets &gt; sorts recent datasets by updatedAt descending and caps at 6" time="0.0012721">
        </testcase>
        <testcase classname="tests/features/desktop/core/commands.test.ts" name="resolveCommands — recent datasets &gt; run() activates the dataset and opens the data-browser with its id" time="0.0023429">
        </testcase>
        <testcase classname="tests/features/desktop/core/commands.test.ts" name="resolveCommands — wallpaper &gt; surfaces wallpaper commands when the query mentions &apos;fond&apos;" time="0.0017374">
        </testcase>
        <testcase classname="tests/features/desktop/core/commands.test.ts" name="resolveCommands — wallpaper &gt; matches a wallpaper by its label keyword (&apos;encre&apos;)" time="0.0030546">
        </testcase>
        <testcase classname="tests/features/desktop/core/commands.test.ts" name="resolveCommands — wallpaper &gt; does NOT surface wallpaper commands for an unrelated query" time="0.0008717">
        </testcase>
        <testcase classname="tests/features/desktop/core/commands.test.ts" name="resolveCommands — wallpaper &gt; run() calls setWallpaper with the wallpaper id" time="0.001403">
        </testcase>
        <testcase classname="tests/features/desktop/core/commands.test.ts" name="resolveCommands — glass palette &gt; surfaces palette commands when the query mentions &apos;palette&apos;" time="0.0022028">
        </testcase>
        <testcase classname="tests/features/desktop/core/commands.test.ts" name="resolveCommands — glass palette &gt; gates palette results on the &apos;couleur&apos; keyword (block runs) but still requires a fuzzy label hit" time="0.0035724">
        </testcase>
        <testcase classname="tests/features/desktop/core/commands.test.ts" name="resolveCommands — glass palette &gt; matches the &apos;Azur&apos; palette when the label itself is a subsequence of the term" time="0.00236">
        </testcase>
        <testcase classname="tests/features/desktop/core/commands.test.ts" name="resolveCommands — glass palette &gt; does NOT surface palette commands for an unrelated query" time="0.0034687">
        </testcase>
        <testcase classname="tests/features/desktop/core/commands.test.ts" name="resolveCommands — glass palette &gt; run() calls setGlassPalette with the palette id" time="0.0014947">
        </testcase>
        <testcase classname="tests/features/desktop/core/commands.test.ts" name="resolveCommands — export report &gt; surfaces the export command on the &apos;export&apos; keyword" time="0.0011489">
        </testcase>
        <testcase classname="tests/features/desktop/core/commands.test.ts" name="resolveCommands — export report &gt; surfaces the export command on the &apos;rapport&apos; keyword" time="0.0024349">
        </testcase>
        <testcase classname="tests/features/desktop/core/commands.test.ts" name="resolveCommands — export report &gt; surfaces the export command on the &apos;pdf&apos; keyword" time="0.0007423">
        </testcase>
        <testcase classname="tests/features/desktop/core/commands.test.ts" name="resolveCommands — export report &gt; does NOT surface the export command for an unrelated query" time="0.0004162">
        </testcase>
        <testcase classname="tests/features/desktop/core/commands.test.ts" name="resolveCommands — export report &gt; run() opens report-studio with the export intent" time="0.0008802">
        </testcase>
        <testcase classname="tests/features/desktop/core/commands.test.ts" name="resolveCommands — Moudir fallback &gt; always offers a Moudir ask for any non-empty text query" time="0.0026986">
        </testcase>
        <testcase classname="tests/features/desktop/core/commands.test.ts" name="resolveCommands — Moudir fallback &gt; ranks Moudir LOW (800) when a strong app match exists" time="0.000766">
        </testcase>
        <testcase classname="tests/features/desktop/core/commands.test.ts" name="resolveCommands — Moudir fallback &gt; floats Moudir HIGH (2500) when nothing strong matched" time="0.0005624">
        </testcase>
        <testcase classname="tests/features/desktop/core/commands.test.ts" name="resolveCommands — Moudir fallback &gt; run() opens Moudir then dispatches a moudir:ask event with the prompt" time="0.0138904">
        </testcase>
        <testcase classname="tests/features/desktop/core/commands.test.ts" name="resolveCommands — sorting and MAX_RESULTS cap &gt; returns results sorted by score descending" time="0.0015071">
        </testcase>
        <testcase classname="tests/features/desktop/core/commands.test.ts" name="resolveCommands — sorting and MAX_RESULTS cap &gt; never returns more than 8 results (MAX_RESULTS)" time="0.0014172">
        </testcase>
        <testcase classname="tests/features/desktop/core/commands.test.ts" name="resolveCommands — sorting and MAX_RESULTS cap &gt; places the calculator result first when math + other intents coexist" time="0.0009918">
        </testcase>
        <testcase classname="tests/features/desktop/core/commands.test.ts" name="resolveCommands — result invariants &gt; gives every result a stable id, a numeric score, and a run() function" time="0.0013005">
        </testcase>
        <testcase classname="tests/features/desktop/core/commands.test.ts" name="resolveCommands — result invariants &gt; produces unique ids across a mixed result set" time="0.0005524">
        </testcase>
    </testsuite>
    <testsuite name="tests/features/desktop/core/context-bus.test.ts" timestamp="2026-06-25T18:28:25.791Z" hostname="Desktop" tests="31" failures="0" errors="0" skipped="0" time="0.2670302">
        <testcase classname="tests/features/desktop/core/context-bus.test.ts" name="useContextBus — initial state &gt; starts with an empty selection (kind: null)" time="0.0473035">
        </testcase>
        <testcase classname="tests/features/desktop/core/context-bus.test.ts" name="useContextBus — initial state &gt; starts with a null cross-filter" time="0.0023235">
        </testcase>
        <testcase classname="tests/features/desktop/core/context-bus.test.ts" name="useContextBus — initial state &gt; exposes the four action functions on the initial state" time="0.0090754">
        </testcase>
        <testcase classname="tests/features/desktop/core/context-bus.test.ts" name="setSelection &gt; replaces the selection with a dataset selection" time="0.0008959">
        </testcase>
        <testcase classname="tests/features/desktop/core/context-bus.test.ts" name="setSelection &gt; replaces the selection with a chart selection including meta" time="0.001478">
        </testcase>
        <testcase classname="tests/features/desktop/core/context-bus.test.ts" name="setSelection &gt; accepts all DesktopSelectionKind values" time="0.0022009">
        </testcase>
        <testcase classname="tests/features/desktop/core/context-bus.test.ts" name="setSelection &gt; accepts a null kind (no-selection object form)" time="0.0010478">
        </testcase>
        <testcase classname="tests/features/desktop/core/context-bus.test.ts" name="setSelection &gt; replaces a previous selection entirely" time="0.0245877">
        </testcase>
        <testcase classname="tests/features/desktop/core/context-bus.test.ts" name="clearSelection &gt; resets selection to { kind: null } when already empty" time="0.0007101">
        </testcase>
        <testcase classname="tests/features/desktop/core/context-bus.test.ts" name="clearSelection &gt; resets a non-empty selection back to the empty sentinel" time="0.0008938">
        </testcase>
        <testcase classname="tests/features/desktop/core/context-bus.test.ts" name="clearSelection &gt; produces an object equal to the initial EMPTY_SELECTION sentinel" time="0.0013845">
        </testcase>
        <testcase classname="tests/features/desktop/core/context-bus.test.ts" name="setCrossFilter &gt; sets a dimension/value filter" time="0.0010241">
        </testcase>
        <testcase classname="tests/features/desktop/core/context-bus.test.ts" name="setCrossFilter &gt; replaces a previous cross-filter with a new one" time="0.0004817">
        </testcase>
        <testcase classname="tests/features/desktop/core/context-bus.test.ts" name="setCrossFilter &gt; accepts null to clear the filter directly via setCrossFilter" time="0.0004486">
        </testcase>
        <testcase classname="tests/features/desktop/core/context-bus.test.ts" name="clearCrossFilter &gt; resets cross-filter to null when already null" time="0.0004235">
        </testcase>
        <testcase classname="tests/features/desktop/core/context-bus.test.ts" name="clearCrossFilter &gt; removes an active cross-filter" time="0.0004015">
        </testcase>
        <testcase classname="tests/features/desktop/core/context-bus.test.ts" name="useSelection hook &gt; returns the current selection (initially empty)" time="0.0629213">
        </testcase>
        <testcase classname="tests/features/desktop/core/context-bus.test.ts" name="useSelection hook &gt; reflects updates made via setSelection" time="0.0242428">
        </testcase>
        <testcase classname="tests/features/desktop/core/context-bus.test.ts" name="useSelection hook &gt; reflects clearSelection returning the empty sentinel" time="0.007766">
        </testcase>
        <testcase classname="tests/features/desktop/core/context-bus.test.ts" name="useCrossFilter hook &gt; returns null initially (no active filter)" time="0.0030631">
        </testcase>
        <testcase classname="tests/features/desktop/core/context-bus.test.ts" name="useCrossFilter hook &gt; reflects a cross-filter set via setCrossFilter" time="0.0061731">
        </testcase>
        <testcase classname="tests/features/desktop/core/context-bus.test.ts" name="useCrossFilter hook &gt; returns null again after clearCrossFilter" time="0.0029158">
        </testcase>
        <testcase classname="tests/features/desktop/core/context-bus.test.ts" name="useContextBusActions hook &gt; returns an object with all four action functions" time="0.003492">
        </testcase>
        <testcase classname="tests/features/desktop/core/context-bus.test.ts" name="useContextBusActions hook &gt; setSelection from actions updates the store" time="0.0067377">
        </testcase>
        <testcase classname="tests/features/desktop/core/context-bus.test.ts" name="useContextBusActions hook &gt; clearSelection from actions resets to the empty sentinel" time="0.0035267">
        </testcase>
        <testcase classname="tests/features/desktop/core/context-bus.test.ts" name="useContextBusActions hook &gt; setCrossFilter from actions updates the store" time="0.002536">
        </testcase>
        <testcase classname="tests/features/desktop/core/context-bus.test.ts" name="useContextBusActions hook &gt; clearCrossFilter from actions removes the active filter" time="0.0051866">
        </testcase>
        <testcase classname="tests/features/desktop/core/context-bus.test.ts" name="useContextBusActions hook &gt; action references remain stable across store updates (useShallow)" time="0.003457">
        </testcase>
        <testcase classname="tests/features/desktop/core/context-bus.test.ts" name="integration — concurrent hook subscribers &gt; useSelection and useContextBusActions observe the same store" time="0.0069506">
        </testcase>
        <testcase classname="tests/features/desktop/core/context-bus.test.ts" name="integration — concurrent hook subscribers &gt; useCrossFilter and useContextBusActions observe the same store" time="0.0193895">
        </testcase>
        <testcase classname="tests/features/desktop/core/context-bus.test.ts" name="integration — concurrent hook subscribers &gt; clearSelection via actions is reflected in useSelection" time="0.0041163">
        </testcase>
    </testsuite>
    <testsuite name="tests/features/desktop/core/data-context-menus.test.ts" timestamp="2026-06-25T18:28:25.795Z" hostname="Desktop" tests="98" failures="0" errors="0" skipped="0" time="0.1273662">
        <testcase classname="tests/features/desktop/core/data-context-menus.test.ts" name="buildDatasetMenu — structure &gt; returns an array" time="0.0043658">
        </testcase>
        <testcase classname="tests/features/desktop/core/data-context-menus.test.ts" name="buildDatasetMenu — structure &gt; returns an empty array when no actions are provided" time="0.0023683">
        </testcase>
        <testcase classname="tests/features/desktop/core/data-context-menus.test.ts" name="buildDatasetMenu — structure &gt; never starts with a separator" time="0.0008305">
        </testcase>
        <testcase classname="tests/features/desktop/core/data-context-menus.test.ts" name="buildDatasetMenu — structure &gt; never ends with a trailing separator" time="0.0007628">
        </testcase>
        <testcase classname="tests/features/desktop/core/data-context-menus.test.ts" name="buildDatasetMenu — structure &gt; never emits two consecutive separators" time="0.0007146">
        </testcase>
        <testcase classname="tests/features/desktop/core/data-context-menus.test.ts" name="buildDatasetMenu — all actions wired &gt; includes &apos;Ouvrir dans l&apos;explorateur&apos; when openApp is provided" time="0.0012799">
        </testcase>
        <testcase classname="tests/features/desktop/core/data-context-menus.test.ts" name="buildDatasetMenu — all actions wired &gt; clicking &apos;Ouvrir dans l&apos;explorateur&apos; calls openApp with data-browser and datasetId" time="0.0042474">
        </testcase>
        <testcase classname="tests/features/desktop/core/data-context-menus.test.ts" name="buildDatasetMenu — all actions wired &gt; includes &apos;Ouvrir dans Télécom&apos; when openApp is provided" time="0.0012111">
        </testcase>
        <testcase classname="tests/features/desktop/core/data-context-menus.test.ts" name="buildDatasetMenu — all actions wired &gt; clicking &apos;Ouvrir dans Télécom&apos; calls openApp with telecom and datasetId" time="0.0012089">
        </testcase>
        <testcase classname="tests/features/desktop/core/data-context-menus.test.ts" name="buildDatasetMenu — all actions wired &gt; includes &apos;Définir comme jeu de données actif&apos; when setActiveDataset is provided" time="0.000664">
        </testcase>
        <testcase classname="tests/features/desktop/core/data-context-menus.test.ts" name="buildDatasetMenu — all actions wired &gt; clicking &apos;Définir comme jeu de données actif&apos; calls setActiveDataset with the dataset id" time="0.0007043">
        </testcase>
        <testcase classname="tests/features/desktop/core/data-context-menus.test.ts" name="buildDatasetMenu — all actions wired &gt; includes &apos;Sélectionner pour l&apos;inspecteur&apos; when setSelection is provided" time="0.0005368">
        </testcase>
        <testcase classname="tests/features/desktop/core/data-context-menus.test.ts" name="buildDatasetMenu — all actions wired &gt; clicking &apos;Sélectionner pour l&apos;inspecteur&apos; calls setSelection with dataset kind/id/label" time="0.0009475">
        </testcase>
        <testcase classname="tests/features/desktop/core/data-context-menus.test.ts" name="buildDatasetMenu — all actions wired &gt; includes &apos;Analyser avec Moudir&apos; when askMoudir is provided" time="0.0005269">
        </testcase>
        <testcase classname="tests/features/desktop/core/data-context-menus.test.ts" name="buildDatasetMenu — all actions wired &gt; clicking &apos;Analyser avec Moudir&apos; calls askMoudir with the dataset name interpolated" time="0.0006688">
        </testcase>
        <testcase classname="tests/features/desktop/core/data-context-menus.test.ts" name="buildDatasetMenu — all actions wired &gt; includes &apos;Prévoir les tendances&apos; when openApp is provided" time="0.000904">
        </testcase>
        <testcase classname="tests/features/desktop/core/data-context-menus.test.ts" name="buildDatasetMenu — all actions wired &gt; clicking &apos;Prévoir les tendances&apos; calls openApp with forecast and datasetId" time="0.0010169">
        </testcase>
        <testcase classname="tests/features/desktop/core/data-context-menus.test.ts" name="buildDatasetMenu — all actions wired &gt; includes &apos;Générer un rapport&apos; when openApp is provided" time="0.0005426">
        </testcase>
        <testcase classname="tests/features/desktop/core/data-context-menus.test.ts" name="buildDatasetMenu — all actions wired &gt; clicking &apos;Générer un rapport&apos; calls openApp with report-studio and datasetId" time="0.0009506">
        </testcase>
        <testcase classname="tests/features/desktop/core/data-context-menus.test.ts" name="buildDatasetMenu — all actions wired &gt; contains a separator between the open-actions and the active/selection actions" time="0.0006215">
        </testcase>
        <testcase classname="tests/features/desktop/core/data-context-menus.test.ts" name="buildDatasetMenu — partial actions &gt; omits openApp entries when openApp is not provided" time="0.0005971">
        </testcase>
        <testcase classname="tests/features/desktop/core/data-context-menus.test.ts" name="buildDatasetMenu — partial actions &gt; omits setActiveDataset entry when setActiveDataset is not provided" time="0.0004017">
        </testcase>
        <testcase classname="tests/features/desktop/core/data-context-menus.test.ts" name="buildDatasetMenu — partial actions &gt; omits askMoudir entries when askMoudir is not provided" time="0.0003671">
        </testcase>
        <testcase classname="tests/features/desktop/core/data-context-menus.test.ts" name="buildDatasetMenu — partial actions &gt; omits setSelection entry when setSelection is not provided" time="0.0003605">
        </testcase>
        <testcase classname="tests/features/desktop/core/data-context-menus.test.ts" name="buildDatasetMenu — partial actions &gt; returns only the items for the provided actions (setActiveDataset only)" time="0.000515">
        </testcase>
        <testcase classname="tests/features/desktop/core/data-context-menus.test.ts" name="buildFolderMenu — structure &gt; returns an empty array when no actions are provided" time="0.0006829">
        </testcase>
        <testcase classname="tests/features/desktop/core/data-context-menus.test.ts" name="buildFolderMenu — structure &gt; never starts with a separator" time="0.0007557">
        </testcase>
        <testcase classname="tests/features/desktop/core/data-context-menus.test.ts" name="buildFolderMenu — structure &gt; never ends with a trailing separator" time="0.000522">
        </testcase>
        <testcase classname="tests/features/desktop/core/data-context-menus.test.ts" name="buildFolderMenu — structure &gt; never emits two consecutive separators" time="0.0004707">
        </testcase>
        <testcase classname="tests/features/desktop/core/data-context-menus.test.ts" name="buildFolderMenu — all actions wired &gt; includes &apos;Ouvrir le dossier&apos; when openApp is provided" time="0.0009205">
        </testcase>
        <testcase classname="tests/features/desktop/core/data-context-menus.test.ts" name="buildFolderMenu — all actions wired &gt; clicking &apos;Ouvrir le dossier&apos; calls openApp with folders and initialFolderId" time="0.0008934">
        </testcase>
        <testcase classname="tests/features/desktop/core/data-context-menus.test.ts" name="buildFolderMenu — all actions wired &gt; includes &apos;Ouvrir dans une nouvelle fenêtre&apos; when openApp is provided" time="0.0005238">
        </testcase>
        <testcase classname="tests/features/desktop/core/data-context-menus.test.ts" name="buildFolderMenu — all actions wired &gt; clicking &apos;Ouvrir dans une nouvelle fenêtre&apos; calls openApp with forceNew: true" time="0.0011048">
        </testcase>
        <testcase classname="tests/features/desktop/core/data-context-menus.test.ts" name="buildFolderMenu — all actions wired &gt; includes &apos;Sélectionner pour l&apos;inspecteur&apos; when setSelection is provided" time="0.0005531">
        </testcase>
        <testcase classname="tests/features/desktop/core/data-context-menus.test.ts" name="buildFolderMenu — all actions wired &gt; clicking &apos;Sélectionner pour l&apos;inspecteur&apos; calls setSelection with folder kind/id/label" time="0.0007477">
        </testcase>
        <testcase classname="tests/features/desktop/core/data-context-menus.test.ts" name="buildFolderMenu — all actions wired &gt; includes &apos;Résumer ce dossier&apos; when askMoudir is provided" time="0.0008764">
        </testcase>
        <testcase classname="tests/features/desktop/core/data-context-menus.test.ts" name="buildFolderMenu — all actions wired &gt; clicking &apos;Résumer ce dossier&apos; calls askMoudir with the folder name interpolated" time="0.0006982">
        </testcase>
        <testcase classname="tests/features/desktop/core/data-context-menus.test.ts" name="buildFolderMenu — partial actions &gt; omits openApp entries when openApp is not provided" time="0.0004778">
        </testcase>
        <testcase classname="tests/features/desktop/core/data-context-menus.test.ts" name="buildFolderMenu — partial actions &gt; omits askMoudir entry when askMoudir is not provided" time="0.000375">
        </testcase>
        <testcase classname="tests/features/desktop/core/data-context-menus.test.ts" name="buildFolderMenu — partial actions &gt; omits setSelection entry when setSelection is not provided" time="0.0003168">
        </testcase>
        <testcase classname="tests/features/desktop/core/data-context-menus.test.ts" name="buildChartMenu — structure &gt; returns an empty array when no actions are provided" time="0.0008034">
        </testcase>
        <testcase classname="tests/features/desktop/core/data-context-menus.test.ts" name="buildChartMenu — structure &gt; never starts with a separator" time="0.000521">
        </testcase>
        <testcase classname="tests/features/desktop/core/data-context-menus.test.ts" name="buildChartMenu — structure &gt; never ends with a trailing separator" time="0.0004703">
        </testcase>
        <testcase classname="tests/features/desktop/core/data-context-menus.test.ts" name="buildChartMenu — structure &gt; never emits two consecutive separators" time="0.0005657">
        </testcase>
        <testcase classname="tests/features/desktop/core/data-context-menus.test.ts" name="buildChartMenu — title fallback &gt; uses &apos;Graphique&apos; as the title when ctx.title is undefined" time="0.0033527">
        </testcase>
        <testcase classname="tests/features/desktop/core/data-context-menus.test.ts" name="buildChartMenu — title fallback &gt; uses &apos;Graphique&apos; as the title when ctx.title is blank/whitespace" time="0.0009463">
        </testcase>
        <testcase classname="tests/features/desktop/core/data-context-menus.test.ts" name="buildChartMenu — title fallback &gt; trims a padded title" time="0.0156316">
        </testcase>
        <testcase classname="tests/features/desktop/core/data-context-menus.test.ts" name="buildChartMenu — pin snapshot &gt; includes &apos;Épingler sur le bureau&apos; when pinSnapshot + html are provided" time="0.0008206">
        </testcase>
        <testcase classname="tests/features/desktop/core/data-context-menus.test.ts" name="buildChartMenu — pin snapshot &gt; omits &apos;Épingler sur le bureau&apos; when html and image are both absent" time="0.0010421">
        </testcase>
        <testcase classname="tests/features/desktop/core/data-context-menus.test.ts" name="buildChartMenu — pin snapshot &gt; omits &apos;Épingler sur le bureau&apos; when pinSnapshot is not provided" time="0.0005955">
        </testcase>
        <testcase classname="tests/features/desktop/core/data-context-menus.test.ts" name="buildChartMenu — pin snapshot &gt; clicking pin with html calls pinSnapshot with kind=&apos;chart&apos;" time="0.0027116">
        </testcase>
        <testcase classname="tests/features/desktop/core/data-context-menus.test.ts" name="buildChartMenu — pin snapshot &gt; clicking pin with image calls pinSnapshot with kind=&apos;image&apos;" time="0.0059687">
        </testcase>
        <testcase classname="tests/features/desktop/core/data-context-menus.test.ts" name="buildChartMenu — pin snapshot &gt; uses &apos;data-browser&apos; as default appId when ctx.appId is not provided" time="0.0014585">
        </testcase>
        <testcase classname="tests/features/desktop/core/data-context-menus.test.ts" name="buildChartMenu — selection &gt; includes &apos;Sélectionner pour l&apos;inspecteur&apos; when setSelection is provided" time="0.000809">
        </testcase>
        <testcase classname="tests/features/desktop/core/data-context-menus.test.ts" name="buildChartMenu — selection &gt; clicking selection calls setSelection with chart kind, id, label, and meta.datasetId" time="0.001097">
        </testcase>
        <testcase classname="tests/features/desktop/core/data-context-menus.test.ts" name="buildChartMenu — cross-filter &gt; includes cross-filter entry when dimension + value + setCrossFilter are present" time="0.0015482">
        </testcase>
        <testcase classname="tests/features/desktop/core/data-context-menus.test.ts" name="buildChartMenu — cross-filter &gt; omits cross-filter entry when dimension is missing" time="0.0034872">
        </testcase>
        <testcase classname="tests/features/desktop/core/data-context-menus.test.ts" name="buildChartMenu — cross-filter &gt; omits cross-filter entry when value is missing" time="0.0006233">
        </testcase>
        <testcase classname="tests/features/desktop/core/data-context-menus.test.ts" name="buildChartMenu — cross-filter &gt; omits cross-filter entry when setCrossFilter is not provided" time="0.0005169">
        </testcase>
        <testcase classname="tests/features/desktop/core/data-context-menus.test.ts" name="buildChartMenu — cross-filter &gt; clicking cross-filter calls setCrossFilter with dimension and value" time="0.0008096">
        </testcase>
        <testcase classname="tests/features/desktop/core/data-context-menus.test.ts" name="buildChartMenu — cross-filter &gt; includes &apos;Réinitialiser le filtre du bureau&apos; when clearCrossFilter is provided" time="0.0006056">
        </testcase>
        <testcase classname="tests/features/desktop/core/data-context-menus.test.ts" name="buildChartMenu — cross-filter &gt; omits &apos;Réinitialiser le filtre du bureau&apos; when clearCrossFilter is not provided" time="0.0005798">
        </testcase>
        <testcase classname="tests/features/desktop/core/data-context-menus.test.ts" name="buildChartMenu — cross-filter &gt; clicking &apos;Réinitialiser le filtre du bureau&apos; calls clearCrossFilter" time="0.0047326">
        </testcase>
        <testcase classname="tests/features/desktop/core/data-context-menus.test.ts" name="buildChartMenu — askMoudir &gt; includes &apos;Expliquer ce graphique&apos; when askMoudir is provided" time="0.0009179">
        </testcase>
        <testcase classname="tests/features/desktop/core/data-context-menus.test.ts" name="buildChartMenu — askMoudir &gt; prompt without filter: does not mention dimension=value" time="0.000939">
        </testcase>
        <testcase classname="tests/features/desktop/core/data-context-menus.test.ts" name="buildChartMenu — askMoudir &gt; prompt with filter: includes dimension and value in the prompt" time="0.0006623">
        </testcase>
        <testcase classname="tests/features/desktop/core/data-context-menus.test.ts" name="buildChartMenu — open source dataset &gt; includes &apos;Ouvrir le jeu de données source&apos; when openApp + datasetId are present" time="0.0006815">
        </testcase>
        <testcase classname="tests/features/desktop/core/data-context-menus.test.ts" name="buildChartMenu — open source dataset &gt; omits &apos;Ouvrir le jeu de données source&apos; when datasetId is absent" time="0.0005835">
        </testcase>
        <testcase classname="tests/features/desktop/core/data-context-menus.test.ts" name="buildChartMenu — open source dataset &gt; omits &apos;Ouvrir le jeu de données source&apos; when openApp is absent" time="0.0004314">
        </testcase>
        <testcase classname="tests/features/desktop/core/data-context-menus.test.ts" name="buildChartMenu — open source dataset &gt; clicking it calls openApp with data-browser and the datasetId" time="0.0007762">
        </testcase>
        <testcase classname="tests/features/desktop/core/data-context-menus.test.ts" name="buildKpiMenu — structure &gt; returns an empty array when no actions are provided" time="0.0007293">
        </testcase>
        <testcase classname="tests/features/desktop/core/data-context-menus.test.ts" name="buildKpiMenu — structure &gt; never starts with a separator" time="0.0013308">
        </testcase>
        <testcase classname="tests/features/desktop/core/data-context-menus.test.ts" name="buildKpiMenu — structure &gt; never ends with a trailing separator" time="0.0007049">
        </testcase>
        <testcase classname="tests/features/desktop/core/data-context-menus.test.ts" name="buildKpiMenu — structure &gt; never emits two consecutive separators" time="0.00065">
        </testcase>
        <testcase classname="tests/features/desktop/core/data-context-menus.test.ts" name="buildKpiMenu — addWidget &gt; includes &apos;Ajouter comme widget de bureau&apos; when addWidget is provided" time="0.0004741">
        </testcase>
        <testcase classname="tests/features/desktop/core/data-context-menus.test.ts" name="buildKpiMenu — addWidget &gt; omits addWidget entry when addWidget is not provided" time="0.0005862">
        </testcase>
        <testcase classname="tests/features/desktop/core/data-context-menus.test.ts" name="buildKpiMenu — addWidget &gt; clicking addWidget calls addWidget with kpi type and metric config" time="0.0009269">
        </testcase>
        <testcase classname="tests/features/desktop/core/data-context-menus.test.ts" name="buildKpiMenu — pinSnapshot &gt; includes &apos;Épingler la valeur sur le bureau&apos; when pinSnapshot is provided" time="0.0006995">
        </testcase>
        <testcase classname="tests/features/desktop/core/data-context-menus.test.ts" name="buildKpiMenu — pinSnapshot &gt; clicking pinSnapshot calls pinSnapshot with answer kind and formatted text" time="0.0025294">
        </testcase>
        <testcase classname="tests/features/desktop/core/data-context-menus.test.ts" name="buildKpiMenu — pinSnapshot &gt; text includes no value suffix when kpi.value is undefined" time="0.0020646">
        </testcase>
        <testcase classname="tests/features/desktop/core/data-context-menus.test.ts" name="buildKpiMenu — pinSnapshot &gt; text includes no value suffix when kpi.value is null" time="0.0010728">
        </testcase>
        <testcase classname="tests/features/desktop/core/data-context-menus.test.ts" name="buildKpiMenu — pinSnapshot &gt; text includes numeric value when kpi.value is a number" time="0.0009858">
        </testcase>
        <testcase classname="tests/features/desktop/core/data-context-menus.test.ts" name="buildKpiMenu — setSelection &gt; includes &apos;Sélectionner pour l&apos;inspecteur&apos; when setSelection is provided" time="0.0007659">
        </testcase>
        <testcase classname="tests/features/desktop/core/data-context-menus.test.ts" name="buildKpiMenu — setSelection &gt; clicking setSelection calls setSelection with kpi kind, key as id, and value in meta" time="0.0008784">
        </testcase>
        <testcase classname="tests/features/desktop/core/data-context-menus.test.ts" name="buildKpiMenu — cross-filter &gt; includes cross-filter entry when dimension + filterValue + setCrossFilter are present" time="0.0005914">
        </testcase>
        <testcase classname="tests/features/desktop/core/data-context-menus.test.ts" name="buildKpiMenu — cross-filter &gt; omits cross-filter when dimension is missing" time="0.0005258">
        </testcase>
        <testcase classname="tests/features/desktop/core/data-context-menus.test.ts" name="buildKpiMenu — cross-filter &gt; omits cross-filter when filterValue is missing" time="0.0005267">
        </testcase>
        <testcase classname="tests/features/desktop/core/data-context-menus.test.ts" name="buildKpiMenu — cross-filter &gt; omits cross-filter when setCrossFilter is not provided" time="0.0005049">
        </testcase>
        <testcase classname="tests/features/desktop/core/data-context-menus.test.ts" name="buildKpiMenu — cross-filter &gt; clicking cross-filter calls setCrossFilter with dimension and filterValue" time="0.0007707">
        </testcase>
        <testcase classname="tests/features/desktop/core/data-context-menus.test.ts" name="buildKpiMenu — askMoudir &gt; includes &apos;Interroger Moudir sur cet indicateur&apos; when askMoudir is provided" time="0.0006752">
        </testcase>
        <testcase classname="tests/features/desktop/core/data-context-menus.test.ts" name="buildKpiMenu — askMoudir &gt; prompt includes the label and value when value is present" time="0.0007702">
        </testcase>
        <testcase classname="tests/features/desktop/core/data-context-menus.test.ts" name="buildKpiMenu — askMoudir &gt; prompt includes just the label when value is undefined" time="0.0006694">
        </testcase>
        <testcase classname="tests/features/desktop/core/data-context-menus.test.ts" name="buildKpiMenu — openApp telecom &gt; includes &apos;Voir le détail dans Télécom&apos; when openApp is provided" time="0.0006684">
        </testcase>
        <testcase classname="tests/features/desktop/core/data-context-menus.test.ts" name="buildKpiMenu — openApp telecom &gt; omits &apos;Voir le détail dans Télécom&apos; when openApp is not provided" time="0.0012">
        </testcase>
        <testcase classname="tests/features/desktop/core/data-context-menus.test.ts" name="buildKpiMenu — openApp telecom &gt; clicking &apos;Voir le détail dans Télécom&apos; calls openApp with telecom and focusMetric" time="0.0009061">
        </testcase>
        <testcase classname="tests/features/desktop/core/data-context-menus.test.ts" name="clean() helper behavior (via public builders) &gt; drops falsy entries — undefined action slots produce no items" time="0.0014747">
        </testcase>
        <testcase classname="tests/features/desktop/core/data-context-menus.test.ts" name="clean() helper behavior (via public builders) &gt; collapses separator-only output to empty (all items were separators)" time="0.0012447">
        </testcase>
        <testcase classname="tests/features/desktop/core/data-context-menus.test.ts" name="clean() helper behavior (via public builders) &gt; does not emit a leading separator even when the first real items are absent" time="0.0007712">
        </testcase>
    </testsuite>
    <testsuite name="tests/features/desktop/core/dnd.test.tsx" timestamp="2026-06-25T18:28:25.806Z" hostname="Desktop" tests="42" failures="0" errors="0" skipped="0" time="0.2815187">
        <testcase classname="tests/features/desktop/core/dnd.test.tsx" name="serializeDrag &gt; writes the JSON payload under the private MIME type" time="0.0156666">
        </testcase>
        <testcase classname="tests/features/desktop/core/dnd.test.tsx" name="serializeDrag &gt; sets a text/plain fallback to the label when present" time="0.0009748">
        </testcase>
        <testcase classname="tests/features/desktop/core/dnd.test.tsx" name="serializeDrag &gt; falls back text/plain to the id when no label is given" time="0.0038346">
        </testcase>
        <testcase classname="tests/features/desktop/core/dnd.test.tsx" name="serializeDrag &gt; uses the empty-string label as-is for text/plain (?? only catches nullish)" time="0.0007298">
        </testcase>
        <testcase classname="tests/features/desktop/core/dnd.test.tsx" name="serializeDrag &gt; sets effectAllowed to copy" time="0.0005053">
        </testcase>
        <testcase classname="tests/features/desktop/core/dnd.test.tsx" name="serializeDrag &gt; is a no-op when the event has no dataTransfer" time="0.0050637">
        </testcase>
        <testcase classname="tests/features/desktop/core/dnd.test.tsx" name="serializeDrag &gt; swallows a throwing setData so the drag still proceeds" time="0.0041466">
        </testcase>
        <testcase classname="tests/features/desktop/core/dnd.test.tsx" name="serializeDrag &gt; swallows a read-only effectAllowed assignment" time="0.0033492">
        </testcase>
        <testcase classname="tests/features/desktop/core/dnd.test.tsx" name="serializeDrag &gt; round-trips a payload through serialize then readDrag" time="0.0030269">
        </testcase>
        <testcase classname="tests/features/desktop/core/dnd.test.tsx" name="readDrag &gt; decodes a well-formed desktop payload" time="0.0009294">
        </testcase>
        <testcase classname="tests/features/desktop/core/dnd.test.tsx" name="readDrag &gt; returns null when the event has no dataTransfer" time="0.0005035">
        </testcase>
        <testcase classname="tests/features/desktop/core/dnd.test.tsx" name="readDrag &gt; returns null when no MIME data is present (empty string)" time="0.0003048">
        </testcase>
        <testcase classname="tests/features/desktop/core/dnd.test.tsx" name="readDrag &gt; returns null when getData throws" time="0.0003875">
        </testcase>
        <testcase classname="tests/features/desktop/core/dnd.test.tsx" name="readDrag &gt; returns null on malformed JSON" time="0.002307">
        </testcase>
        <testcase classname="tests/features/desktop/core/dnd.test.tsx" name="readDrag &gt; returns null when the JSON parses to null" time="0.0005572">
        </testcase>
        <testcase classname="tests/features/desktop/core/dnd.test.tsx" name="readDrag &gt; returns null when the JSON parses to a non-object (number)" time="0.0004332">
        </testcase>
        <testcase classname="tests/features/desktop/core/dnd.test.tsx" name="readDrag &gt; returns null when id is missing" time="0.0050338">
        </testcase>
        <testcase classname="tests/features/desktop/core/dnd.test.tsx" name="readDrag &gt; returns null when kind is missing" time="0.0006221">
        </testcase>
        <testcase classname="tests/features/desktop/core/dnd.test.tsx" name="readDrag &gt; returns null when id is not a string" time="0.0004525">
        </testcase>
        <testcase classname="tests/features/desktop/core/dnd.test.tsx" name="readDrag &gt; returns null when kind is not a string" time="0.0051351">
        </testcase>
        <testcase classname="tests/features/desktop/core/dnd.test.tsx" name="readDrag &gt; does not validate kind against the allowed enum (any string passes)" time="0.0011284">
        </testcase>
        <testcase classname="tests/features/desktop/core/dnd.test.tsx" name="readDrag &gt; preserves optional fields (label, tableName, meta) when decoding" time="0.0007493">
        </testcase>
        <testcase classname="tests/features/desktop/core/dnd.test.tsx" name="useDropTarget — onDragOver &gt; preventDefault + sets dropEffect copy for a desktop drag" time="0.081281">
        </testcase>
        <testcase classname="tests/features/desktop/core/dnd.test.tsx" name="useDropTarget — onDragOver &gt; ignores a dragover with no desktop type (no preventDefault)" time="0.0065665">
        </testcase>
        <testcase classname="tests/features/desktop/core/dnd.test.tsx" name="useDropTarget — onDragOver &gt; ignores a dragover when dataTransfer is null" time="0.0135653">
        </testcase>
        <testcase classname="tests/features/desktop/core/dnd.test.tsx" name="useDropTarget — onDragOver &gt; ignores a dragover when types is null" time="0.0174775">
        </testcase>
        <testcase classname="tests/features/desktop/core/dnd.test.tsx" name="useDropTarget — onDragOver &gt; still preventDefaults when dropEffect assignment is read-only" time="0.0085456">
        </testcase>
        <testcase classname="tests/features/desktop/core/dnd.test.tsx" name="useDropTarget — isOver via enter/leave counter &gt; starts not over" time="0.003408">
        </testcase>
        <testcase classname="tests/features/desktop/core/dnd.test.tsx" name="useDropTarget — isOver via enter/leave counter &gt; becomes over on dragEnter of a desktop drag" time="0.0145985">
        </testcase>
        <testcase classname="tests/features/desktop/core/dnd.test.tsx" name="useDropTarget — isOver via enter/leave counter &gt; does not become over on dragEnter of a non-desktop drag" time="0.0044397">
        </testcase>
        <testcase classname="tests/features/desktop/core/dnd.test.tsx" name="useDropTarget — isOver via enter/leave counter &gt; stays over until the matching leave (nested-child counter)" time="0.0052367">
        </testcase>
        <testcase classname="tests/features/desktop/core/dnd.test.tsx" name="useDropTarget — isOver via enter/leave counter &gt; clamps the depth counter at zero on an unbalanced leave" time="0.0056929">
        </testcase>
        <testcase classname="tests/features/desktop/core/dnd.test.tsx" name="useDropTarget — isOver via enter/leave counter &gt; ignores dragLeave for a non-desktop drag (does not touch the counter)" time="0.0088262">
        </testcase>
        <testcase classname="tests/features/desktop/core/dnd.test.tsx" name="useDropTarget — onDrop &gt; decodes and forwards an accepted payload, and clears isOver" time="0.0072531">
        </testcase>
        <testcase classname="tests/features/desktop/core/dnd.test.tsx" name="useDropTarget — onDrop &gt; resets isOver to false even when nothing is dropped" time="0.0041866">
        </testcase>
        <testcase classname="tests/features/desktop/core/dnd.test.tsx" name="useDropTarget — onDrop &gt; does not fire onDrop when readDrag returns null (no payload)" time="0.0041018">
        </testcase>
        <testcase classname="tests/features/desktop/core/dnd.test.tsx" name="useDropTarget — onDrop &gt; accepts any desktop kind when accept is omitted" time="0.0036237">
        </testcase>
        <testcase classname="tests/features/desktop/core/dnd.test.tsx" name="useDropTarget — onDrop &gt; accepts any desktop kind when accept is an empty array" time="0.0029291">
        </testcase>
        <testcase classname="tests/features/desktop/core/dnd.test.tsx" name="useDropTarget — onDrop &gt; forwards a payload whose kind is in the accept set" time="0.0037257">
        </testcase>
        <testcase classname="tests/features/desktop/core/dnd.test.tsx" name="useDropTarget — onDrop &gt; rejects a payload whose kind is not in the accept set" time="0.0071993">
        </testcase>
        <testcase classname="tests/features/desktop/core/dnd.test.tsx" name="useDropTarget — onDrop &gt; clears a counter that was deep before the drop (depth reset to 0)" time="0.0052201">
        </testcase>
        <testcase classname="tests/features/desktop/core/dnd.test.tsx" name="module surface &gt; exposes the private MIME type constant" time="0.0009792">
        </testcase>
    </testsuite>
    <testsuite name="tests/features/desktop/core/snap.test.ts" timestamp="2026-06-25T18:28:25.811Z" hostname="Desktop" tests="82" failures="0" errors="0" skipped="0" time="0.128548">
        <testcase classname="tests/features/desktop/core/snap.test.ts" name="exported constants &gt; SNAP_EDGE_THRESHOLD is 12" time="0.0179984">
        </testcase>
        <testcase classname="tests/features/desktop/core/snap.test.ts" name="exported constants &gt; SNAP_CORNER_THRESHOLD is 36" time="0.0007395">
        </testcase>
        <testcase classname="tests/features/desktop/core/snap.test.ts" name="exported constants &gt; SNAP_CORNER_THRESHOLD is larger than SNAP_EDGE_THRESHOLD" time="0.0007593">
        </testcase>
        <testcase classname="tests/features/desktop/core/snap.test.ts" name="computeSnapZones — no insets (simple viewport) &gt; maximize fills the whole viewport" time="0.007448">
        </testcase>
        <testcase classname="tests/features/desktop/core/snap.test.ts" name="computeSnapZones — no insets (simple viewport) &gt; left half occupies the left side" time="0.000789">
        </testcase>
        <testcase classname="tests/features/desktop/core/snap.test.ts" name="computeSnapZones — no insets (simple viewport) &gt; right half occupies the right side" time="0.0010925">
        </testcase>
        <testcase classname="tests/features/desktop/core/snap.test.ts" name="computeSnapZones — no insets (simple viewport) &gt; top half occupies the upper portion" time="0.0005157">
        </testcase>
        <testcase classname="tests/features/desktop/core/snap.test.ts" name="computeSnapZones — no insets (simple viewport) &gt; bottom half occupies the lower portion" time="0.0004362">
        </testcase>
        <testcase classname="tests/features/desktop/core/snap.test.ts" name="computeSnapZones — no insets (simple viewport) &gt; topLeft quarter is the upper-left" time="0.0009664">
        </testcase>
        <testcase classname="tests/features/desktop/core/snap.test.ts" name="computeSnapZones — no insets (simple viewport) &gt; topRight quarter is the upper-right" time="0.0004488">
        </testcase>
        <testcase classname="tests/features/desktop/core/snap.test.ts" name="computeSnapZones — no insets (simple viewport) &gt; bottomLeft quarter is the lower-left" time="0.000499">
        </testcase>
        <testcase classname="tests/features/desktop/core/snap.test.ts" name="computeSnapZones — no insets (simple viewport) &gt; bottomRight quarter is the lower-right" time="0.0004725">
        </testcase>
        <testcase classname="tests/features/desktop/core/snap.test.ts" name="computeSnapZones — no insets (simple viewport) &gt; left.w + right.w equals the full width" time="0.0003551">
        </testcase>
        <testcase classname="tests/features/desktop/core/snap.test.ts" name="computeSnapZones — no insets (simple viewport) &gt; top.h + bottom.h equals the full height" time="0.0003092">
        </testcase>
        <testcase classname="tests/features/desktop/core/snap.test.ts" name="computeSnapZones — with all insets &gt; maximize reflects the inset content box" time="0.0003822">
        </testcase>
        <testcase classname="tests/features/desktop/core/snap.test.ts" name="computeSnapZones — with all insets &gt; left half starts at the left inset x" time="0.0003695">
        </testcase>
        <testcase classname="tests/features/desktop/core/snap.test.ts" name="computeSnapZones — with all insets &gt; right half starts at x = left inset + halfW" time="0.0017103">
        </testcase>
        <testcase classname="tests/features/desktop/core/snap.test.ts" name="computeSnapZones — with all insets &gt; top zone starts at the top inset y" time="0.0003826">
        </testcase>
        <testcase classname="tests/features/desktop/core/snap.test.ts" name="computeSnapZones — with all insets &gt; bottom zone starts at y = top inset + halfH" time="0.0004">
        </testcase>
        <testcase classname="tests/features/desktop/core/snap.test.ts" name="computeSnapZones — with all insets &gt; topLeft corner sits at the content-box origin" time="0.0003509">
        </testcase>
        <testcase classname="tests/features/desktop/core/snap.test.ts" name="computeSnapZones — with all insets &gt; bottomRight corner ends at the content-box far corner" time="0.0003241">
        </testcase>
        <testcase classname="tests/features/desktop/core/snap.test.ts" name="computeSnapZones — odd dimensions (rounding) &gt; rounds halfW up for odd width and keeps right.w complementary" time="0.0005599">
        </testcase>
        <testcase classname="tests/features/desktop/core/snap.test.ts" name="computeSnapZones — odd dimensions (rounding) &gt; rounds halfH and keeps bottom.h complementary for odd height" time="0.0018569">
        </testcase>
        <testcase classname="tests/features/desktop/core/snap.test.ts" name="computeSnapZones — odd dimensions (rounding) &gt; handles 1x1 viewport without crashing" time="0.0051514">
        </testcase>
        <testcase classname="tests/features/desktop/core/snap.test.ts" name="computeSnapZones — odd dimensions (rounding) &gt; handles insets that exceed viewport size (clamp to 0)" time="0.0005405">
        </testcase>
        <testcase classname="tests/features/desktop/core/snap.test.ts" name="computeSnapZones — odd dimensions (rounding) &gt; handles only top inset with default others" time="0.0004148">
        </testcase>
        <testcase classname="tests/features/desktop/core/snap.test.ts" name="computeSnapZones — odd dimensions (rounding) &gt; handles only bottom inset with default others" time="0.0026346">
        </testcase>
        <testcase classname="tests/features/desktop/core/snap.test.ts" name="snapForPointer — corner zones &gt; returns &apos;topLeft&apos; when pointer is near the top-left corner" time="0.0009088">
        </testcase>
        <testcase classname="tests/features/desktop/core/snap.test.ts" name="snapForPointer — corner zones &gt; returns &apos;topRight&apos; when pointer is near the top-right corner" time="0.0012992">
        </testcase>
        <testcase classname="tests/features/desktop/core/snap.test.ts" name="snapForPointer — corner zones &gt; returns &apos;bottomLeft&apos; when pointer is near the bottom-left corner" time="0.000418">
        </testcase>
        <testcase classname="tests/features/desktop/core/snap.test.ts" name="snapForPointer — corner zones &gt; returns &apos;bottomRight&apos; when pointer is near the bottom-right corner" time="0.0003405">
        </testcase>
        <testcase classname="tests/features/desktop/core/snap.test.ts" name="snapForPointer — corner zones &gt; corners win over the top edge even when y is within SNAP_EDGE_THRESHOLD" time="0.0038794">
        </testcase>
        <testcase classname="tests/features/desktop/core/snap.test.ts" name="snapForPointer — corner zones &gt; corners win over the left edge for a near-corner position" time="0.0007109">
        </testcase>
        <testcase classname="tests/features/desktop/core/snap.test.ts" name="snapForPointer — corner zones &gt; corners win over bottom edge for a near-corner position" time="0.0004084">
        </testcase>
        <testcase classname="tests/features/desktop/core/snap.test.ts" name="snapForPointer — edge zones &gt; returns &apos;maximize&apos; when pointer is near the top edge (not a corner)" time="0.0007871">
        </testcase>
        <testcase classname="tests/features/desktop/core/snap.test.ts" name="snapForPointer — edge zones &gt; returns &apos;maximize&apos; at exactly y=0 (top boundary)" time="0.0003516">
        </testcase>
        <testcase classname="tests/features/desktop/core/snap.test.ts" name="snapForPointer — edge zones &gt; returns &apos;maximize&apos; at y equal to SNAP_EDGE_THRESHOLD" time="0.0003098">
        </testcase>
        <testcase classname="tests/features/desktop/core/snap.test.ts" name="snapForPointer — edge zones &gt; does NOT return &apos;maximize&apos; when y is one pixel beyond the edge threshold" time="0.0004462">
        </testcase>
        <testcase classname="tests/features/desktop/core/snap.test.ts" name="snapForPointer — edge zones &gt; returns &apos;left&apos; when pointer is near the left edge (not a corner)" time="0.0024698">
        </testcase>
        <testcase classname="tests/features/desktop/core/snap.test.ts" name="snapForPointer — edge zones &gt; returns &apos;left&apos; at exactly x=0" time="0.0011104">
        </testcase>
        <testcase classname="tests/features/desktop/core/snap.test.ts" name="snapForPointer — edge zones &gt; returns &apos;left&apos; at x equal to SNAP_EDGE_THRESHOLD" time="0.0004559">
        </testcase>
        <testcase classname="tests/features/desktop/core/snap.test.ts" name="snapForPointer — edge zones &gt; does NOT return &apos;left&apos; when x is one pixel past the edge threshold" time="0.000407">
        </testcase>
        <testcase classname="tests/features/desktop/core/snap.test.ts" name="snapForPointer — edge zones &gt; returns &apos;right&apos; when pointer is near the right edge (not a corner)" time="0.0003594">
        </testcase>
        <testcase classname="tests/features/desktop/core/snap.test.ts" name="snapForPointer — edge zones &gt; returns &apos;right&apos; at exactly x = viewport.width" time="0.0017147">
        </testcase>
        <testcase classname="tests/features/desktop/core/snap.test.ts" name="snapForPointer — edge zones &gt; returns &apos;right&apos; when distance from right edge equals SNAP_EDGE_THRESHOLD" time="0.0020114">
        </testcase>
        <testcase classname="tests/features/desktop/core/snap.test.ts" name="snapForPointer — edge zones &gt; does NOT return &apos;right&apos; one pixel inside the threshold" time="0.0024417">
        </testcase>
        <testcase classname="tests/features/desktop/core/snap.test.ts" name="snapForPointer — edge zones &gt; returns &apos;bottom&apos; when pointer is near the bottom edge (not a corner)" time="0.0004922">
        </testcase>
        <testcase classname="tests/features/desktop/core/snap.test.ts" name="snapForPointer — edge zones &gt; returns &apos;bottom&apos; at exactly y = viewport.height" time="0.0009298">
        </testcase>
        <testcase classname="tests/features/desktop/core/snap.test.ts" name="snapForPointer — edge zones &gt; returns &apos;bottom&apos; when distance from bottom equals SNAP_EDGE_THRESHOLD" time="0.0005416">
        </testcase>
        <testcase classname="tests/features/desktop/core/snap.test.ts" name="snapForPointer — edge zones &gt; does NOT return &apos;bottom&apos; one pixel inside the threshold" time="0.0005521">
        </testcase>
        <testcase classname="tests/features/desktop/core/snap.test.ts" name="snapForPointer — returns null when not near any edge &gt; returns null for the viewport center" time="0.0003733">
        </testcase>
        <testcase classname="tests/features/desktop/core/snap.test.ts" name="snapForPointer — returns null when not near any edge &gt; returns null for a point well inside the viewport" time="0.0003431">
        </testcase>
        <testcase classname="tests/features/desktop/core/snap.test.ts" name="snapForPointer — returns null when not near any edge &gt; returns null just beyond the top edge threshold" time="0.0003562">
        </testcase>
        <testcase classname="tests/features/desktop/core/snap.test.ts" name="snapForPointer — returns null when not near any edge &gt; returns null for a pointer one pixel inside the edge threshold but well away from corners" time="0.0003992">
        </testcase>
        <testcase classname="tests/features/desktop/core/snap.test.ts" name="snapForPointer — viewport with insets &gt; returns &apos;maximize&apos; when pointer is at the inset top boundary (y=40)" time="0.0016055">
        </testcase>
        <testcase classname="tests/features/desktop/core/snap.test.ts" name="snapForPointer — viewport with insets &gt; returns &apos;maximize&apos; when pointer is within SNAP_EDGE_THRESHOLD of the inset top" time="0.0004066">
        </testcase>
        <testcase classname="tests/features/desktop/core/snap.test.ts" name="snapForPointer — viewport with insets &gt; does NOT return &apos;maximize&apos; at y=40+13 (outside edge threshold)" time="0.0002793">
        </testcase>
        <testcase classname="tests/features/desktop/core/snap.test.ts" name="snapForPointer — viewport with insets &gt; returns &apos;bottom&apos; near the inset bottom boundary" time="0.0011694">
        </testcase>
        <testcase classname="tests/features/desktop/core/snap.test.ts" name="snapForPointer — viewport with insets &gt; does NOT return &apos;bottom&apos; at y=0 (above menu bar, not near real bottom)" time="0.0005536">
        </testcase>
        <testcase classname="tests/features/desktop/core/snap.test.ts" name="snapForPointer — viewport with insets &gt; returns &apos;topLeft&apos; corner when pointer is near inset top-left corner" time="0.0003052">
        </testcase>
        <testcase classname="tests/features/desktop/core/snap.test.ts" name="snapForPointer — viewport with insets &gt; returns &apos;bottomRight&apos; corner near the inset bottom-right corner" time="0.000353">
        </testcase>
        <testcase classname="tests/features/desktop/core/snap.test.ts" name="snapForPointer — left and right insets &gt; returns &apos;left&apos; at x=minX (left inset boundary)" time="0.0003265">
        </testcase>
        <testcase classname="tests/features/desktop/core/snap.test.ts" name="snapForPointer — left and right insets &gt; returns &apos;left&apos; within SNAP_EDGE_THRESHOLD of inset left boundary" time="0.0002977">
        </testcase>
        <testcase classname="tests/features/desktop/core/snap.test.ts" name="snapForPointer — left and right insets &gt; does NOT return &apos;left&apos; one pixel beyond left edge threshold" time="0.0006443">
        </testcase>
        <testcase classname="tests/features/desktop/core/snap.test.ts" name="snapForPointer — left and right insets &gt; returns &apos;right&apos; at x=maxX (right inset boundary)" time="0.0005799">
        </testcase>
        <testcase classname="tests/features/desktop/core/snap.test.ts" name="snapForPointer — left and right insets &gt; returns &apos;right&apos; within SNAP_EDGE_THRESHOLD of inset right boundary" time="0.0003481">
        </testcase>
        <testcase classname="tests/features/desktop/core/snap.test.ts" name="snapForPointer — left and right insets &gt; does NOT return &apos;right&apos; beyond inset right edge threshold" time="0.0003047">
        </testcase>
        <testcase classname="tests/features/desktop/core/snap.test.ts" name="rectForZone &gt; returns null when zone is null" time="0.0005627">
        </testcase>
        <testcase classname="tests/features/desktop/core/snap.test.ts" name="rectForZone &gt; returns the maximize rect for the &apos;maximize&apos; zone" time="0.0007972">
        </testcase>
        <testcase classname="tests/features/desktop/core/snap.test.ts" name="rectForZone &gt; returns the left half rect for the &apos;left&apos; zone" time="0.0004138">
        </testcase>
        <testcase classname="tests/features/desktop/core/snap.test.ts" name="rectForZone &gt; returns the right half rect for the &apos;right&apos; zone" time="0.0015946">
        </testcase>
        <testcase classname="tests/features/desktop/core/snap.test.ts" name="rectForZone &gt; returns the top half rect for the &apos;top&apos; zone" time="0.0004723">
        </testcase>
        <testcase classname="tests/features/desktop/core/snap.test.ts" name="rectForZone &gt; returns the bottom half rect for the &apos;bottom&apos; zone" time="0.000699">
        </testcase>
        <testcase classname="tests/features/desktop/core/snap.test.ts" name="rectForZone &gt; returns the topLeft quarter rect" time="0.0003282">
        </testcase>
        <testcase classname="tests/features/desktop/core/snap.test.ts" name="rectForZone &gt; returns the topRight quarter rect" time="0.0002217">
        </testcase>
        <testcase classname="tests/features/desktop/core/snap.test.ts" name="rectForZone &gt; returns the bottomLeft quarter rect" time="0.000253">
        </testcase>
        <testcase classname="tests/features/desktop/core/snap.test.ts" name="rectForZone &gt; returns the bottomRight quarter rect" time="0.0001816">
        </testcase>
        <testcase classname="tests/features/desktop/core/snap.test.ts" name="rectForZone &gt; result matches computeSnapZones for the same zone" time="0.0016007">
        </testcase>
        <testcase classname="tests/features/desktop/core/snap.test.ts" name="rectForZone &gt; works with insets — maximize matches content box" time="0.0006656">
        </testcase>
        <testcase classname="tests/features/desktop/core/snap.test.ts" name="snapForPointer + rectForZone integration &gt; pointer near top-left corner yields a topLeft rect via rectForZone" time="0.000479">
        </testcase>
        <testcase classname="tests/features/desktop/core/snap.test.ts" name="snapForPointer + rectForZone integration &gt; pointer near top center yields maximize rect via rectForZone" time="0.003628">
        </testcase>
        <testcase classname="tests/features/desktop/core/snap.test.ts" name="snapForPointer + rectForZone integration &gt; pointer far from all edges yields null zone and null rect" time="0.0004142">
        </testcase>
    </testsuite>
    <testsuite name="tests/features/geo-analysis/hooks/use-geo-data.test.ts" timestamp="2026-06-25T18:28:25.824Z" hostname="Desktop" tests="48" failures="0" errors="0" skipped="0" time="3.4290687">
        <testcase classname="tests/features/geo-analysis/hooks/use-geo-data.test.ts" name="useGeoData — no usable dataset &gt; is not ready and not loading when there is no dataset at all" time="0.047832">
        </testcase>
        <testcase classname="tests/features/geo-analysis/hooks/use-geo-data.test.ts" name="useGeoData — no usable dataset &gt; never calls DuckDB when no view can be resolved (queries disabled)" time="0.0060225">
        </testcase>
        <testcase classname="tests/features/geo-analysis/hooks/use-geo-data.test.ts" name="useGeoData — no usable dataset &gt; returns the EMPTY_MATRIX and zeroed totals while disabled" time="0.0047848">
        </testcase>
        <testcase classname="tests/features/geo-analysis/hooks/use-geo-data.test.ts" name="useGeoData — active view + name resolution &gt; exposes the active dataset display name before data resolves" time="0.0099743">
        </testcase>
        <testcase classname="tests/features/geo-analysis/hooks/use-geo-data.test.ts" name="useGeoData — active view + name resolution &gt; falls back to the first dataset when activeDatasetId does not match any dataset" time="0.0860302">
        </testcase>
        <testcase classname="tests/features/geo-analysis/hooks/use-geo-data.test.ts" name="useGeoData — active view + name resolution &gt; uses viewName for the SQL when present (tableName is the fallback)" time="0.0804378">
        </testcase>
        <testcase classname="tests/features/geo-analysis/hooks/use-geo-data.test.ts" name="useGeoData — active view + name resolution &gt; falls back to tableName when viewName is empty string" time="0.0778191">
        </testcase>
        <testcase classname="tests/features/geo-analysis/hooks/use-geo-data.test.ts" name="useGeoData — active view + name resolution &gt; resolves to null view/name when both viewName and tableName are empty" time="0.0036186">
        </testcase>
        <testcase classname="tests/features/geo-analysis/hooks/use-geo-data.test.ts" name="useGeoData — regions &gt; maps rollup rows to ranked GeoRegion records and geocodes known regions" time="0.0933684">
        </testcase>
        <testcase classname="tests/features/geo-analysis/hooks/use-geo-data.test.ts" name="useGeoData — regions &gt; computes successRate = 0 when a region has zero transactions (guards division)" time="0.0805826">
        </testcase>
        <testcase classname="tests/features/geo-analysis/hooks/use-geo-data.test.ts" name="useGeoData — regions &gt; defaults name to &apos;Inconnu&apos; and lat/lon to null when region is null" time="0.0755706">
        </testcase>
        <testcase classname="tests/features/geo-analysis/hooks/use-geo-data.test.ts" name="useGeoData — regions &gt; leaves lat/lon null for an unrecognised region label" time="0.0791454">
        </testcase>
        <testcase classname="tests/features/geo-analysis/hooks/use-geo-data.test.ts" name="useGeoData — regions &gt; coerces non-finite numeric fields to 0 via safeNum" time="0.0792284">
        </testcase>
        <testcase classname="tests/features/geo-analysis/hooks/use-geo-data.test.ts" name="useGeoData — regions &gt; returns an empty regions list when the rollup query yields no rows" time="0.07837">
        </testcase>
        <testcase classname="tests/features/geo-analysis/hooks/use-geo-data.test.ts" name="useGeoData — mappedRegions &gt; includes only regions that geocoded to a centroid" time="0.0788815">
        </testcase>
        <testcase classname="tests/features/geo-analysis/hooks/use-geo-data.test.ts" name="useGeoData — mappedRegions &gt; is empty when no region geocodes" time="0.0806809">
        </testcase>
        <testcase classname="tests/features/geo-analysis/hooks/use-geo-data.test.ts" name="useGeoData — totals &gt; sums transactions/revenue and computes volume-weighted avg success rate" time="0.0775622">
        </testcase>
        <testcase classname="tests/features/geo-analysis/hooks/use-geo-data.test.ts" name="useGeoData — totals &gt; weights success by volume, not a flat mean across regions" time="0.0793271">
        </testcase>
        <testcase classname="tests/features/geo-analysis/hooks/use-geo-data.test.ts" name="useGeoData — totals &gt; avgSuccessRate is 0 when total transactions are 0 (guards division by zero)" time="0.0797916">
        </testcase>
        <testcase classname="tests/features/geo-analysis/hooks/use-geo-data.test.ts" name="useGeoData — channel/region matrix &gt; pivots tidy rows into region×channel matrix ordered by volume" time="0.077765">
        </testcase>
        <testcase classname="tests/features/geo-analysis/hooks/use-geo-data.test.ts" name="useGeoData — channel/region matrix &gt; fills missing (region, channel) cells with 0" time="0.0793867">
        </testcase>
        <testcase classname="tests/features/geo-analysis/hooks/use-geo-data.test.ts" name="useGeoData — channel/region matrix &gt; emits all-zero shares for a region row whose total is 0 (branch: total = 0)" time="0.0798039">
        </testcase>
        <testcase classname="tests/features/geo-analysis/hooks/use-geo-data.test.ts" name="useGeoData — channel/region matrix &gt; defaults null region/channel to &apos;Inconnu&apos;/&apos;Other&apos; and coerces counts with safeNum" time="0.0728916">
        </testcase>
        <testcase classname="tests/features/geo-analysis/hooks/use-geo-data.test.ts" name="useGeoData — channel/region matrix &gt; returns EMPTY_MATRIX when the matrix query yields no rows (early-return branch)" time="0.0797439">
        </testcase>
        <testcase classname="tests/features/geo-analysis/hooks/use-geo-data.test.ts" name="useGeoData — dominantChannels &gt; picks the highest-share channel per region with its index and pct" time="0.0838138">
        </testcase>
        <testcase classname="tests/features/geo-analysis/hooks/use-geo-data.test.ts" name="useGeoData — dominantChannels &gt; pct is 0 and channelIndex is 0 when all shares in a region row are zero" time="0.0780465">
        </testcase>
        <testcase classname="tests/features/geo-analysis/hooks/use-geo-data.test.ts" name="useGeoData — dominantChannels &gt; is empty when the matrix is empty (no regions to iterate)" time="0.0730155">
        </testcase>
        <testcase classname="tests/features/geo-analysis/hooks/use-geo-data.test.ts" name="useGeoData — dominantChannels &gt; channel falls back to — when channels array is shorter than expected (defensive branch)" time="0.080929">
        </testcase>
        <testcase classname="tests/features/geo-analysis/hooks/use-geo-data.test.ts" name="useGeoData — dominantChannels &gt; maxVal &lt; 0 branch: pct is 0 when shares row is present but loop body never fires" time="0.0807187">
        </testcase>
        <testcase classname="tests/features/geo-analysis/hooks/use-geo-data.test.ts" name="useGeoData — channelSpread &gt; counts regions where a channel share exceeds 15%, sorted descending" time="0.0785235">
        </testcase>
        <testcase classname="tests/features/geo-analysis/hooks/use-geo-data.test.ts" name="useGeoData — channelSpread &gt; treats exactly 15 share points as NOT exceeding the threshold (strict &gt;)" time="0.0795213">
        </testcase>
        <testcase classname="tests/features/geo-analysis/hooks/use-geo-data.test.ts" name="useGeoData — channelSpread &gt; is empty when the matrix is empty" time="0.0789689">
        </testcase>
        <testcase classname="tests/features/geo-analysis/hooks/use-geo-data.test.ts" name="useGeoData — channelSpread &gt; row[ci] ?? 0 is 0 for a missing cell (covers the nullish default)" time="0.073136">
        </testcase>
        <testcase classname="tests/features/geo-analysis/hooks/use-geo-data.test.ts" name="useGeoData — flows &gt; maps flow rows to GeoFlow with success rate and [lon,lat] centroid for known regions" time="0.079359">
        </testcase>
        <testcase classname="tests/features/geo-analysis/hooks/use-geo-data.test.ts" name="useGeoData — flows &gt; sets `to` to null for an ungeocoded region" time="0.0839393">
        </testcase>
        <testcase classname="tests/features/geo-analysis/hooks/use-geo-data.test.ts" name="useGeoData — flows &gt; defaults channel to &apos;Other&apos;, region to &apos;Inconnu&apos;, and guards successRate at 0 tx" time="0.0889304">
        </testcase>
        <testcase classname="tests/features/geo-analysis/hooks/use-geo-data.test.ts" name="useGeoData — flows &gt; returns empty flows list when the flow query yields no rows" time="0.0831493">
        </testcase>
        <testcase classname="tests/features/geo-analysis/hooks/use-geo-data.test.ts" name="useGeoData — error handling and ready state &gt; surfaces the rollup query error message and is not ready" time="0.0888177">
        </testcase>
        <testcase classname="tests/features/geo-analysis/hooks/use-geo-data.test.ts" name="useGeoData — error handling and ready state &gt; surfaces the matrix error when only the matrix query fails" time="0.0615161">
        </testcase>
        <testcase classname="tests/features/geo-analysis/hooks/use-geo-data.test.ts" name="useGeoData — error handling and ready state &gt; surfaces the flow error when only the flow query fails" time="0.0840119">
        </testcase>
        <testcase classname="tests/features/geo-analysis/hooks/use-geo-data.test.ts" name="useGeoData — error handling and ready state &gt; prefers the rollup error message when multiple queries fail simultaneously" time="0.0902956">
        </testcase>
        <testcase classname="tests/features/geo-analysis/hooks/use-geo-data.test.ts" name="useGeoData — error handling and ready state &gt; becomes ready=true once data is present with no error and not loading" time="0.0759259">
        </testcase>
        <testcase classname="tests/features/geo-analysis/hooks/use-geo-data.test.ts" name="useGeoData — error handling and ready state &gt; error is null on the happy path" time="0.0793462">
        </testcase>
        <testcase classname="tests/features/geo-analysis/hooks/use-geo-data.test.ts" name="useGeoData — SQL wiring &gt; runs exactly the three geo queries (rollup, matrix, flow) for an active view" time="0.0784361">
        </testcase>
        <testcase classname="tests/features/geo-analysis/hooks/use-geo-data.test.ts" name="useGeoData — SQL wiring &gt; emits empty SQL strings (disabled queries) when view is null" time="0.0041997">
        </testcase>
        <testcase classname="tests/features/geo-analysis/hooks/use-geo-data.test.ts" name="useGeoData — dominantChannels edge cases targeting uncovered branches &gt; handles multiple regions each dominating a different channel" time="0.0730729">
        </testcase>
        <testcase classname="tests/features/geo-analysis/hooks/use-geo-data.test.ts" name="useGeoData — dominantChannels edge cases targeting uncovered branches &gt; channel share loop selects higher index when a later channel tie-breaks (ci strictly greater)" time="0.0716949">
        </testcase>
        <testcase classname="tests/features/geo-analysis/hooks/use-geo-data.test.ts" name="useGeoData — dominantChannels edge cases targeting uncovered branches &gt; channelSpread correctly counts regions via reduce over shares rows" time="0.0814416">
        </testcase>
    </testsuite>
    <testsuite name="tests/features/geo-analysis/hooks/use-geo-data.test.tsx" timestamp="2026-06-25T18:28:25.830Z" hostname="Desktop" tests="40" failures="0" errors="0" skipped="0" time="3.025024">
        <testcase classname="tests/features/geo-analysis/hooks/use-geo-data.test.tsx" name="useGeoData — no usable dataset &gt; is not ready and not loading when there is no dataset at all" time="0.0457622">
        </testcase>
        <testcase classname="tests/features/geo-analysis/hooks/use-geo-data.test.tsx" name="useGeoData — no usable dataset &gt; never calls DuckDB when no view can be resolved (queries disabled)" time="0.0062393">
        </testcase>
        <testcase classname="tests/features/geo-analysis/hooks/use-geo-data.test.tsx" name="useGeoData — no usable dataset &gt; returns the EMPTY_MATRIX and zeroed totals while disabled" time="0.0052082">
        </testcase>
        <testcase classname="tests/features/geo-analysis/hooks/use-geo-data.test.tsx" name="useGeoData — active view + name resolution &gt; exposes the active dataset&apos;s display name even before data resolves" time="0.0114961">
        </testcase>
        <testcase classname="tests/features/geo-analysis/hooks/use-geo-data.test.tsx" name="useGeoData — active view + name resolution &gt; falls back to the first dataset when activeDatasetId does not match" time="0.0762745">
        </testcase>
        <testcase classname="tests/features/geo-analysis/hooks/use-geo-data.test.tsx" name="useGeoData — active view + name resolution &gt; uses viewName for the query when present (tableName is the fallback)" time="0.0787617">
        </testcase>
        <testcase classname="tests/features/geo-analysis/hooks/use-geo-data.test.tsx" name="useGeoData — active view + name resolution &gt; falls back to tableName when viewName is empty" time="0.0754867">
        </testcase>
        <testcase classname="tests/features/geo-analysis/hooks/use-geo-data.test.tsx" name="useGeoData — regions &gt; maps rollup rows to ranked GeoRegion records and geocodes known regions" time="0.0800744">
        </testcase>
        <testcase classname="tests/features/geo-analysis/hooks/use-geo-data.test.tsx" name="useGeoData — regions &gt; computes successRate = 0 when a region has zero transactions (no div-by-zero)" time="0.0802753">
        </testcase>
        <testcase classname="tests/features/geo-analysis/hooks/use-geo-data.test.tsx" name="useGeoData — regions &gt; defaults the name to &apos;Inconnu&apos; when region is null/undefined" time="0.0764048">
        </testcase>
        <testcase classname="tests/features/geo-analysis/hooks/use-geo-data.test.tsx" name="useGeoData — regions &gt; leaves lat/lon null for an unknown (non-Tunisian) region label" time="0.0797148">
        </testcase>
        <testcase classname="tests/features/geo-analysis/hooks/use-geo-data.test.tsx" name="useGeoData — regions &gt; coerces non-finite/garbage numeric fields to 0 via safeNum" time="0.0796767">
        </testcase>
        <testcase classname="tests/features/geo-analysis/hooks/use-geo-data.test.tsx" name="useGeoData — regions &gt; returns an empty regions list when the rollup query yields no rows" time="0.0722836">
        </testcase>
        <testcase classname="tests/features/geo-analysis/hooks/use-geo-data.test.tsx" name="useGeoData — mappedRegions &gt; includes only regions that geocoded to a centroid" time="0.0815903">
        </testcase>
        <testcase classname="tests/features/geo-analysis/hooks/use-geo-data.test.tsx" name="useGeoData — mappedRegions &gt; is empty when no region geocodes" time="0.0808927">
        </testcase>
        <testcase classname="tests/features/geo-analysis/hooks/use-geo-data.test.tsx" name="useGeoData — totals &gt; sums transactions/revenue and computes the volume-weighted avg success rate" time="0.0804204">
        </testcase>
        <testcase classname="tests/features/geo-analysis/hooks/use-geo-data.test.tsx" name="useGeoData — totals &gt; weights success by volume, not a flat mean" time="0.0873519">
        </testcase>
        <testcase classname="tests/features/geo-analysis/hooks/use-geo-data.test.tsx" name="useGeoData — totals &gt; avgSuccessRate is 0 when total transactions are 0 (no div-by-zero)" time="0.0817944">
        </testcase>
        <testcase classname="tests/features/geo-analysis/hooks/use-geo-data.test.tsx" name="useGeoData — channel/region matrix &gt; pivots tidy rows into a region×channel matrix ordered by volume" time="0.0832528">
        </testcase>
        <testcase classname="tests/features/geo-analysis/hooks/use-geo-data.test.tsx" name="useGeoData — channel/region matrix &gt; fills missing (region,channel) cells with 0" time="0.0769672">
        </testcase>
        <testcase classname="tests/features/geo-analysis/hooks/use-geo-data.test.tsx" name="useGeoData — channel/region matrix &gt; emits all-zero shares for a region row whose total is 0" time="0.1008683">
        </testcase>
        <testcase classname="tests/features/geo-analysis/hooks/use-geo-data.test.tsx" name="useGeoData — channel/region matrix &gt; defaults null region/channel labels to &apos;Inconnu&apos;/&apos;Other&apos; and safeNum&apos;s counts" time="0.0847587">
        </testcase>
        <testcase classname="tests/features/geo-analysis/hooks/use-geo-data.test.tsx" name="useGeoData — channel/region matrix &gt; returns EMPTY_MATRIX when the matrix query yields no rows" time="0.0781098">
        </testcase>
        <testcase classname="tests/features/geo-analysis/hooks/use-geo-data.test.tsx" name="useGeoData — dominantChannels &gt; picks the highest-share channel per region with its index and pct" time="0.0790743">
        </testcase>
        <testcase classname="tests/features/geo-analysis/hooks/use-geo-data.test.tsx" name="useGeoData — dominantChannels &gt; uses the first channel (index 0) when a region row is all zeros" time="0.0751556">
        </testcase>
        <testcase classname="tests/features/geo-analysis/hooks/use-geo-data.test.tsx" name="useGeoData — dominantChannels &gt; is empty when the matrix is empty" time="0.077421">
        </testcase>
        <testcase classname="tests/features/geo-analysis/hooks/use-geo-data.test.tsx" name="useGeoData — channelSpread &gt; counts, per channel, regions where its share exceeds 15%, sorted desc" time="0.0649464">
        </testcase>
        <testcase classname="tests/features/geo-analysis/hooks/use-geo-data.test.tsx" name="useGeoData — channelSpread &gt; treats exactly 15% as NOT exceeding the threshold (strict &gt; 15)" time="0.0950946">
        </testcase>
        <testcase classname="tests/features/geo-analysis/hooks/use-geo-data.test.tsx" name="useGeoData — channelSpread &gt; is empty when the matrix is empty" time="0.0918081">
        </testcase>
        <testcase classname="tests/features/geo-analysis/hooks/use-geo-data.test.tsx" name="useGeoData — flows &gt; maps flow rows to GeoFlow with success rate and [lon,lat] centroid for known regions" time="0.0795351">
        </testcase>
        <testcase classname="tests/features/geo-analysis/hooks/use-geo-data.test.tsx" name="useGeoData — flows &gt; sets `to` to null for a region that cannot be geocoded" time="0.0775973">
        </testcase>
        <testcase classname="tests/features/geo-analysis/hooks/use-geo-data.test.tsx" name="useGeoData — flows &gt; defaults channel→&apos;Other&apos;, region→&apos;Inconnu&apos; and guards successRate at 0 tx" time="0.0782103">
        </testcase>
        <testcase classname="tests/features/geo-analysis/hooks/use-geo-data.test.tsx" name="useGeoData — flows &gt; returns an empty flows list when the flow query yields no rows" time="0.0792681">
        </testcase>
        <testcase classname="tests/features/geo-analysis/hooks/use-geo-data.test.tsx" name="useGeoData — error handling and ready state &gt; surfaces the rollup query error message and is not ready" time="0.0767176">
        </testcase>
        <testcase classname="tests/features/geo-analysis/hooks/use-geo-data.test.tsx" name="useGeoData — error handling and ready state &gt; surfaces the matrix error when only the matrix query fails" time="0.0785374">
        </testcase>
        <testcase classname="tests/features/geo-analysis/hooks/use-geo-data.test.tsx" name="useGeoData — error handling and ready state &gt; surfaces the flow error when only the flow query fails" time="0.0723515">
        </testcase>
        <testcase classname="tests/features/geo-analysis/hooks/use-geo-data.test.tsx" name="useGeoData — error handling and ready state &gt; prefers the rollup error message when multiple queries fail" time="0.0989455">
        </testcase>
        <testcase classname="tests/features/geo-analysis/hooks/use-geo-data.test.tsx" name="useGeoData — error handling and ready state &gt; becomes ready=true once data is present with no error and not loading" time="0.0953269">
        </testcase>
        <testcase classname="tests/features/geo-analysis/hooks/use-geo-data.test.tsx" name="useGeoData — error handling and ready state &gt; error is null on the happy path" time="0.0878229">
        </testcase>
        <testcase classname="tests/features/geo-analysis/hooks/use-geo-data.test.tsx" name="useGeoData — SQL wiring &gt; runs exactly the three geo queries (rollup, matrix, flow) for an active view" time="0.096574">
        </testcase>
    </testsuite>
    <testsuite name="tests/features/geo-analysis/hooks/use-geo-insights.test.ts" timestamp="2026-06-25T18:28:25.835Z" hostname="Desktop" tests="26" failures="0" errors="0" skipped="0" time="0.1975298">
        <testcase classname="tests/features/geo-analysis/hooks/use-geo-insights.test.ts" name="useGeoInsights — initial state &gt; starts with null insight, empty anomalies, not generating, no error" time="0.0485325">
        </testcase>
        <testcase classname="tests/features/geo-analysis/hooks/use-geo-insights.test.ts" name="useGeoInsights — initial state &gt; exposes generate and reset as functions" time="0.0097006">
        </testcase>
        <testcase classname="tests/features/geo-analysis/hooks/use-geo-insights.test.ts" name="useGeoInsights — initial state &gt; reads progress from ai.progress.progress (default 0)" time="0.0055032">
        </testcase>
        <testcase classname="tests/features/geo-analysis/hooks/use-geo-insights.test.ts" name="useGeoInsights — initial state &gt; falls back to 0 when ai.progress is undefined" time="0.0062579">
        </testcase>
        <testcase classname="tests/features/geo-analysis/hooks/use-geo-insights.test.ts" name="useGeoInsights — generate() with empty regions &gt; returns immediately without calling anomaly detection or AI when regions is empty" time="0.0082662">
        </testcase>
        <testcase classname="tests/features/geo-analysis/hooks/use-geo-insights.test.ts" name="useGeoInsights — generate() happy path &gt; sets generating=true during execution then false on completion" time="0.0068058">
        </testcase>
        <testcase classname="tests/features/geo-analysis/hooks/use-geo-insights.test.ts" name="useGeoInsights — generate() happy path &gt; stores detected anomalies on success" time="0.0059496">
        </testcase>
        <testcase classname="tests/features/geo-analysis/hooks/use-geo-insights.test.ts" name="useGeoInsights — generate() happy path &gt; stores the AI insight on success" time="0.0087996">
        </testcase>
        <testcase classname="tests/features/geo-analysis/hooks/use-geo-insights.test.ts" name="useGeoInsights — generate() happy path &gt; clears a previous error when generate() is called again successfully" time="0.0054019">
        </testcase>
        <testcase classname="tests/features/geo-analysis/hooks/use-geo-insights.test.ts" name="useGeoInsights — generate() happy path &gt; calls detectRegionAnomalies with region names and success rates" time="0.0057996">
        </testcase>
        <testcase classname="tests/features/geo-analysis/hooks/use-geo-insights.test.ts" name="useGeoInsights — generate() happy path &gt; calls generateStructured with the prompt from buildGeoInsightPrompt" time="0.0075121">
        </testcase>
        <testcase classname="tests/features/geo-analysis/hooks/use-geo-insights.test.ts" name="useGeoInsights — generate() happy path &gt; passes anomalous region names to buildGeoInsightPrompt" time="0.0241493">
        </testcase>
        <testcase classname="tests/features/geo-analysis/hooks/use-geo-insights.test.ts" name="useGeoInsights — generate() happy path &gt; passes geo context fields to buildGeoInsightPrompt" time="0.0034029">
        </testcase>
        <testcase classname="tests/features/geo-analysis/hooks/use-geo-insights.test.ts" name="useGeoInsights — generate() happy path &gt; error remains null after a successful generate" time="0.0029268">
        </testcase>
        <testcase classname="tests/features/geo-analysis/hooks/use-geo-insights.test.ts" name="useGeoInsights — generate() error handling &gt; stores the error message when detectRegionAnomalies throws an Error" time="0.0034229">
        </testcase>
        <testcase classname="tests/features/geo-analysis/hooks/use-geo-insights.test.ts" name="useGeoInsights — generate() error handling &gt; stores the error message when generateStructured throws an Error" time="0.0034654">
        </testcase>
        <testcase classname="tests/features/geo-analysis/hooks/use-geo-insights.test.ts" name="useGeoInsights — generate() error handling &gt; uses fallback message &apos;Insight generation failed.&apos; for non-Error throws" time="0.0026889">
        </testcase>
        <testcase classname="tests/features/geo-analysis/hooks/use-geo-insights.test.ts" name="useGeoInsights — generate() error handling &gt; uses fallback message for thrown null" time="0.0028485">
        </testcase>
        <testcase classname="tests/features/geo-analysis/hooks/use-geo-insights.test.ts" name="useGeoInsights — generate() error handling &gt; ensures generating is reset to false even when an error occurs" time="0.0028944">
        </testcase>
        <testcase classname="tests/features/geo-analysis/hooks/use-geo-insights.test.ts" name="useGeoInsights — generate() error handling &gt; does not commit anomalies to state when generateStructured throws" time="0.0031918">
        </testcase>
        <testcase classname="tests/features/geo-analysis/hooks/use-geo-insights.test.ts" name="useGeoInsights — reset() &gt; clears insight, anomalies, and error back to initial values" time="0.0033976">
        </testcase>
        <testcase classname="tests/features/geo-analysis/hooks/use-geo-insights.test.ts" name="useGeoInsights — reset() &gt; clears only an error (when insight was never generated)" time="0.0050276">
        </testcase>
        <testcase classname="tests/features/geo-analysis/hooks/use-geo-insights.test.ts" name="useGeoInsights — reset() &gt; does not affect the generating flag (stays false)" time="0.0032328">
        </testcase>
        <testcase classname="tests/features/geo-analysis/hooks/use-geo-insights.test.ts" name="useGeoInsights — reset() &gt; is safe to call multiple times consecutively" time="0.0048561">
        </testcase>
        <testcase classname="tests/features/geo-analysis/hooks/use-geo-insights.test.ts" name="useGeoInsights — progress field &gt; reflects ai.progress.progress" time="0.0026049">
        </testcase>
        <testcase classname="tests/features/geo-analysis/hooks/use-geo-insights.test.ts" name="useGeoInsights — progress field &gt; returns 0 when ai.progress is null-ish (nullish coalescing)" time="0.0023082">
        </testcase>
    </testsuite>
    <testsuite name="tests/features/history/model/format.test.ts" timestamp="2026-06-25T18:28:25.838Z" hostname="Desktop" tests="37" failures="0" errors="0" skipped="0" time="0.0241981">
        <testcase classname="tests/features/history/model/format.test.ts" name="dayKey &gt; returns a YYYY-MM-DD string for a valid timestamp" time="0.0037147">
        </testcase>
        <testcase classname="tests/features/history/model/format.test.ts" name="dayKey &gt; returns &apos;2024-03-15&apos; for the pinned local date" time="0.0008922">
        </testcase>
        <testcase classname="tests/features/history/model/format.test.ts" name="dayKey &gt; returns &apos;unknown&apos; for NaN" time="0.0004798">
        </testcase>
        <testcase classname="tests/features/history/model/format.test.ts" name="dayKey &gt; returns &apos;unknown&apos; for Infinity" time="0.0003705">
        </testcase>
        <testcase classname="tests/features/history/model/format.test.ts" name="dayKey &gt; returns &apos;unknown&apos; for -Infinity" time="0.0003463">
        </testcase>
        <testcase classname="tests/features/history/model/format.test.ts" name="dayKey &gt; pads single-digit month with leading zero" time="0.000369">
        </testcase>
        <testcase classname="tests/features/history/model/format.test.ts" name="dayKey &gt; pads single-digit day with leading zero" time="0.0003304">
        </testcase>
        <testcase classname="tests/features/history/model/format.test.ts" name="dayKey &gt; handles epoch zero (1970-01-01) without throwing" time="0.0003829">
        </testcase>
        <testcase classname="tests/features/history/model/format.test.ts" name="dayKey &gt; handles negative timestamps (pre-1970) without throwing" time="0.000375">
        </testcase>
        <testcase classname="tests/features/history/model/format.test.ts" name="dayLabel &gt; returns a non-empty string for a valid timestamp" time="0.0005921">
        </testcase>
        <testcase classname="tests/features/history/model/format.test.ts" name="dayLabel &gt; returns &apos;Unknown&apos; for NaN" time="0.0003183">
        </testcase>
        <testcase classname="tests/features/history/model/format.test.ts" name="dayLabel &gt; returns &apos;Unknown&apos; for Infinity" time="0.0002916">
        </testcase>
        <testcase classname="tests/features/history/model/format.test.ts" name="dayLabel &gt; returns &apos;Unknown&apos; for -Infinity" time="0.0002595">
        </testcase>
        <testcase classname="tests/features/history/model/format.test.ts" name="dayLabel &gt; returns a different label for two different days" time="0.0018502">
        </testcase>
        <testcase classname="tests/features/history/model/format.test.ts" name="clockTime &gt; returns a non-empty string for a valid timestamp" time="0.0005353">
        </testcase>
        <testcase classname="tests/features/history/model/format.test.ts" name="clockTime &gt; returns an empty string for NaN" time="0.0002491">
        </testcase>
        <testcase classname="tests/features/history/model/format.test.ts" name="clockTime &gt; returns an empty string for Infinity" time="0.0002236">
        </testcase>
        <testcase classname="tests/features/history/model/format.test.ts" name="clockTime &gt; returns an empty string for -Infinity" time="0.0001788">
        </testcase>
        <testcase classname="tests/features/history/model/format.test.ts" name="clockTime &gt; returns different strings for timestamps one hour apart" time="0.0004064">
        </testcase>
        <testcase classname="tests/features/history/model/format.test.ts" name="formatAgo &gt; returns &apos;unknown&apos; for NaN timestamp" time="0.0004118">
        </testcase>
        <testcase classname="tests/features/history/model/format.test.ts" name="formatAgo &gt; returns &apos;unknown&apos; for Infinity timestamp" time="0.0002162">
        </testcase>
        <testcase classname="tests/features/history/model/format.test.ts" name="formatAgo &gt; returns &apos;unknown&apos; for -Infinity timestamp" time="0.0002102">
        </testcase>
        <testcase classname="tests/features/history/model/format.test.ts" name="formatAgo &gt; returns &apos;just now&apos; for a timestamp within the last minute" time="0.0001798">
        </testcase>
        <testcase classname="tests/features/history/model/format.test.ts" name="formatAgo &gt; returns &apos;just now&apos; for a timestamp exactly at now" time="0.0001444">
        </testcase>
        <testcase classname="tests/features/history/model/format.test.ts" name="formatAgo &gt; returns &apos;just now&apos; for a future timestamp (negative diff &lt; 1 min)" time="0.0001431">
        </testcase>
        <testcase classname="tests/features/history/model/format.test.ts" name="formatAgo &gt; returns minutes label for 1-59 minutes ago" time="0.0002708">
        </testcase>
        <testcase classname="tests/features/history/model/format.test.ts" name="formatAgo &gt; returns hours label for 1-23 hours ago" time="0.0002158">
        </testcase>
        <testcase classname="tests/features/history/model/format.test.ts" name="formatAgo &gt; returns days label for 1-29 days ago" time="0.0002254">
        </testcase>
        <testcase classname="tests/features/history/model/format.test.ts" name="formatAgo &gt; returns months label for 1-11 months (30-day approximation)" time="0.0002356">
        </testcase>
        <testcase classname="tests/features/history/model/format.test.ts" name="formatAgo &gt; returns years label for &gt;= 12 months" time="0.0001898">
        </testcase>
        <testcase classname="tests/features/history/model/format.test.ts" name="formatAgo &gt; uses Date.now() as the default &apos;now&apos; argument" time="0.0002836">
        </testcase>
        <testcase classname="tests/features/history/model/format.test.ts" name="toTimestamp &gt; parses a valid ISO 8601 string to epoch ms" time="0.0002774">
        </testcase>
        <testcase classname="tests/features/history/model/format.test.ts" name="toTimestamp &gt; parses a date-only string (YYYY-MM-DD)" time="0.0001955">
        </testcase>
        <testcase classname="tests/features/history/model/format.test.ts" name="toTimestamp &gt; returns NaN for an unparseable string" time="0.000194">
        </testcase>
        <testcase classname="tests/features/history/model/format.test.ts" name="toTimestamp &gt; returns NaN for an empty string" time="0.0001348">
        </testcase>
        <testcase classname="tests/features/history/model/format.test.ts" name="toTimestamp &gt; returns a number (not a string) in all cases" time="0.0001754">
        </testcase>
        <testcase classname="tests/features/history/model/format.test.ts" name="toTimestamp &gt; round-trips: toTimestamp of an ISO string from a known Date matches" time="0.0008115">
        </testcase>
    </testsuite>
    <testsuite name="tests/features/history/model/source-style.test.ts" timestamp="2026-06-25T18:28:25.843Z" hostname="Desktop" tests="16" failures="0" errors="0" skipped="0" time="0.0106338">
        <testcase classname="tests/features/history/model/source-style.test.ts" name="sourceStyle &gt; when source is &quot;dataset&quot; &gt; returns the Upload icon" time="0.0025276">
        </testcase>
        <testcase classname="tests/features/history/model/source-style.test.ts" name="sourceStyle &gt; when source is &quot;dataset&quot; &gt; returns the emerald dot class" time="0.0003587">
        </testcase>
        <testcase classname="tests/features/history/model/source-style.test.ts" name="sourceStyle &gt; when source is &quot;dataset&quot; &gt; returns the emerald badge class" time="0.0002171">
        </testcase>
        <testcase classname="tests/features/history/model/source-style.test.ts" name="sourceStyle &gt; when source is &quot;transform&quot; &gt; returns the WandSparkles icon" time="0.0002733">
        </testcase>
        <testcase classname="tests/features/history/model/source-style.test.ts" name="sourceStyle &gt; when source is &quot;transform&quot; &gt; returns the indigo dot class" time="0.0002036">
        </testcase>
        <testcase classname="tests/features/history/model/source-style.test.ts" name="sourceStyle &gt; when source is &quot;transform&quot; &gt; returns the indigo badge class" time="0.0001559">
        </testcase>
        <testcase classname="tests/features/history/model/source-style.test.ts" name="sourceStyle &gt; when source is &quot;query&quot; &gt; returns the Table2 icon" time="0.0001444">
        </testcase>
        <testcase classname="tests/features/history/model/source-style.test.ts" name="sourceStyle &gt; when source is &quot;query&quot; &gt; returns the cyan dot class" time="0.000142">
        </testcase>
        <testcase classname="tests/features/history/model/source-style.test.ts" name="sourceStyle &gt; when source is &quot;query&quot; &gt; returns the cyan badge class" time="0.00015">
        </testcase>
        <testcase classname="tests/features/history/model/source-style.test.ts" name="sourceStyle &gt; when source is &quot;activity&quot; &gt; returns the Activity icon" time="0.0001339">
        </testcase>
        <testcase classname="tests/features/history/model/source-style.test.ts" name="sourceStyle &gt; when source is &quot;activity&quot; &gt; returns the amber dot class" time="0.0001211">
        </testcase>
        <testcase classname="tests/features/history/model/source-style.test.ts" name="sourceStyle &gt; when source is &quot;activity&quot; &gt; returns the amber badge class" time="0.0001096">
        </testcase>
        <testcase classname="tests/features/history/model/source-style.test.ts" name="sourceStyle &gt; ?? fallback branch &gt; falls back to the activity style for an unknown source value" time="0.0001845">
        </testcase>
        <testcase classname="tests/features/history/model/source-style.test.ts" name="sourceStyle &gt; ?? fallback branch &gt; falls back to activity style when source is an empty string" time="0.0001501">
        </testcase>
        <testcase classname="tests/features/history/model/source-style.test.ts" name="sourceStyle &gt; return value shape &gt; always returns an object with icon, dot, and badge properties" time="0.0008798">
        </testcase>
        <testcase classname="tests/features/history/model/source-style.test.ts" name="sourceStyle &gt; return value shape &gt; icon is a React component (function or object)" time="0.000289">
        </testcase>
    </testsuite>
    <testsuite name="tests/features/parsed-data/hooks/useColumnDetail.test.ts" timestamp="2026-06-25T18:28:25.845Z" hostname="Desktop" tests="19" failures="0" errors="0" skipped="0" time="6.3843448">
        <testcase classname="tests/features/parsed-data/hooks/useColumnDetail.test.ts" name="useColumnDetail – null / missing inputs &gt; returns {detail: null, loading: false} when dataset is null" time="0.0417967">
        </testcase>
        <testcase classname="tests/features/parsed-data/hooks/useColumnDetail.test.ts" name="useColumnDetail – null / missing inputs &gt; returns {detail: null, loading: false} when profile is null" time="0.0040404">
        </testcase>
        <testcase classname="tests/features/parsed-data/hooks/useColumnDetail.test.ts" name="useColumnDetail – null / missing inputs &gt; returns {detail: null, loading: false} when both dataset and profile are null" time="0.0034171">
        </testcase>
        <testcase classname="tests/features/parsed-data/hooks/useColumnDetail.test.ts" name="useColumnDetail – null / missing inputs &gt; resets to null when dataset becomes null after a load" time="0.1003602">
        </testcase>
        <testcase classname="tests/features/parsed-data/hooks/useColumnDetail.test.ts" name="useColumnDetail – happy path (numeric column) &gt; transitions loading → false and sets detail after queries resolve" time="0.0780303">
        </testcase>
        <testcase classname="tests/features/parsed-data/hooks/useColumnDetail.test.ts" name="useColumnDetail – happy path (numeric column) &gt; calls worker.parseDetail with the raw DuckDB result" time="0.0807818">
        </testcase>
        <testcase classname="tests/features/parsed-data/hooks/useColumnDetail.test.ts" name="useColumnDetail – happy path (string column) &gt; fetches length stats and omits histogram for string types" time="0.0771315">
        </testcase>
        <testcase classname="tests/features/parsed-data/hooks/useColumnDetail.test.ts" name="useColumnDetail – numeric column edge: min === max &gt; skips the histogram query when min equals max" time="0.0799888">
        </testcase>
        <testcase classname="tests/features/parsed-data/hooks/useColumnDetail.test.ts" name="useColumnDetail – numeric column edge: min === max &gt; skips the histogram query when min is undefined" time="0.0787576">
        </testcase>
        <testcase classname="tests/features/parsed-data/hooks/useColumnDetail.test.ts" name="useColumnDetail – caching &gt; returns the cached detail instantly on re-selection of the same column" time="0.0789355">
        </testcase>
        <testcase classname="tests/features/parsed-data/hooks/useColumnDetail.test.ts" name="useColumnDetail – caching &gt; re-fetches when the column changes" time="0.13816">
        </testcase>
        <testcase classname="tests/features/parsed-data/hooks/useColumnDetail.test.ts" name="useColumnDetail – caching &gt; re-fetches when the dataset changes (different id)" time="0.1620141">
        </testcase>
        <testcase classname="tests/features/parsed-data/hooks/useColumnDetail.test.ts" name="useColumnDetail – error handling &gt; clears loading and sets detail to null when runReadOnlyQuery rejects" time="0.0793533">
        </testcase>
        <testcase classname="tests/features/parsed-data/hooks/useColumnDetail.test.ts" name="useColumnDetail – error handling &gt; clears loading and sets detail to null when worker.parseDetail rejects" time="0.078414">
        </testcase>
        <testcase classname="tests/features/parsed-data/hooks/useColumnDetail.test.ts" name="useColumnDetail – cancellation &gt; does not update state if the component unmounts before the query resolves" time="0.0038612">
        </testcase>
        <testcase classname="tests/features/parsed-data/hooks/useColumnDetail.test.ts" name="useColumnDetail – cancellation &gt; cancels the stale request when the column changes before it resolves" time="0.0756017">
        </testcase>
        <testcase classname="tests/features/parsed-data/hooks/useColumnDetail.test.ts" name="useColumnDetail – identifier quoting &gt; properly escapes double-quote characters in column names" time="0.079173">
        </testcase>
        <testcase classname="tests/features/parsed-data/hooks/useColumnDetail.test.ts" name="useColumnDetail – sample values edge cases &gt; filters out null and undefined sample values when building validitySample" time="0.0781741">
        </testcase>
        <testcase classname="tests/features/parsed-data/hooks/useColumnDetail.test.ts" name="useColumnDetail – LRU eviction &gt; evicts the oldest entry when the memo reaches 64 entries" time="5.0550218">
        </testcase>
    </testsuite>
    <testsuite name="tests/features/parsed-data/hooks/useDatasetCatalog.test.ts" timestamp="2026-06-25T18:28:25.847Z" hostname="Desktop" tests="17" failures="0" errors="0" skipped="0" time="1.529112">
        <testcase classname="tests/features/parsed-data/hooks/useDatasetCatalog.test.ts" name="useDatasetCatalog – initial state &gt; starts with loading false, empty catalog, null error, null activeDataset" time="0.0489424">
        </testcase>
        <testcase classname="tests/features/parsed-data/hooks/useDatasetCatalog.test.ts" name="useDatasetCatalog – happy path &gt; loads catalog and mirrors datasets into store" time="0.0785637">
        </testcase>
        <testcase classname="tests/features/parsed-data/hooks/useDatasetCatalog.test.ts" name="useDatasetCatalog – happy path &gt; auto-selects the first dataset when activeDatasetId is null and catalog is non-empty" time="0.0756044">
        </testcase>
        <testcase classname="tests/features/parsed-data/hooks/useDatasetCatalog.test.ts" name="useDatasetCatalog – happy path &gt; does NOT auto-select when activeDatasetId is already set" time="0.0781274">
        </testcase>
        <testcase classname="tests/features/parsed-data/hooks/useDatasetCatalog.test.ts" name="useDatasetCatalog – happy path &gt; does NOT auto-select when catalog is empty" time="0.0800676">
        </testcase>
        <testcase classname="tests/features/parsed-data/hooks/useDatasetCatalog.test.ts" name="useDatasetCatalog – loading state &gt; transitions loading true → false after the async resolves" time="0.0163258">
        </testcase>
        <testcase classname="tests/features/parsed-data/hooks/useDatasetCatalog.test.ts" name="useDatasetCatalog – error handling &gt; captures Error instance message in error state" time="0.0805743">
        </testcase>
        <testcase classname="tests/features/parsed-data/hooks/useDatasetCatalog.test.ts" name="useDatasetCatalog – error handling &gt; converts non-Error thrown values to string in error state" time="0.0737242">
        </testcase>
        <testcase classname="tests/features/parsed-data/hooks/useDatasetCatalog.test.ts" name="useDatasetCatalog – error handling &gt; converts thrown number to string in error state" time="0.0915118">
        </testcase>
        <testcase classname="tests/features/parsed-data/hooks/useDatasetCatalog.test.ts" name="useDatasetCatalog – error handling &gt; clears previous error on a successful re-fetch" time="0.1535157">
        </testcase>
        <testcase classname="tests/features/parsed-data/hooks/useDatasetCatalog.test.ts" name="useDatasetCatalog – activeDataset derivation &gt; returns the matching catalog entry when activeDatasetId is found" time="0.0792009">
        </testcase>
        <testcase classname="tests/features/parsed-data/hooks/useDatasetCatalog.test.ts" name="useDatasetCatalog – activeDataset derivation &gt; falls back to catalog[0] when activeDatasetId does not match any catalog entry" time="0.0928862">
        </testcase>
        <testcase classname="tests/features/parsed-data/hooks/useDatasetCatalog.test.ts" name="useDatasetCatalog – activeDataset derivation &gt; returns null when catalog is empty (no match, no fallback)" time="0.0916305">
        </testcase>
        <testcase classname="tests/features/parsed-data/hooks/useDatasetCatalog.test.ts" name="useDatasetCatalog – refreshKey &gt; re-fetches the catalog when refreshKey changes" time="0.1580901">
        </testcase>
        <testcase classname="tests/features/parsed-data/hooks/useDatasetCatalog.test.ts" name="useDatasetCatalog – refreshKey &gt; re-fetches when both refreshKey and activeDatasetId change" time="0.157677">
        </testcase>
        <testcase classname="tests/features/parsed-data/hooks/useDatasetCatalog.test.ts" name="useDatasetCatalog – return shape &gt; returns setActiveDataset from the data store" time="0.0830855">
        </testcase>
        <testcase classname="tests/features/parsed-data/hooks/useDatasetCatalog.test.ts" name="useDatasetCatalog – return shape &gt; returns activeDatasetId from the data store" time="0.0802529">
        </testcase>
    </testsuite>
    <testsuite name="tests/features/parsed-data/hooks/useDatasetProfile.test.ts" timestamp="2026-06-25T18:28:25.850Z" hostname="Desktop" tests="25" failures="0" errors="0" skipped="0" time="1.8835731">
        <testcase classname="tests/features/parsed-data/hooks/useDatasetProfile.test.ts" name="useDatasetProfile – initial idle state &gt; starts in idle state with empty profiles and dimensions" time="0.0379252">
        </testcase>
        <testcase classname="tests/features/parsed-data/hooks/useDatasetProfile.test.ts" name="useDatasetProfile – null dataset &gt; returns idle state and does not call profileDataset when dataset is null" time="0.0099981">
        </testcase>
        <testcase classname="tests/features/parsed-data/hooks/useDatasetProfile.test.ts" name="useDatasetProfile – null dataset &gt; resets to idle when dataset becomes null after a successful load" time="0.0591241">
        </testcase>
        <testcase classname="tests/features/parsed-data/hooks/useDatasetProfile.test.ts" name="useDatasetProfile – cache hit (refreshKey = 0) &gt; serves profiles from cache and sets fromCache=true without calling profileDataset" time="0.0770249">
        </testcase>
        <testcase classname="tests/features/parsed-data/hooks/useDatasetProfile.test.ts" name="useDatasetProfile – cache hit (refreshKey = 0) &gt; sets status to loading before the cache resolves" time="0.0138946">
        </testcase>
        <testcase classname="tests/features/parsed-data/hooks/useDatasetProfile.test.ts" name="useDatasetProfile – cache miss (refreshKey = 0, no cached data) &gt; calls profileDataset and buildProfiles on a cache miss and sets status=ready" time="0.0809754">
        </testcase>
        <testcase classname="tests/features/parsed-data/hooks/useDatasetProfile.test.ts" name="useDatasetProfile – cache miss (refreshKey = 0, no cached data) &gt; persists the computed profile after a successful scan" time="0.0793646">
        </testcase>
        <testcase classname="tests/features/parsed-data/hooks/useDatasetProfile.test.ts" name="useDatasetProfile – cache miss (refreshKey = 0, no cached data) &gt; calls resetCancelToken before profileDataset" time="0.0775182">
        </testcase>
        <testcase classname="tests/features/parsed-data/hooks/useDatasetProfile.test.ts" name="useDatasetProfile – refreshKey &gt; 0 &gt; invalidates the cache when refreshKey &gt; 0 instead of loading from cache" time="0.0800487">
        </testcase>
        <testcase classname="tests/features/parsed-data/hooks/useDatasetProfile.test.ts" name="useDatasetProfile – refreshKey &gt; 0 &gt; still calls profileDataset and returns fresh results when refreshKey &gt; 0" time="0.0781419">
        </testcase>
        <testcase classname="tests/features/parsed-data/hooks/useDatasetProfile.test.ts" name="useDatasetProfile – error handling &gt; sets status=error when profileDataset rejects" time="0.0796116">
        </testcase>
        <testcase classname="tests/features/parsed-data/hooks/useDatasetProfile.test.ts" name="useDatasetProfile – error handling &gt; sets status=error when worker.buildProfiles rejects" time="0.0791553">
        </testcase>
        <testcase classname="tests/features/parsed-data/hooks/useDatasetProfile.test.ts" name="useDatasetProfile – error handling &gt; stringifies non-Error error values" time="0.0788627">
        </testcase>
        <testcase classname="tests/features/parsed-data/hooks/useDatasetProfile.test.ts" name="useDatasetProfile – error handling &gt; preserves status=error across rerenders when the dataset does not change" time="0.08169">
        </testcase>
        <testcase classname="tests/features/parsed-data/hooks/useDatasetProfile.test.ts" name="useDatasetProfile – cancellation &gt; calls cancelQueries with the cancel token when component unmounts" time="0.0042573">
        </testcase>
        <testcase classname="tests/features/parsed-data/hooks/useDatasetProfile.test.ts" name="useDatasetProfile – cancellation &gt; does not update state if component unmounts before profileDataset resolves" time="0.002579">
        </testcase>
        <testcase classname="tests/features/parsed-data/hooks/useDatasetProfile.test.ts" name="useDatasetProfile – cancellation &gt; does not update state if dataset changes before profileDataset resolves (stale closure)" time="0.1640653">
        </testcase>
        <testcase classname="tests/features/parsed-data/hooks/useDatasetProfile.test.ts" name="useDatasetProfile – cancellation &gt; does not update state if cancelled before loadCachedProfile resolves" time="0.0039038">
        </testcase>
        <testcase classname="tests/features/parsed-data/hooks/useDatasetProfile.test.ts" name="useDatasetProfile – cancel token format &gt; includes datasetId, updatedAt, and refreshKey in the cancel token" time="0.0746973">
        </testcase>
        <testcase classname="tests/features/parsed-data/hooks/useDatasetProfile.test.ts" name="useDatasetProfile – cancel token format &gt; uses same cancel token for profileDataset and cancelQueries cleanup" time="0.0026191">
        </testcase>
        <testcase classname="tests/features/parsed-data/hooks/useDatasetProfile.test.ts" name="useDatasetProfile – dataset changes &gt; re-profiles when the dataset id changes" time="0.1556101">
        </testcase>
        <testcase classname="tests/features/parsed-data/hooks/useDatasetProfile.test.ts" name="useDatasetProfile – dataset changes &gt; re-profiles when updatedAt changes for the same dataset id" time="0.1599554">
        </testcase>
        <testcase classname="tests/features/parsed-data/hooks/useDatasetProfile.test.ts" name="useDatasetProfile – dataset changes &gt; re-profiles when refreshKey changes" time="0.1572383">
        </testcase>
        <testcase classname="tests/features/parsed-data/hooks/useDatasetProfile.test.ts" name="useDatasetProfile – status transitions &gt; transitions from idle → loading → ready on successful scan" time="0.0793832">
        </testcase>
        <testcase classname="tests/features/parsed-data/hooks/useDatasetProfile.test.ts" name="useDatasetProfile – status transitions &gt; clears error on re-run after refreshKey changes" time="0.1579911">
        </testcase>
    </testsuite>
    <testsuite name="tests/features/parsed-data/hooks/useFilteredProfiles.test.ts" timestamp="2026-06-25T18:28:25.853Z" hostname="Desktop" tests="17" failures="0" errors="0" skipped="0" time="0.8421192">
        <testcase classname="tests/features/parsed-data/hooks/useFilteredProfiles.test.ts" name="useFilteredProfiles – initial state &gt; returns the full profiles list before the first worker result arrives" time="0.0667738">
        </testcase>
        <testcase classname="tests/features/parsed-data/hooks/useFilteredProfiles.test.ts" name="useFilteredProfiles – happy path (pristine query) &gt; updates the list with the worker result when filterSort resolves" time="0.0723989">
        </testcase>
        <testcase classname="tests/features/parsed-data/hooks/useFilteredProfiles.test.ts" name="useFilteredProfiles – happy path (pristine query) &gt; calls filterSort with the full profiles and query on mount" time="0.0301026">
        </testcase>
        <testcase classname="tests/features/parsed-data/hooks/useFilteredProfiles.test.ts" name="useFilteredProfiles – happy path (non-pristine / active query) &gt; updates the list when the query has a non-empty search term" time="0.082836">
        </testcase>
        <testcase classname="tests/features/parsed-data/hooks/useFilteredProfiles.test.ts" name="useFilteredProfiles – happy path (non-pristine / active query) &gt; updates the list when typeFilter differs from &apos;all&apos;" time="0.0209676">
        </testcase>
        <testcase classname="tests/features/parsed-data/hooks/useFilteredProfiles.test.ts" name="useFilteredProfiles – happy path (non-pristine / active query) &gt; updates the list when qualityFilter differs from &apos;all&apos;" time="0.0134144">
        </testcase>
        <testcase classname="tests/features/parsed-data/hooks/useFilteredProfiles.test.ts" name="useFilteredProfiles – happy path (non-pristine / active query) &gt; trims whitespace when determining isPristine" time="0.0147698">
        </testcase>
        <testcase classname="tests/features/parsed-data/hooks/useFilteredProfiles.test.ts" name="useFilteredProfiles – re-run on dependency change &gt; re-runs filterSort when profiles array changes" time="0.0956005">
        </testcase>
        <testcase classname="tests/features/parsed-data/hooks/useFilteredProfiles.test.ts" name="useFilteredProfiles – re-run on dependency change &gt; re-runs filterSort when the query changes" time="0.1130981">
        </testcase>
        <testcase classname="tests/features/parsed-data/hooks/useFilteredProfiles.test.ts" name="useFilteredProfiles – re-run on dependency change &gt; re-runs filterSort when the worker instance changes" time="0.0724948">
        </testcase>
        <testcase classname="tests/features/parsed-data/hooks/useFilteredProfiles.test.ts" name="useFilteredProfiles – cancellation on unmount &gt; does not update state if component unmounts before filterSort resolves" time="0.0036609">
        </testcase>
        <testcase classname="tests/features/parsed-data/hooks/useFilteredProfiles.test.ts" name="useFilteredProfiles – stale request cancellation &gt; discards the result of the stale request when a newer one supersedes it" time="0.0740697">
        </testcase>
        <testcase classname="tests/features/parsed-data/hooks/useFilteredProfiles.test.ts" name="useFilteredProfiles – worker failure (catch block) &gt; falls back to full profiles list when filterSort rejects with a pristine query" time="0.0168688">
        </testcase>
        <testcase classname="tests/features/parsed-data/hooks/useFilteredProfiles.test.ts" name="useFilteredProfiles – worker failure (catch block) &gt; does not update state on worker failure with a non-pristine query" time="0.0029983">
        </testcase>
        <testcase classname="tests/features/parsed-data/hooks/useFilteredProfiles.test.ts" name="useFilteredProfiles – worker failure (catch block) &gt; does not update state on worker failure when component is already unmounted" time="0.0030702">
        </testcase>
        <testcase classname="tests/features/parsed-data/hooks/useFilteredProfiles.test.ts" name="useFilteredProfiles – worker failure (catch block) &gt; does not fall back when request is stale on worker failure with pristine query" time="0.0744014">
        </testcase>
        <testcase classname="tests/features/parsed-data/hooks/useFilteredProfiles.test.ts" name="useFilteredProfiles – return value &gt; returns the current filtered list from state" time="0.068861">
        </testcase>
    </testsuite>
    <testsuite name="tests/features/geo-analysis/lib/ai-insights.test.ts" timestamp="2026-06-25T18:28:25.855Z" hostname="Desktop" tests="33" failures="0" errors="0" skipped="0" time="0.1256261">
        <testcase classname="tests/features/geo-analysis/lib/ai-insights.test.ts" name="GeoInsightSchema &gt; accepts a valid complete insight object" time="0.0087479">
        </testcase>
        <testcase classname="tests/features/geo-analysis/lib/ai-insights.test.ts" name="GeoInsightSchema &gt; accepts an object with empty arrays for topRegions and riskRegions" time="0.0008158">
        </testcase>
        <testcase classname="tests/features/geo-analysis/lib/ai-insights.test.ts" name="GeoInsightSchema &gt; rejects headline shorter than 4 characters" time="0.0019764">
        </testcase>
        <testcase classname="tests/features/geo-analysis/lib/ai-insights.test.ts" name="GeoInsightSchema &gt; rejects headline longer than 160 characters" time="0.0009468">
        </testcase>
        <testcase classname="tests/features/geo-analysis/lib/ai-insights.test.ts" name="GeoInsightSchema &gt; rejects topRegions with more than 4 items" time="0.0009425">
        </testcase>
        <testcase classname="tests/features/geo-analysis/lib/ai-insights.test.ts" name="GeoInsightSchema &gt; rejects riskRegions with more than 4 items" time="0.0007107">
        </testcase>
        <testcase classname="tests/features/geo-analysis/lib/ai-insights.test.ts" name="GeoInsightSchema &gt; rejects a topRegion note shorter than 4 characters" time="0.0007631">
        </testcase>
        <testcase classname="tests/features/geo-analysis/lib/ai-insights.test.ts" name="GeoInsightSchema &gt; rejects a riskRegion reason shorter than 4 characters" time="0.0006633">
        </testcase>
        <testcase classname="tests/features/geo-analysis/lib/ai-insights.test.ts" name="GeoInsightSchema &gt; rejects channelObservation shorter than 4 characters" time="0.0006311">
        </testcase>
        <testcase classname="tests/features/geo-analysis/lib/ai-insights.test.ts" name="GeoInsightSchema &gt; rejects recommendation shorter than 4 characters" time="0.0006362">
        </testcase>
        <testcase classname="tests/features/geo-analysis/lib/ai-insights.test.ts" name="GeoInsightSchema &gt; rejects channelObservation longer than 400 characters" time="0.0007308">
        </testcase>
        <testcase classname="tests/features/geo-analysis/lib/ai-insights.test.ts" name="GeoInsightSchema &gt; rejects recommendation longer than 400 characters" time="0.000673">
        </testcase>
        <testcase classname="tests/features/geo-analysis/lib/ai-insights.test.ts" name="GeoInsightSchema &gt; accepts exactly 4 topRegions (boundary)" time="0.0004753">
        </testcase>
        <testcase classname="tests/features/geo-analysis/lib/ai-insights.test.ts" name="GeoInsightSchema &gt; accepts exactly 4 riskRegions (boundary)" time="0.0003854">
        </testcase>
        <testcase classname="tests/features/geo-analysis/lib/ai-insights.test.ts" name="buildGeoInsightPrompt — system message &gt; always includes the telecom analyst role description" time="0.0380148">
        </testcase>
        <testcase classname="tests/features/geo-analysis/lib/ai-insights.test.ts" name="buildGeoInsightPrompt — regions branch &gt; includes per-region metrics when regions array is non-empty" time="0.0018816">
        </testcase>
        <testcase classname="tests/features/geo-analysis/lib/ai-insights.test.ts" name="buildGeoInsightPrompt — regions branch &gt; falls back to &apos;(no region metrics available)&apos; when regions is empty" time="0.0012697">
        </testcase>
        <testcase classname="tests/features/geo-analysis/lib/ai-insights.test.ts" name="buildGeoInsightPrompt — regions branch &gt; slices regions to at most 12 when more are provided" time="0.0062557">
        </testcase>
        <testcase classname="tests/features/geo-analysis/lib/ai-insights.test.ts" name="buildGeoInsightPrompt — regions branch &gt; includes exactly 12 regions when 12 are provided (boundary)" time="0.0038215">
        </testcase>
        <testcase classname="tests/features/geo-analysis/lib/ai-insights.test.ts" name="buildGeoInsightPrompt — dominantChannels branch &gt; includes channel mix information when dominantChannels is non-empty" time="0.0072166">
        </testcase>
        <testcase classname="tests/features/geo-analysis/lib/ai-insights.test.ts" name="buildGeoInsightPrompt — dominantChannels branch &gt; falls back to &apos;(no channel mix available)&apos; when dominantChannels is empty" time="0.0011454">
        </testcase>
        <testcase classname="tests/features/geo-analysis/lib/ai-insights.test.ts" name="buildGeoInsightPrompt — dominantChannels branch &gt; slices dominantChannels to at most 8 when more are provided" time="0.0073462">
        </testcase>
        <testcase classname="tests/features/geo-analysis/lib/ai-insights.test.ts" name="buildGeoInsightPrompt — anomalousRegions branch &gt; lists anomalous regions when anomalousRegions is non-empty" time="0.002835">
        </testcase>
        <testcase classname="tests/features/geo-analysis/lib/ai-insights.test.ts" name="buildGeoInsightPrompt — anomalousRegions branch &gt; reports no anomalies when anomalousRegions is empty" time="0.0009806">
        </testcase>
        <testcase classname="tests/features/geo-analysis/lib/ai-insights.test.ts" name="buildGeoInsightPrompt — anomalousRegions branch &gt; lists multiple anomalous regions comma-separated" time="0.0020618">
        </testcase>
        <testcase classname="tests/features/geo-analysis/lib/ai-insights.test.ts" name="buildGeoInsightPrompt — datasetName branch &gt; uses the provided dataset name in the prompt" time="0.0013452">
        </testcase>
        <testcase classname="tests/features/geo-analysis/lib/ai-insights.test.ts" name="buildGeoInsightPrompt — datasetName branch &gt; falls back to &apos;active dataset&apos; when datasetName is null" time="0.0009982">
        </testcase>
        <testcase classname="tests/features/geo-analysis/lib/ai-insights.test.ts" name="buildGeoInsightPrompt — totals formatting &gt; includes total transactions and weighted success rate in the prompt" time="0.0014961">
        </testcase>
        <testcase classname="tests/features/geo-analysis/lib/ai-insights.test.ts" name="buildGeoInsightPrompt — totals formatting &gt; includes the summary instruction at the end of the prompt" time="0.0009358">
        </testcase>
        <testcase classname="tests/features/geo-analysis/lib/ai-insights.test.ts" name="buildGeoInsightPrompt — region line formatting &gt; formats each region line with name, transactions, revenue, success rate and rank" time="0.0025464">
        </testcase>
        <testcase classname="tests/features/geo-analysis/lib/ai-insights.test.ts" name="buildGeoInsightPrompt — channel percentage formatting &gt; formats channel percentage with toFixed(0) (no decimals)" time="0.0014031">
        </testcase>
        <testcase classname="tests/features/geo-analysis/lib/ai-insights.test.ts" name="buildGeoInsightPrompt — return shape &gt; returns an object with exactly &apos;system&apos; and &apos;prompt&apos; string keys" time="0.00226">
        </testcase>
        <testcase classname="tests/features/geo-analysis/lib/ai-insights.test.ts" name="buildGeoInsightPrompt — return shape &gt; produces non-empty system and prompt strings" time="0.0125512">
        </testcase>
    </testsuite>
    <testsuite name="tests/features/geo-analysis/lib/anomaly.test.ts" timestamp="2026-06-25T18:28:25.860Z" hostname="Desktop" tests="5" failures="0" errors="0" skipped="0" time="0.0210964">
        <testcase classname="tests/features/geo-analysis/lib/anomaly.test.ts" name="detectRegionAnomalies — guards &gt; returns an empty array for fewer than 4 regions without calling kernels" time="0.0065011">
        </testcase>
        <testcase classname="tests/features/geo-analysis/lib/anomaly.test.ts" name="detectRegionAnomalies — tail filtering &gt; keeps only below-median (under-performing) outliers and drops high-side ones" time="0.0036186">
        </testcase>
        <testcase classname="tests/features/geo-analysis/lib/anomaly.test.ts" name="detectRegionAnomalies — tail filtering &gt; sorts surviving anomalies ascending by success rate (worst first)" time="0.0012465">
        </testcase>
        <testcase classname="tests/features/geo-analysis/lib/anomaly.test.ts" name="detectRegionAnomalies — MAD fallback and alignment &gt; falls back to MAD when GESD returns nothing" time="0.0025611">
        </testcase>
        <testcase classname="tests/features/geo-analysis/lib/anomaly.test.ts" name="detectRegionAnomalies — MAD fallback and alignment &gt; labels an out-of-range name index as &apos;Inconnu&apos;" time="0.000654">
        </testcase>
    </testsuite>
    <testsuite name="tests/features/geo-analysis/lib/colors.test.ts" timestamp="2026-06-25T18:28:25.861Z" hostname="Desktop" tests="26" failures="0" errors="0" skipped="0" time="0.0193947">
        <testcase classname="tests/features/geo-analysis/lib/colors.test.ts" name="successRateToColor &gt; returns red hue (0) when rate is at or below 70" time="0.0047246">
        </testcase>
        <testcase classname="tests/features/geo-analysis/lib/colors.test.ts" name="successRateToColor &gt; returns green hue (120) when rate is at or above 100" time="0.0006622">
        </testcase>
        <testcase classname="tests/features/geo-analysis/lib/colors.test.ts" name="successRateToColor &gt; returns midpoint hue (60) when rate is exactly 85" time="0.0004557">
        </testcase>
        <testcase classname="tests/features/geo-analysis/lib/colors.test.ts" name="successRateToColor &gt; clamps rate below 70 to 0 hue" time="0.0004562">
        </testcase>
        <testcase classname="tests/features/geo-analysis/lib/colors.test.ts" name="successRateToColor &gt; clamps rate above 100 to 120 hue" time="0.0003146">
        </testcase>
        <testcase classname="tests/features/geo-analysis/lib/colors.test.ts" name="successRateToColor &gt; computes intermediate hue correctly for rate 80" time="0.0002693">
        </testcase>
        <testcase classname="tests/features/geo-analysis/lib/colors.test.ts" name="successRateToColor &gt; computes intermediate hue correctly for rate 90" time="0.0002512">
        </testcase>
        <testcase classname="tests/features/geo-analysis/lib/colors.test.ts" name="successRateToFill &gt; uses default alpha of 0.7 when not provided" time="0.0004179">
        </testcase>
        <testcase classname="tests/features/geo-analysis/lib/colors.test.ts" name="successRateToFill &gt; uses provided alpha" time="0.0003721">
        </testcase>
        <testcase classname="tests/features/geo-analysis/lib/colors.test.ts" name="successRateToFill &gt; clamps rate below 70 to 0 hue" time="0.0003142">
        </testcase>
        <testcase classname="tests/features/geo-analysis/lib/colors.test.ts" name="successRateToFill &gt; clamps rate above 100 to 120 hue" time="0.000214">
        </testcase>
        <testcase classname="tests/features/geo-analysis/lib/colors.test.ts" name="successRateToFill &gt; computes green hue at rate 100" time="0.0001851">
        </testcase>
        <testcase classname="tests/features/geo-analysis/lib/colors.test.ts" name="successRateToFill &gt; computes intermediate hue for rate 85" time="0.0002085">
        </testcase>
        <testcase classname="tests/features/geo-analysis/lib/colors.test.ts" name="channelColor &gt; returns hsl color for index 0" time="0.0003996">
        </testcase>
        <testcase classname="tests/features/geo-analysis/lib/colors.test.ts" name="channelColor &gt; returns hsl color for index 1" time="0.0002418">
        </testcase>
        <testcase classname="tests/features/geo-analysis/lib/colors.test.ts" name="channelColor &gt; returns hsl color for index 2" time="0.0002394">
        </testcase>
        <testcase classname="tests/features/geo-analysis/lib/colors.test.ts" name="channelColor &gt; returns hsl color for index 3" time="0.0002316">
        </testcase>
        <testcase classname="tests/features/geo-analysis/lib/colors.test.ts" name="channelColor &gt; returns hsl color for index 4" time="0.0002073">
        </testcase>
        <testcase classname="tests/features/geo-analysis/lib/colors.test.ts" name="channelColor &gt; returns hsl color for index 5" time="0.0001928">
        </testcase>
        <testcase classname="tests/features/geo-analysis/lib/colors.test.ts" name="channelColor &gt; returns hsl color for index 6" time="0.0001778">
        </testcase>
        <testcase classname="tests/features/geo-analysis/lib/colors.test.ts" name="channelColor &gt; returns hsl color for index 7" time="0.0001941">
        </testcase>
        <testcase classname="tests/features/geo-analysis/lib/colors.test.ts" name="channelColor &gt; returns hsl color for index 8" time="0.0001968">
        </testcase>
        <testcase classname="tests/features/geo-analysis/lib/colors.test.ts" name="channelColor &gt; returns hsl color for index 9" time="0.0001695">
        </testcase>
        <testcase classname="tests/features/geo-analysis/lib/colors.test.ts" name="channelColor &gt; wraps around using modulo when index equals array length (10)" time="0.0001718">
        </testcase>
        <testcase classname="tests/features/geo-analysis/lib/colors.test.ts" name="channelColor &gt; wraps around using modulo for index 11" time="0.0001419">
        </testcase>
        <testcase classname="tests/features/geo-analysis/lib/colors.test.ts" name="channelColor &gt; wraps around for large index (20 = 0 mod 10)" time="0.0001598">
        </testcase>
    </testsuite>
    <testsuite name="tests/features/geo-analysis/lib/echarts-core.test.ts" timestamp="2026-06-25T18:28:25.866Z" hostname="Desktop" tests="10" failures="0" errors="0" skipped="0" time="0.0191257">
        <testcase classname="tests/features/geo-analysis/lib/echarts-core.test.ts" name="geo-analysis echarts-core registration module &gt; re-exports the echarts core object as the default export" time="0.0041831">
        </testcase>
        <testcase classname="tests/features/geo-analysis/lib/echarts-core.test.ts" name="geo-analysis echarts-core registration module &gt; populates the registration array during module initialisation" time="0.0013904">
        </testcase>
        <testcase classname="tests/features/geo-analysis/lib/echarts-core.test.ts" name="geo-analysis echarts-core registration module &gt; registers all seven required chart / component / renderer entries" time="0.002426">
        </testcase>
        <testcase classname="tests/features/geo-analysis/lib/echarts-core.test.ts" name="geo-analysis echarts-core registration module &gt; includes HeatmapChart in the registration list" time="0.0019775">
        </testcase>
        <testcase classname="tests/features/geo-analysis/lib/echarts-core.test.ts" name="geo-analysis echarts-core registration module &gt; includes PieChart in the registration list" time="0.000481">
        </testcase>
        <testcase classname="tests/features/geo-analysis/lib/echarts-core.test.ts" name="geo-analysis echarts-core registration module &gt; includes TooltipComponent in the registration list" time="0.0003787">
        </testcase>
        <testcase classname="tests/features/geo-analysis/lib/echarts-core.test.ts" name="geo-analysis echarts-core registration module &gt; includes VisualMapComponent in the registration list" time="0.0003836">
        </testcase>
        <testcase classname="tests/features/geo-analysis/lib/echarts-core.test.ts" name="geo-analysis echarts-core registration module &gt; includes GridComponent in the registration list" time="0.000367">
        </testcase>
        <testcase classname="tests/features/geo-analysis/lib/echarts-core.test.ts" name="geo-analysis echarts-core registration module &gt; includes LegendComponent in the registration list" time="0.0004083">
        </testcase>
        <testcase classname="tests/features/geo-analysis/lib/echarts-core.test.ts" name="geo-analysis echarts-core registration module &gt; includes CanvasRenderer in the registration list" time="0.0003139">
        </testcase>
    </testsuite>
    <testsuite name="tests/features/geo-analysis/lib/gazetteer.test.ts" timestamp="2026-06-25T18:28:25.867Z" hostname="Desktop" tests="10" failures="0" errors="0" skipped="0" time="0.0295892">
        <testcase classname="tests/features/geo-analysis/lib/gazetteer.test.ts" name="gazetteer reference data &gt; exposes 24 governorate centroids with valid coordinates" time="0.0101087">
        </testcase>
        <testcase classname="tests/features/geo-analysis/lib/gazetteer.test.ts" name="gazetteer reference data &gt; provides a stable Tunisia map centre" time="0.0014678">
        </testcase>
        <testcase classname="tests/features/geo-analysis/lib/gazetteer.test.ts" name="geocodeRegion — exact and canonical matches &gt; resolves a canonical governorate name to its centroid" time="0.0011043">
        </testcase>
        <testcase classname="tests/features/geo-analysis/lib/gazetteer.test.ts" name="geocodeRegion — exact and canonical matches &gt; is case-insensitive" time="0.0005174">
        </testcase>
        <testcase classname="tests/features/geo-analysis/lib/gazetteer.test.ts" name="geocodeRegion — exact and canonical matches &gt; is accent-insensitive (Beja resolves to Béja)" time="0.0004607">
        </testcase>
        <testcase classname="tests/features/geo-analysis/lib/gazetteer.test.ts" name="geocodeRegion — alias matching &gt; resolves an alias spelling to its canonical governorate" time="0.0004986">
        </testcase>
        <testcase classname="tests/features/geo-analysis/lib/gazetteer.test.ts" name="geocodeRegion — alias matching &gt; resolves an Arabic transliteration alias" time="0.0003295">
        </testcase>
        <testcase classname="tests/features/geo-analysis/lib/gazetteer.test.ts" name="geocodeRegion — contained-token matching &gt; matches a region embedded in a longer agency label" time="0.000398">
        </testcase>
        <testcase classname="tests/features/geo-analysis/lib/gazetteer.test.ts" name="geocodeRegion — no-match contract &gt; returns null for an empty or whitespace-only input" time="0.0003464">
        </testcase>
        <testcase classname="tests/features/geo-analysis/lib/gazetteer.test.ts" name="geocodeRegion — no-match contract &gt; returns null for a region that is nowhere near any governorate" time="0.00623">
        </testcase>
    </testsuite>
    <testsuite name="tests/features/geo-analysis/lib/geo-export.test.ts" timestamp="2026-06-25T18:28:25.869Z" hostname="Desktop" tests="28" failures="0" errors="0" skipped="0" time="0.4073844">
        <testcase classname="tests/features/geo-analysis/lib/geo-export.test.ts" name="exportGeoReport — worker unavailable guard &gt; throws when the export proxy is not available" time="0.1509459">
        </testcase>
        <testcase classname="tests/features/geo-analysis/lib/geo-export.test.ts" name="exportGeoReport — PDF format &gt; calls chart worker to render heatmap SVG for PDF" time="0.0351693">
        </testcase>
        <testcase classname="tests/features/geo-analysis/lib/geo-export.test.ts" name="exportGeoReport — PDF format &gt; calls exp.pdf() with a document containing charts when SVG renders OK" time="0.0034583">
        </testcase>
        <testcase classname="tests/features/geo-analysis/lib/geo-export.test.ts" name="exportGeoReport — PDF format &gt; passes document subtitle containing totalTransactions, revenue, success rate, and datasetName" time="0.0021042">
        </testcase>
        <testcase classname="tests/features/geo-analysis/lib/geo-export.test.ts" name="exportGeoReport — PDF format &gt; does NOT append datasetName to subtitle when datasetName is null" time="0.0021664">
        </testcase>
        <testcase classname="tests/features/geo-analysis/lib/geo-export.test.ts" name="exportGeoReport — PDF format &gt; calls saveBytes with pdf mime and timestamped filename ending in .pdf" time="0.0020629">
        </testcase>
        <testcase classname="tests/features/geo-analysis/lib/geo-export.test.ts" name="exportGeoReport — PDF format &gt; returns the saved path when the dialog confirms save" time="0.0017138">
        </testcase>
        <testcase classname="tests/features/geo-analysis/lib/geo-export.test.ts" name="exportGeoReport — PDF format &gt; returns null when the user cancels the save dialog" time="0.0022834">
        </testcase>
        <testcase classname="tests/features/geo-analysis/lib/geo-export.test.ts" name="exportGeoReport — PDF format &gt; returns null when saved=true but path is undefined" time="0.0020332">
        </testcase>
        <testcase classname="tests/features/geo-analysis/lib/geo-export.test.ts" name="exportGeoReport — XLSX format &gt; does NOT call the chart worker for xlsx (no chart embedding)" time="0.0015652">
        </testcase>
        <testcase classname="tests/features/geo-analysis/lib/geo-export.test.ts" name="exportGeoReport — XLSX format &gt; calls exp.xlsx() and produces a document without charts" time="0.0866212">
        </testcase>
        <testcase classname="tests/features/geo-analysis/lib/geo-export.test.ts" name="exportGeoReport — XLSX format &gt; calls saveBytes with xlsx mime and filename ending in .xlsx" time="0.0015024">
        </testcase>
        <testcase classname="tests/features/geo-analysis/lib/geo-export.test.ts" name="exportGeoReport — XLSX format &gt; returns null when user cancels for xlsx too" time="0.0013873">
        </testcase>
        <testcase classname="tests/features/geo-analysis/lib/geo-export.test.ts" name="exportGeoReport — region table section &gt; includes a &apos;Regions by volume&apos; section with 5 columns" time="0.0084503">
        </testcase>
        <testcase classname="tests/features/geo-analysis/lib/geo-export.test.ts" name="exportGeoReport — matrix section &gt; includes &apos;Channel distribution by region&apos; section when matrix has regions" time="0.0045388">
        </testcase>
        <testcase classname="tests/features/geo-analysis/lib/geo-export.test.ts" name="exportGeoReport — matrix section &gt; omits channel matrix section when matrix.regions is empty" time="0.00547">
        </testcase>
        <testcase classname="tests/features/geo-analysis/lib/geo-export.test.ts" name="exportGeoReport — matrix section &gt; handles missing share values (undefined cell) with 0 fallback" time="0.00195">
        </testcase>
        <testcase classname="tests/features/geo-analysis/lib/geo-export.test.ts" name="exportGeoReport — insight section &gt; includes &apos;AI regional insights&apos; section when insight is provided" time="0.0022414">
        </testcase>
        <testcase classname="tests/features/geo-analysis/lib/geo-export.test.ts" name="exportGeoReport — insight section &gt; includes headline, topRegions, riskRegions, channelObservation, recommendation rows" time="0.0020665">
        </testcase>
        <testcase classname="tests/features/geo-analysis/lib/geo-export.test.ts" name="exportGeoReport — insight section &gt; omits insight section when insight is null" time="0.0013528">
        </testcase>
        <testcase classname="tests/features/geo-analysis/lib/geo-export.test.ts" name="exportGeoReport — chart rendering edge cases &gt; proceeds without chart when chart proxy returns null" time="0.0012137">
        </testcase>
        <testcase classname="tests/features/geo-analysis/lib/geo-export.test.ts" name="exportGeoReport — chart rendering edge cases &gt; proceeds without chart when chart proxy render throws" time="0.0020721">
        </testcase>
        <testcase classname="tests/features/geo-analysis/lib/geo-export.test.ts" name="exportGeoReport — chart rendering edge cases &gt; skips chart rendering when matrix has no regions (even for PDF)" time="0.0087808">
        </testcase>
        <testcase classname="tests/features/geo-analysis/lib/geo-export.test.ts" name="exportGeoReport — chart rendering edge cases &gt; computes chart height as at least 360 px for a single-region matrix" time="0.0098724">
        </testcase>
        <testcase classname="tests/features/geo-analysis/lib/geo-export.test.ts" name="exportGeoReport — chart rendering edge cases &gt; computes chart height proportional to region count for large matrices" time="0.0029115">
        </testcase>
        <testcase classname="tests/features/geo-analysis/lib/geo-export.test.ts" name="exportGeoReport — document structure &gt; always sets paperSize to &apos;a4&apos;" time="0.0014438">
        </testcase>
        <testcase classname="tests/features/geo-analysis/lib/geo-export.test.ts" name="exportGeoReport — document structure &gt; always sets title to &apos;Geographic &amp; Network Analysis&apos;" time="0.0017927">
        </testcase>
        <testcase classname="tests/features/geo-analysis/lib/geo-export.test.ts" name="exportGeoReport — document structure &gt; region section widths are correctly set" time="0.0254946">
        </testcase>
    </testsuite>
    <testsuite name="tests/features/geo-analysis/lib/geo-sql.test.ts" timestamp="2026-06-25T18:28:25.873Z" hostname="Desktop" tests="12" failures="0" errors="0" skipped="0" time="0.0224697">
        <testcase classname="tests/features/geo-analysis/lib/geo-sql.test.ts" name="regionRollupSql &gt; groups by region and projects transactions, revenue and success" time="0.0055866">
        </testcase>
        <testcase classname="tests/features/geo-analysis/lib/geo-sql.test.ts" name="regionRollupSql &gt; excludes null/empty/&apos;NULL&apos; regions and labels missing as &apos;Inconnu&apos;" time="0.0008057">
        </testcase>
        <testcase classname="tests/features/geo-analysis/lib/geo-sql.test.ts" name="regionRollupSql &gt; clamps and floors the limit" time="0.0008506">
        </testcase>
        <testcase classname="tests/features/geo-analysis/lib/geo-sql.test.ts" name="regionRollupSql &gt; defaults the limit to 200 when omitted" time="0.0005588">
        </testcase>
        <testcase classname="tests/features/geo-analysis/lib/geo-sql.test.ts" name="regionRollupSql &gt; routes the region column through the audited quoter (rejects injection)" time="0.0022587">
        </testcase>
        <testcase classname="tests/features/geo-analysis/lib/geo-sql.test.ts" name="channelRegionMatrixSql &gt; builds a top-regions CTE then a long channel-by-region matrix" time="0.0012592">
        </testcase>
        <testcase classname="tests/features/geo-analysis/lib/geo-sql.test.ts" name="channelRegionMatrixSql &gt; clamps the region limit to at least 1" time="0.0005058">
        </testcase>
        <testcase classname="tests/features/geo-analysis/lib/geo-sql.test.ts" name="channelRegionMatrixSql &gt; defaults the region limit to 12" time="0.0003817">
        </testcase>
        <testcase classname="tests/features/geo-analysis/lib/geo-sql.test.ts" name="channelFlowSql &gt; emits channel-&gt;region edges with a transaction and success count" time="0.0008767">
        </testcase>
        <testcase classname="tests/features/geo-analysis/lib/geo-sql.test.ts" name="channelFlowSql &gt; defaults the limit to 400 and clamps a fractional/zero limit" time="0.0006226">
        </testcase>
        <testcase classname="tests/features/geo-analysis/lib/geo-sql.test.ts" name="tableExistsSql &gt; probes information_schema with the table name as a quoted literal" time="0.0004761">
        </testcase>
        <testcase classname="tests/features/geo-analysis/lib/geo-sql.test.ts" name="tableExistsSql &gt; escapes single quotes in the table name" time="0.0002111">
        </testcase>
    </testsuite>
    <testsuite name="tests/features/geo-analysis/lib/local-style.test.ts" timestamp="2026-06-25T18:28:25.875Z" hostname="Desktop" tests="12" failures="0" errors="0" skipped="0" time="0.153001">
        <testcase classname="tests/features/geo-analysis/lib/local-style.test.ts" name="buildLocalStyle &gt; returns version 8" time="0.104257">
        </testcase>
        <testcase classname="tests/features/geo-analysis/lib/local-style.test.ts" name="buildLocalStyle &gt; points glyphs at the self-hosted font stack path" time="0.0010474">
        </testcase>
        <testcase classname="tests/features/geo-analysis/lib/local-style.test.ts" name="buildLocalStyle &gt; sets the sprite to /maps/sprites/&lt;theme&gt; for light theme" time="0.0006643">
        </testcase>
        <testcase classname="tests/features/geo-analysis/lib/local-style.test.ts" name="buildLocalStyle &gt; sets the sprite to /maps/sprites/&lt;theme&gt; for dark theme" time="0.0008198">
        </testcase>
        <testcase classname="tests/features/geo-analysis/lib/local-style.test.ts" name="buildLocalStyle &gt; uses &apos;light&apos; as the default theme when no argument is supplied" time="0.0006875">
        </testcase>
        <testcase classname="tests/features/geo-analysis/lib/local-style.test.ts" name="buildLocalStyle &gt; includes the protomaps vector source with a pmtiles:// URL" time="0.002506">
        </testcase>
        <testcase classname="tests/features/geo-analysis/lib/local-style.test.ts" name="buildLocalStyle &gt; calls namedFlavor with &apos;light&apos; when theme is light" time="0.0060521">
        </testcase>
        <testcase classname="tests/features/geo-analysis/lib/local-style.test.ts" name="buildLocalStyle &gt; calls namedFlavor with &apos;dark&apos; when theme is dark" time="0.0009681">
        </testcase>
        <testcase classname="tests/features/geo-analysis/lib/local-style.test.ts" name="buildLocalStyle &gt; calls layers with the protomaps source id, the resolved flavor, and lang:en" time="0.0038034">
        </testcase>
        <testcase classname="tests/features/geo-analysis/lib/local-style.test.ts" name="buildLocalStyle &gt; includes the layers array returned by the layers() call" time="0.0014023">
        </testcase>
        <testcase classname="tests/features/geo-analysis/lib/local-style.test.ts" name="buildLocalStyle &gt; produces different sprites for light vs dark" time="0.0018048">
        </testcase>
        <testcase classname="tests/features/geo-analysis/lib/local-style.test.ts" name="buildLocalStyle &gt; passes &apos;dark&apos; flavor to layers() when dark theme is requested" time="0.0010328">
        </testcase>
    </testsuite>
    <testsuite name="tests/features/geo-analysis/lib/pmtiles-protocol.test.ts" timestamp="2026-06-25T18:28:25.877Z" hostname="Desktop" tests="8" failures="0" errors="0" skipped="0" time="0.0504909">
        <testcase classname="tests/features/geo-analysis/lib/pmtiles-protocol.test.ts" name="BASEMAP_PMTILES_URL &gt; equals &apos;/maps/basemap.pmtiles&apos;" time="0.0273809">
        </testcase>
        <testcase classname="tests/features/geo-analysis/lib/pmtiles-protocol.test.ts" name="ensurePmtilesProtocol &gt; registers the pmtiles protocol on the first call" time="0.0058088">
        </testcase>
        <testcase classname="tests/features/geo-analysis/lib/pmtiles-protocol.test.ts" name="ensurePmtilesProtocol &gt; is idempotent: does not re-register on subsequent calls" time="0.0015007">
        </testcase>
        <testcase classname="tests/features/geo-analysis/lib/pmtiles-protocol.test.ts" name="hasBundledBasemap &gt; returns false when fetch is undefined" time="0.0015219">
        </testcase>
        <testcase classname="tests/features/geo-analysis/lib/pmtiles-protocol.test.ts" name="hasBundledBasemap &gt; returns true when the fetch response has ok=true" time="0.0032863">
        </testcase>
        <testcase classname="tests/features/geo-analysis/lib/pmtiles-protocol.test.ts" name="hasBundledBasemap &gt; returns true when the fetch response has status 206 (partial content)" time="0.0013266">
        </testcase>
        <testcase classname="tests/features/geo-analysis/lib/pmtiles-protocol.test.ts" name="hasBundledBasemap &gt; returns false when the fetch response is not ok and not 206" time="0.0011987">
        </testcase>
        <testcase classname="tests/features/geo-analysis/lib/pmtiles-protocol.test.ts" name="hasBundledBasemap &gt; returns false when fetch throws a network error (catch branch)" time="0.0015702">
        </testcase>
    </testsuite>
    <testsuite name="tests/features/help/lib/onboarding-db.test.ts" timestamp="2026-06-25T18:28:25.878Z" hostname="Desktop" tests="32" failures="0" errors="0" skipped="0" time="0.1633706">
        <testcase classname="tests/features/help/lib/onboarding-db.test.ts" name="HELP_APP_VERSION &gt; is a non-empty string" time="0.0321687">
        </testcase>
        <testcase classname="tests/features/help/lib/onboarding-db.test.ts" name="addFeedback &gt; returns a number id when a non-empty message is provided" time="0.0148683">
        </testcase>
        <testcase classname="tests/features/help/lib/onboarding-db.test.ts" name="addFeedback &gt; returns null when the message is empty" time="0.0067607">
        </testcase>
        <testcase classname="tests/features/help/lib/onboarding-db.test.ts" name="addFeedback &gt; returns null when the message is whitespace only" time="0.0026295">
        </testcase>
        <testcase classname="tests/features/help/lib/onboarding-db.test.ts" name="addFeedback &gt; trims the message before persisting" time="0.0064901">
        </testcase>
        <testcase classname="tests/features/help/lib/onboarding-db.test.ts" name="addFeedback &gt; stores the route, appVersion and a numeric createdAt" time="0.0007847">
        </testcase>
        <testcase classname="tests/features/help/lib/onboarding-db.test.ts" name="addFeedback &gt; assigns incrementing ids across multiple calls" time="0.0004919">
        </testcase>
        <testcase classname="tests/features/help/lib/onboarding-db.test.ts" name="listFeedback &gt; returns an empty array when no feedback exists" time="0.0033582">
        </testcase>
        <testcase classname="tests/features/help/lib/onboarding-db.test.ts" name="listFeedback &gt; returns entries when feedback has been added" time="0.0016801">
        </testcase>
        <testcase classname="tests/features/help/lib/onboarding-db.test.ts" name="listFeedback &gt; accepts a custom limit parameter" time="0.0006294">
        </testcase>
        <testcase classname="tests/features/help/lib/onboarding-db.test.ts" name="listFeedback &gt; uses a default limit of 50 when called with no arguments" time="0.0080295">
        </testcase>
        <testcase classname="tests/features/help/lib/onboarding-db.test.ts" name="countFeedback &gt; returns 0 when no feedback exists" time="0.0006752">
        </testcase>
        <testcase classname="tests/features/help/lib/onboarding-db.test.ts" name="countFeedback &gt; returns the correct count after adding entries" time="0.0003918">
        </testcase>
        <testcase classname="tests/features/help/lib/onboarding-db.test.ts" name="getTourState &gt; returns undefined when no tour state exists for the given id" time="0.0012512">
        </testcase>
        <testcase classname="tests/features/help/lib/onboarding-db.test.ts" name="getTourState &gt; returns the tour state after it has been saved" time="0.0009176">
        </testcase>
        <testcase classname="tests/features/help/lib/onboarding-db.test.ts" name="getAllTourStates &gt; returns an empty Map when no tours have been saved" time="0.001056">
        </testcase>
        <testcase classname="tests/features/help/lib/onboarding-db.test.ts" name="getAllTourStates &gt; returns a Map keyed by tourId after saving tour states" time="0.0011547">
        </testcase>
        <testcase classname="tests/features/help/lib/onboarding-db.test.ts" name="getAllTourStates &gt; each entry in the Map matches the saved TourState shape" time="0.0072346">
        </testcase>
        <testcase classname="tests/features/help/lib/onboarding-db.test.ts" name="saveTourProgress &gt; inserts a new tour state" time="0.0006102">
        </testcase>
        <testcase classname="tests/features/help/lib/onboarding-db.test.ts" name="saveTourProgress &gt; updates an existing tour state (upsert)" time="0.0005248">
        </testcase>
        <testcase classname="tests/features/help/lib/onboarding-db.test.ts" name="saveTourProgress &gt; records a numeric updatedAt timestamp" time="0.0005581">
        </testcase>
        <testcase classname="tests/features/help/lib/onboarding-db.test.ts" name="resetTour &gt; is a no-op when the tour does not exist" time="0.0102332">
        </testcase>
        <testcase classname="tests/features/help/lib/onboarding-db.test.ts" name="resetTour &gt; removes the tour state so getTourState returns undefined" time="0.0045981">
        </testcase>
        <testcase classname="tests/features/help/lib/onboarding-db.test.ts" name="resetTour &gt; only removes the specified tour and leaves others intact" time="0.0010344">
        </testcase>
        <testcase classname="tests/features/help/lib/onboarding-db.test.ts" name="resetAllTours &gt; is a no-op when no tours are stored" time="0.0006432">
        </testcase>
        <testcase classname="tests/features/help/lib/onboarding-db.test.ts" name="resetAllTours &gt; removes all tour states" time="0.0065474">
        </testcase>
        <testcase classname="tests/features/help/lib/onboarding-db.test.ts" name="markSeen &gt; marks a feature as seen" time="0.0006936">
        </testcase>
        <testcase classname="tests/features/help/lib/onboarding-db.test.ts" name="markSeen &gt; is idempotent — calling multiple times does not throw" time="0.0006257">
        </testcase>
        <testcase classname="tests/features/help/lib/onboarding-db.test.ts" name="markSeen &gt; stores a numeric seenAt timestamp" time="0.0006843">
        </testcase>
        <testcase classname="tests/features/help/lib/onboarding-db.test.ts" name="hasSeen &gt; returns false for a feature that has never been seen" time="0.0004323">
        </testcase>
        <testcase classname="tests/features/help/lib/onboarding-db.test.ts" name="hasSeen &gt; returns true for a feature that has been marked as seen" time="0.0003932">
        </testcase>
        <testcase classname="tests/features/help/lib/onboarding-db.test.ts" name="hasSeen &gt; returns false for a different feature even if another was marked seen" time="0.0003637">
        </testcase>
    </testsuite>
    <testsuite name="tests/features/help/lib/tour-runner.test.ts" timestamp="2026-06-25T18:28:25.882Z" hostname="Desktop" tests="44" failures="0" errors="0" skipped="0" time="0.3332374">
        <testcase classname="tests/features/help/lib/tour-runner.test.ts" name="createTourRunner.start — runnable-step resolution &gt; does not start (no driver created) when every static-selector step is missing" time="0.0477756">
        </testcase>
        <testcase classname="tests/features/help/lib/tour-runner.test.ts" name="createTourRunner.start — runnable-step resolution &gt; keeps an anchor-less (&apos;body&apos;) step even when nothing is in the DOM" time="0.0062837">
        </testcase>
        <testcase classname="tests/features/help/lib/tour-runner.test.ts" name="createTourRunner.start — runnable-step resolution &gt; keeps an empty-string element step (also anchor-less)" time="0.0043353">
        </testcase>
        <testcase classname="tests/features/help/lib/tour-runner.test.ts" name="createTourRunner.start — runnable-step resolution &gt; keeps a static-selector step when its target is already present" time="0.0149365">
        </testcase>
        <testcase classname="tests/features/help/lib/tour-runner.test.ts" name="createTourRunner.start — runnable-step resolution &gt; keeps a missing-target step optimistically when it declares a route" time="0.0259985">
        </testcase>
        <testcase classname="tests/features/help/lib/tour-runner.test.ts" name="createTourRunner.start — runnable-step resolution &gt; drops only the unresolvable steps and keeps the rest, preserving order" time="0.0068036">
        </testcase>
        <testcase classname="tests/features/help/lib/tour-runner.test.ts" name="createTourRunner.start — driver config &gt; enables progress UI only when more than one step survives" time="0.0039974">
        </testcase>
        <testcase classname="tests/features/help/lib/tour-runner.test.ts" name="createTourRunner.start — driver config &gt; disables progress UI for a single-step tour" time="0.0028558">
        </testcase>
        <testcase classname="tests/features/help/lib/tour-runner.test.ts" name="createTourRunner.start — driver config &gt; maps each step to { element, popover } and carries the popover through" time="0.0030266">
        </testcase>
        <testcase classname="tests/features/help/lib/tour-runner.test.ts" name="createTourRunner.start — driver config &gt; calls d.drive() to begin the tour once the driver is the active one" time="0.0021086">
        </testcase>
        <testcase classname="tests/features/help/lib/tour-runner.test.ts" name="createTourRunner.start — first-step routing &gt; navigates to the first step&apos;s route when not already there" time="0.0038334">
        </testcase>
        <testcase classname="tests/features/help/lib/tour-runner.test.ts" name="createTourRunner.start — first-step routing &gt; does NOT navigate when already on the first step&apos;s route" time="0.0031339">
        </testcase>
        <testcase classname="tests/features/help/lib/tour-runner.test.ts" name="createTourRunner.start — first-step routing &gt; does NOT navigate when the first step has no route" time="0.0019287">
        </testcase>
        <testcase classname="tests/features/help/lib/tour-runner.test.ts" name="createTourRunner.start — first-step routing &gt; waits for the first step&apos;s selector after navigating (non-anchorless)" time="0.0119691">
        </testcase>
        <testcase classname="tests/features/help/lib/tour-runner.test.ts" name="onHighlightStarted — furthest tracking &gt; advances `furthest` so onDestroyed marks a fully-walked tour complete" time="0.0081729">
        </testcase>
        <testcase classname="tests/features/help/lib/tour-runner.test.ts" name="onHighlightStarted — furthest tracking &gt; never lets `furthest` regress when a later highlight reports a lower index" time="0.0112311">
        </testcase>
        <testcase classname="tests/features/help/lib/tour-runner.test.ts" name="onHighlightStarted — furthest tracking &gt; falls back to the existing furthest when activeIndex is undefined" time="0.0031104">
        </testcase>
        <testcase classname="tests/features/help/lib/tour-runner.test.ts" name="onDestroyed — persistence &gt; marks NOT completed when the user left before the last step" time="0.0061222">
        </testcase>
        <testcase classname="tests/features/help/lib/tour-runner.test.ts" name="onDestroyed — persistence &gt; persists with furthest=0 and completed=false when destroyed without any highlight on a multi-step tour" time="0.0051165">
        </testcase>
        <testcase classname="tests/features/help/lib/tour-runner.test.ts" name="onDestroyed — persistence &gt; clears the active driver so isActive() reports false afterwards" time="0.0047324">
        </testcase>
        <testcase classname="tests/features/help/lib/tour-runner.test.ts" name="onNextClick &gt; navigates to the next step&apos;s route when it differs from the current path" time="0.0098008">
        </testcase>
        <testcase classname="tests/features/help/lib/tour-runner.test.ts" name="onNextClick &gt; does NOT navigate when the next step&apos;s route equals the current path" time="0.0031664">
        </testcase>
        <testcase classname="tests/features/help/lib/tour-runner.test.ts" name="onNextClick &gt; advances with moveNext when the next anchor-less step needs no waiting" time="0.0032816">
        </testcase>
        <testcase classname="tests/features/help/lib/tour-runner.test.ts" name="onNextClick &gt; skips a missing next target via moveTo(current+2) when more steps remain" time="0.0202942">
        </testcase>
        <testcase classname="tests/features/help/lib/tour-runner.test.ts" name="onNextClick &gt; destroys instead of skipping when the missing target is the last step" time="0.0188349">
        </testcase>
        <testcase classname="tests/features/help/lib/tour-runner.test.ts" name="onNextClick &gt; does nothing further once the missing-target branch returns (no double action)" time="0.0215383">
        </testcase>
        <testcase classname="tests/features/help/lib/tour-runner.test.ts" name="onNextClick &gt; finishes via destroy() when advancing past the final step (hasNextStep=false)" time="0.0050568">
        </testcase>
        <testcase classname="tests/features/help/lib/tour-runner.test.ts" name="onNextClick &gt; aborts (no advance) when the driver became inactive before the wait resolved" time="0.0035318">
        </testcase>
        <testcase classname="tests/features/help/lib/tour-runner.test.ts" name="onNextClick &gt; treats undefined activeIndex as step 0 when computing the next step" time="0.0030728">
        </testcase>
        <testcase classname="tests/features/help/lib/tour-runner.test.ts" name="onPrevClick &gt; navigates back to the previous step&apos;s route then movesPrevious" time="0.004205">
        </testcase>
        <testcase classname="tests/features/help/lib/tour-runner.test.ts" name="onPrevClick &gt; does NOT navigate back when already on the previous step&apos;s route" time="0.0035087">
        </testcase>
        <testcase classname="tests/features/help/lib/tour-runner.test.ts" name="onPrevClick &gt; moves previous without navigating when the previous step has no route" time="0.0044562">
        </testcase>
        <testcase classname="tests/features/help/lib/tour-runner.test.ts" name="onPrevClick &gt; does not move previous when the driver is no longer active" time="0.0032408">
        </testcase>
        <testcase classname="tests/features/help/lib/tour-runner.test.ts" name="onPrevClick &gt; handles a missing previous step (index 0 → prev undefined) without navigating" time="0.0026346">
        </testcase>
        <testcase classname="tests/features/help/lib/tour-runner.test.ts" name="stop / isActive &gt; isActive() returns false before any tour has started" time="0.0051929">
        </testcase>
        <testcase classname="tests/features/help/lib/tour-runner.test.ts" name="stop / isActive &gt; isActive() reflects the active driver&apos;s isActive() once started" time="0.0032738">
        </testcase>
        <testcase classname="tests/features/help/lib/tour-runner.test.ts" name="stop / isActive &gt; isActive() returns false when the underlying driver reports inactive" time="0.0020948">
        </testcase>
        <testcase classname="tests/features/help/lib/tour-runner.test.ts" name="stop / isActive &gt; stop() destroys the active driver and clears active" time="0.0019179">
        </testcase>
        <testcase classname="tests/features/help/lib/tour-runner.test.ts" name="stop / isActive &gt; stop() is a safe no-op when no tour is active" time="0.0033402">
        </testcase>
        <testcase classname="tests/features/help/lib/tour-runner.test.ts" name="stop / isActive &gt; stop() nulls `active` BEFORE destroy so a destroy-triggered re-entrancy sees no active driver" time="0.0021174">
        </testcase>
        <testcase classname="tests/features/help/lib/tour-runner.test.ts" name="start — lifecycle guards &gt; tears down a previously-running tour before starting a new one" time="0.0023646">
        </testcase>
        <testcase classname="tests/features/help/lib/tour-runner.test.ts" name="start — lifecycle guards &gt; returns early without creating a driver when no steps are runnable" time="0.0029893">
        </testcase>
        <testcase classname="tests/features/help/lib/tour-runner.test.ts" name="start — lifecycle guards &gt; returns early when the tour has no steps at all" time="0.0018145">
        </testcase>
        <testcase classname="tests/features/help/lib/tour-runner.test.ts" name="integration — real tour definitions &gt; runs a two-step real tour: highlights, advances, and persists completion" time="0.006518">
        </testcase>
    </testsuite>
    <testsuite name="tests/features/help/lib/use-help-search.test.ts" timestamp="2026-06-25T18:28:25.888Z" hostname="Desktop" tests="22" failures="0" errors="0" skipped="0" time="0.3867178">
        <testcase classname="tests/features/help/lib/use-help-search.test.ts" name="useHelpSearch &gt; empty query branch &gt; returns the full FEATURES list when query is empty string" time="0.0748951">
        </testcase>
        <testcase classname="tests/features/help/lib/use-help-search.test.ts" name="useHelpSearch &gt; empty query branch &gt; returns the full FAQS list when query is empty string" time="0.0053178">
        </testcase>
        <testcase classname="tests/features/help/lib/use-help-search.test.ts" name="useHelpSearch &gt; empty query branch &gt; returns query = &apos;&apos; when rawQuery is empty string" time="0.0068119">
        </testcase>
        <testcase classname="tests/features/help/lib/use-help-search.test.ts" name="useHelpSearch &gt; empty query branch &gt; treats a whitespace-only query as empty (trim branch)" time="0.011821">
        </testcase>
        <testcase classname="tests/features/help/lib/use-help-search.test.ts" name="useHelpSearch &gt; empty query branch &gt; treats a tab/newline-only query as empty" time="0.0106035">
        </testcase>
        <testcase classname="tests/features/help/lib/use-help-search.test.ts" name="useHelpSearch &gt; non-empty query branch &gt; returns features filtered by Fuse when query matches a feature title" time="0.0462955">
        </testcase>
        <testcase classname="tests/features/help/lib/use-help-search.test.ts" name="useHelpSearch &gt; non-empty query branch &gt; returns faqs filtered by Fuse when query matches an FAQ" time="0.0091425">
        </testcase>
        <testcase classname="tests/features/help/lib/use-help-search.test.ts" name="useHelpSearch &gt; non-empty query branch &gt; exposes the trimmed deferred query in the result" time="0.0067947">
        </testcase>
        <testcase classname="tests/features/help/lib/use-help-search.test.ts" name="useHelpSearch &gt; non-empty query branch &gt; trims surrounding whitespace from a non-empty query before using it" time="0.022822">
        </testcase>
        <testcase classname="tests/features/help/lib/use-help-search.test.ts" name="useHelpSearch &gt; non-empty query branch &gt; returns empty arrays when nothing matches an obscure query" time="0.0316669">
        </testcase>
        <testcase classname="tests/features/help/lib/use-help-search.test.ts" name="useHelpSearch &gt; non-empty query branch &gt; still returns a non-empty query string even when results are empty" time="0.0133972">
        </testcase>
        <testcase classname="tests/features/help/lib/use-help-search.test.ts" name="useHelpSearch &gt; non-empty query branch &gt; matches features by summary text" time="0.0103013">
        </testcase>
        <testcase classname="tests/features/help/lib/use-help-search.test.ts" name="useHelpSearch &gt; non-empty query branch &gt; matches features by tips text" time="0.0186797">
        </testcase>
        <testcase classname="tests/features/help/lib/use-help-search.test.ts" name="useHelpSearch &gt; non-empty query branch &gt; matches FAQs by question text (q field)" time="0.0054766">
        </testcase>
        <testcase classname="tests/features/help/lib/use-help-search.test.ts" name="useHelpSearch &gt; non-empty query branch &gt; matches FAQs by answer text (a field)" time="0.0140517">
        </testcase>
        <testcase classname="tests/features/help/lib/use-help-search.test.ts" name="useHelpSearch &gt; HelpSearchResult shape &gt; always returns an object with features, faqs, and query keys (empty query)" time="0.0026163">
        </testcase>
        <testcase classname="tests/features/help/lib/use-help-search.test.ts" name="useHelpSearch &gt; HelpSearchResult shape &gt; always returns an object with features, faqs, and query keys (non-empty query)" time="0.0050439">
        </testcase>
        <testcase classname="tests/features/help/lib/use-help-search.test.ts" name="useHelpSearch &gt; HelpSearchResult shape &gt; features is always an array" time="0.0090769">
        </testcase>
        <testcase classname="tests/features/help/lib/use-help-search.test.ts" name="useHelpSearch &gt; HelpSearchResult shape &gt; faqs is always an array" time="0.0140732">
        </testcase>
        <testcase classname="tests/features/help/lib/use-help-search.test.ts" name="useHelpSearch &gt; query change behaviour &gt; transitions from empty → non-empty query, updating the result" time="0.0218056">
        </testcase>
        <testcase classname="tests/features/help/lib/use-help-search.test.ts" name="useHelpSearch &gt; query change behaviour &gt; transitions from non-empty → empty query, restoring full lists" time="0.0095796">
        </testcase>
        <testcase classname="tests/features/help/lib/use-help-search.test.ts" name="useHelpSearch &gt; query change behaviour &gt; updates results when query changes from one search term to another" time="0.0111244">
        </testcase>
    </testsuite>
    <testsuite name="tests/features/help/lib/use-onboarding.test.ts" timestamp="2026-06-25T18:28:25.891Z" hostname="Desktop" tests="28" failures="0" errors="0" skipped="0" time="1.6741661">
        <testcase classname="tests/features/help/lib/use-onboarding.test.ts" name="useOnboarding — initial state &gt; starts with loading=true and an empty states Map" time="0.0401315">
        </testcase>
        <testcase classname="tests/features/help/lib/use-onboarding.test.ts" name="useOnboarding — initial state &gt; resolves loading=false once Dexie returns" time="0.0675179">
        </testcase>
        <testcase classname="tests/features/help/lib/use-onboarding.test.ts" name="useOnboarding — initial state &gt; populates states from the Dexie map" time="0.0746195">
        </testcase>
        <testcase classname="tests/features/help/lib/use-onboarding.test.ts" name="useOnboarding — initial state &gt; exposes a runner object" time="0.0792873">
        </testcase>
        <testcase classname="tests/features/help/lib/use-onboarding.test.ts" name="useOnboarding — initial state &gt; exposes runner.stop as the stop function" time="0.0784604">
        </testcase>
        <testcase classname="tests/features/help/lib/use-onboarding.test.ts" name="useOnboarding — IndexedDB unavailable &gt; falls back to an empty Map when getAllTourStates rejects" time="0.0782554">
        </testcase>
        <testcase classname="tests/features/help/lib/use-onboarding.test.ts" name="useOnboarding — IndexedDB unavailable &gt; still sets loading=false even when the read throws" time="0.0653644">
        </testcase>
        <testcase classname="tests/features/help/lib/use-onboarding.test.ts" name="useOnboarding — isCompleted &gt; returns false for an unknown tourId" time="0.070112">
        </testcase>
        <testcase classname="tests/features/help/lib/use-onboarding.test.ts" name="useOnboarding — isCompleted &gt; returns false for a known but incomplete tour" time="0.0779185">
        </testcase>
        <testcase classname="tests/features/help/lib/use-onboarding.test.ts" name="useOnboarding — isCompleted &gt; returns true for a completed tour" time="0.088878">
        </testcase>
        <testcase classname="tests/features/help/lib/use-onboarding.test.ts" name="useOnboarding — refresh &gt; re-reads Dexie and updates states" time="0.0969406">
        </testcase>
        <testcase classname="tests/features/help/lib/use-onboarding.test.ts" name="useOnboarding — refresh &gt; treats a Dexie rejection in refresh() as an empty map" time="0.0825419">
        </testcase>
        <testcase classname="tests/features/help/lib/use-onboarding.test.ts" name="useOnboarding — refresh &gt; does not call getAllTourStates again if the component unmounted before it settles" time="0.0084403">
        </testcase>
        <testcase classname="tests/features/help/lib/use-onboarding.test.ts" name="useOnboarding — reset &gt; calls resetTour with the given id then refreshes" time="0.0958458">
        </testcase>
        <testcase classname="tests/features/help/lib/use-onboarding.test.ts" name="useOnboarding — reset &gt; updates states after reset by re-reading Dexie" time="0.0964622">
        </testcase>
        <testcase classname="tests/features/help/lib/use-onboarding.test.ts" name="useOnboarding — resetAll &gt; calls resetAllTours then refreshes" time="0.0985137">
        </testcase>
        <testcase classname="tests/features/help/lib/use-onboarding.test.ts" name="useOnboarding — resetAll &gt; clears states after resetAll" time="0.0848845">
        </testcase>
        <testcase classname="tests/features/help/lib/use-onboarding.test.ts" name="useOnboarding — startTour &gt; calls runner.start with the given tour definition" time="0.0892371">
        </testcase>
        <testcase classname="tests/features/help/lib/use-onboarding.test.ts" name="useOnboarding — startTour &gt; schedules a refresh via setTimeout after startTour (runner inactive path)" time="0.0157804">
        </testcase>
        <testcase classname="tests/features/help/lib/use-onboarding.test.ts" name="useOnboarding — startTour &gt; adds a window focus listener when the runner is still active after the delay" time="0.0092502">
        </testcase>
        <testcase classname="tests/features/help/lib/use-onboarding.test.ts" name="useOnboarding — startTour &gt; the focus listener refreshes and removes itself when the runner becomes inactive" time="0.0156096">
        </testcase>
        <testcase classname="tests/features/help/lib/use-onboarding.test.ts" name="useOnboarding — startTour &gt; focus listener does NOT refresh when runner is still active" time="0.0055416">
        </testcase>
        <testcase classname="tests/features/help/lib/use-onboarding.test.ts" name="useOnboarding — cleanup on unmount &gt; calls runner.stop when the component unmounts" time="0.0755199">
        </testcase>
        <testcase classname="tests/features/help/lib/use-onboarding.test.ts" name="ALL_TOURS re-export &gt; is an array with at least one tour" time="0.0005671">
        </testcase>
        <testcase classname="tests/features/help/lib/use-onboarding.test.ts" name="ALL_TOURS re-export &gt; contains a global-onboarding tour" time="0.0018387">
        </testcase>
        <testcase classname="tests/features/help/lib/use-onboarding.test.ts" name="ALL_TOURS re-export &gt; every tour has an id, title, description and steps array" time="0.0014736">
        </testcase>
        <testcase classname="tests/features/help/lib/use-onboarding.test.ts" name="useOnboarding — return shape &gt; exposes all required fields" time="0.079664">
        </testcase>
        <testcase classname="tests/features/help/lib/use-onboarding.test.ts" name="useOnboarding — return shape &gt; states is a Map instance" time="0.0871647">
        </testcase>
    </testsuite>
    <testsuite name="tests/features/parsed-data/model/format.test.ts" timestamp="2026-06-25T18:28:25.894Z" hostname="Desktop" tests="22" failures="0" errors="0" skipped="0" time="0.0580738">
        <testcase classname="tests/features/parsed-data/model/format.test.ts" name="formatNumber &gt; returns em dash when value is undefined" time="0.0041088">
        </testcase>
        <testcase classname="tests/features/parsed-data/model/format.test.ts" name="formatNumber &gt; returns em dash when value is NaN" time="0.0006305">
        </testcase>
        <testcase classname="tests/features/parsed-data/model/format.test.ts" name="formatNumber &gt; formats a normal integer with default digits" time="0.0362323">
        </testcase>
        <testcase classname="tests/features/parsed-data/model/format.test.ts" name="formatNumber &gt; formats a float with default 2 decimal digits" time="0.0009168">
        </testcase>
        <testcase classname="tests/features/parsed-data/model/format.test.ts" name="formatNumber &gt; formats a number with custom digits parameter" time="0.0007622">
        </testcase>
        <testcase classname="tests/features/parsed-data/model/format.test.ts" name="formatNumber &gt; formats zero correctly" time="0.0006245">
        </testcase>
        <testcase classname="tests/features/parsed-data/model/format.test.ts" name="formatNumber &gt; formats negative numbers" time="0.0006692">
        </testcase>
        <testcase classname="tests/features/parsed-data/model/format.test.ts" name="formatNumber &gt; formats with 0 digits parameter" time="0.0006478">
        </testcase>
        <testcase classname="tests/features/parsed-data/model/format.test.ts" name="csvEscape &gt; returns empty string for null" time="0.0008283">
        </testcase>
        <testcase classname="tests/features/parsed-data/model/format.test.ts" name="csvEscape &gt; returns empty string for undefined" time="0.0004402">
        </testcase>
        <testcase classname="tests/features/parsed-data/model/format.test.ts" name="csvEscape &gt; wraps in quotes when value contains a comma" time="0.0003965">
        </testcase>
        <testcase classname="tests/features/parsed-data/model/format.test.ts" name="csvEscape &gt; wraps in quotes and escapes double-quotes when value contains a quote" time="0.0003279">
        </testcase>
        <testcase classname="tests/features/parsed-data/model/format.test.ts" name="csvEscape &gt; wraps in quotes when value contains a newline" time="0.0003462">
        </testcase>
        <testcase classname="tests/features/parsed-data/model/format.test.ts" name="csvEscape &gt; returns plain string for simple values with no special chars" time="0.0003798">
        </testcase>
        <testcase classname="tests/features/parsed-data/model/format.test.ts" name="csvEscape &gt; handles numbers by converting to string" time="0.0003717">
        </testcase>
        <testcase classname="tests/features/parsed-data/model/format.test.ts" name="csvEscape &gt; handles boolean true" time="0.0003346">
        </testcase>
        <testcase classname="tests/features/parsed-data/model/format.test.ts" name="csvEscape &gt; handles boolean false" time="0.0003149">
        </testcase>
        <testcase classname="tests/features/parsed-data/model/format.test.ts" name="csvEscape &gt; handles empty string" time="0.0003214">
        </testcase>
        <testcase classname="tests/features/parsed-data/model/format.test.ts" name="csvEscape &gt; handles value with both comma and quote" time="0.0004137">
        </testcase>
        <testcase classname="tests/features/parsed-data/model/format.test.ts" name="csvEscape &gt; handles value with multiple quotes" time="0.0003746">
        </testcase>
        <testcase classname="tests/features/parsed-data/model/format.test.ts" name="csvEscape &gt; handles objects by converting to [object Object]" time="0.0003443">
        </testcase>
        <testcase classname="tests/features/parsed-data/model/format.test.ts" name="csvEscape &gt; handles string with only newline" time="0.0003508">
        </testcase>
    </testsuite>
    <testsuite name="tests/features/parsed-data/model/profile-format.test.ts" timestamp="2026-06-25T18:28:25.897Z" hostname="Desktop" tests="20" failures="0" errors="0" skipped="0" time="0.0187585">
        <testcase classname="tests/features/parsed-data/model/profile-format.test.ts" name="qualityColor &gt; returns green for scores &gt;= 0.9" time="0.0044146">
        </testcase>
        <testcase classname="tests/features/parsed-data/model/profile-format.test.ts" name="qualityColor &gt; returns amber for scores &gt;= 0.7 and &lt; 0.9" time="0.0006266">
        </testcase>
        <testcase classname="tests/features/parsed-data/model/profile-format.test.ts" name="qualityColor &gt; returns orange for scores &gt;= 0.5 and &lt; 0.7" time="0.0004528">
        </testcase>
        <testcase classname="tests/features/parsed-data/model/profile-format.test.ts" name="qualityColor &gt; returns red for scores below 0.5" time="0.0004096">
        </testcase>
        <testcase classname="tests/features/parsed-data/model/profile-format.test.ts" name="qualityLabel &gt; returns &apos;Excellent&apos; for scores &gt;= 0.9" time="0.000717">
        </testcase>
        <testcase classname="tests/features/parsed-data/model/profile-format.test.ts" name="qualityLabel &gt; returns &apos;Good&apos; for scores &gt;= 0.7 and &lt; 0.9" time="0.0003646">
        </testcase>
        <testcase classname="tests/features/parsed-data/model/profile-format.test.ts" name="qualityLabel &gt; returns &apos;Fair&apos; for scores &gt;= 0.5 and &lt; 0.7" time="0.0002828">
        </testcase>
        <testcase classname="tests/features/parsed-data/model/profile-format.test.ts" name="qualityLabel &gt; returns &apos;Poor&apos; for scores below 0.5" time="0.0002971">
        </testcase>
        <testcase classname="tests/features/parsed-data/model/profile-format.test.ts" name="typeIcon &gt; returns Hash for &apos;integer&apos;" time="0.0003941">
        </testcase>
        <testcase classname="tests/features/parsed-data/model/profile-format.test.ts" name="typeIcon &gt; returns Sigma for &apos;float&apos;" time="0.0003473">
        </testcase>
        <testcase classname="tests/features/parsed-data/model/profile-format.test.ts" name="typeIcon &gt; returns Type for &apos;string&apos;" time="0.0002763">
        </testcase>
        <testcase classname="tests/features/parsed-data/model/profile-format.test.ts" name="typeIcon &gt; returns ToggleLeft for &apos;boolean&apos;" time="0.0002039">
        </testcase>
        <testcase classname="tests/features/parsed-data/model/profile-format.test.ts" name="typeIcon &gt; returns Calendar for &apos;date&apos;" time="0.000229">
        </testcase>
        <testcase classname="tests/features/parsed-data/model/profile-format.test.ts" name="typeIcon &gt; returns AlertCircle for &apos;unknown&apos; (default case)" time="0.0002353">
        </testcase>
        <testcase classname="tests/features/parsed-data/model/profile-format.test.ts" name="typeColor &gt; returns blue classes for &apos;integer&apos;" time="0.0005242">
        </testcase>
        <testcase classname="tests/features/parsed-data/model/profile-format.test.ts" name="typeColor &gt; returns indigo classes for &apos;float&apos;" time="0.0002478">
        </testcase>
        <testcase classname="tests/features/parsed-data/model/profile-format.test.ts" name="typeColor &gt; returns purple classes for &apos;string&apos;" time="0.0002036">
        </testcase>
        <testcase classname="tests/features/parsed-data/model/profile-format.test.ts" name="typeColor &gt; returns green classes for &apos;boolean&apos;" time="0.0001992">
        </testcase>
        <testcase classname="tests/features/parsed-data/model/profile-format.test.ts" name="typeColor &gt; returns orange classes for &apos;date&apos;" time="0.0002079">
        </testcase>
        <testcase classname="tests/features/parsed-data/model/profile-format.test.ts" name="typeColor &gt; returns muted classes for &apos;unknown&apos; (default case)" time="0.0002439">
        </testcase>
    </testsuite>
    <testsuite name="tests/features/parsed-data/model/summary-map.test.ts" timestamp="2026-06-25T18:28:25.900Z" hostname="Desktop" tests="42" failures="0" errors="0" skipped="0" time="0.1433895">
        <testcase classname="tests/features/parsed-data/model/summary-map.test.ts" name="numberOrUndefined &gt; returns finite numbers unchanged" time="0.0069349">
        </testcase>
        <testcase classname="tests/features/parsed-data/model/summary-map.test.ts" name="numberOrUndefined &gt; coerces numeric strings and bigints" time="0.0041862">
        </testcase>
        <testcase classname="tests/features/parsed-data/model/summary-map.test.ts" name="numberOrUndefined &gt; returns undefined for nullish and non-finite values" time="0.0036358">
        </testcase>
        <testcase classname="tests/features/parsed-data/model/summary-map.test.ts" name="nullRateFromSummary &gt; parses a plain number percentage into a 0..1 rate" time="0.0007466">
        </testcase>
        <testcase classname="tests/features/parsed-data/model/summary-map.test.ts" name="nullRateFromSummary &gt; parses a %-suffixed string with surrounding whitespace" time="0.0004143">
        </testcase>
        <testcase classname="tests/features/parsed-data/model/summary-map.test.ts" name="nullRateFromSummary &gt; clamps out-of-range values to 0..1" time="0.0004024">
        </testcase>
        <testcase classname="tests/features/parsed-data/model/summary-map.test.ts" name="nullRateFromSummary &gt; returns 0 for nullish or unparseable input" time="0.0006516">
        </testcase>
        <testcase classname="tests/features/parsed-data/model/summary-map.test.ts" name="toProfileType &gt; maps integer SQL types" time="0.0008964">
        </testcase>
        <testcase classname="tests/features/parsed-data/model/summary-map.test.ts" name="toProfileType &gt; maps float, boolean, date and string types" time="0.0020041">
        </testcase>
        <testcase classname="tests/features/parsed-data/model/summary-map.test.ts" name="toProfileType &gt; returns unknown for unrecognised types" time="0.0004634">
        </testcase>
        <testcase classname="tests/features/parsed-data/model/summary-map.test.ts" name="isNumericType &gt; is true only for integer and float" time="0.0005527">
        </testcase>
        <testcase classname="tests/features/parsed-data/model/summary-map.test.ts" name="summaryRowToProfile &gt; maps a numeric SUMMARIZE row into a fully populated profile" time="0.0037227">
        </testcase>
        <testcase classname="tests/features/parsed-data/model/summary-map.test.ts" name="summaryRowToProfile &gt; leaves numeric stats undefined for non-numeric columns" time="0.000502">
        </testcase>
        <testcase classname="tests/features/parsed-data/model/summary-map.test.ts" name="summaryRowToProfile &gt; synthesises a column name and uses a 0.5 validity prior for unknown types" time="0.004116">
        </testcase>
        <testcase classname="tests/features/parsed-data/model/summary-map.test.ts" name="summaryRowToProfile &gt; guards uniquenessRate against a zero row count" time="0.0046442">
        </testcase>
        <testcase classname="tests/features/parsed-data/model/summary-map.test.ts" name="profilesFromSummary &gt; maps every row and assigns sequential indices" time="0.0133597">
        </testcase>
        <testcase classname="tests/features/parsed-data/model/summary-map.test.ts" name="profilesFromSummary &gt; returns an empty array for no rows" time="0.0015633">
        </testcase>
        <testcase classname="tests/features/parsed-data/model/summary-map.test.ts" name="profileScore &gt; is a weighted blend of completeness, uniqueness and validity" time="0.0028425">
        </testcase>
        <testcase classname="tests/features/parsed-data/model/summary-map.test.ts" name="filterSortProfiles &gt; filters by a case-insensitive name/type/sqlType search" time="0.0025921">
        </testcase>
        <testcase classname="tests/features/parsed-data/model/summary-map.test.ts" name="filterSortProfiles &gt; filters by type" time="0.0012926">
        </testcase>
        <testcase classname="tests/features/parsed-data/model/summary-map.test.ts" name="filterSortProfiles &gt; filters by quality bucket" time="0.0017683">
        </testcase>
        <testcase classname="tests/features/parsed-data/model/summary-map.test.ts" name="filterSortProfiles &gt; sorts by name ascending and descending" time="0.032243">
        </testcase>
        <testcase classname="tests/features/parsed-data/model/summary-map.test.ts" name="filterSortProfiles &gt; sorts by nullRate and distinctCount" time="0.0017702">
        </testcase>
        <testcase classname="tests/features/parsed-data/model/summary-map.test.ts" name="filterSortProfiles &gt; does not mutate the input array" time="0.0005869">
        </testcase>
        <testcase classname="tests/features/parsed-data/model/summary-map.test.ts" name="buildQualityDimensions &gt; returns the four dimensions with averaged scores and affected columns" time="0.0086472">
        </testcase>
        <testcase classname="tests/features/parsed-data/model/summary-map.test.ts" name="buildQualityDimensions &gt; avoids divide-by-zero with an empty profile list" time="0.0016251">
        </testcase>
        <testcase classname="tests/features/parsed-data/model/summary-map.test.ts" name="computeValidityDetail &gt; returns a high conformance prior for an empty sample of a known type" time="0.0009727">
        </testcase>
        <testcase classname="tests/features/parsed-data/model/summary-map.test.ts" name="computeValidityDetail &gt; returns a 0.5 conformance prior for an empty sample of an unknown type" time="0.0003517">
        </testcase>
        <testcase classname="tests/features/parsed-data/model/summary-map.test.ts" name="computeValidityDetail &gt; ignores empty strings when sizing the sample" time="0.0003612">
        </testcase>
        <testcase classname="tests/features/parsed-data/model/summary-map.test.ts" name="computeValidityDetail &gt; scores numeric conformance as the fraction parseable as finite numbers" time="0.001813">
        </testcase>
        <testcase classname="tests/features/parsed-data/model/summary-map.test.ts" name="computeValidityDetail &gt; flags MAD-based numeric outliers" time="0.0028913">
        </testcase>
        <testcase classname="tests/features/parsed-data/model/summary-map.test.ts" name="computeValidityDetail &gt; infers and scores email semantic type" time="0.0007741">
        </testcase>
        <testcase classname="tests/features/parsed-data/model/summary-map.test.ts" name="computeValidityDetail &gt; scores boolean conformance against the recognised vocabulary" time="0.0009204">
        </testcase>
        <testcase classname="tests/features/parsed-data/model/summary-map.test.ts" name="computeValidityDetail &gt; scores date conformance via the ISO pattern or Date.parse" time="0.001746">
        </testcase>
        <testcase classname="tests/features/parsed-data/model/summary-map.test.ts" name="computeValidityDetail &gt; uses length-stability for generic categorical strings (uniform length -&gt; high)" time="0.0019522">
        </testcase>
        <testcase classname="tests/features/parsed-data/model/summary-map.test.ts" name="applyValidityDetail &gt; folds conformance and outlier rate into the validity score and attaches the detail" time="0.0037476">
        </testcase>
        <testcase classname="tests/features/parsed-data/model/summary-map.test.ts" name="applyValidityDetail &gt; clamps the resulting validity into 0..1" time="0.0021024">
        </testcase>
        <testcase classname="tests/features/parsed-data/model/summary-map.test.ts" name="parseColumnDetail &gt; maps top values with percentages and coerces null/undefined values to &apos;&apos;" time="0.0049312">
        </testcase>
        <testcase classname="tests/features/parsed-data/model/summary-map.test.ts" name="parseColumnDetail &gt; builds a numeric histogram and defaults a missing hi to lo" time="0.0010373">
        </testcase>
        <testcase classname="tests/features/parsed-data/model/summary-map.test.ts" name="parseColumnDetail &gt; omits the histogram for non-numeric columns" time="0.0003843">
        </testcase>
        <testcase classname="tests/features/parsed-data/model/summary-map.test.ts" name="parseColumnDetail &gt; parses length stats and computes a validity detail from the sample" time="0.000517">
        </testcase>
        <testcase classname="tests/features/parsed-data/model/summary-map.test.ts" name="parseColumnDetail &gt; guards top-value percentages against a zero row count" time="0.0002996">
        </testcase>
    </testsuite>
    <testsuite name="tests/features/report-studio/hooks/use-branding.test.ts" timestamp="2026-06-25T18:28:25.905Z" hostname="Desktop" tests="21" failures="0" errors="0" skipped="0" time="0.2276057">
        <testcase classname="tests/features/report-studio/hooks/use-branding.test.ts" name="useBranding — initial state &gt; starts with loaded=false and the DEFAULT_BRANDING values synchronously" time="0.0431764">
            <system-err>
An update to TestComponent inside a test was not wrapped in act(...).

When testing, code that causes React state updates should be wrapped into act(...):

act(() =&gt; {
  /* fire events that update state */
});
/* assert on the output */

This ensures that you&apos;re testing the behavior the user would see in the browser. Learn more at https://react.dev/link/wrap-tests-with-act
An update to TestComponent inside a test was not wrapped in act(...).

When testing, code that causes React state updates should be wrapped into act(...):

act(() =&gt; {
  /* fire events that update state */
});
/* assert on the output */

This ensures that you&apos;re testing the behavior the user would see in the browser. Learn more at https://react.dev/link/wrap-tests-with-act

            </system-err>
        </testcase>
        <testcase classname="tests/features/report-studio/hooks/use-branding.test.ts" name="useBranding — initial state &gt; exposes all five required interface members" time="0.0281462">
        </testcase>
        <testcase classname="tests/features/report-studio/hooks/use-branding.test.ts" name="useBranding — initial state &gt; branding has all required BrandingProfile fields after hydration" time="0.0078694">
        </testcase>
        <testcase classname="tests/features/report-studio/hooks/use-branding.test.ts" name="useBranding — hydration from Dexie &gt; sets branding to the Dexie value and flips loaded=true after mount" time="0.0038726">
        </testcase>
        <testcase classname="tests/features/report-studio/hooks/use-branding.test.ts" name="useBranding — hydration from Dexie &gt; calls getActiveBranding exactly once on mount" time="0.0046076">
        </testcase>
        <testcase classname="tests/features/report-studio/hooks/use-branding.test.ts" name="useBranding — hydration from Dexie &gt; does not update state when component unmounts before hydration resolves (cancelled=true branch)" time="0.0030835">
        </testcase>
        <testcase classname="tests/features/report-studio/hooks/use-branding.test.ts" name="useBranding — update &gt; merges patch into branding immediately (synchronous state update)" time="0.0057069">
        </testcase>
        <testcase classname="tests/features/report-studio/hooks/use-branding.test.ts" name="useBranding — update &gt; always resets branding.id to DEFAULT_BRANDING.id regardless of the patch" time="0.0052893">
        </testcase>
        <testcase classname="tests/features/report-studio/hooks/use-branding.test.ts" name="useBranding — update &gt; calls putActiveBranding synchronously via the branding-change flush effect" time="0.0058774">
        </testcase>
        <testcase classname="tests/features/report-studio/hooks/use-branding.test.ts" name="useBranding — update &gt; debounce: each update triggers a flush-on-change call; final branding state is &apos;Third&apos;" time="0.0051936">
        </testcase>
        <testcase classname="tests/features/report-studio/hooks/use-branding.test.ts" name="useBranding — update &gt; returns a stable update reference across re-renders (useCallback)" time="0.0029174">
        </testcase>
        <testcase classname="tests/features/report-studio/hooks/use-branding.test.ts" name="useBranding — flush on unmount &gt; flush(branding): timer is pending — clears timer and calls fn immediately" time="0.0088649">
        </testcase>
        <testcase classname="tests/features/report-studio/hooks/use-branding.test.ts" name="useBranding — flush on unmount &gt; flush(branding): no timer pending — calls fn(branding) directly (timer=null branch)" time="0.0117358">
        </testcase>
        <testcase classname="tests/features/report-studio/hooks/use-branding.test.ts" name="useBranding — setLogoFromFile &gt; reads the file bytes and updates logoBytes, logoMime, and logoName" time="0.0240194">
        </testcase>
        <testcase classname="tests/features/report-studio/hooks/use-branding.test.ts" name="useBranding — setLogoFromFile &gt; falls back to &apos;image/png&apos; when file.type is empty (|| branch)" time="0.0038834">
        </testcase>
        <testcase classname="tests/features/report-studio/hooks/use-branding.test.ts" name="useBranding — setLogoFromFile &gt; returns a stable setLogoFromFile reference across re-renders" time="0.0135095">
        </testcase>
        <testcase classname="tests/features/report-studio/hooks/use-branding.test.ts" name="useBranding — clearLogo &gt; removes logoBytes, logoMime, and logoName from branding" time="0.0042694">
        </testcase>
        <testcase classname="tests/features/report-studio/hooks/use-branding.test.ts" name="useBranding — clearLogo &gt; clearLogo with no logo set — branding fields remain undefined without error" time="0.0243635">
        </testcase>
        <testcase classname="tests/features/report-studio/hooks/use-branding.test.ts" name="useBranding — clearLogo &gt; returns a stable clearLogo reference across re-renders" time="0.0044778">
        </testcase>
        <testcase classname="tests/features/report-studio/hooks/use-branding.test.ts" name="useBranding — return value &gt; returns all five documented keys" time="0.0034162">
        </testcase>
        <testcase classname="tests/features/report-studio/hooks/use-branding.test.ts" name="useBranding — debounce timer callback &gt; the setTimeout callback fires putActiveBranding with the new branding when not cancelled" time="0.0053665">
            <system-err>
An update to TestComponent inside a test was not wrapped in act(...).

When testing, code that causes React state updates should be wrapped into act(...):

act(() =&gt; {
  /* fire events that update state */
});
/* assert on the output */

This ensures that you&apos;re testing the behavior the user would see in the browser. Learn more at https://react.dev/link/wrap-tests-with-act
An update to TestComponent inside a test was not wrapped in act(...).

When testing, code that causes React state updates should be wrapped into act(...):

act(() =&gt; {
  /* fire events that update state */
});
/* assert on the output */

This ensures that you&apos;re testing the behavior the user would see in the browser. Learn more at https://react.dev/link/wrap-tests-with-act
An update to TestComponent inside a test was not wrapped in act(...).

When testing, code that causes React state updates should be wrapped into act(...):

act(() =&gt; {
  /* fire events that update state */
});
/* assert on the output */

This ensures that you&apos;re testing the behavior the user would see in the browser. Learn more at https://react.dev/link/wrap-tests-with-act

            </system-err>
        </testcase>
    </testsuite>
    <testsuite name="tests/features/report-studio/hooks/use-export-worker.test.ts" timestamp="2026-06-25T18:28:25.909Z" hostname="Desktop" tests="29" failures="0" errors="0" skipped="0" time="0.3352776">
        <testcase classname="tests/features/report-studio/hooks/use-export-worker.test.ts" name="useExportWorker — hook lifecycle &gt; mounts without throwing when Worker is unavailable" time="0.058304">
        </testcase>
        <testcase classname="tests/features/report-studio/hooks/use-export-worker.test.ts" name="useExportWorker — hook lifecycle &gt; returns stable callback references across re-renders" time="0.0068941">
        </testcase>
        <testcase classname="tests/features/report-studio/hooks/use-export-worker.test.ts" name="useExportWorker — hook lifecycle &gt; schedules worker warm-up via setTimeout when requestIdleCallback is not available" time="0.0394181">
        </testcase>
        <testcase classname="tests/features/report-studio/hooks/use-export-worker.test.ts" name="useExportWorker — hook lifecycle &gt; schedules worker warm-up via requestIdleCallback when available" time="0.0166904">
        </testcase>
        <testcase classname="tests/features/report-studio/hooks/use-export-worker.test.ts" name="useExportWorker — hook lifecycle &gt; cleans up setTimeout handle on unmount" time="0.0109664">
        </testcase>
        <testcase classname="tests/features/report-studio/hooks/use-export-worker.test.ts" name="useExportWorker — exportPptx (inline fallback) &gt; calls the pptx generator with data, template, and channels, then saves" time="0.017667">
        </testcase>
        <testcase classname="tests/features/report-studio/hooks/use-export-worker.test.ts" name="useExportWorker — exportPptx (inline fallback) &gt; propagates rejection from the pptx generator" time="0.0105192">
        </testcase>
        <testcase classname="tests/features/report-studio/hooks/use-export-worker.test.ts" name="useExportWorker — exportPptx (inline fallback) &gt; encodes the report date in the filename for exportPptx" time="0.0232466">
        </testcase>
        <testcase classname="tests/features/report-studio/hooks/use-export-worker.test.ts" name="useExportWorker — exportPptx (inline fallback) &gt; forwards the saveBytes result unchanged to the caller for pptx" time="0.0116399">
        </testcase>
        <testcase classname="tests/features/report-studio/hooks/use-export-worker.test.ts" name="useExportWorker — exportDocx (inline fallback) &gt; calls the docx generator with data and options, then saves" time="0.0096609">
        </testcase>
        <testcase classname="tests/features/report-studio/hooks/use-export-worker.test.ts" name="useExportWorker — exportDocx (inline fallback) &gt; propagates rejection from the docx generator" time="0.0047286">
        </testcase>
        <testcase classname="tests/features/report-studio/hooks/use-export-worker.test.ts" name="useExportWorker — exportDocx (inline fallback) &gt; encodes the report date in the docx filename" time="0.004124">
        </testcase>
        <testcase classname="tests/features/report-studio/hooks/use-export-worker.test.ts" name="useExportWorker — exportPdf (inline fallback) &gt; calls buildPdf with chart SVG when includeCharts is true" time="0.0066018">
        </testcase>
        <testcase classname="tests/features/report-studio/hooks/use-export-worker.test.ts" name="useExportWorker — exportPdf (inline fallback) &gt; passes null to buildPdf when includeCharts is false" time="0.003931">
        </testcase>
        <testcase classname="tests/features/report-studio/hooks/use-export-worker.test.ts" name="useExportWorker — exportPdf (inline fallback) &gt; passes null to buildPdf when renderHourlyChartSvg returns null" time="0.0035175">
        </testcase>
        <testcase classname="tests/features/report-studio/hooks/use-export-worker.test.ts" name="useExportWorker — exportPdf (inline fallback) &gt; propagates rejection from the pdf generator" time="0.0031941">
        </testcase>
        <testcase classname="tests/features/report-studio/hooks/use-export-worker.test.ts" name="useExportWorker — exportPdf (inline fallback) &gt; encodes the report date in the pdf filename" time="0.0047708">
        </testcase>
        <testcase classname="tests/features/report-studio/hooks/use-export-worker.test.ts" name="useExportWorker — exportXlsx (inline fallback) &gt; calls the xlsx generator with data only, then saves" time="0.0075256">
        </testcase>
        <testcase classname="tests/features/report-studio/hooks/use-export-worker.test.ts" name="useExportWorker — exportXlsx (inline fallback) &gt; propagates rejection from the xlsx generator" time="0.0141946">
        </testcase>
        <testcase classname="tests/features/report-studio/hooks/use-export-worker.test.ts" name="useExportWorker — exportXlsx (inline fallback) &gt; encodes the report date in the xlsx filename" time="0.0034537">
        </testcase>
        <testcase classname="tests/features/report-studio/hooks/use-export-worker.test.ts" name="useExportWorker — exportXlsx (inline fallback) &gt; forwards the SaveResult from saveBytes to the caller for xlsx" time="0.0027712">
        </testcase>
        <testcase classname="tests/features/report-studio/hooks/use-export-worker.test.ts" name="useExportWorker — Worker proxy path &gt; uses the Comlink proxy when Worker is available and proxy methods are called" time="0.0013445">
        </testcase>
        <testcase classname="tests/features/report-studio/hooks/use-export-worker.test.ts" name="useExportWorker — saveBytes result propagation &gt; returns { saved: false } from exportPptx when saveBytes resolves that way" time="0.0184941">
        </testcase>
        <testcase classname="tests/features/report-studio/hooks/use-export-worker.test.ts" name="useExportWorker — saveBytes result propagation &gt; returns { saved: false } from exportDocx when saveBytes resolves that way" time="0.0152047">
        </testcase>
        <testcase classname="tests/features/report-studio/hooks/use-export-worker.test.ts" name="useExportWorker — saveBytes result propagation &gt; returns { saved: false } from exportPdf when saveBytes resolves that way" time="0.003357">
        </testcase>
        <testcase classname="tests/features/report-studio/hooks/use-export-worker.test.ts" name="useExportWorker — saveBytes result propagation &gt; returns { saved: false } from exportXlsx when saveBytes resolves that way" time="0.002582">
        </testcase>
        <testcase classname="tests/features/report-studio/hooks/use-export-worker.test.ts" name="useExportWorker — inline API caching &gt; resolves the inline modules only once across multiple export calls" time="0.002503">
        </testcase>
        <testcase classname="tests/features/report-studio/hooks/use-export-worker.test.ts" name="useExportWorker — inline API caching &gt; concurrently invoked exports all resolve without error" time="0.0035055">
        </testcase>
        <testcase classname="tests/features/report-studio/hooks/use-export-worker.test.ts" name="useExportWorker — graceful teardown &gt; does not throw when unmounted during a pending export" time="0.0046316">
        </testcase>
    </testsuite>
    <testsuite name="tests/features/report-studio/hooks/use-report-data.test.ts" timestamp="2026-06-25T18:28:25.913Z" hostname="Desktop" tests="28" failures="0" errors="0" skipped="0" time="2.1133184">
        <testcase classname="tests/features/report-studio/hooks/use-report-data.test.ts" name="useReportData — no dataset (demo fallback) &gt; returns demo data and isDemo=true when no datasets are registered" time="0.1365274">
        </testcase>
        <testcase classname="tests/features/report-studio/hooks/use-report-data.test.ts" name="useReportData — no dataset (demo fallback) &gt; uses the fallback from buildSampleData when query has no data yet" time="0.0061216">
        </testcase>
        <testcase classname="tests/features/report-studio/hooks/use-report-data.test.ts" name="useReportData — dataset resolution &gt; resolves the active dataset by activeDatasetId" time="0.0790909">
        </testcase>
        <testcase classname="tests/features/report-studio/hooks/use-report-data.test.ts" name="useReportData — dataset resolution &gt; falls back to datasets[0] when activeDatasetId does not match" time="0.0785156">
        </testcase>
        <testcase classname="tests/features/report-studio/hooks/use-report-data.test.ts" name="useReportData — dataset resolution &gt; returns null datasetName when there are no datasets" time="0.0796923">
        </testcase>
        <testcase classname="tests/features/report-studio/hooks/use-report-data.test.ts" name="useReportData — dataset resolution &gt; uses datasets[0] when activeDatasetId is null but datasets exist" time="0.0802912">
        </testcase>
        <testcase classname="tests/features/report-studio/hooks/use-report-data.test.ts" name="useReportData — toRegistered viewName resolution &gt; uses viewName when present" time="0.0799001">
        </testcase>
        <testcase classname="tests/features/report-studio/hooks/use-report-data.test.ts" name="useReportData — toRegistered viewName resolution &gt; falls back to tableName when viewName is empty string" time="0.0774305">
        </testcase>
        <testcase classname="tests/features/report-studio/hooks/use-report-data.test.ts" name="useReportData — toRegistered viewName resolution &gt; falls back to dataset id when both viewName and tableName are empty" time="0.0800534">
        </testcase>
        <testcase classname="tests/features/report-studio/hooks/use-report-data.test.ts" name="useReportData — toRegistered optional fields &gt; defaults sourcePath to empty string when undefined" time="0.0678787">
        </testcase>
        <testcase classname="tests/features/report-studio/hooks/use-report-data.test.ts" name="useReportData — toRegistered optional fields &gt; defaults cachePath to empty string when undefined" time="0.0731629">
        </testcase>
        <testcase classname="tests/features/report-studio/hooks/use-report-data.test.ts" name="useReportData — toRegistered optional fields &gt; maps format=parquet to sourceFormat=parquet" time="0.0806196">
        </testcase>
        <testcase classname="tests/features/report-studio/hooks/use-report-data.test.ts" name="useReportData — toRegistered optional fields &gt; maps non-parquet format to sourceFormat=csv" time="0.0783572">
        </testcase>
        <testcase classname="tests/features/report-studio/hooks/use-report-data.test.ts" name="useReportData — toRegistered column type mapping &gt; maps all known ColTypes to SQL types correctly" time="0.0785616">
        </testcase>
        <testcase classname="tests/features/report-studio/hooks/use-report-data.test.ts" name="useReportData — toRegistered column type mapping &gt; maps nullable correctly based on nullCount &gt; 0" time="0.0798108">
        </testcase>
        <testcase classname="tests/features/report-studio/hooks/use-report-data.test.ts" name="useReportData — toRegistered column type mapping &gt; falls back to VARCHAR for an unrecognized column type" time="0.0787696">
        </testcase>
        <testcase classname="tests/features/report-studio/hooks/use-report-data.test.ts" name="useReportData — scopeToDay=true (timestamp column detected) &gt; calls aggregateReportData with scopeToDay=true when timestamp exists and returns enriched data" time="0.0839245">
        </testcase>
        <testcase classname="tests/features/report-studio/hooks/use-report-data.test.ts" name="useReportData — scopeToDay=true (timestamp column detected) &gt; calls aggregateReportData a second time (without scopeToDay) when totalTransactions is 0" time="0.0755842">
        </testcase>
        <testcase classname="tests/features/report-studio/hooks/use-report-data.test.ts" name="useReportData — scopeToDay=false (no timestamp column) &gt; calls aggregateReportData with scopeToDay=false when no timestamp column" time="0.0773158">
        </testcase>
        <testcase classname="tests/features/report-studio/hooks/use-report-data.test.ts" name="useReportData — return shape &gt; exposes all required fields on the result object" time="0.0790347">
        </testcase>
        <testcase classname="tests/features/report-studio/hooks/use-report-data.test.ts" name="useReportData — return shape &gt; uses query.data.data when query has resolved" time="0.0800706">
        </testcase>
        <testcase classname="tests/features/report-studio/hooks/use-report-data.test.ts" name="useReportData — query key includes date &gt; fetches new data when the date prop changes" time="0.0786144">
        </testcase>
        <testcase classname="tests/features/report-studio/hooks/use-report-data.test.ts" name="useReportData — error state &gt; sets isError=true when aggregateReportData throws" time="0.0781752">
        </testcase>
        <testcase classname="tests/features/report-studio/hooks/use-report-data.test.ts" name="useReportData — error state &gt; sets isError=true when enrichWithInsights throws" time="0.0793851">
        </testcase>
        <testcase classname="tests/features/report-studio/hooks/use-report-data.test.ts" name="useReportData — refetch &gt; exposes a refetch function that can be called" time="0.0743572">
        </testcase>
        <testcase classname="tests/features/report-studio/hooks/use-report-data.test.ts" name="useReportData — isDemo from query result &gt; isDemo=false when query resolves with isDemo=false (real dataset)" time="0.0779857">
        </testcase>
        <testcase classname="tests/features/report-studio/hooks/use-report-data.test.ts" name="useReportData — isDemo from query result &gt; isDemo=true when query resolves with isDemo=true (no registered)" time="0.0810946">
        </testcase>
        <testcase classname="tests/features/report-studio/hooks/use-report-data.test.ts" name="useReportData — fallback useMemo &gt; creates the fallback only for the given date" time="0.0041343">
        </testcase>
    </testsuite>
    <testsuite name="tests/features/report-studio/hooks/use-report-narrative.test.ts" timestamp="2026-06-25T18:28:25.916Z" hostname="Desktop" tests="50" failures="0" errors="0" skipped="0" time="0.4584645">
        <testcase classname="tests/features/report-studio/hooks/use-report-narrative.test.ts" name="useReportNarrative — hook shape &gt; returns an object with a generate function" time="0.0678717">
        </testcase>
        <testcase classname="tests/features/report-studio/hooks/use-report-narrative.test.ts" name="useReportNarrative — hook shape &gt; returns status from ai.progress.status" time="0.0141487">
        </testcase>
        <testcase classname="tests/features/report-studio/hooks/use-report-narrative.test.ts" name="useReportNarrative — hook shape &gt; reflects a loading status from the AI provider" time="0.0043296">
        </testcase>
        <testcase classname="tests/features/report-studio/hooks/use-report-narrative.test.ts" name="useReportNarrative — hook shape &gt; reflects an inferring status from the AI provider" time="0.0051929">
        </testcase>
        <testcase classname="tests/features/report-studio/hooks/use-report-narrative.test.ts" name="useReportNarrative — hook shape &gt; reflects an error status from the AI provider" time="0.0035846">
        </testcase>
        <testcase classname="tests/features/report-studio/hooks/use-report-narrative.test.ts" name="useReportNarrative — hook shape &gt; generate is a stable reference across re-renders" time="0.0059704">
        </testcase>
        <testcase classname="tests/features/report-studio/hooks/use-report-narrative.test.ts" name="useReportNarrative — generate return value &gt; returns the structured narrative from generateStructured" time="0.008971">
        </testcase>
        <testcase classname="tests/features/report-studio/hooks/use-report-narrative.test.ts" name="useReportNarrative — generate return value &gt; propagates rejection from generateStructured" time="0.0172599">
        </testcase>
        <testcase classname="tests/features/report-studio/hooks/use-report-narrative.test.ts" name="useReportNarrative — generateStructured invocation &gt; calls generateStructured exactly once per generate() call" time="0.0059741">
        </testcase>
        <testcase classname="tests/features/report-studio/hooks/use-report-narrative.test.ts" name="useReportNarrative — generateStructured invocation &gt; passes a system prompt mentioning &apos;transaction-operations analyst&apos;" time="0.0045912">
        </testcase>
        <testcase classname="tests/features/report-studio/hooks/use-report-narrative.test.ts" name="useReportNarrative — generateStructured invocation &gt; passes a system prompt instructing not to invent numbers" time="0.0036036">
        </testcase>
        <testcase classname="tests/features/report-studio/hooks/use-report-narrative.test.ts" name="useReportNarrative — generateStructured invocation &gt; passes a second argument (the Zod schema object) to generateStructured" time="0.0050956">
        </testcase>
        <testcase classname="tests/features/report-studio/hooks/use-report-narrative.test.ts" name="useReportNarrative — buildPrompt: basic fields &gt; includes the report date in the prompt" time="0.008175">
        </testcase>
        <testcase classname="tests/features/report-studio/hooks/use-report-narrative.test.ts" name="useReportNarrative — buildPrompt: basic fields &gt; includes rounded total transactions in the prompt" time="0.006759">
        </testcase>
        <testcase classname="tests/features/report-studio/hooks/use-report-narrative.test.ts" name="useReportNarrative — buildPrompt: basic fields &gt; includes overall success rate formatted to one decimal percent" time="0.0218304">
        </testcase>
        <testcase classname="tests/features/report-studio/hooks/use-report-narrative.test.ts" name="useReportNarrative — buildPrompt: basic fields &gt; includes rounded failed transactions" time="0.0178334">
        </testcase>
        <testcase classname="tests/features/report-studio/hooks/use-report-narrative.test.ts" name="useReportNarrative — buildPrompt: basic fields &gt; includes total revenue formatted to 2 decimal places" time="0.0026792">
        </testcase>
        <testcase classname="tests/features/report-studio/hooks/use-report-narrative.test.ts" name="useReportNarrative — buildPrompt: basic fields &gt; includes the top channels section header" time="0.0049863">
        </testcase>
        <testcase classname="tests/features/report-studio/hooks/use-report-narrative.test.ts" name="useReportNarrative — buildPrompt: channel rows &gt; includes channel name, rounded volume, successRate%, and revenue in each row" time="0.0065001">
        </testcase>
        <testcase classname="tests/features/report-studio/hooks/use-report-narrative.test.ts" name="useReportNarrative — buildPrompt: channel rows &gt; limits channel rows to at most 8 channels" time="0.0081987">
        </testcase>
        <testcase classname="tests/features/report-studio/hooks/use-report-narrative.test.ts" name="useReportNarrative — buildPrompt: channel rows &gt; includes all channels when there are fewer than 8" time="0.0121714">
        </testcase>
        <testcase classname="tests/features/report-studio/hooks/use-report-narrative.test.ts" name="useReportNarrative — buildPrompt: channel rows &gt; handles empty topChannels without throwing" time="0.0135663">
        </testcase>
        <testcase classname="tests/features/report-studio/hooks/use-report-narrative.test.ts" name="useReportNarrative — buildPrompt: comparison branch &gt; omits period comparison when data.comparison is absent" time="0.009171">
        </testcase>
        <testcase classname="tests/features/report-studio/hooks/use-report-narrative.test.ts" name="useReportNarrative — buildPrompt: comparison branch &gt; includes previous period date and stats when comparison is present" time="0.009672">
        </testcase>
        <testcase classname="tests/features/report-studio/hooks/use-report-narrative.test.ts" name="useReportNarrative — buildPrompt: comparison branch &gt; omits volume trend line when volumeTrend is null" time="0.0208943">
        </testcase>
        <testcase classname="tests/features/report-studio/hooks/use-report-narrative.test.ts" name="useReportNarrative — buildPrompt: comparison branch &gt; includes volume trend p-value and &apos;statistically significant&apos; when significant=true" time="0.0094186">
        </testcase>
        <testcase classname="tests/features/report-studio/hooks/use-report-narrative.test.ts" name="useReportNarrative — buildPrompt: comparison branch &gt; includes &apos;not significant&apos; in trend line when significant=false" time="0.0032858">
        </testcase>
        <testcase classname="tests/features/report-studio/hooks/use-report-narrative.test.ts" name="useReportNarrative — buildPrompt: comparison branch &gt; formats pValue to 4 decimal places in the trend line" time="0.0050765">
        </testcase>
        <testcase classname="tests/features/report-studio/hooks/use-report-narrative.test.ts" name="useReportNarrative — buildPrompt: anomalies branch &gt; omits anomalies section when anomalies is undefined" time="0.0055056">
        </testcase>
        <testcase classname="tests/features/report-studio/hooks/use-report-narrative.test.ts" name="useReportNarrative — buildPrompt: anomalies branch &gt; omits anomalies section when anomalies is an empty array" time="0.003714">
        </testcase>
        <testcase classname="tests/features/report-studio/hooks/use-report-narrative.test.ts" name="useReportNarrative — buildPrompt: anomalies branch &gt; includes anomalous hours label when anomalies are present" time="0.0037459">
        </testcase>
        <testcase classname="tests/features/report-studio/hooks/use-report-narrative.test.ts" name="useReportNarrative — buildPrompt: anomalies branch &gt; formats each anomaly as &apos;&lt;hour&gt;:00&apos; joined by &apos;, &apos;" time="0.0051254">
        </testcase>
        <testcase classname="tests/features/report-studio/hooks/use-report-narrative.test.ts" name="useReportNarrative — buildPrompt: anomalies branch &gt; handles a single anomaly correctly" time="0.007631">
        </testcase>
        <testcase classname="tests/features/report-studio/hooks/use-report-narrative.test.ts" name="useReportNarrative — buildPrompt: anomalies branch &gt; includes all anomaly hours in the formatted list" time="0.0053421">
        </testcase>
        <testcase classname="tests/features/report-studio/hooks/use-report-narrative.test.ts" name="useReportNarrative — buildPrompt: fmtPct formatting &gt; formats 0% correctly" time="0.0052733">
        </testcase>
        <testcase classname="tests/features/report-studio/hooks/use-report-narrative.test.ts" name="useReportNarrative — buildPrompt: fmtPct formatting &gt; formats 100% correctly" time="0.0096354">
        </testcase>
        <testcase classname="tests/features/report-studio/hooks/use-report-narrative.test.ts" name="useReportNarrative — buildPrompt: fmtPct formatting &gt; rounds successRate to one decimal (e.g. 95.45 → 95.5%)" time="0.0041924">
        </testcase>
        <testcase classname="tests/features/report-studio/hooks/use-report-narrative.test.ts" name="useReportNarrative — buildPrompt: fmtPct formatting &gt; channel successRate is also formatted with fmtPct (toFixed(1))" time="0.004393">
        </testcase>
        <testcase classname="tests/features/report-studio/hooks/use-report-narrative.test.ts" name="useReportNarrative — buildPrompt: full data assembly &gt; produces a prompt with all sections when all optional fields are present" time="0.0035118">
        </testcase>
        <testcase classname="tests/features/report-studio/hooks/use-report-narrative.test.ts" name="useReportNarrative — buildPrompt: full data assembly &gt; lines are joined with newlines (not spaces)" time="0.0034368">
        </testcase>
        <testcase classname="tests/features/report-studio/hooks/use-report-narrative.test.ts" name="useReportNarrative — NarrativeSchema (Zod) contract &gt; schema is passed as second arg to generateStructured and can validate a valid narrative" time="0.0120189">
        </testcase>
        <testcase classname="tests/features/report-studio/hooks/use-report-narrative.test.ts" name="useReportNarrative — NarrativeSchema (Zod) contract &gt; schema rejects a narrative missing executiveSummary" time="0.0042716">
        </testcase>
        <testcase classname="tests/features/report-studio/hooks/use-report-narrative.test.ts" name="useReportNarrative — NarrativeSchema (Zod) contract &gt; schema rejects keyFindings with fewer than 2 items" time="0.0040372">
        </testcase>
        <testcase classname="tests/features/report-studio/hooks/use-report-narrative.test.ts" name="useReportNarrative — NarrativeSchema (Zod) contract &gt; schema rejects keyFindings with more than 5 items" time="0.0031649">
        </testcase>
        <testcase classname="tests/features/report-studio/hooks/use-report-narrative.test.ts" name="useReportNarrative — NarrativeSchema (Zod) contract &gt; schema rejects recommendations with fewer than 2 items" time="0.0089669">
        </testcase>
        <testcase classname="tests/features/report-studio/hooks/use-report-narrative.test.ts" name="useReportNarrative — NarrativeSchema (Zod) contract &gt; schema rejects recommendations with more than 5 items" time="0.0112652">
        </testcase>
        <testcase classname="tests/features/report-studio/hooks/use-report-narrative.test.ts" name="useReportNarrative — NarrativeSchema (Zod) contract &gt; schema accepts boundary values: exactly 2 findings and 2 recommendations" time="0.008298">
        </testcase>
        <testcase classname="tests/features/report-studio/hooks/use-report-narrative.test.ts" name="useReportNarrative — NarrativeSchema (Zod) contract &gt; schema accepts boundary values: exactly 5 findings and 5 recommendations" time="0.0058576">
        </testcase>
        <testcase classname="tests/features/report-studio/hooks/use-report-narrative.test.ts" name="useReportNarrative — multiple generate() calls &gt; each generate() call invokes generateStructured independently" time="0.0055002">
        </testcase>
        <testcase classname="tests/features/report-studio/hooks/use-report-narrative.test.ts" name="useReportNarrative — multiple generate() calls &gt; second generate() call uses its own data, not cached from first call" time="0.0061968">
        </testcase>
    </testsuite>
    <testsuite name="tests/features/report-studio/lib/charts.test.ts" timestamp="2026-06-25T18:28:25.923Z" hostname="Desktop" tests="21" failures="0" errors="0" skipped="0" time="0.0308015">
        <testcase classname="tests/features/report-studio/lib/charts.test.ts" name="renderHourlyChartSvg &gt; returns null when hourlyData is empty" time="0.0039764">
        </testcase>
        <testcase classname="tests/features/report-studio/lib/charts.test.ts" name="renderHourlyChartSvg &gt; does not initialise an ECharts instance when hourlyData is empty" time="0.0014382">
        </testcase>
        <testcase classname="tests/features/report-studio/lib/charts.test.ts" name="renderHourlyChartSvg &gt; returns the SVG string produced by renderToSVGString when hourlyData is non-empty" time="0.0016111">
        </testcase>
        <testcase classname="tests/features/report-studio/lib/charts.test.ts" name="renderHourlyChartSvg &gt; calls setOption and renderToSVGString on the echarts instance" time="0.0007729">
        </testcase>
        <testcase classname="tests/features/report-studio/lib/charts.test.ts" name="renderHourlyChartSvg &gt; always calls dispose in the finally block even when rendering succeeds" time="0.0005111">
        </testcase>
        <testcase classname="tests/features/report-studio/lib/charts.test.ts" name="renderHourlyChartSvg &gt; always calls dispose even when renderToSVGString throws" time="0.002254">
        </testcase>
        <testcase classname="tests/features/report-studio/lib/charts.test.ts" name="renderHourlyChartSvg &gt; uses the default primaryColor (#0066cc) when no second argument is supplied" time="0.0041704">
        </testcase>
        <testcase classname="tests/features/report-studio/lib/charts.test.ts" name="renderHourlyChartSvg &gt; uses an explicit primaryColor when supplied" time="0.0006272">
        </testcase>
        <testcase classname="tests/features/report-studio/lib/charts.test.ts" name="renderHourlyChartSvg &gt; passes hourly data labels formatted as &apos;HH:00&apos; on xAxis" time="0.0007628">
        </testcase>
        <testcase classname="tests/features/report-studio/lib/charts.test.ts" name="renderHourlyChartSvg &gt; passes rounded counts and toFixed(1) successRate values in series data" time="0.000677">
        </testcase>
        <testcase classname="tests/features/report-studio/lib/charts.test.ts" name="renderHourlyChartSvg &gt; includes title, legend, grid, and dual yAxis in the option" time="0.0015204">
        </testcase>
        <testcase classname="tests/features/report-studio/lib/charts.test.ts" name="renderHourlyChartSvg &gt; sets second yAxis (Success Rate %) to right position with 0-100 range" time="0.0005555">
        </testcase>
        <testcase classname="tests/features/report-studio/lib/charts.test.ts" name="renderHourlyChartSvg &gt; sets the success rate series to use yAxisIndex 1" time="0.0003617">
        </testcase>
        <testcase classname="tests/features/report-studio/lib/charts.test.ts" name="renderHourlyChartSvg &gt; sets backgroundColor to white in the option" time="0.0004223">
        </testcase>
        <testcase classname="tests/features/report-studio/lib/charts.test.ts" name="renderHourlyChartSvgBytes &gt; returns null when hourlyData is empty (svg is null)" time="0.0004815">
        </testcase>
        <testcase classname="tests/features/report-studio/lib/charts.test.ts" name="renderHourlyChartSvgBytes &gt; returns a non-null typed array when hourlyData is non-empty" time="0.0004826">
        </testcase>
        <testcase classname="tests/features/report-studio/lib/charts.test.ts" name="renderHourlyChartSvgBytes &gt; encodes the SVG string as UTF-8 bytes correctly" time="0.0010963">
        </testcase>
        <testcase classname="tests/features/report-studio/lib/charts.test.ts" name="renderHourlyChartSvgBytes &gt; passes the primaryColor argument through to renderHourlyChartSvg" time="0.0004528">
        </testcase>
        <testcase classname="tests/features/report-studio/lib/charts.test.ts" name="renderHourlyChartSvgBytes &gt; uses default primaryColor when primaryColor arg is undefined" time="0.0003881">
        </testcase>
        <testcase classname="tests/features/report-studio/lib/charts.test.ts" name="renderHourlyChartSvgBytes &gt; encodes multi-byte (non-ASCII) SVG content correctly" time="0.0009175">
        </testcase>
        <testcase classname="tests/features/report-studio/lib/charts.test.ts" name="renderHourlyChartSvgBytes &gt; disposes the echarts chart instance exactly once per call" time="0.0004821">
        </testcase>
    </testsuite>
    <testsuite name="tests/features/report-studio/lib/docx-generator.test.ts" timestamp="2026-06-25T18:28:25.926Z" hostname="Desktop" tests="55" failures="0" errors="0" skipped="0" time="5.4342118">
        <testcase classname="tests/features/report-studio/lib/docx-generator.test.ts" name="buildDocx — output contract &gt; returns a fresh standalone ArrayBuffer" time="0.3866898">
        </testcase>
        <testcase classname="tests/features/report-studio/lib/docx-generator.test.ts" name="buildDocx — output contract &gt; produces a valid OOXML package (PK zip header + word/document.xml member)" time="0.0773674">
        </testcase>
        <testcase classname="tests/features/report-studio/lib/docx-generator.test.ts" name="buildDocx — output contract &gt; always renders the cover block (title, date, CONFIDENTIAL) regardless of section toggles" time="0.123592">
        </testcase>
        <testcase classname="tests/features/report-studio/lib/docx-generator.test.ts" name="buildDocx — output contract &gt; always renders the Visual Analysis section even with every toggle off" time="0.1060028">
        </testcase>
        <testcase classname="tests/features/report-studio/lib/docx-generator.test.ts" name="buildDocx — output contract &gt; omits toggled-off section headings" time="0.093853">
        </testcase>
        <testcase classname="tests/features/report-studio/lib/docx-generator.test.ts" name="buildDocx — output contract &gt; renders every section heading when all toggles are on" time="0.1086384">
        </testcase>
        <testcase classname="tests/features/report-studio/lib/docx-generator.test.ts" name="buildDocx — company name + branding color &gt; uses the provided companyName in cover, footer, and document metadata" time="0.0688736">
        </testcase>
        <testcase classname="tests/features/report-studio/lib/docx-generator.test.ts" name="buildDocx — company name + branding color &gt; falls back to &apos;Telecom Analytics&apos; when companyName is undefined" time="0.0793036">
        </testcase>
        <testcase classname="tests/features/report-studio/lib/docx-generator.test.ts" name="buildDocx — company name + branding color &gt; falls back to &apos;Telecom Analytics&apos; when companyName is an empty string (falsy)" time="0.0795919">
        </testcase>
        <testcase classname="tests/features/report-studio/lib/docx-generator.test.ts" name="buildDocx — company name + branding color &gt; strips &apos;#&apos; and upper-cases the primary color into the heading-1 style border" time="0.070817">
        </testcase>
        <testcase classname="tests/features/report-studio/lib/docx-generator.test.ts" name="buildDocx — company name + branding color &gt; defaults the primary color to 003087 when primaryColor is absent" time="0.0717642">
        </testcase>
        <testcase classname="tests/features/report-studio/lib/docx-generator.test.ts" name="buildDocx — executive summary &gt; renders the AI narrative summary and every key finding when aiNarrative is present" time="0.0624637">
        </testcase>
        <testcase classname="tests/features/report-studio/lib/docx-generator.test.ts" name="buildDocx — executive summary &gt; renders the AI summary with an empty keyFindings list without throwing" time="0.101681">
        </testcase>
        <testcase classname="tests/features/report-studio/lib/docx-generator.test.ts" name="buildDocx — executive summary &gt; builds the deterministic summary sentence with fr-FR totals when no AI narrative is present" time="0.0725486">
        </testcase>
        <testcase classname="tests/features/report-studio/lib/docx-generator.test.ts" name="buildDocx — executive summary &gt; counts high-performing (&gt;=95) and attention-needed (&lt;80) channels in the fallback sentence" time="0.0902778">
        </testcase>
        <testcase classname="tests/features/report-studio/lib/docx-generator.test.ts" name="buildDocx — executive summary &gt; colors the success-rate run green at exactly 95%" time="0.1156119">
        </testcase>
        <testcase classname="tests/features/report-studio/lib/docx-generator.test.ts" name="buildDocx — executive summary &gt; colors the success-rate run amber between 80% and 95%" time="0.0864071">
        </testcase>
        <testcase classname="tests/features/report-studio/lib/docx-generator.test.ts" name="buildDocx — executive summary &gt; colors the success-rate run red below 80%" time="0.0801648">
        </testcase>
        <testcase classname="tests/features/report-studio/lib/docx-generator.test.ts" name="buildDocx — key metrics (no comparison) &gt; renders a 2-column Metric/Value table with the four fr-FR-formatted metrics" time="0.0806767">
        </testcase>
        <testcase classname="tests/features/report-studio/lib/docx-generator.test.ts" name="buildDocx — key metrics (with comparison) &gt; renders a 4-column comparison table with Today / Prev(date) / Change headers" time="0.0823237">
        </testcase>
        <testcase classname="tests/features/report-studio/lib/docx-generator.test.ts" name="buildDocx — key metrics (with comparison) &gt; computes signed percentage deltas for count + revenue metrics" time="0.1274792">
        </testcase>
        <testcase classname="tests/features/report-studio/lib/docx-generator.test.ts" name="buildDocx — key metrics (with comparison) &gt; renders the success-rate change as percentage points (pp), not a signed percent" time="0.0854646">
        </testcase>
        <testcase classname="tests/features/report-studio/lib/docx-generator.test.ts" name="buildDocx — key metrics (with comparison) &gt; shows the previous-period count rounded via Math.round" time="0.0830239">
        </testcase>
        <testcase classname="tests/features/report-studio/lib/docx-generator.test.ts" name="buildDocx — key metrics (with comparison) &gt; treats a zero previous value as a 0% change (div-by-zero guard)" time="0.0816424">
        </testcase>
        <testcase classname="tests/features/report-studio/lib/docx-generator.test.ts" name="buildDocx — key metrics (with comparison) &gt; colors a positive Change cell green and a negative Change cell red" time="0.0915723">
        </testcase>
        <testcase classname="tests/features/report-studio/lib/docx-generator.test.ts" name="buildDocx — key metrics (with comparison) &gt; adds a significant Welch t-test caption when volumeTrend is significant" time="0.1163777">
        </testcase>
        <testcase classname="tests/features/report-studio/lib/docx-generator.test.ts" name="buildDocx — key metrics (with comparison) &gt; labels a non-significant Welch t-test caption accordingly" time="0.0731378">
        </testcase>
        <testcase classname="tests/features/report-studio/lib/docx-generator.test.ts" name="buildDocx — key metrics (with comparison) &gt; omits the t-test caption entirely when volumeTrend is null" time="0.1225345">
        </testcase>
        <testcase classname="tests/features/report-studio/lib/docx-generator.test.ts" name="buildDocx — channel performance &gt; renders a header row plus one row per channel with fr-FR volume/revenue + pct" time="0.072316">
        </testcase>
        <testcase classname="tests/features/report-studio/lib/docx-generator.test.ts" name="buildDocx — channel performance &gt; maps the status label by threshold: Excellent&gt;=95, Good&gt;=85, Warning&gt;=70, else Critical" time="0.1037237">
        </testcase>
        <testcase classname="tests/features/report-studio/lib/docx-generator.test.ts" name="buildDocx — channel performance &gt; caps the channel table at the first 50 channels (slice 0..50)" time="0.2171225">
        </testcase>
        <testcase classname="tests/features/report-studio/lib/docx-generator.test.ts" name="buildDocx — channel performance &gt; renders only the header row when topChannels is empty" time="0.0688098">
        </testcase>
        <testcase classname="tests/features/report-studio/lib/docx-generator.test.ts" name="buildDocx — channel performance &gt; colors the status cell by label (Excellent green / Good blue / Warning amber / Critical red)" time="0.1219694">
        </testcase>
        <testcase classname="tests/features/report-studio/lib/docx-generator.test.ts" name="buildDocx — visual analysis (chart embed) &gt; embeds the chart PNG and the chart caption when chartPng has bytes" time="0.1115652">
        </testcase>
        <testcase classname="tests/features/report-studio/lib/docx-generator.test.ts" name="buildDocx — visual analysis (chart embed) &gt; shows the omission message (and no media part) when chartPng is undefined" time="0.1319922">
        </testcase>
        <testcase classname="tests/features/report-studio/lib/docx-generator.test.ts" name="buildDocx — visual analysis (chart embed) &gt; treats a null chartPng as absent and shows the omission message" time="0.0689886">
        </testcase>
        <testcase classname="tests/features/report-studio/lib/docx-generator.test.ts" name="buildDocx — visual analysis (chart embed) &gt; treats a zero-length chartPng as absent (byteLength &gt; 0 guard) and shows the omission message" time="0.0794766">
        </testcase>
        <testcase classname="tests/features/report-studio/lib/docx-generator.test.ts" name="buildDocx — issues &amp; anomalies &gt; shows the all-clear INFO line when nothing is wrong" time="0.085939">
        </testcase>
        <testcase classname="tests/features/report-studio/lib/docx-generator.test.ts" name="buildDocx — issues &amp; anomalies &gt; flags a CRITICAL issue when overall success rate is below 90%" time="0.1111006">
        </testcase>
        <testcase classname="tests/features/report-studio/lib/docx-generator.test.ts" name="buildDocx — issues &amp; anomalies &gt; does NOT flag CRITICAL at exactly 90% (strict &lt; boundary)" time="0.0771931">
        </testcase>
        <testcase classname="tests/features/report-studio/lib/docx-generator.test.ts" name="buildDocx — issues &amp; anomalies &gt; adds a WARNING per channel below 80% success and excludes channels at exactly 80%" time="0.0730362">
        </testcase>
        <testcase classname="tests/features/report-studio/lib/docx-generator.test.ts" name="buildDocx — issues &amp; anomalies &gt; emits an ANOMALY line for each seeded anomaly with hour, volume, and 2-decimal score" time="0.0815381">
        </testcase>
        <testcase classname="tests/features/report-studio/lib/docx-generator.test.ts" name="buildDocx — issues &amp; anomalies &gt; treats a missing anomalies field as an empty list (nullish-coalescing guard)" time="0.1019477">
        </testcase>
        <testcase classname="tests/features/report-studio/lib/docx-generator.test.ts" name="buildDocx — issues &amp; anomalies &gt; combines CRITICAL + per-channel WARNING + ANOMALY when all apply (no INFO line)" time="0.1054854">
        </testcase>
        <testcase classname="tests/features/report-studio/lib/docx-generator.test.ts" name="buildDocx — recommendations &gt; uses AI recommendations verbatim and numbers them when present" time="0.0726009">
        </testcase>
        <testcase classname="tests/features/report-studio/lib/docx-generator.test.ts" name="buildDocx — recommendations &gt; falls back to the five deterministic recommendations when aiNarrative has none" time="0.0700131">
        </testcase>
        <testcase classname="tests/features/report-studio/lib/docx-generator.test.ts" name="buildDocx — recommendations &gt; falls back to defaults when aiNarrative is entirely absent" time="0.090269">
        </testcase>
        <testcase classname="tests/features/report-studio/lib/docx-generator.test.ts" name="buildDocx — footer line &gt; uses the provided footerText in the body footer line" time="0.0715034">
        </testcase>
        <testcase classname="tests/features/report-studio/lib/docx-generator.test.ts" name="buildDocx — footer line &gt; defaults the footer label to CONFIDENTIAL when footerText is absent" time="0.0800243">
        </testcase>
        <testcase classname="tests/features/report-studio/lib/docx-generator.test.ts" name="buildDocx — footer line &gt; defaults the footer label to CONFIDENTIAL when footerText is an empty string (falsy)" time="0.1183806">
        </testcase>
        <testcase classname="tests/features/report-studio/lib/docx-generator.test.ts" name="buildDocx — numeric &amp; input edge cases &gt; does not throw on all-zero metrics and an empty channel list" time="0.1194181">
        </testcase>
        <testcase classname="tests/features/report-studio/lib/docx-generator.test.ts" name="buildDocx — numeric &amp; input edge cases &gt; fr-FR-formats negative revenue without throwing" time="0.0808248">
        </testcase>
        <testcase classname="tests/features/report-studio/lib/docx-generator.test.ts" name="buildDocx — numeric &amp; input edge cases &gt; handles NaN / Infinity metrics gracefully (Intl renders them; no throw)" time="0.0868363">
        </testcase>
        <testcase classname="tests/features/report-studio/lib/docx-generator.test.ts" name="buildDocx — numeric &amp; input edge cases &gt; escapes XML-special characters in channel names (no raw &apos;&lt;&apos; / &apos;&amp;&apos; in document.xml)" time="0.1238639">
        </testcase>
        <testcase classname="tests/features/report-studio/lib/docx-generator.test.ts" name="buildDocx — numeric &amp; input edge cases &gt; preserves a unicode/RTL company name through to the rendered text" time="0.0734507">
        </testcase>
    </testsuite>
    <testsuite name="tests/features/report-studio/lib/insights.test.ts" timestamp="2026-06-25T18:28:25.932Z" hostname="Desktop" tests="37" failures="0" errors="0" skipped="0" time="0.1265975">
        <testcase classname="tests/features/report-studio/lib/insights.test.ts" name="previousDay &gt; returns the calendar day before a valid ISO date" time="0.0130289">
        </testcase>
        <testcase classname="tests/features/report-studio/lib/insights.test.ts" name="previousDay &gt; wraps back to the previous month correctly" time="0.0055667">
        </testcase>
        <testcase classname="tests/features/report-studio/lib/insights.test.ts" name="previousDay &gt; handles month with 31 days (Jan 1 → Dec 31)" time="0.0005195">
        </testcase>
        <testcase classname="tests/features/report-studio/lib/insights.test.ts" name="previousDay &gt; handles leap-year Feb 29 correctly (Mar 1 → Feb 28 on non-leap)" time="0.0047779">
        </testcase>
        <testcase classname="tests/features/report-studio/lib/insights.test.ts" name="previousDay &gt; handles leap-year Feb 29 correctly (Mar 1 → Feb 29 on leap year)" time="0.0006101">
        </testcase>
        <testcase classname="tests/features/report-studio/lib/insights.test.ts" name="previousDay &gt; returns the input unchanged for an invalid date string" time="0.0003642">
        </testcase>
        <testcase classname="tests/features/report-studio/lib/insights.test.ts" name="previousDay &gt; returns the input unchanged for an empty string" time="0.000328">
        </testcase>
        <testcase classname="tests/features/report-studio/lib/insights.test.ts" name="previousDay &gt; produces a 10-char YYYY-MM-DD result for a normal date" time="0.0074647">
        </testcase>
        <testcase classname="tests/features/report-studio/lib/insights.test.ts" name="detectHourlyAnomalies &gt; returns an empty array when hourlyData has fewer than 4 entries" time="0.0157467">
        </testcase>
        <testcase classname="tests/features/report-studio/lib/insights.test.ts" name="detectHourlyAnomalies &gt; returns an empty array when hourlyData is exactly empty" time="0.0032667">
        </testcase>
        <testcase classname="tests/features/report-studio/lib/insights.test.ts" name="detectHourlyAnomalies &gt; calls gesdAnomalies with the counts array extracted from hourlyData" time="0.0085854">
        </testcase>
        <testcase classname="tests/features/report-studio/lib/insights.test.ts" name="detectHourlyAnomalies &gt; passes the custom maxAnomalies value to the proxy" time="0.0036637">
        </testcase>
        <testcase classname="tests/features/report-studio/lib/insights.test.ts" name="detectHourlyAnomalies &gt; maps returned indices to the corresponding hourly series entry" time="0.0009938">
        </testcase>
        <testcase classname="tests/features/report-studio/lib/insights.test.ts" name="detectHourlyAnomalies &gt; sorts anomalies by score descending (highest first)" time="0.0058858">
        </testcase>
        <testcase classname="tests/features/report-studio/lib/insights.test.ts" name="detectHourlyAnomalies &gt; returns empty anomalies array when gesdAnomalies returns no indices" time="0.0006417">
        </testcase>
        <testcase classname="tests/features/report-studio/lib/insights.test.ts" name="detectHourlyAnomalies &gt; uses fallback values when index is out of series bounds" time="0.0009712">
        </testcase>
        <testcase classname="tests/features/report-studio/lib/insights.test.ts" name="detectHourlyAnomalies &gt; falls back to the dynamic import kernels when proxy is null" time="0.0022434">
        </testcase>
        <testcase classname="tests/features/report-studio/lib/insights.test.ts" name="computeComparison &gt; returns null when detectColumnRoles reports no timestamp column" time="0.0012334">
        </testcase>
        <testcase classname="tests/features/report-studio/lib/insights.test.ts" name="computeComparison &gt; computes the previous date from current.date" time="0.0013803">
        </testcase>
        <testcase classname="tests/features/report-studio/lib/insights.test.ts" name="computeComparison &gt; returns null when aggregateReportData throws" time="0.001519">
        </testcase>
        <testcase classname="tests/features/report-studio/lib/insights.test.ts" name="computeComparison &gt; returns null when prev.totalTransactions is 0 (no previous-period data)" time="0.0014961">
        </testcase>
        <testcase classname="tests/features/report-studio/lib/insights.test.ts" name="computeComparison &gt; returns a comparison with the prev totals when data is available" time="0.0011138">
        </testcase>
        <testcase classname="tests/features/report-studio/lib/insights.test.ts" name="computeComparison &gt; includes volumeTrend from Welch t-test when both periods have &gt;= 2 hourly entries" time="0.0008509">
        </testcase>
        <testcase classname="tests/features/report-studio/lib/insights.test.ts" name="computeComparison &gt; sets volumeTrend to null when current hourlyData has &lt; 2 entries" time="0.0004955">
        </testcase>
        <testcase classname="tests/features/report-studio/lib/insights.test.ts" name="computeComparison &gt; sets volumeTrend to null when prev hourlyData has &lt; 2 entries" time="0.0004813">
        </testcase>
        <testcase classname="tests/features/report-studio/lib/insights.test.ts" name="computeComparison &gt; calls welchTTest with count arrays from current and prev" time="0.000743">
        </testcase>
        <testcase classname="tests/features/report-studio/lib/insights.test.ts" name="computeComparison &gt; handles a not-significant volumeTrend (p-value high)" time="0.0005863">
        </testcase>
        <testcase classname="tests/features/report-studio/lib/insights.test.ts" name="enrichWithInsights &gt; returns the original data with anomalies and comparison merged" time="0.0009424">
        </testcase>
        <testcase classname="tests/features/report-studio/lib/insights.test.ts" name="enrichWithInsights &gt; adds anomalies detected from hourlyData" time="0.001338">
        </testcase>
        <testcase classname="tests/features/report-studio/lib/insights.test.ts" name="enrichWithInsights &gt; sets anomalies to [] when hourlyData is too short for GESD" time="0.0006137">
        </testcase>
        <testcase classname="tests/features/report-studio/lib/insights.test.ts" name="enrichWithInsights &gt; adds a real comparison when dataset is provided and prev data exists" time="0.0006277">
        </testcase>
        <testcase classname="tests/features/report-studio/lib/insights.test.ts" name="enrichWithInsights &gt; leaves comparison undefined when no dataset is provided" time="0.0004958">
        </testcase>
        <testcase classname="tests/features/report-studio/lib/insights.test.ts" name="enrichWithInsights &gt; leaves comparison undefined when comparison resolves to null" time="0.0004622">
        </testcase>
        <testcase classname="tests/features/report-studio/lib/insights.test.ts" name="enrichWithInsights &gt; still returns a result when anomaly detection throws (caught internally)" time="0.0008634">
        </testcase>
        <testcase classname="tests/features/report-studio/lib/insights.test.ts" name="enrichWithInsights &gt; still returns a result when computeComparison throws (caught internally)" time="0.0005256">
        </testcase>
        <testcase classname="tests/features/report-studio/lib/insights.test.ts" name="enrichWithInsights &gt; runs anomaly detection and comparison concurrently (Promise.all)" time="0.0011923">
        </testcase>
        <testcase classname="tests/features/report-studio/lib/insights.test.ts" name="enrichWithInsights &gt; merges existing fields from the original data into the result object" time="0.000841">
        </testcase>
    </testsuite>
    <testsuite name="tests/features/report-studio/lib/pdf-report.test.ts" timestamp="2026-06-25T18:28:25.936Z" hostname="Desktop" tests="75" failures="0" errors="0" skipped="0" time="0.5568114">
        <testcase classname="tests/features/report-studio/lib/pdf-report.test.ts" name="buildPdf — return value &gt; returns an ArrayBuffer" time="0.0913519">
        </testcase>
        <testcase classname="tests/features/report-studio/lib/pdf-report.test.ts" name="buildPdf — return value &gt; copies getBuffer bytes into a fresh ArrayBuffer (toArrayBuffer)" time="0.0225348">
        </testcase>
        <testcase classname="tests/features/report-studio/lib/pdf-report.test.ts" name="buildPdf — resolveVfs branch: .vfs on the module root &gt; sets pdfMake.vfs to the root .vfs object when available" time="0.0023897">
        </testcase>
        <testcase classname="tests/features/report-studio/lib/pdf-report.test.ts" name="buildPdf — paperSize option &gt; uses &apos;A4&apos; page size when paperSize is &apos;a4&apos;" time="0.0295436">
        </testcase>
        <testcase classname="tests/features/report-studio/lib/pdf-report.test.ts" name="buildPdf — paperSize option &gt; uses &apos;LETTER&apos; page size when paperSize is &apos;letter&apos;" time="0.0091398">
        </testcase>
        <testcase classname="tests/features/report-studio/lib/pdf-report.test.ts" name="buildPdf — cover block &gt; uses companyName when provided" time="0.0102819">
        </testcase>
        <testcase classname="tests/features/report-studio/lib/pdf-report.test.ts" name="buildPdf — cover block &gt; falls back to &apos;Telecom Analytics&apos; when companyName is absent" time="0.0049018">
        </testcase>
        <testcase classname="tests/features/report-studio/lib/pdf-report.test.ts" name="buildPdf — cover block &gt; falls back to &apos;Telecom Analytics&apos; when companyName is an empty string" time="0.0019162">
        </testcase>
        <testcase classname="tests/features/report-studio/lib/pdf-report.test.ts" name="buildPdf — cover block &gt; includes the report date as a subtitle element" time="0.0144781">
        </testcase>
        <testcase classname="tests/features/report-studio/lib/pdf-report.test.ts" name="buildPdf — cover block &gt; includes &apos;Daily Transaction Report&apos; as title" time="0.003204">
        </testcase>
        <testcase classname="tests/features/report-studio/lib/pdf-report.test.ts" name="buildPdf — cover block &gt; includes a 4-column KPI block" time="0.015857">
        </testcase>
        <testcase classname="tests/features/report-studio/lib/pdf-report.test.ts" name="buildPdf — cover block &gt; uses the custom primaryColor when it is a valid hex" time="0.0022095">
        </testcase>
        <testcase classname="tests/features/report-studio/lib/pdf-report.test.ts" name="buildPdf — cover block &gt; falls back to default primary color (#003087) when primaryColor is invalid" time="0.0062833">
        </testcase>
        <testcase classname="tests/features/report-studio/lib/pdf-report.test.ts" name="buildPdf — cover block &gt; falls back to default primary color when primaryColor is absent" time="0.0016523">
        </testcase>
        <testcase classname="tests/features/report-studio/lib/pdf-report.test.ts" name="buildPdf — cover block &gt; uses a 5-char hex that doesn&apos;t match the pattern as invalid" time="0.0038878">
        </testcase>
        <testcase classname="tests/features/report-studio/lib/pdf-report.test.ts" name="buildPdf — logo &gt; omits an image element from content when logoBytes is absent" time="0.0112974">
        </testcase>
        <testcase classname="tests/features/report-studio/lib/pdf-report.test.ts" name="buildPdf — logo &gt; embeds a base64 data-URI image element when logoBytes are present" time="0.0035611">
        </testcase>
        <testcase classname="tests/features/report-studio/lib/pdf-report.test.ts" name="buildPdf — logo &gt; defaults logo MIME to image/png when logoMime is omitted" time="0.0085522">
        </testcase>
        <testcase classname="tests/features/report-studio/lib/pdf-report.test.ts" name="buildPdf — logo &gt; handles large logo chunks (&gt;0x8000 bytes) without throwing" time="0.0295395">
        </testcase>
        <testcase classname="tests/features/report-studio/lib/pdf-report.test.ts" name="buildPdf — logo &gt; returns null from logoDataUri when logoBytes is a zero-length buffer" time="0.0040464">
        </testcase>
        <testcase classname="tests/features/report-studio/lib/pdf-report.test.ts" name="buildPdf — executive summary &gt; does not add an h1 &apos;Executive Summary&apos; section when aiNarrative is absent" time="0.0069031">
        </testcase>
        <testcase classname="tests/features/report-studio/lib/pdf-report.test.ts" name="buildPdf — executive summary &gt; does not add Executive Summary when aiNarrative has no executiveSummary" time="0.0034614">
        </testcase>
        <testcase classname="tests/features/report-studio/lib/pdf-report.test.ts" name="buildPdf — executive summary &gt; adds an Executive Summary h1 with the narrative text when aiNarrative is present" time="0.0049974">
        </testcase>
        <testcase classname="tests/features/report-studio/lib/pdf-report.test.ts" name="buildPdf — executive summary &gt; adds bullet items for each key finding" time="0.0019799">
        </testcase>
        <testcase classname="tests/features/report-studio/lib/pdf-report.test.ts" name="buildPdf — channel performance table &gt; adds a &apos;Channel Performance&apos; h1 section header" time="0.0022167">
        </testcase>
        <testcase classname="tests/features/report-studio/lib/pdf-report.test.ts" name="buildPdf — channel performance table &gt; includes the correct column headers in the table" time="0.001971">
        </testcase>
        <testcase classname="tests/features/report-studio/lib/pdf-report.test.ts" name="buildPdf — channel performance table &gt; formats channel volume with fr-FR numbers" time="0.0016851">
        </testcase>
        <testcase classname="tests/features/report-studio/lib/pdf-report.test.ts" name="buildPdf — channel performance table &gt; formats channel revenue with fr-FR 3-decimal formatting" time="0.0079236">
        </testcase>
        <testcase classname="tests/features/report-studio/lib/pdf-report.test.ts" name="buildPdf — channel performance table &gt; assigns &apos;Excellent&apos; status and formats successRate pct when successRate &gt;= 95" time="0.0016691">
        </testcase>
        <testcase classname="tests/features/report-studio/lib/pdf-report.test.ts" name="buildPdf — channel performance table &gt; assigns &apos;Good&apos; status when successRate &gt;= 85 and &lt; 95" time="0.0026848">
        </testcase>
        <testcase classname="tests/features/report-studio/lib/pdf-report.test.ts" name="buildPdf — channel performance table &gt; assigns &apos;Warning&apos; status when successRate &gt;= 70 and &lt; 85" time="0.0030611">
        </testcase>
        <testcase classname="tests/features/report-studio/lib/pdf-report.test.ts" name="buildPdf — channel performance table &gt; assigns &apos;Critical&apos; status when successRate &lt; 70" time="0.0024387">
        </testcase>
        <testcase classname="tests/features/report-studio/lib/pdf-report.test.ts" name="buildPdf — statusColor in channel table &gt; uses green (#00AA44) for success rate &gt;= 95" time="0.0035777">
        </testcase>
        <testcase classname="tests/features/report-studio/lib/pdf-report.test.ts" name="buildPdf — statusColor in channel table &gt; uses blue (#0066CC) for success rate &gt;= 85 and &lt; 95" time="0.0013277">
        </testcase>
        <testcase classname="tests/features/report-studio/lib/pdf-report.test.ts" name="buildPdf — statusColor in channel table &gt; uses orange (#FF9900) for success rate &gt;= 70 and &lt; 85" time="0.0021441">
        </testcase>
        <testcase classname="tests/features/report-studio/lib/pdf-report.test.ts" name="buildPdf — statusColor in channel table &gt; uses red (#CC3300) for success rate &lt; 70" time="0.0072977">
        </testcase>
        <testcase classname="tests/features/report-studio/lib/pdf-report.test.ts" name="buildPdf — period-over-period comparison &gt; does not add &apos;Period-over-Period&apos; section when comparison is absent" time="0.0036872">
        </testcase>
        <testcase classname="tests/features/report-studio/lib/pdf-report.test.ts" name="buildPdf — period-over-period comparison &gt; adds &apos;Period-over-Period&apos; h1 when comparison is present" time="0.0102924">
        </testcase>
        <testcase classname="tests/features/report-studio/lib/pdf-report.test.ts" name="buildPdf — period-over-period comparison &gt; does not add a volume trend caption when volumeTrend is null" time="0.0074569">
        </testcase>
        <testcase classname="tests/features/report-studio/lib/pdf-report.test.ts" name="buildPdf — period-over-period comparison &gt; adds a volume trend caption with p-value and &apos;significant&apos; when volumeTrend.significant=true" time="0.0086481">
        </testcase>
        <testcase classname="tests/features/report-studio/lib/pdf-report.test.ts" name="buildPdf — period-over-period comparison &gt; shows &apos;not significant&apos; in caption when volumeTrend.significant is false" time="0.0115254">
        </testcase>
        <testcase classname="tests/features/report-studio/lib/pdf-report.test.ts" name="buildPdf — period-over-period comparison &gt; includes prev-period date in the comparison table header" time="0.0030381">
        </testcase>
        <testcase classname="tests/features/report-studio/lib/pdf-report.test.ts" name="buildPdf — chart SVG &gt; does not include an SVG element when includeCharts is false" time="0.0028934">
        </testcase>
        <testcase classname="tests/features/report-studio/lib/pdf-report.test.ts" name="buildPdf — chart SVG &gt; does not include an SVG element when chartSvg is null" time="0.00284">
        </testcase>
        <testcase classname="tests/features/report-studio/lib/pdf-report.test.ts" name="buildPdf — chart SVG &gt; does not include an SVG element when chartSvg is undefined" time="0.0035153">
        </testcase>
        <testcase classname="tests/features/report-studio/lib/pdf-report.test.ts" name="buildPdf — chart SVG &gt; embeds the SVG and adds &apos;Hourly Distribution&apos; h1 when includeCharts=true and chartSvg is present" time="0.0035244">
        </testcase>
        <testcase classname="tests/features/report-studio/lib/pdf-report.test.ts" name="buildPdf — anomalies &gt; does not add &apos;Flagged Anomalies&apos; section when anomalies is empty" time="0.0041737">
        </testcase>
        <testcase classname="tests/features/report-studio/lib/pdf-report.test.ts" name="buildPdf — anomalies &gt; does not add &apos;Flagged Anomalies&apos; section when anomalies is absent" time="0.0019783">
        </testcase>
        <testcase classname="tests/features/report-studio/lib/pdf-report.test.ts" name="buildPdf — anomalies &gt; adds &apos;Flagged Anomalies&apos; h1 and bullet items when anomalies are present" time="0.0047394">
        </testcase>
        <testcase classname="tests/features/report-studio/lib/pdf-report.test.ts" name="buildPdf — anomalies &gt; formats anomaly count with fr-FR numbers and successRate with one decimal" time="0.0052449">
        </testcase>
        <testcase classname="tests/features/report-studio/lib/pdf-report.test.ts" name="buildPdf — anomalies &gt; formats anomaly score with 2 decimal places" time="0.0076258">
        </testcase>
        <testcase classname="tests/features/report-studio/lib/pdf-report.test.ts" name="buildPdf — header and footer functions &gt; header returns undefined for page 1" time="0.0070854">
        </testcase>
        <testcase classname="tests/features/report-studio/lib/pdf-report.test.ts" name="buildPdf — header and footer functions &gt; header returns a columns object with company name for page 2+" time="0.0020386">
        </testcase>
        <testcase classname="tests/features/report-studio/lib/pdf-report.test.ts" name="buildPdf — header and footer functions &gt; header for page 2 includes the report date and title in the right column" time="0.0057676">
        </testcase>
        <testcase classname="tests/features/report-studio/lib/pdf-report.test.ts" name="buildPdf — header and footer functions &gt; footer includes page number and total pages" time="0.005488">
        </testcase>
        <testcase classname="tests/features/report-studio/lib/pdf-report.test.ts" name="buildPdf — header and footer functions &gt; footer uses custom footerText when provided" time="0.0087676">
        </testcase>
        <testcase classname="tests/features/report-studio/lib/pdf-report.test.ts" name="buildPdf — header and footer functions &gt; footer uses &apos;CONFIDENTIAL&apos; when footerText is absent" time="0.0018759">
        </testcase>
        <testcase classname="tests/features/report-studio/lib/pdf-report.test.ts" name="buildPdf — header and footer functions &gt; footer right column includes company name" time="0.0015957">
        </testcase>
        <testcase classname="tests/features/report-studio/lib/pdf-report.test.ts" name="buildPdf — doc definition structure &gt; uses Roboto as the default font" time="0.0024281">
        </testcase>
        <testcase classname="tests/features/report-studio/lib/pdf-report.test.ts" name="buildPdf — doc definition structure &gt; sets page margins to [40, 56, 40, 48]" time="0.0066565">
        </testcase>
        <testcase classname="tests/features/report-studio/lib/pdf-report.test.ts" name="buildPdf — doc definition structure &gt; includes all required style keys" time="0.0063755">
        </testcase>
        <testcase classname="tests/features/report-studio/lib/pdf-report.test.ts" name="buildPdf — doc definition structure &gt; th style uses white text color" time="0.003944">
        </testcase>
        <testcase classname="tests/features/report-studio/lib/pdf-report.test.ts" name="buildPdf — KPI number formatting &gt; formats totalTransactions with fr-FR number formatting" time="0.0088359">
        </testcase>
        <testcase classname="tests/features/report-studio/lib/pdf-report.test.ts" name="buildPdf — KPI number formatting &gt; formats successRate with one decimal followed by %" time="0.0023942">
        </testcase>
        <testcase classname="tests/features/report-studio/lib/pdf-report.test.ts" name="buildPdf — KPI number formatting &gt; formats totalRevenue with fr-FR 3-decimal amount formatting" time="0.0044168">
        </testcase>
        <testcase classname="tests/features/report-studio/lib/pdf-report.test.ts" name="buildPdf — KPI number formatting &gt; formats failedTransactions with fr-FR number formatting" time="0.004317">
        </testcase>
        <testcase classname="tests/features/report-studio/lib/pdf-report.test.ts" name="buildPdf — KPI number formatting &gt; KPI success-rate card uses statusColor (green &gt;= 95) as the text color" time="0.0016816">
        </testcase>
        <testcase classname="tests/features/report-studio/lib/pdf-report.test.ts" name="buildPdf — KPI number formatting &gt; KPI revenue card uses orange (#FF9900) color" time="0.0027005">
        </testcase>
        <testcase classname="tests/features/report-studio/lib/pdf-report.test.ts" name="buildPdf — KPI number formatting &gt; KPI failed-transactions card uses red (#CC3300) color" time="0.0021238">
        </testcase>
        <testcase classname="tests/features/report-studio/lib/pdf-report.test.ts" name="buildPdf — error handling &gt; rejects with an Error when createPdf throws a real Error synchronously" time="0.0119803">
        </testcase>
        <testcase classname="tests/features/report-studio/lib/pdf-report.test.ts" name="buildPdf — error handling &gt; wraps a non-Error throw (string) in an Error" time="0.0029308">
        </testcase>
        <testcase classname="tests/features/report-studio/lib/pdf-report.test.ts" name="buildPdf — channel table with multiple channels &gt; renders one data row per channel in the table" time="0.0048016">
        </testcase>
        <testcase classname="tests/features/report-studio/lib/pdf-report.test.ts" name="buildPdf — channel table with multiple channels &gt; channel name appears in the first cell of each data row" time="0.0019598">
        </testcase>
        <testcase classname="tests/features/report-studio/lib/pdf-report.test.ts" name="buildPdf — channel table with multiple channels &gt; success rate percentage is formatted with one decimal in the channel row" time="0.0054837">
        </testcase>
        <testcase classname="tests/features/report-studio/lib/pdf-report.test.ts" name="buildPdf — combined complex call &gt; produces a doc definition with h1 sections for summary, channels, period, anomalies, and chart" time="0.0147936">
        </testcase>
    </testsuite>
    <testsuite name="tests/features/report-studio/lib/pptx-generator.test.ts" timestamp="2026-06-25T18:28:25.946Z" hostname="Desktop" tests="49" failures="0" errors="0" skipped="0" time="0.3928098">
        <testcase classname="tests/features/report-studio/lib/pptx-generator.test.ts" name="buildPptx — deck-level contract &gt; builds exactly 10 slides" time="0.0764916">
        </testcase>
        <testcase classname="tests/features/report-studio/lib/pptx-generator.test.ts" name="buildPptx — deck-level contract &gt; returns the bytes produced by pptx.write with an arraybuffer outputType" time="0.0058049">
        </testcase>
        <testcase classname="tests/features/report-studio/lib/pptx-generator.test.ts" name="buildPptx — deck-level contract &gt; defaults to the corporate-blue template when none is supplied" time="0.0051677">
        </testcase>
        <testcase classname="tests/features/report-studio/lib/pptx-generator.test.ts" name="buildPptx — deck-level contract &gt; applies the corporate-blue background color to every slide" time="0.0051428">
        </testcase>
        <testcase classname="tests/features/report-studio/lib/pptx-generator.test.ts" name="buildPptx — deck-level contract &gt; applies the modern-dark background color to every slide" time="0.0067668">
        </testcase>
        <testcase classname="tests/features/report-studio/lib/pptx-generator.test.ts" name="buildPptx — deck-level contract &gt; applies the clean-white background color to every slide" time="0.0137772">
        </testcase>
        <testcase classname="tests/features/report-studio/lib/pptx-generator.test.ts" name="buildPptx — slide 1 (title) &gt; renders the fixed title, the report date, and a CONFIDENTIAL footer" time="0.0081617">
        </testcase>
        <testcase classname="tests/features/report-studio/lib/pptx-generator.test.ts" name="buildPptx — slide 1 (title) &gt; falls back to &apos;Telecom Analytics&apos; when companyName is absent" time="0.0066703">
        </testcase>
        <testcase classname="tests/features/report-studio/lib/pptx-generator.test.ts" name="buildPptx — slide 1 (title) &gt; falls back to &apos;Telecom Analytics&apos; when companyName is an empty string" time="0.014661">
        </testcase>
        <testcase classname="tests/features/report-studio/lib/pptx-generator.test.ts" name="buildPptx — slide 1 (title) &gt; uses the provided companyName when present" time="0.00649">
        </testcase>
        <testcase classname="tests/features/report-studio/lib/pptx-generator.test.ts" name="buildPptx — slide 1 (title) &gt; draws a placeholder badge (ellipse + &apos;TX&apos;) and no image when no logo bytes" time="0.0082883">
        </testcase>
        <testcase classname="tests/features/report-studio/lib/pptx-generator.test.ts" name="buildPptx — slide 1 (title) &gt; embeds a base64 data-URI logo image (and no placeholder) when logo bytes exist" time="0.0155393">
        </testcase>
        <testcase classname="tests/features/report-studio/lib/pptx-generator.test.ts" name="buildPptx — slide 1 (title) &gt; defaults the logo mime to image/png when logoMime is omitted" time="0.0102787">
        </testcase>
        <testcase classname="tests/features/report-studio/lib/pptx-generator.test.ts" name="buildPptx — slide 2 (executive summary KPIs) &gt; formats the four KPI values via fr-FR number/percent/amount formatting" time="0.0059742">
        </testcase>
        <testcase classname="tests/features/report-studio/lib/pptx-generator.test.ts" name="buildPptx — slide 2 (executive summary KPIs) &gt; labels all four KPI cards" time="0.0032357">
        </testcase>
        <testcase classname="tests/features/report-studio/lib/pptx-generator.test.ts" name="buildPptx — slide 2 (executive summary KPIs) &gt; uses the light card fill for clean-white and the dark fill otherwise" time="0.0058951">
        </testcase>
        <testcase classname="tests/features/report-studio/lib/pptx-generator.test.ts" name="buildPptx — slide 3 (channel table) &gt; emits a header row plus one row per channel (capped at 8)" time="0.0055642">
        </testcase>
        <testcase classname="tests/features/report-studio/lib/pptx-generator.test.ts" name="buildPptx — slide 3 (channel table) &gt; renders header labels Channel/Volume/Success Rate/Revenue" time="0.0039235">
        </testcase>
        <testcase classname="tests/features/report-studio/lib/pptx-generator.test.ts" name="buildPptx — slide 3 (channel table) &gt; color-codes each channel&apos;s success-rate cell by threshold (&gt;=95 green, &gt;=80 amber, else red)" time="0.0027049">
        </testcase>
        <testcase classname="tests/features/report-studio/lib/pptx-generator.test.ts" name="buildPptx — slide 3 (channel table) &gt; alternates row fill colors and formats volume/revenue via fr-FR" time="0.0027699">
        </testcase>
        <testcase classname="tests/features/report-studio/lib/pptx-generator.test.ts" name="buildPptx — slide 4 (success-rate bar chart) &gt; plots at most the first 6 channels with one-decimal success-rate values" time="0.0053183">
        </testcase>
        <testcase classname="tests/features/report-studio/lib/pptx-generator.test.ts" name="buildPptx — slide 4 (success-rate bar chart) &gt; colors each bar by the same success-rate threshold and caps the value axis at 100" time="0.0031027">
        </testcase>
        <testcase classname="tests/features/report-studio/lib/pptx-generator.test.ts" name="buildPptx — slide 5 (revenue pie chart) &gt; plots first-6 channel revenues rounded to 3 decimals" time="0.002336">
        </testcase>
        <testcase classname="tests/features/report-studio/lib/pptx-generator.test.ts" name="buildPptx — slide 6 (hourly distribution) &gt; embeds the rasterized chart PNG as a data-URI image when chartPng is provided" time="0.004071">
        </testcase>
        <testcase classname="tests/features/report-studio/lib/pptx-generator.test.ts" name="buildPptx — slide 6 (hourly distribution) &gt; ignores a zero-length chartPng and falls through to the native chart" time="0.0080094">
        </testcase>
        <testcase classname="tests/features/report-studio/lib/pptx-generator.test.ts" name="buildPptx — slide 6 (hourly distribution) &gt; treats a null chartPng as absent and renders the native chart" time="0.0029464">
        </testcase>
        <testcase classname="tests/features/report-studio/lib/pptx-generator.test.ts" name="buildPptx — slide 6 (hourly distribution) &gt; shows an empty-state message (and no chart/image) when there is no hourly data and no PNG" time="0.0033648">
        </testcase>
        <testcase classname="tests/features/report-studio/lib/pptx-generator.test.ts" name="buildPptx — slide 6 (hourly distribution) &gt; renders a two-series native line chart (counts + success rate) from the hourly series" time="0.0031117">
        </testcase>
        <testcase classname="tests/features/report-studio/lib/pptx-generator.test.ts" name="buildPptx — slide 7 (top performers) &gt; ranks the top 3 channels by descending success rate without mutating the input" time="0.0119479">
        </testcase>
        <testcase classname="tests/features/report-studio/lib/pptx-generator.test.ts" name="buildPptx — slide 7 (top performers) &gt; renders medal glyphs and volume/revenue detail lines for each ranked channel" time="0.0039892">
        </testcase>
        <testcase classname="tests/features/report-studio/lib/pptx-generator.test.ts" name="buildPptx — slide 8 (issues &amp; anomalies) &gt; shows the all-clear INFO message when there are no issues" time="0.0038204">
        </testcase>
        <testcase classname="tests/features/report-studio/lib/pptx-generator.test.ts" name="buildPptx — slide 8 (issues &amp; anomalies) &gt; flags a CRITICAL issue when overall success rate is below 90%" time="0.002983">
        </testcase>
        <testcase classname="tests/features/report-studio/lib/pptx-generator.test.ts" name="buildPptx — slide 8 (issues &amp; anomalies) &gt; flags a high-failure-rate WARNING when failed/total exceeds 10%" time="0.0023986">
        </testcase>
        <testcase classname="tests/features/report-studio/lib/pptx-generator.test.ts" name="buildPptx — slide 8 (issues &amp; anomalies) &gt; adds a per-channel WARNING for every channel below 80% success" time="0.0030719">
        </testcase>
        <testcase classname="tests/features/report-studio/lib/pptx-generator.test.ts" name="buildPptx — slide 8 (issues &amp; anomalies) &gt; caps the rendered issue list at 5 entries" time="0.0030804">
        </testcase>
        <testcase classname="tests/features/report-studio/lib/pptx-generator.test.ts" name="buildPptx — slide 9 (trends vs previous period) &gt; shows the no-comparison message when comparison is absent" time="0.0032929">
        </testcase>
        <testcase classname="tests/features/report-studio/lib/pptx-generator.test.ts" name="buildPptx — slide 9 (trends vs previous period) &gt; renders four comparison cards with up-arrow deltas for genuine increases" time="0.0066682">
        </testcase>
        <testcase classname="tests/features/report-studio/lib/pptx-generator.test.ts" name="buildPptx — slide 9 (trends vs previous period) &gt; colors a Failed-Tx decrease as good (green) and a transactions decrease as bad (red)" time="0.0129718">
        </testcase>
        <testcase classname="tests/features/report-studio/lib/pptx-generator.test.ts" name="buildPptx — slide 9 (trends vs previous period) &gt; formats percent metrics with fmtPct and count metrics with rounded fmtNum" time="0.0065885">
        </testcase>
        <testcase classname="tests/features/report-studio/lib/pptx-generator.test.ts" name="buildPptx — slide 10 (recommendations) &gt; uses AI narrative recommendations verbatim when present (capped at 6)" time="0.007561">
        </testcase>
        <testcase classname="tests/features/report-studio/lib/pptx-generator.test.ts" name="buildPptx — slide 10 (recommendations) &gt; falls back to heuristic recommendations when aiNarrative has an empty recommendations list" time="0.0177864">
        </testcase>
        <testcase classname="tests/features/report-studio/lib/pptx-generator.test.ts" name="buildPptx — slide 10 (recommendations) &gt; adds the low-channel remediation line listing every sub-90% channel" time="0.0119505">
        </testcase>
        <testcase classname="tests/features/report-studio/lib/pptx-generator.test.ts" name="buildPptx — slide 10 (recommendations) &gt; renders a generated/company footer on the final slide" time="0.0090535">
        </testcase>
        <testcase classname="tests/features/report-studio/lib/pptx-generator.test.ts" name="buildPptx — selectedChannels filtering &gt; restricts every channel-driven slide to the named subset (in source order)" time="0.0040247">
        </testcase>
        <testcase classname="tests/features/report-studio/lib/pptx-generator.test.ts" name="buildPptx — selectedChannels filtering &gt; uses the full channel list when selectedChannels is an empty array" time="0.0042192">
        </testcase>
        <testcase classname="tests/features/report-studio/lib/pptx-generator.test.ts" name="buildPptx — selectedChannels filtering &gt; yields an empty channel set when no names match (zero data rows, empty chart series)" time="0.0026209">
        </testcase>
        <testcase classname="tests/features/report-studio/lib/pptx-generator.test.ts" name="buildPptx — numeric edge cases &gt; does not throw and shows a 0.0% failure rate when totalTransactions is 0" time="0.0025559">
        </testcase>
        <testcase classname="tests/features/report-studio/lib/pptx-generator.test.ts" name="buildPptx — numeric edge cases &gt; handles negative revenue and zero values without throwing" time="0.0029252">
        </testcase>
        <testcase classname="tests/features/report-studio/lib/pptx-generator.test.ts" name="buildPptx — numeric edge cases &gt; renders Infinity deltas without throwing when a previous-period metric is zero" time="0.0048401">
        </testcase>
    </testsuite>
    <testsuite name="tests/features/report-studio/lib/sample-data.test.ts" timestamp="2026-06-25T18:28:25.950Z" hostname="Desktop" tests="31" failures="0" errors="0" skipped="0" time="0.0907522">
        <testcase classname="tests/features/report-studio/lib/sample-data.test.ts" name="buildSampleData — default date parameter &gt; uses today&apos;s date when no argument is passed" time="0.0076326">
        </testcase>
        <testcase classname="tests/features/report-studio/lib/sample-data.test.ts" name="buildSampleData — default date parameter &gt; returns a ReportData object with all required top-level fields" time="0.0013114">
        </testcase>
        <testcase classname="tests/features/report-studio/lib/sample-data.test.ts" name="buildSampleData — explicit date parameter &gt; uses the provided date string as the date field" time="0.0023031">
        </testcase>
        <testcase classname="tests/features/report-studio/lib/sample-data.test.ts" name="buildSampleData — explicit date parameter &gt; accepts an arbitrary date string without validation" time="0.0005901">
        </testcase>
        <testcase classname="tests/features/report-studio/lib/sample-data.test.ts" name="buildSampleData — explicit date parameter &gt; accepts an empty string as the date" time="0.0013203">
        </testcase>
        <testcase classname="tests/features/report-studio/lib/sample-data.test.ts" name="buildSampleData — fixed numeric fields &gt; returns the hardcoded totalTransactions value" time="0.0011235">
        </testcase>
        <testcase classname="tests/features/report-studio/lib/sample-data.test.ts" name="buildSampleData — fixed numeric fields &gt; returns the hardcoded successRate" time="0.0014382">
        </testcase>
        <testcase classname="tests/features/report-studio/lib/sample-data.test.ts" name="buildSampleData — fixed numeric fields &gt; returns the hardcoded totalRevenue" time="0.0006284">
        </testcase>
        <testcase classname="tests/features/report-studio/lib/sample-data.test.ts" name="buildSampleData — fixed numeric fields &gt; returns the hardcoded failedTransactions count" time="0.0005965">
        </testcase>
        <testcase classname="tests/features/report-studio/lib/sample-data.test.ts" name="buildSampleData — fixed numeric fields &gt; returns the hardcoded companyName" time="0.000434">
        </testcase>
        <testcase classname="tests/features/report-studio/lib/sample-data.test.ts" name="buildSampleData — topChannels array &gt; returns exactly 8 top channels" time="0.0026574">
        </testcase>
        <testcase classname="tests/features/report-studio/lib/sample-data.test.ts" name="buildSampleData — topChannels array &gt; each channel has name, volume, successRate, and revenue fields" time="0.0048904">
        </testcase>
        <testcase classname="tests/features/report-studio/lib/sample-data.test.ts" name="buildSampleData — topChannels array &gt; first channel is Bill Payment with correct values" time="0.0111769">
        </testcase>
        <testcase classname="tests/features/report-studio/lib/sample-data.test.ts" name="buildSampleData — topChannels array &gt; last channel is Voice Mobile Voucher with correct values" time="0.0019439">
        </testcase>
        <testcase classname="tests/features/report-studio/lib/sample-data.test.ts" name="buildSampleData — topChannels array &gt; all channel names are non-empty strings" time="0.0009937">
        </testcase>
        <testcase classname="tests/features/report-studio/lib/sample-data.test.ts" name="buildSampleData — hourlyData (buildHourly) &gt; returns exactly 24 hourly entries" time="0.001352">
        </testcase>
        <testcase classname="tests/features/report-studio/lib/sample-data.test.ts" name="buildSampleData — hourlyData (buildHourly) &gt; each hourly entry has hour, count, and successRate fields" time="0.0053196">
        </testcase>
        <testcase classname="tests/features/report-studio/lib/sample-data.test.ts" name="buildSampleData — hourlyData (buildHourly) &gt; hour values run sequentially from 0 to 23" time="0.0011389">
        </testcase>
        <testcase classname="tests/features/report-studio/lib/sample-data.test.ts" name="buildSampleData — hourlyData (buildHourly) &gt; all count values are finite numbers (not NaN, not Infinity)" time="0.0023832">
        </testcase>
        <testcase classname="tests/features/report-studio/lib/sample-data.test.ts" name="buildSampleData — hourlyData (buildHourly) &gt; all successRate values are finite numbers in a plausible range" time="0.0059062">
        </testcase>
        <testcase classname="tests/features/report-studio/lib/sample-data.test.ts" name="buildSampleData — hourlyData (buildHourly) &gt; produces identical output on repeated calls (deterministic / seeded)" time="0.0015164">
        </testcase>
        <testcase classname="tests/features/report-studio/lib/sample-data.test.ts" name="buildSampleData — hourlyData (buildHourly) &gt; hour 0 count is rounded (integer value)" time="0.000383">
        </testcase>
        <testcase classname="tests/features/report-studio/lib/sample-data.test.ts" name="buildSampleData — hourlyData (buildHourly) &gt; all count values are integers (Math.round applied)" time="0.0042377">
        </testcase>
        <testcase classname="tests/features/report-studio/lib/sample-data.test.ts" name="SAMPLE_DATA module-level singleton &gt; is a valid ReportData object" time="0.0007684">
        </testcase>
        <testcase classname="tests/features/report-studio/lib/sample-data.test.ts" name="SAMPLE_DATA module-level singleton &gt; has the same fixed numeric fields as buildSampleData()" time="0.0023922">
        </testcase>
        <testcase classname="tests/features/report-studio/lib/sample-data.test.ts" name="SAMPLE_DATA module-level singleton &gt; has 8 top channels and 24 hourly entries" time="0.0008002">
        </testcase>
        <testcase classname="tests/features/report-studio/lib/sample-data.test.ts" name="SAMPLE_DATA module-level singleton &gt; has hourlyData that equals what buildSampleData() produces for the same date" time="0.0009575">
        </testcase>
        <testcase classname="tests/features/report-studio/lib/sample-data.test.ts" name="SAMPLE_DATA module-level singleton &gt; date field matches the current day when the module was loaded" time="0.0035633">
        </testcase>
        <testcase classname="tests/features/report-studio/lib/sample-data.test.ts" name="buildSampleData — return value independence &gt; returns a new object on each call (not a shared reference)" time="0.0033438">
        </testcase>
        <testcase classname="tests/features/report-studio/lib/sample-data.test.ts" name="buildSampleData — return value independence &gt; topChannels arrays are distinct objects across calls" time="0.001023">
        </testcase>
        <testcase classname="tests/features/report-studio/lib/sample-data.test.ts" name="buildSampleData — return value independence &gt; hourlyData arrays are distinct objects across calls" time="0.0015377">
        </testcase>
    </testsuite>
    <testsuite name="tests/features/report-studio/lib/xlsx-generator.test.ts" timestamp="2026-06-25T18:28:25.954Z" hostname="Desktop" tests="48" failures="0" errors="0" skipped="0" time="4.3084039">
        <testcase classname="tests/features/report-studio/lib/xlsx-generator.test.ts" name="buildXlsx — output contract &gt; returns a buffer-like with non-zero byteLength" time="1.5483064">
        </testcase>
        <testcase classname="tests/features/report-studio/lib/xlsx-generator.test.ts" name="buildXlsx — output contract &gt; produces a valid ZIP (starts with PK\x03\x04 local-file magic)" time="0.0682616">
        </testcase>
        <testcase classname="tests/features/report-studio/lib/xlsx-generator.test.ts" name="buildXlsx — output contract &gt; includes xl/workbook.xml and the workbook relationships part" time="0.0577191">
        </testcase>
        <testcase classname="tests/features/report-studio/lib/xlsx-generator.test.ts" name="buildXlsx — output contract &gt; always produces at least the Summary and Channels sheets" time="0.0456053">
        </testcase>
        <testcase classname="tests/features/report-studio/lib/xlsx-generator.test.ts" name="buildXlsx — workbook creator / metadata &gt; sets wb.creator to the provided companyName" time="0.0889832">
        </testcase>
        <testcase classname="tests/features/report-studio/lib/xlsx-generator.test.ts" name="buildXlsx — workbook creator / metadata &gt; falls back to &apos;Telecom Analytics&apos; as creator when companyName is absent" time="0.0421852">
        </testcase>
        <testcase classname="tests/features/report-studio/lib/xlsx-generator.test.ts" name="buildXlsx — workbook creator / metadata &gt; falls back to &apos;Telecom Analytics&apos; when companyName is an empty string" time="0.0809075">
        </testcase>
        <testcase classname="tests/features/report-studio/lib/xlsx-generator.test.ts" name="buildXlsx — Summary sheet &gt; includes all five expected header strings in the workbook" time="0.0556488">
        </testcase>
        <testcase classname="tests/features/report-studio/lib/xlsx-generator.test.ts" name="buildXlsx — Summary sheet &gt; includes the report date in shared strings" time="0.0488159">
        </testcase>
        <testcase classname="tests/features/report-studio/lib/xlsx-generator.test.ts" name="buildXlsx — Summary sheet &gt; includes the metric label strings" time="0.0514543">
        </testcase>
        <testcase classname="tests/features/report-studio/lib/xlsx-generator.test.ts" name="buildXlsx — Summary sheet &gt; rounds totalTransactions to an integer via Math.round" time="0.0546346">
        </testcase>
        <testcase classname="tests/features/report-studio/lib/xlsx-generator.test.ts" name="buildXlsx — Summary sheet &gt; rounds failedTransactions via Math.round" time="0.0595299">
        </testcase>
        <testcase classname="tests/features/report-studio/lib/xlsx-generator.test.ts" name="buildXlsx — Summary sheet &gt; truncates successRate to 2 decimal places" time="0.063426">
        </testcase>
        <testcase classname="tests/features/report-studio/lib/xlsx-generator.test.ts" name="buildXlsx — Summary sheet &gt; truncates totalRevenue to 3 decimal places" time="0.0561569">
        </testcase>
        <testcase classname="tests/features/report-studio/lib/xlsx-generator.test.ts" name="buildXlsx — Channels sheet &gt; includes Channel, Volume, Success %, and Revenue column headers" time="0.0887266">
        </testcase>
        <testcase classname="tests/features/report-studio/lib/xlsx-generator.test.ts" name="buildXlsx — Channels sheet &gt; includes channel names in shared strings" time="0.0816139">
        </testcase>
        <testcase classname="tests/features/report-studio/lib/xlsx-generator.test.ts" name="buildXlsx — Channels sheet &gt; rounds channel volume via Math.round" time="0.0410563">
        </testcase>
        <testcase classname="tests/features/report-studio/lib/xlsx-generator.test.ts" name="buildXlsx — Channels sheet &gt; truncates channel successRate to 2 decimal places" time="0.0370271">
        </testcase>
        <testcase classname="tests/features/report-studio/lib/xlsx-generator.test.ts" name="buildXlsx — Channels sheet &gt; truncates channel revenue to 3 decimal places" time="0.0523805">
        </testcase>
        <testcase classname="tests/features/report-studio/lib/xlsx-generator.test.ts" name="buildXlsx — Channels sheet &gt; writes all channels (no artificial cap)" time="0.0568079">
        </testcase>
        <testcase classname="tests/features/report-studio/lib/xlsx-generator.test.ts" name="buildXlsx — Channels sheet &gt; handles an empty topChannels array without throwing" time="0.0377919">
        </testcase>
        <testcase classname="tests/features/report-studio/lib/xlsx-generator.test.ts" name="buildXlsx — Hourly sheet (conditional) &gt; includes the Hourly sheet when hourlyData has entries" time="0.0541049">
        </testcase>
        <testcase classname="tests/features/report-studio/lib/xlsx-generator.test.ts" name="buildXlsx — Hourly sheet (conditional) &gt; omits the Hourly sheet when hourlyData is empty" time="0.0550613">
        </testcase>
        <testcase classname="tests/features/report-studio/lib/xlsx-generator.test.ts" name="buildXlsx — Hourly sheet (conditional) &gt; includes Hour, Volume, and Success % column headers when Hourly sheet is present" time="0.081751">
        </testcase>
        <testcase classname="tests/features/report-studio/lib/xlsx-generator.test.ts" name="buildXlsx — Hourly sheet (conditional) &gt; formats the hour label as &apos;H:00&apos; (e.g. &apos;9:00&apos;)" time="0.0507917">
        </testcase>
        <testcase classname="tests/features/report-studio/lib/xlsx-generator.test.ts" name="buildXlsx — Hourly sheet (conditional) &gt; formats a double-digit hour label as &apos;HH:00&apos; (e.g. &apos;14:00&apos;)" time="0.0643996">
        </testcase>
        <testcase classname="tests/features/report-studio/lib/xlsx-generator.test.ts" name="buildXlsx — Hourly sheet (conditional) &gt; rounds hourly count via Math.round" time="0.0601734">
        </testcase>
        <testcase classname="tests/features/report-studio/lib/xlsx-generator.test.ts" name="buildXlsx — Hourly sheet (conditional) &gt; truncates hourly successRate to 2 decimal places" time="0.0523998">
        </testcase>
        <testcase classname="tests/features/report-studio/lib/xlsx-generator.test.ts" name="buildXlsx — Hourly sheet (conditional) &gt; writes all hourly rows when multiple hours are provided" time="0.0516888">
        </testcase>
        <testcase classname="tests/features/report-studio/lib/xlsx-generator.test.ts" name="buildXlsx — Anomalies sheet (conditional) &gt; omits the Anomalies sheet when anomalies is undefined" time="0.0469522">
        </testcase>
        <testcase classname="tests/features/report-studio/lib/xlsx-generator.test.ts" name="buildXlsx — Anomalies sheet (conditional) &gt; omits the Anomalies sheet when anomalies is an empty array" time="0.0967877">
        </testcase>
        <testcase classname="tests/features/report-studio/lib/xlsx-generator.test.ts" name="buildXlsx — Anomalies sheet (conditional) &gt; includes the Anomalies sheet when anomalies has entries (no hourlyData)" time="0.0540611">
        </testcase>
        <testcase classname="tests/features/report-studio/lib/xlsx-generator.test.ts" name="buildXlsx — Anomalies sheet (conditional) &gt; includes the Anomalies sheet as sheet 4 when hourlyData is also present" time="0.0405345">
        </testcase>
        <testcase classname="tests/features/report-studio/lib/xlsx-generator.test.ts" name="buildXlsx — Anomalies sheet (conditional) &gt; includes Hour, Volume, Success %, and GESD Score column headers" time="0.0529781">
        </testcase>
        <testcase classname="tests/features/report-studio/lib/xlsx-generator.test.ts" name="buildXlsx — Anomalies sheet (conditional) &gt; formats the anomaly hour label as &apos;H:00&apos;" time="0.054517">
        </testcase>
        <testcase classname="tests/features/report-studio/lib/xlsx-generator.test.ts" name="buildXlsx — Anomalies sheet (conditional) &gt; rounds anomaly count via Math.round" time="0.0444505">
        </testcase>
        <testcase classname="tests/features/report-studio/lib/xlsx-generator.test.ts" name="buildXlsx — Anomalies sheet (conditional) &gt; truncates anomaly successRate to 2 decimal places" time="0.0472679">
        </testcase>
        <testcase classname="tests/features/report-studio/lib/xlsx-generator.test.ts" name="buildXlsx — Anomalies sheet (conditional) &gt; truncates anomaly score to 3 decimal places" time="0.0529326">
        </testcase>
        <testcase classname="tests/features/report-studio/lib/xlsx-generator.test.ts" name="buildXlsx — Anomalies sheet (conditional) &gt; writes all anomaly rows when multiple anomalies are provided" time="0.0648012">
        </testcase>
        <testcase classname="tests/features/report-studio/lib/xlsx-generator.test.ts" name="buildXlsx — header styling &gt; applies the blue header fill color (FF003087) to Summary sheet row 1" time="0.060791">
        </testcase>
        <testcase classname="tests/features/report-studio/lib/xlsx-generator.test.ts" name="buildXlsx — edge cases &gt; handles all-zero metrics without throwing" time="0.0564435">
        </testcase>
        <testcase classname="tests/features/report-studio/lib/xlsx-generator.test.ts" name="buildXlsx — edge cases &gt; handles large transaction counts without truncation" time="0.0888731">
        </testcase>
        <testcase classname="tests/features/report-studio/lib/xlsx-generator.test.ts" name="buildXlsx — edge cases &gt; handles negative revenue without throwing" time="0.0452589">
        </testcase>
        <testcase classname="tests/features/report-studio/lib/xlsx-generator.test.ts" name="buildXlsx — edge cases &gt; handles unicode / RTL characters in channel names" time="0.0469341">
        </testcase>
        <testcase classname="tests/features/report-studio/lib/xlsx-generator.test.ts" name="buildXlsx — edge cases &gt; handles a channel name with XML-special characters" time="0.0450374">
        </testcase>
        <testcase classname="tests/features/report-studio/lib/xlsx-generator.test.ts" name="buildXlsx — edge cases &gt; does not throw when anomalies have score of 0" time="0.0916732">
        </testcase>
        <testcase classname="tests/features/report-studio/lib/xlsx-generator.test.ts" name="buildXlsx — edge cases &gt; does not throw when hourlyData has hour 0 (midnight)" time="0.0504667">
        </testcase>
        <testcase classname="tests/features/report-studio/lib/xlsx-generator.test.ts" name="buildXlsx — edge cases &gt; always produces Summary and Channels even with full optional data present" time="0.0619392">
        </testcase>
    </testsuite>
    <testsuite name="tests/features/telecom/hooks/use-shared-overview.test.ts" timestamp="2026-06-25T18:28:25.959Z" hostname="Desktop" tests="24" failures="0" errors="0" skipped="0" time="0.3571318">
        <testcase classname="tests/features/telecom/hooks/use-shared-overview.test.ts" name="useSharedOverview — return shape &gt; returns { remoteOverview: null } when no snapshot is in the shared map" time="0.0698199">
        </testcase>
        <testcase classname="tests/features/telecom/hooks/use-shared-overview.test.ts" name="useSharedOverview — return shape &gt; exposes only the remoteOverview key" time="0.0179664">
        </testcase>
        <testcase classname="tests/features/telecom/hooks/use-shared-overview.test.ts" name="useSharedOverview — collab lifecycle &gt; starts collab sync and registers an observer after mount" time="0.0138997">
        </testcase>
        <testcase classname="tests/features/telecom/hooks/use-shared-overview.test.ts" name="useSharedOverview — collab lifecycle &gt; calls the cleanup and unobserves on unmount" time="0.0162157">
        </testcase>
        <testcase classname="tests/features/telecom/hooks/use-shared-overview.test.ts" name="useSharedOverview — collab lifecycle &gt; reads an existing snapshot immediately on mount (initial observe call)" time="0.0184602">
        </testcase>
        <testcase classname="tests/features/telecom/hooks/use-shared-overview.test.ts" name="useSharedOverview — remote snapshot ingestion &gt; sets remoteOverview when a valid snapshot from another peer is observed" time="0.0109798">
        </testcase>
        <testcase classname="tests/features/telecom/hooks/use-shared-overview.test.ts" name="useSharedOverview — remote snapshot ingestion &gt; ignores a snapshot whose presenterId matches our own peer id" time="0.0068179">
        </testcase>
        <testcase classname="tests/features/telecom/hooks/use-shared-overview.test.ts" name="useSharedOverview — remote snapshot ingestion &gt; ignores a snapshot with version !== 1" time="0.0054489">
        </testcase>
        <testcase classname="tests/features/telecom/hooks/use-shared-overview.test.ts" name="useSharedOverview — remote snapshot ingestion &gt; ignores a snapshot with missing kpi field" time="0.0069334">
        </testcase>
        <testcase classname="tests/features/telecom/hooks/use-shared-overview.test.ts" name="useSharedOverview — remote snapshot ingestion &gt; ignores invalid JSON in the shared map" time="0.0102813">
        </testcase>
        <testcase classname="tests/features/telecom/hooks/use-shared-overview.test.ts" name="useSharedOverview — remote snapshot ingestion &gt; ignores an undefined/empty shared map value" time="0.011595">
        </testcase>
        <testcase classname="tests/features/telecom/hooks/use-shared-overview.test.ts" name="useSharedOverview — remote snapshot ingestion &gt; updates remoteOverview when the snapshot changes (second emit)" time="0.0054495">
        </testcase>
        <testcase classname="tests/features/telecom/hooks/use-shared-overview.test.ts" name="useSharedOverview — rehydrateCanals (icon injection) &gt; injects the icon from CANAL_CONFIG for a known canal key" time="0.0043658">
        </testcase>
        <testcase classname="tests/features/telecom/hooks/use-shared-overview.test.ts" name="useSharedOverview — rehydrateCanals (icon injection) &gt; falls back to bill_payment icon for an unknown canal key" time="0.0046374">
        </testcase>
        <testcase classname="tests/features/telecom/hooks/use-shared-overview.test.ts" name="useSharedOverview — rehydrateCanals (icon injection) &gt; preserves all other canal fields when rehydrating (spread keeps original data)" time="0.0088278">
        </testcase>
        <testcase classname="tests/features/telecom/hooks/use-shared-overview.test.ts" name="useSharedOverview — local snapshot publishing &gt; publishes a snapshot to the shared map when enabled=true and kpi is set" time="0.0250033">
        </testcase>
        <testcase classname="tests/features/telecom/hooks/use-shared-overview.test.ts" name="useSharedOverview — local snapshot publishing &gt; strips icon from canals before publishing (icon is not serializable)" time="0.0040232">
        </testcase>
        <testcase classname="tests/features/telecom/hooks/use-shared-overview.test.ts" name="useSharedOverview — local snapshot publishing &gt; does NOT publish a snapshot when enabled=false" time="0.0055715">
        </testcase>
        <testcase classname="tests/features/telecom/hooks/use-shared-overview.test.ts" name="useSharedOverview — local snapshot publishing &gt; does NOT publish a snapshot when kpi is null" time="0.0091304">
        </testcase>
        <testcase classname="tests/features/telecom/hooks/use-shared-overview.test.ts" name="useSharedOverview — local snapshot publishing &gt; includes updatedAt as a number in the snapshot" time="0.0113255">
        </testcase>
        <testcase classname="tests/features/telecom/hooks/use-shared-overview.test.ts" name="useSharedOverview — local snapshot publishing &gt; includes forecast, hourly, and statusData in the published snapshot" time="0.0109754">
        </testcase>
        <testcase classname="tests/features/telecom/hooks/use-shared-overview.test.ts" name="useSharedOverview — effect dependency tracking &gt; re-publishes when fileName changes" time="0.0055118">
        </testcase>
        <testcase classname="tests/features/telecom/hooks/use-shared-overview.test.ts" name="useSharedOverview — effect dependency tracking &gt; re-runs sync setup when enabled changes from false to true" time="0.0130551">
        </testcase>
        <testcase classname="tests/features/telecom/hooks/use-shared-overview.test.ts" name="useSharedOverview — import failure graceful degradation &gt; does not throw when the collab module import fails" time="0.0371888">
        </testcase>
    </testsuite>
    <testsuite name="tests/features/telecom/hooks/use-telecom-analytics.test.ts" timestamp="2026-06-25T18:28:25.962Z" hostname="Desktop" tests="44" failures="0" errors="0" skipped="0" time="2.8906757">
        <testcase classname="tests/features/telecom/hooks/use-telecom-analytics.test.ts" name="useTelecomAnalytics — return shape &gt; exposes all documented fields on first render" time="0.0479121">
        </testcase>
        <testcase classname="tests/features/telecom/hooks/use-telecom-analytics.test.ts" name="useTelecomAnalytics — return shape &gt; starts with empty arrays and null kpi when not loaded" time="0.0053833">
        </testcase>
        <testcase classname="tests/features/telecom/hooks/use-telecom-analytics.test.ts" name="useTelecomAnalytics — query disabled guard &gt; does NOT fire any query when loaded=false" time="0.0101874">
        </testcase>
        <testcase classname="tests/features/telecom/hooks/use-telecom-analytics.test.ts" name="useTelecomAnalytics — query disabled guard &gt; does NOT fire any query when tableName is empty" time="0.0143395">
        </testcase>
        <testcase classname="tests/features/telecom/hooks/use-telecom-analytics.test.ts" name="useTelecomAnalytics — table existence check &gt; returns EMPTY_ANALYTICS when the table does not exist (check returns empty array)" time="0.0141405">
        </testcase>
        <testcase classname="tests/features/telecom/hooks/use-telecom-analytics.test.ts" name="useTelecomAnalytics — table existence check &gt; returns EMPTY_ANALYTICS when the table check throws" time="0.0050392">
        </testcase>
        <testcase classname="tests/features/telecom/hooks/use-telecom-analytics.test.ts" name="useTelecomAnalytics — table existence check &gt; proceeds to fetch analytics when the table check row is present" time="0.0749889">
        </testcase>
        <testcase classname="tests/features/telecom/hooks/use-telecom-analytics.test.ts" name="useTelecomAnalytics — happy path analytics &gt; populates kpi from fetchKPI result" time="0.0783231">
        </testcase>
        <testcase classname="tests/features/telecom/hooks/use-telecom-analytics.test.ts" name="useTelecomAnalytics — happy path analytics &gt; populates hourly from fetchHourly result" time="0.0810585">
        </testcase>
        <testcase classname="tests/features/telecom/hooks/use-telecom-analytics.test.ts" name="useTelecomAnalytics — happy path analytics &gt; populates statusData from fetchStatusBreakdown result" time="0.0793472">
        </testcase>
        <testcase classname="tests/features/telecom/hooks/use-telecom-analytics.test.ts" name="useTelecomAnalytics — happy path analytics &gt; populates operators from fetchOperators result" time="0.078255">
        </testcase>
        <testcase classname="tests/features/telecom/hooks/use-telecom-analytics.test.ts" name="useTelecomAnalytics — happy path analytics &gt; populates regions from fetchRegions result" time="0.0792536">
        </testcase>
        <testcase classname="tests/features/telecom/hooks/use-telecom-analytics.test.ts" name="useTelecomAnalytics — happy path analytics &gt; populates forecast from forecastNextHours" time="0.078908">
        </testcase>
        <testcase classname="tests/features/telecom/hooks/use-telecom-analytics.test.ts" name="useTelecomAnalytics — happy path analytics &gt; calls enrichCanalSummaries with the raw canal summaries" time="0.0689185">
        </testcase>
        <testcase classname="tests/features/telecom/hooks/use-telecom-analytics.test.ts" name="useTelecomAnalytics — happy path analytics &gt; calls broadcast with ANALYTICS_READY after analytics complete" time="0.0740134">
        </testcase>
        <testcase classname="tests/features/telecom/hooks/use-telecom-analytics.test.ts" name="useTelecomAnalytics — happy path analytics &gt; calls broadcast with successRate=0 and totalTx=0 when kpiResult is null" time="0.0779837">
        </testcase>
        <testcase classname="tests/features/telecom/hooks/use-telecom-analytics.test.ts" name="useTelecomAnalytics — firstLoad gate &gt; fetches distinct statuses on first load and flips firstLoad to false" time="0.0792953">
        </testcase>
        <testcase classname="tests/features/telecom/hooks/use-telecom-analytics.test.ts" name="useTelecomAnalytics — firstLoad gate &gt; does NOT fetch distinct statuses when firstLoad is already false" time="0.0800395">
        </testcase>
        <testcase classname="tests/features/telecom/hooks/use-telecom-analytics.test.ts" name="useTelecomAnalytics — firstLoad gate &gt; calls onStatusMappingAdditions with new codes not already in statusMapping" time="0.0783735">
        </testcase>
        <testcase classname="tests/features/telecom/hooks/use-telecom-analytics.test.ts" name="useTelecomAnalytics — firstLoad gate &gt; does NOT call onStatusMappingAdditions when all codes are already known" time="0.0793293">
        </testcase>
        <testcase classname="tests/features/telecom/hooks/use-telecom-analytics.test.ts" name="useTelecomAnalytics — firstLoad gate &gt; uses STATUS_AUTO_SEMANTIC_BY_CODE lookup when auto-classifying a new code" time="0.0796208">
        </testcase>
        <testcase classname="tests/features/telecom/hooks/use-telecom-analytics.test.ts" name="useTelecomAnalytics — firstLoad gate &gt; correctly classifies a known auto-semantic code (e.g. PST → success)" time="0.0788865">
        </testcase>
        <testcase classname="tests/features/telecom/hooks/use-telecom-analytics.test.ts" name="useTelecomAnalytics — inner-catch fallback &gt; returns EMPTY_ANALYTICS when fetchKPI throws" time="0.0788039">
        </testcase>
        <testcase classname="tests/features/telecom/hooks/use-telecom-analytics.test.ts" name="useTelecomAnalytics — inner-catch fallback &gt; logs a console.error when the inner block throws" time="0.0789831">
        </testcase>
        <testcase classname="tests/features/telecom/hooks/use-telecom-analytics.test.ts" name="useTelecomAnalytics — Notification API branch &gt; fires a desktop Notification when document is hidden and permission is granted" time="0.0805055">
        </testcase>
        <testcase classname="tests/features/telecom/hooks/use-telecom-analytics.test.ts" name="useTelecomAnalytics — Notification API branch &gt; does NOT fire Notification when document is visible" time="0.0766256">
        </testcase>
        <testcase classname="tests/features/telecom/hooks/use-telecom-analytics.test.ts" name="useTelecomAnalytics — Notification API branch &gt; does NOT fire Notification when permission is not granted" time="0.0802416">
        </testcase>
        <testcase classname="tests/features/telecom/hooks/use-telecom-analytics.test.ts" name="useTelecomAnalytics — Notification API branch &gt; does NOT fire Notification when kpiResult is null (no kpi)" time="0.0793172">
        </testcase>
        <testcase classname="tests/features/telecom/hooks/use-telecom-analytics.test.ts" name="useTelecomAnalytics — Notification API branch &gt; swallows Notification constructor errors (degrade silently)" time="0.0722265">
            <system-err>
[vitest] The vi.fn() mock did not use &apos;function&apos; or &apos;class&apos; in its implementation, see https://vitest.dev/api/vi#vi-spyon for examples.

            </system-err>
        </testcase>
        <testcase classname="tests/features/telecom/hooks/use-telecom-analytics.test.ts" name="useTelecomAnalytics — patchAnalytics setters &gt; setKpi updates kpi in the query cache" time="0.0810399">
        </testcase>
        <testcase classname="tests/features/telecom/hooks/use-telecom-analytics.test.ts" name="useTelecomAnalytics — patchAnalytics setters &gt; setCanals updates canals in the query cache" time="0.0777035">
        </testcase>
        <testcase classname="tests/features/telecom/hooks/use-telecom-analytics.test.ts" name="useTelecomAnalytics — patchAnalytics setters &gt; setHourly updates hourly in the query cache" time="0.0774818">
        </testcase>
        <testcase classname="tests/features/telecom/hooks/use-telecom-analytics.test.ts" name="useTelecomAnalytics — patchAnalytics setters &gt; setStatusData updates statusData in the query cache" time="0.080029">
        </testcase>
        <testcase classname="tests/features/telecom/hooks/use-telecom-analytics.test.ts" name="useTelecomAnalytics — patchAnalytics setters &gt; setOperators updates operators in the query cache" time="0.0795739">
        </testcase>
        <testcase classname="tests/features/telecom/hooks/use-telecom-analytics.test.ts" name="useTelecomAnalytics — patchAnalytics setters &gt; setRegions updates regions in the query cache" time="0.0782611">
        </testcase>
        <testcase classname="tests/features/telecom/hooks/use-telecom-analytics.test.ts" name="useTelecomAnalytics — patchAnalytics setters &gt; setRawStatuses updates rawStatuses in the query cache" time="0.0801536">
        </testcase>
        <testcase classname="tests/features/telecom/hooks/use-telecom-analytics.test.ts" name="useTelecomAnalytics — patchAnalytics setters &gt; multiple setters accumulate correctly (each patch merges with previous)" time="0.0148348">
        </testcase>
        <testcase classname="tests/features/telecom/hooks/use-telecom-analytics.test.ts" name="useTelecomAnalytics — refresh &gt; refresh calls refetch and returns a promise" time="0.0806787">
        </testcase>
        <testcase classname="tests/features/telecom/hooks/use-telecom-analytics.test.ts" name="useTelecomAnalytics — refresh &gt; refresh is a stable function reference (useCallback)" time="0.0068068">
        </testcase>
        <testcase classname="tests/features/telecom/hooks/use-telecom-analytics.test.ts" name="useTelecomAnalytics — runAnalytics &gt; runAnalytics triggers computeAnalytics with a fresh cache key (different mapping)" time="0.0865134">
        </testcase>
        <testcase classname="tests/features/telecom/hooks/use-telecom-analytics.test.ts" name="useTelecomAnalytics — runAnalytics &gt; runAnalytics returns without throwing when the table does not exist" time="0.0054892">
        </testcase>
        <testcase classname="tests/features/telecom/hooks/use-telecom-analytics.test.ts" name="useTelecomAnalytics — runAnalytics &gt; runAnalytics is callable without needing the query to be enabled" time="0.0052604">
        </testcase>
        <testcase classname="tests/features/telecom/hooks/use-telecom-analytics.test.ts" name="useTelecomAnalytics — rawStatuses cache preservation &gt; preserves existing rawStatuses from the cache when firstLoad is false" time="0.0816001">
        </testcase>
        <testcase classname="tests/features/telecom/hooks/use-telecom-analytics.test.ts" name="useTelecomAnalytics — query key composition &gt; different tableName produces a different cache entry" time="0.1562807">
        </testcase>
    </testsuite>
    <testsuite name="tests/features/telecom/hooks/use-telecom-ui.test.ts" timestamp="2026-06-25T18:28:25.966Z" hostname="Desktop" tests="5" failures="0" errors="0" skipped="0" time="0.1633595">
        <testcase classname="tests/features/telecom/hooks/use-telecom-ui.test.ts" name="useTelecomUI — readPersistedUiState localStorage undefined guard &gt; returns empty persisted state and still mounts when localStorage is undefined" time="0.077943">
        </testcase>
        <testcase classname="tests/features/telecom/hooks/use-telecom-ui.test.ts" name="useTelecomUI — readPersistedUiState localStorage undefined guard &gt; setMapping does not throw when localStorage is undefined during writePersistedUiState" time="0.0129672">
        </testcase>
        <testcase classname="tests/features/telecom/hooks/use-telecom-ui.test.ts" name="useTelecomUI — writePersistedUiState localStorage undefined guard &gt; statusMapping change does not throw when localStorage is undefined" time="0.0205154">
        </testcase>
        <testcase classname="tests/features/telecom/hooks/use-telecom-ui.test.ts" name="useTelecomUI — writePersistedUiState setItem throw catch branch &gt; silently swallows a localStorage.setItem error during mapping sync" time="0.0132473">
        </testcase>
        <testcase classname="tests/features/telecom/hooks/use-telecom-ui.test.ts" name="useTelecomUI — writePersistedUiState setItem throw catch branch &gt; silently swallows a localStorage.setItem error during statusMapping sync" time="0.0223319">
        </testcase>
    </testsuite>
    <testsuite name="tests/features/telecom/hooks/use-telecom-ui.test.tsx" timestamp="2026-06-25T18:28:25.967Z" hostname="Desktop" tests="38" failures="0" errors="0" skipped="0" time="0.6614024">
        <testcase classname="tests/features/telecom/hooks/use-telecom-ui.test.tsx" name="useTelecomUI — initial state &gt; exposes every documented field with correct initial values" time="0.0900705">
        </testcase>
        <testcase classname="tests/features/telecom/hooks/use-telecom-ui.test.tsx" name="useTelecomUI — initial state &gt; normalizes the provided defaultMapping into the initial mapping" time="0.0234072">
        </testcase>
        <testcase classname="tests/features/telecom/hooks/use-telecom-ui.test.tsx" name="useTelecomUI — initial state &gt; seeds statusMapping from DEFAULT_STATUS_MAPPINGS as a fresh copy" time="0.0222149">
        </testcase>
        <testcase classname="tests/features/telecom/hooks/use-telecom-ui.test.tsx" name="useTelecomUI — mount hydration &gt; hydrates mapping from persisted localStorage state over the default" time="0.0056268">
        </testcase>
        <testcase classname="tests/features/telecom/hooks/use-telecom-ui.test.tsx" name="useTelecomUI — mount hydration &gt; falls back to defaultMapping when no persisted columnMapping exists" time="0.0131275">
        </testcase>
        <testcase classname="tests/features/telecom/hooks/use-telecom-ui.test.tsx" name="useTelecomUI — mount hydration &gt; hydrates statusMapping when the persisted array is non-empty" time="0.0057163">
        </testcase>
        <testcase classname="tests/features/telecom/hooks/use-telecom-ui.test.tsx" name="useTelecomUI — mount hydration &gt; keeps the DEFAULT_STATUS_MAPPINGS when the persisted statusMapping is an empty array" time="0.0050258">
        </testcase>
        <testcase classname="tests/features/telecom/hooks/use-telecom-ui.test.tsx" name="useTelecomUI — mount hydration &gt; ignores corrupt JSON in localStorage and uses defaults" time="0.0052027">
        </testcase>
        <testcase classname="tests/features/telecom/hooks/use-telecom-ui.test.tsx" name="useTelecomUI — mount hydration &gt; treats a payload with no `state` wrapper as empty persisted state" time="0.0083972">
        </testcase>
        <testcase classname="tests/features/telecom/hooks/use-telecom-ui.test.tsx" name="useTelecomUI — persistence + store sync &gt; writes the normalized mapping to localStorage and the store on mount" time="0.0102179">
        </testcase>
        <testcase classname="tests/features/telecom/hooks/use-telecom-ui.test.tsx" name="useTelecomUI — persistence + store sync &gt; pushes statusMapping to localStorage and the store on mount" time="0.0309662">
        </testcase>
        <testcase classname="tests/features/telecom/hooks/use-telecom-ui.test.tsx" name="useTelecomUI — persistence + store sync &gt; merges new writes with previously persisted state (does not clobber)" time="0.0161382">
        </testcase>
        <testcase classname="tests/features/telecom/hooks/use-telecom-ui.test.tsx" name="useTelecomUI — persistence + store sync &gt; re-syncs the store whenever the mapping changes" time="0.0073664">
        </testcase>
        <testcase classname="tests/features/telecom/hooks/use-telecom-ui.test.tsx" name="useTelecomUI — persistence + store sync &gt; re-syncs the store whenever statusMapping changes" time="0.0081819">
        </testcase>
        <testcase classname="tests/features/telecom/hooks/use-telecom-ui.test.tsx" name="useTelecomUI — setMapping normalization &gt; normalizes a direct (non-function) mapping value, restoring blanked critical fields" time="0.0051016">
        </testcase>
        <testcase classname="tests/features/telecom/hooks/use-telecom-ui.test.tsx" name="useTelecomUI — setMapping normalization &gt; normalizes a function updater&apos;s result and passes the previous mapping in" time="0.0125549">
        </testcase>
        <testcase classname="tests/features/telecom/hooks/use-telecom-ui.test.tsx" name="useTelecomUI — setMapping normalization &gt; preserves an optional field left empty (not force-defaulted)" time="0.012587">
        </testcase>
        <testcase classname="tests/features/telecom/hooks/use-telecom-ui.test.tsx" name="useTelecomUI — setMapping normalization &gt; keeps a non-empty custom value for a critical field" time="0.0227185">
        </testcase>
        <testcase classname="tests/features/telecom/hooks/use-telecom-ui.test.tsx" name="useTelecomUI — simple setters &gt; toggles showMapper" time="0.0123281">
        </testcase>
        <testcase classname="tests/features/telecom/hooks/use-telecom-ui.test.tsx" name="useTelecomUI — simple setters &gt; sets commandOpen via its setter" time="0.0140925">
        </testcase>
        <testcase classname="tests/features/telecom/hooks/use-telecom-ui.test.tsx" name="useTelecomUI — simple setters &gt; sets and clears installPrompt" time="0.0243961">
        </testcase>
        <testcase classname="tests/features/telecom/hooks/use-telecom-ui.test.tsx" name="useTelecomUI — beforeinstallprompt (F2) &gt; captures the event, prevents default, and stores it" time="0.0071667">
        </testcase>
        <testcase classname="tests/features/telecom/hooks/use-telecom-ui.test.tsx" name="useTelecomUI — beforeinstallprompt (F2) &gt; removes the listener on unmount (no capture after teardown)" time="0.0108601">
        </testcase>
        <testcase classname="tests/features/telecom/hooks/use-telecom-ui.test.tsx" name="useTelecomUI — command palette shortcut (F19) &gt; toggles commandOpen on Ctrl+K and prevents default" time="0.0059621">
        </testcase>
        <testcase classname="tests/features/telecom/hooks/use-telecom-ui.test.tsx" name="useTelecomUI — command palette shortcut (F19) &gt; toggles commandOpen on Cmd+K (metaKey)" time="0.0065169">
        </testcase>
        <testcase classname="tests/features/telecom/hooks/use-telecom-ui.test.tsx" name="useTelecomUI — command palette shortcut (F19) &gt; flips commandOpen back to false on a second press (toggle)" time="0.0062666">
        </testcase>
        <testcase classname="tests/features/telecom/hooks/use-telecom-ui.test.tsx" name="useTelecomUI — command palette shortcut (F19) &gt; ignores &apos;k&apos; without a modifier key" time="0.0101244">
        </testcase>
        <testcase classname="tests/features/telecom/hooks/use-telecom-ui.test.tsx" name="useTelecomUI — command palette shortcut (F19) &gt; ignores other keys held with a modifier" time="0.0036518">
        </testcase>
        <testcase classname="tests/features/telecom/hooks/use-telecom-ui.test.tsx" name="useTelecomUI — command palette shortcut (F19) &gt; stops toggling after unmount (listener removed)" time="0.0034209">
        </testcase>
        <testcase classname="tests/features/telecom/hooks/use-telecom-ui.test.tsx" name="useTelecomUI — cross-tab file-loaded toast (F10) &gt; subscribes to onBroadcast and returns its unsubscribe on unmount" time="0.0036619">
        </testcase>
        <testcase classname="tests/features/telecom/hooks/use-telecom-ui.test.tsx" name="useTelecomUI — cross-tab file-loaded toast (F10) &gt; toasts when another tab loads a DIFFERENT file" time="0.0159262">
        </testcase>
        <testcase classname="tests/features/telecom/hooks/use-telecom-ui.test.tsx" name="useTelecomUI — cross-tab file-loaded toast (F10) &gt; does NOT toast when the broadcast file matches the current file" time="0.0590031">
        </testcase>
        <testcase classname="tests/features/telecom/hooks/use-telecom-ui.test.tsx" name="useTelecomUI — cross-tab file-loaded toast (F10) &gt; ignores broadcast messages of other types" time="0.0182338">
        </testcase>
        <testcase classname="tests/features/telecom/hooks/use-telecom-ui.test.tsx" name="useTelecomUI — Yjs collab sync (F4) &gt; starts collab sync and observes the shared mapping after mount" time="0.0312092">
        </testcase>
        <testcase classname="tests/features/telecom/hooks/use-telecom-ui.test.tsx" name="useTelecomUI — Yjs collab sync (F4) &gt; applies shared-mapping values into local mapping when an observer fires" time="0.038564">
        </testcase>
        <testcase classname="tests/features/telecom/hooks/use-telecom-ui.test.tsx" name="useTelecomUI — Yjs collab sync (F4) &gt; only overrides keys present in the shared map (undefined keys keep local value)" time="0.0424204">
        </testcase>
        <testcase classname="tests/features/telecom/hooks/use-telecom-ui.test.tsx" name="useTelecomUI — Yjs collab sync (F4) &gt; restores a critical field to default when the shared map blanks it (normalize)" time="0.0133293">
        </testcase>
        <testcase classname="tests/features/telecom/hooks/use-telecom-ui.test.tsx" name="useTelecomUI — Yjs collab sync (F4) &gt; tears down collab (cleanup + unobserve) on unmount" time="0.0138838">
        </testcase>
    </testsuite>
    <testsuite name="tests/features/lineage/core/build-lineage.test.ts" timestamp="2026-06-25T18:28:25.972Z" hostname="Desktop" tests="16" failures="0" errors="0" skipped="0" time="0.161774">
        <testcase classname="tests/features/lineage/core/build-lineage.test.ts" name="columnLineageKey &gt; builds a stable composite key including the transform" time="0.0065084">
        </testcase>
        <testcase classname="tests/features/lineage/core/build-lineage.test.ts" name="columnLineageKey &gt; uses &apos;pass&apos; as the transform sentinel when none is given" time="0.0006585">
        </testcase>
        <testcase classname="tests/features/lineage/core/build-lineage.test.ts" name="buildRealLineage &gt; returns empty graph for empty input" time="0.0155326">
        </testcase>
        <testcase classname="tests/features/lineage/core/build-lineage.test.ts" name="buildRealLineage &gt; creates a source node for a root dataset" time="0.0115342">
        </testcase>
        <testcase classname="tests/features/lineage/core/build-lineage.test.ts" name="buildRealLineage &gt; marks a dataset active when its table is loaded, else pending when recent" time="0.0022462">
        </testcase>
        <testcase classname="tests/features/lineage/core/build-lineage.test.ts" name="buildRealLineage &gt; marks an old, unloaded dataset as stale" time="0.0021973">
        </testcase>
        <testcase classname="tests/features/lineage/core/build-lineage.test.ts" name="buildRealLineage &gt; classifies a dataset with a parent as a transform node and wires the edge" time="0.0027277">
        </testcase>
        <testcase classname="tests/features/lineage/core/build-lineage.test.ts" name="buildRealLineage &gt; resolves downstreams from edges on the parent node" time="0.0018333">
        </testcase>
        <testcase classname="tests/features/lineage/core/build-lineage.test.ts" name="buildRealLineage &gt; drops a dangling parent upstream that has no matching node" time="0.0012646">
        </testcase>
        <testcase classname="tests/features/lineage/core/build-lineage.test.ts" name="buildRealLineage &gt; derives real column lineage from a parseable transform SQL" time="0.0901091">
        </testcase>
        <testcase classname="tests/features/lineage/core/build-lineage.test.ts" name="buildRealLineage &gt; falls back to name-equality column lineage when SQL is absent" time="0.0034666">
        </testcase>
        <testcase classname="tests/features/lineage/core/build-lineage.test.ts" name="buildRealLineage &gt; creates an output node and edge for a saved chart" time="0.0035937">
        </testcase>
        <testcase classname="tests/features/lineage/core/build-lineage.test.ts" name="buildRealLineage &gt; wires a transform record into a partial edge for a sample operation" time="0.002241">
        </testcase>
        <testcase classname="tests/features/lineage/core/build-lineage.test.ts" name="buildRealLineage &gt; builds telecom source, analytics, and daily snapshot nodes with edges" time="0.0043741">
        </testcase>
        <testcase classname="tests/features/lineage/core/build-lineage.test.ts" name="buildRealLineage &gt; omits the analytics upstream edge when no matching source exists" time="0.0013596">
        </testcase>
        <testcase classname="tests/features/lineage/core/build-lineage.test.ts" name="buildRealLineage &gt; only returns edges whose endpoints both resolve to real nodes" time="0.0015373">
        </testcase>
    </testsuite>
    <testsuite name="tests/features/lineage/core/elk-layout.test.ts" timestamp="2026-06-25T18:28:25.975Z" hostname="Desktop" tests="9" failures="0" errors="0" skipped="0" time="0.0197302">
        <testcase classname="tests/features/lineage/core/elk-layout.test.ts" name="layoutGraph &gt; exposes the fixed lineage node dimensions" time="0.0042401">
        </testcase>
        <testcase classname="tests/features/lineage/core/elk-layout.test.ts" name="layoutGraph &gt; short-circuits to an empty result without calling ELK for no nodes" time="0.0029425">
        </testcase>
        <testcase classname="tests/features/lineage/core/elk-layout.test.ts" name="layoutGraph &gt; returns ELK-supplied top-left coordinates keyed by node id" time="0.0015127">
        </testcase>
        <testcase classname="tests/features/lineage/core/elk-layout.test.ts" name="layoutGraph &gt; defaults missing ELK coordinates to 0" time="0.0005746">
        </testcase>
        <testcase classname="tests/features/lineage/core/elk-layout.test.ts" name="layoutGraph &gt; builds an ELK graph with node dimensions and a layered RIGHT layout" time="0.0008767">
        </testcase>
        <testcase classname="tests/features/lineage/core/elk-layout.test.ts" name="layoutGraph &gt; drops edges that reference unknown nodes before handing the graph to ELK" time="0.0005536">
        </testcase>
        <testcase classname="tests/features/lineage/core/elk-layout.test.ts" name="layoutGraph &gt; falls back to a deterministic non-overlapping grid when ELK throws" time="0.0010787">
        </testcase>
        <testcase classname="tests/features/lineage/core/elk-layout.test.ts" name="layoutGraph &gt; places a single node at the origin in the grid fallback" time="0.0005785">
        </testcase>
        <testcase classname="tests/features/lineage/core/elk-layout.test.ts" name="layoutGraph &gt; returns an empty object when ELK yields no children array" time="0.000486">
        </testcase>
    </testsuite>
    <testsuite name="tests/features/lineage/core/graph.test.ts" timestamp="2026-06-25T18:28:25.977Z" hostname="Desktop" tests="24" failures="0" errors="0" skipped="0" time="0.0398433">
        <testcase classname="tests/features/lineage/core/graph.test.ts" name="indexNodes &gt; returns an empty map for no nodes" time="0.0040075">
        </testcase>
        <testcase classname="tests/features/lineage/core/graph.test.ts" name="indexNodes &gt; indexes nodes by id for O(1) lookup" time="0.0010365">
        </testcase>
        <testcase classname="tests/features/lineage/core/graph.test.ts" name="indexNodes &gt; keeps the last node when ids collide" time="0.000555">
        </testcase>
        <testcase classname="tests/features/lineage/core/graph.test.ts" name="buildAdjacency &gt; returns empty forward/back maps for no edges" time="0.0006622">
        </testcase>
        <testcase classname="tests/features/lineage/core/graph.test.ts" name="buildAdjacency &gt; records downstream targets in fwd and upstream sources in back" time="0.0022134">
        </testcase>
        <testcase classname="tests/features/lineage/core/graph.test.ts" name="buildAdjacency &gt; accumulates multiple parents for a fan-in target" time="0.0004852">
        </testcase>
        <testcase classname="tests/features/lineage/core/graph.test.ts" name="bfs &gt; returns an empty set for an isolated start node" time="0.0005027">
        </testcase>
        <testcase classname="tests/features/lineage/core/graph.test.ts" name="bfs &gt; collects all forward-reachable nodes, excluding the start" time="0.0004095">
        </testcase>
        <testcase classname="tests/features/lineage/core/graph.test.ts" name="bfs &gt; walks upstream when given the back adjacency" time="0.0004789">
        </testcase>
        <testcase classname="tests/features/lineage/core/graph.test.ts" name="bfs &gt; terminates on cycles without revisiting nodes" time="0.0003583">
        </testcase>
        <testcase classname="tests/features/lineage/core/graph.test.ts" name="computeImpact &gt; returns no impact when the root has no downstream nodes" time="0.0007362">
        </testcase>
        <testcase classname="tests/features/lineage/core/graph.test.ts" name="computeImpact &gt; assigns hop distance and risk tiers by distance" time="0.000939">
        </testcase>
        <testcase classname="tests/features/lineage/core/graph.test.ts" name="computeImpact &gt; keeps the first-visit (shortest) distance for diamond fan-in" time="0.0005587">
        </testcase>
        <testcase classname="tests/features/lineage/core/graph.test.ts" name="computeImpact &gt; respects maxDepth and stops expanding beyond it" time="0.0005085">
        </testcase>
        <testcase classname="tests/features/lineage/core/graph.test.ts" name="computeImpact &gt; skips downstream ids with no matching node in the index" time="0.0004672">
        </testcase>
        <testcase classname="tests/features/lineage/core/graph.test.ts" name="computeImpact &gt; does not revisit nodes in a cycle" time="0.0004229">
        </testcase>
        <testcase classname="tests/features/lineage/core/graph.test.ts" name="indexColumnLineage &gt; groups lineage by target node (incoming) and source node (outgoing)" time="0.0123147">
        </testcase>
        <testcase classname="tests/features/lineage/core/graph.test.ts" name="indexColumnLineage &gt; returns empty maps for no lineage" time="0.0004813">
        </testcase>
        <testcase classname="tests/features/lineage/core/graph.test.ts" name="traceColumnUpstream &gt; returns no hops for a column with no upstream lineage" time="0.0009537">
        </testcase>
        <testcase classname="tests/features/lineage/core/graph.test.ts" name="traceColumnUpstream &gt; walks a single output column back through its provenance chain" time="0.0006959">
        </testcase>
        <testcase classname="tests/features/lineage/core/graph.test.ts" name="traceColumnUpstream &gt; follows wildcard targetCol (&apos;*&apos;) lineage entries" time="0.0005581">
        </testcase>
        <testcase classname="tests/features/lineage/core/graph.test.ts" name="traceColumnUpstream &gt; ignores lineage entries whose targetCol does not match" time="0.0004739">
        </testcase>
        <testcase classname="tests/features/lineage/core/graph.test.ts" name="traceColumnUpstream &gt; is guarded against cycles in column lineage" time="0.0006194">
        </testcase>
        <testcase classname="tests/features/lineage/core/graph.test.ts" name="traceColumnUpstream &gt; stops at maxDepth on a long chain" time="0.0016051">
        </testcase>
    </testsuite>
    <testsuite name="tests/features/lineage/core/snapshot.test.ts" timestamp="2026-06-25T18:28:25.981Z" hostname="Desktop" tests="7" failures="0" errors="0" skipped="0" time="0.0156051">
        <testcase classname="tests/features/lineage/core/snapshot.test.ts" name="hashInput &gt; returns an 8-character zero-padded hex string" time="0.0039343">
        </testcase>
        <testcase classname="tests/features/lineage/core/snapshot.test.ts" name="hashInput &gt; is deterministic for the same input" time="0.0009093">
        </testcase>
        <testcase classname="tests/features/lineage/core/snapshot.test.ts" name="hashInput &gt; is order-independent (sorts parts before hashing)" time="0.0005416">
        </testcase>
        <testcase classname="tests/features/lineage/core/snapshot.test.ts" name="hashInput &gt; produces different hashes for different content" time="0.002143">
        </testcase>
        <testcase classname="tests/features/lineage/core/snapshot.test.ts" name="hashInput &gt; distinguishes inputs that differ only in length (length is mixed in)" time="0.0005695">
        </testcase>
        <testcase classname="tests/features/lineage/core/snapshot.test.ts" name="hashInput &gt; hashes an empty input set to a stable padded value" time="0.0005877">
        </testcase>
        <testcase classname="tests/features/lineage/core/snapshot.test.ts" name="hashInput &gt; does not mutate the caller&apos;s array when sorting" time="0.0007545">
        </testcase>
    </testsuite>
    <testsuite name="tests/features/lineage/core/sql-lineage.test.ts" timestamp="2026-06-25T18:28:25.982Z" hostname="Desktop" tests="14" failures="0" errors="0" skipped="0" time="0.1565432">
        <testcase classname="tests/features/lineage/core/sql-lineage.test.ts" name="parseProjectionLineage &gt; returns null for empty or whitespace SQL" time="0.0074147">
        </testcase>
        <testcase classname="tests/features/lineage/core/sql-lineage.test.ts" name="parseProjectionLineage &gt; returns null for unparseable / non-SELECT statements" time="0.0520875">
        </testcase>
        <testcase classname="tests/features/lineage/core/sql-lineage.test.ts" name="parseProjectionLineage &gt; maps a bare column projection to a passthrough with no transform" time="0.0251575">
        </testcase>
        <testcase classname="tests/features/lineage/core/sql-lineage.test.ts" name="parseProjectionLineage &gt; follows an alias to the output column name" time="0.0044493">
        </testcase>
        <testcase classname="tests/features/lineage/core/sql-lineage.test.ts" name="parseProjectionLineage &gt; captures the source column and transform for an aggregate expression" time="0.008264">
        </testcase>
        <testcase classname="tests/features/lineage/core/sql-lineage.test.ts" name="parseProjectionLineage &gt; collects multiple distinct source columns from a binary expression" time="0.0093907">
        </testcase>
        <testcase classname="tests/features/lineage/core/sql-lineage.test.ts" name="parseProjectionLineage &gt; does not duplicate a source column referenced twice in one expression" time="0.002748">
        </testcase>
        <testcase classname="tests/features/lineage/core/sql-lineage.test.ts" name="parseProjectionLineage &gt; parses several projections in declaration order" time="0.0038838">
        </testcase>
        <testcase classname="tests/features/lineage/core/sql-lineage.test.ts" name="parseProjectionLineage &gt; returns null for a SELECT * projection (no per-column attribution)" time="0.0030161">
        </testcase>
        <testcase classname="tests/features/lineage/core/sql-lineage.test.ts" name="parseProjectionLineage &gt; returns null when the statement uses a CTE" time="0.0040309">
        </testcase>
        <testcase classname="tests/features/lineage/core/sql-lineage.test.ts" name="parseProjectionLineage &gt; returns null for set operations (UNION)" time="0.0068007">
        </testcase>
        <testcase classname="tests/features/lineage/core/sql-lineage.test.ts" name="parseProjectionLineage &gt; skips an unaliased non-column expression (no stable output name)" time="0.0028789">
        </testcase>
        <testcase classname="tests/features/lineage/core/sql-lineage.test.ts" name="parseProjectionLineage &gt; returns null when no projection yields a stable output column" time="0.0069567">
        </testcase>
        <testcase classname="tests/features/lineage/core/sql-lineage.test.ts" name="parseProjectionLineage &gt; returns null for DuckDB-specific syntax the postgres dialect rejects" time="0.0027191">
        </testcase>
    </testsuite>
    <testsuite name="tests/features/telecom/lib/ai-agent.test.ts" timestamp="2026-06-25T18:28:25.984Z" hostname="Desktop" tests="52" failures="0" errors="0" skipped="0" time="0.159535">
        <testcase classname="tests/features/telecom/lib/ai-agent.test.ts" name="computeRuleInsights — guard branches &gt; returns an empty array when kpi is null" time="0.0061259">
        </testcase>
        <testcase classname="tests/features/telecom/lib/ai-agent.test.ts" name="computeRuleInsights — guard branches &gt; returns an empty array when kpi.total is 0" time="0.0007518">
        </testcase>
        <testcase classname="tests/features/telecom/lib/ai-agent.test.ts" name="computeRuleInsights — guard branches &gt; returns no insights for a clean mid-range pipeline" time="0.0008621">
        </testcase>
        <testcase classname="tests/features/telecom/lib/ai-agent.test.ts" name="computeRuleInsights — success rate &gt; flags a critical low-success insight when successRate &lt; 80" time="0.0318427">
        </testcase>
        <testcase classname="tests/features/telecom/lib/ai-agent.test.ts" name="computeRuleInsights — success rate &gt; flags a positive high-success insight when successRate &gt;= 95" time="0.0014763">
        </testcase>
        <testcase classname="tests/features/telecom/lib/ai-agent.test.ts" name="computeRuleInsights — success rate &gt; treats exactly 80 as neither low nor high success" time="0.0008371">
        </testcase>
        <testcase classname="tests/features/telecom/lib/ai-agent.test.ts" name="computeRuleInsights — success rate &gt; treats exactly 95 as high success (inclusive boundary)" time="0.0009149">
        </testcase>
        <testcase classname="tests/features/telecom/lib/ai-agent.test.ts" name="computeRuleInsights — success rate &gt; treats 94.9 as neither low nor high success" time="0.0004829">
        </testcase>
        <testcase classname="tests/features/telecom/lib/ai-agent.test.ts" name="computeRuleInsights — instance (stuck) share &gt; flags a warning when instance share exceeds 5%" time="0.0010001">
        </testcase>
        <testcase classname="tests/features/telecom/lib/ai-agent.test.ts" name="computeRuleInsights — instance (stuck) share &gt; does not flag when instance share is exactly 5% (strict &gt;)" time="0.0004504">
        </testcase>
        <testcase classname="tests/features/telecom/lib/ai-agent.test.ts" name="computeRuleInsights — refund share &gt; flags a warning when refund share exceeds 2%" time="0.0009997">
        </testcase>
        <testcase classname="tests/features/telecom/lib/ai-agent.test.ts" name="computeRuleInsights — refund share &gt; does not flag when refund share is exactly 2% (strict &gt;)" time="0.0004065">
        </testcase>
        <testcase classname="tests/features/telecom/lib/ai-agent.test.ts" name="computeRuleInsights — top decline code &gt; flags the dominant DECLINED sub-status code, sorted by count" time="0.0012054">
        </testcase>
        <testcase classname="tests/features/telecom/lib/ai-agent.test.ts" name="computeRuleInsights — top decline code &gt; does not flag when there are no DECLINED rows" time="0.0007072">
        </testcase>
        <testcase classname="tests/features/telecom/lib/ai-agent.test.ts" name="computeRuleInsights — top decline code &gt; does not flag when the dominant DECLINED count is 0" time="0.0005166">
        </testcase>
        <testcase classname="tests/features/telecom/lib/ai-agent.test.ts" name="computeRuleInsights — top decline code &gt; does not flag when subStatus is empty" time="0.0003656">
        </testcase>
        <testcase classname="tests/features/telecom/lib/ai-agent.test.ts" name="computeRuleInsights — anomalies &gt; flags a warning when between 1 and 5 anomalies exist" time="0.0008472">
        </testcase>
        <testcase classname="tests/features/telecom/lib/ai-agent.test.ts" name="computeRuleInsights — anomalies &gt; escalates to critical when more than 5 anomalies exist" time="0.0006433">
        </testcase>
        <testcase classname="tests/features/telecom/lib/ai-agent.test.ts" name="computeRuleInsights — anomalies &gt; stays a warning at exactly 5 anomalies (strict &gt;)" time="0.0004848">
        </testcase>
        <testcase classname="tests/features/telecom/lib/ai-agent.test.ts" name="computeRuleInsights — anomalies &gt; does not flag when there are no anomalies" time="0.0003054">
        </testcase>
        <testcase classname="tests/features/telecom/lib/ai-agent.test.ts" name="computeRuleInsights — anomalies &gt; pads single-digit hours to two characters" time="0.0088825">
        </testcase>
        <testcase classname="tests/features/telecom/lib/ai-agent.test.ts" name="computeRuleInsights — concentration &gt; flags concentration when top 5 accounts exceed 50% of amount" time="0.0087709">
        </testcase>
        <testcase classname="tests/features/telecom/lib/ai-agent.test.ts" name="computeRuleInsights — concentration &gt; does not flag concentration when top 5 are at or below 50%" time="0.0007542">
        </testcase>
        <testcase classname="tests/features/telecom/lib/ai-agent.test.ts" name="computeRuleInsights — concentration &gt; does not flag concentration with fewer than 5 top accounts" time="0.0005079">
        </testcase>
        <testcase classname="tests/features/telecom/lib/ai-agent.test.ts" name="computeRuleInsights — concentration &gt; does not flag concentration when kpi.amount is 0" time="0.0005637">
        </testcase>
        <testcase classname="tests/features/telecom/lib/ai-agent.test.ts" name="computeRuleInsights — outlier amount &gt; flags an outlier whose amount is more than 3 SD above the mean" time="0.0012028">
        </testcase>
        <testcase classname="tests/features/telecom/lib/ai-agent.test.ts" name="computeRuleInsights — outlier amount &gt; does not flag an outlier when spread is uniform (sd small but no z&gt;3)" time="0.0006344">
        </testcase>
        <testcase classname="tests/features/telecom/lib/ai-agent.test.ts" name="computeRuleInsights — outlier amount &gt; does not flag an outlier with fewer than 4 top accounts" time="0.0006511">
        </testcase>
        <testcase classname="tests/features/telecom/lib/ai-agent.test.ts" name="computeRuleInsights — outlier amount &gt; does not flag an outlier when fewer than 4 positive amounts remain" time="0.0004246">
        </testcase>
        <testcase classname="tests/features/telecom/lib/ai-agent.test.ts" name="computeRuleInsights — outlier amount &gt; does not flag an outlier when all amounts are equal (sd == 0)" time="0.0005064">
        </testcase>
        <testcase classname="tests/features/telecom/lib/ai-agent.test.ts" name="computeRuleInsights — composition &gt; accumulates multiple independent insights for a problematic period" time="0.004351">
        </testcase>
        <testcase classname="tests/features/telecom/lib/ai-agent.test.ts" name="computeRuleInsights — composition &gt; never emits both low-success and high-success (mutually exclusive)" time="0.0013016">
        </testcase>
        <testcase classname="tests/features/telecom/lib/ai-agent.test.ts" name="askAgent &gt; returns a heuristic message and null intent when no generator is provided" time="0.0007898">
        </testcase>
        <testcase classname="tests/features/telecom/lib/ai-agent.test.ts" name="askAgent &gt; returns the trimmed reply text from the structured generator" time="0.0035643">
        </testcase>
        <testcase classname="tests/features/telecom/lib/ai-agent.test.ts" name="askAgent &gt; passes the system prompt, summarized context, and decode params to the generator" time="0.0077696">
        </testcase>
        <testcase classname="tests/features/telecom/lib/ai-agent.test.ts" name="askAgent &gt; maps the show_anomalies action to its intent" time="0.0126599">
        </testcase>
        <testcase classname="tests/features/telecom/lib/ai-agent.test.ts" name="askAgent &gt; maps the show_top_accounts_amount action to its intent" time="0.0015826">
        </testcase>
        <testcase classname="tests/features/telecom/lib/ai-agent.test.ts" name="askAgent &gt; maps the show_top_accounts_count action to its intent" time="0.0014404">
        </testcase>
        <testcase classname="tests/features/telecom/lib/ai-agent.test.ts" name="askAgent &gt; maps the show_sub_status action to its intent" time="0.0039898">
        </testcase>
        <testcase classname="tests/features/telecom/lib/ai-agent.test.ts" name="askAgent &gt; maps the compare_periods action to its intent" time="0.0013888">
        </testcase>
        <testcase classname="tests/features/telecom/lib/ai-agent.test.ts" name="askAgent &gt; maps the show_brands action to its intent" time="0.0120255">
        </testcase>
        <testcase classname="tests/features/telecom/lib/ai-agent.test.ts" name="askAgent &gt; maps the explain_kpi action to its intent" time="0.0016118">
        </testcase>
        <testcase classname="tests/features/telecom/lib/ai-agent.test.ts" name="askAgent &gt; maps the &quot;none&quot; action to a null intent" time="0.0018673">
        </testcase>
        <testcase classname="tests/features/telecom/lib/ai-agent.test.ts" name="askAgent &gt; falls back to a heuristic message and null intent when the generator throws" time="0.0065688">
        </testcase>
        <testcase classname="tests/features/telecom/lib/ai-agent.test.ts" name="askAgent &gt; summarizes an empty context as &apos;Aucune donnée chargée.&apos; in the prompt" time="0.0006313">
        </testcase>
        <testcase classname="tests/features/telecom/lib/ai-agent.test.ts" name="askAgent &gt; includes top sub-status and top account lines in the summary when present" time="0.0039873">
        </testcase>
        <testcase classname="tests/features/telecom/lib/ai-agent.test.ts" name="generateNarrative &gt; returns a deterministic rule digest when no generator is provided" time="0.0011545">
        </testcase>
        <testcase classname="tests/features/telecom/lib/ai-agent.test.ts" name="generateNarrative &gt; returns an empty string digest when there are no rule insights" time="0.0004953">
        </testcase>
        <testcase classname="tests/features/telecom/lib/ai-agent.test.ts" name="generateNarrative &gt; returns an empty string digest when kpi is null and no generator" time="0.0019467">
        </testcase>
        <testcase classname="tests/features/telecom/lib/ai-agent.test.ts" name="generateNarrative &gt; returns the trimmed generated narrative when a generator succeeds" time="0.0025017">
        </testcase>
        <testcase classname="tests/features/telecom/lib/ai-agent.test.ts" name="generateNarrative &gt; passes the analyst system prompt, summary, and decode params to the generator" time="0.0021181">
        </testcase>
        <testcase classname="tests/features/telecom/lib/ai-agent.test.ts" name="generateNarrative &gt; falls back to the rule digest when the generator throws" time="0.0023003">
        </testcase>
    </testsuite>
    <testsuite name="tests/features/telecom/lib/analytics-cache.test.ts" timestamp="2026-06-25T18:28:25.991Z" hostname="Desktop" tests="49" failures="0" errors="0" skipped="0" time="0.5244276">
        <testcase classname="tests/features/telecom/lib/analytics-cache.test.ts" name="getTelecomFileKey &gt; composes a stable key from name, size and lastModified" time="0.0385772">
        </testcase>
        <testcase classname="tests/features/telecom/lib/analytics-cache.test.ts" name="getTelecomFileKey &gt; produces identical keys for files with identical identity fields" time="0.0013767">
        </testcase>
        <testcase classname="tests/features/telecom/lib/analytics-cache.test.ts" name="getTelecomFileKey &gt; differs when lastModified differs" time="0.0046405">
        </testcase>
        <testcase classname="tests/features/telecom/lib/analytics-cache.test.ts" name="getTelecomFileKey &gt; handles empty file name and zero lastModified (boundary)" time="0.0028452">
        </testcase>
        <testcase classname="tests/features/telecom/lib/analytics-cache.test.ts" name="getCachedAnalyticsForKey &gt; returns null when no entry exists for the key" time="0.0059887">
        </testcase>
        <testcase classname="tests/features/telecom/lib/analytics-cache.test.ts" name="getCachedAnalyticsForKey &gt; returns the decompressed entry for a fresh key" time="0.0062171">
        </testcase>
        <testcase classname="tests/features/telecom/lib/analytics-cache.test.ts" name="getCachedAnalyticsForKey &gt; evicts and returns null when the entry is older than MAX_AGE_MS" time="0.0056218">
        </testcase>
        <testcase classname="tests/features/telecom/lib/analytics-cache.test.ts" name="getCachedAnalyticsForKey &gt; keeps an entry exactly at the freshness boundary (age == MAX_AGE_MS)" time="0.0055595">
        </testcase>
        <testcase classname="tests/features/telecom/lib/analytics-cache.test.ts" name="getCachedAnalyticsForKey &gt; returns null (without throwing) when decompression fails" time="0.0140526">
        </testcase>
        <testcase classname="tests/features/telecom/lib/analytics-cache.test.ts" name="getCachedAnalyticsForKey &gt; returns null when indexedDB is unavailable" time="0.0008635">
        </testcase>
        <testcase classname="tests/features/telecom/lib/analytics-cache.test.ts" name="getCachedAnalyticsForKey &gt; returns null when opening the database throws/fails" time="0.011591">
        </testcase>
        <testcase classname="tests/features/telecom/lib/analytics-cache.test.ts" name="getCachedAnalyticsForKey &gt; rejects when the underlying get request errors" time="0.0142613">
        </testcase>
        <testcase classname="tests/features/telecom/lib/analytics-cache.test.ts" name="getCachedAnalytics (File overload) &gt; delegates to the key derived from the file" time="0.0119112">
        </testcase>
        <testcase classname="tests/features/telecom/lib/analytics-cache.test.ts" name="getCachedAnalyticsEntries &gt; returns an empty array when indexedDB is unavailable" time="0.0023315">
        </testcase>
        <testcase classname="tests/features/telecom/lib/analytics-cache.test.ts" name="getCachedAnalyticsEntries &gt; returns an empty array when there are no entries" time="0.0260749">
        </testcase>
        <testcase classname="tests/features/telecom/lib/analytics-cache.test.ts" name="getCachedAnalyticsEntries &gt; projects KPI fields and sorts newest-first" time="0.0303689">
        </testcase>
        <testcase classname="tests/features/telecom/lib/analytics-cache.test.ts" name="getCachedAnalyticsEntries &gt; defaults missing KPI numbers to 0" time="0.0134325">
        </testcase>
        <testcase classname="tests/features/telecom/lib/analytics-cache.test.ts" name="getCachedAnalyticsEntries &gt; coerces non-numeric KPI values via Number() (NaN for unparseable)" time="0.0007047">
        </testcase>
        <testcase classname="tests/features/telecom/lib/analytics-cache.test.ts" name="getCachedAnalyticsEntries &gt; skips entries whose decompression fails but keeps the rest" time="0.0091413">
        </testcase>
        <testcase classname="tests/features/telecom/lib/analytics-cache.test.ts" name="getCachedAnalyticsEntries &gt; returns [] when the getAll request errors" time="0.0161401">
        </testcase>
        <testcase classname="tests/features/telecom/lib/analytics-cache.test.ts" name="setCachedAnalyticsForKey &gt; compresses the payload (with key+savedAt) and stores a record under the key" time="0.0216175">
        </testcase>
        <testcase classname="tests/features/telecom/lib/analytics-cache.test.ts" name="setCachedAnalyticsForKey &gt; round-trips through get after a set" time="0.00434">
        </testcase>
        <testcase classname="tests/features/telecom/lib/analytics-cache.test.ts" name="setCachedAnalyticsForKey &gt; is a no-op when indexedDB is unavailable" time="0.0123645">
        </testcase>
        <testcase classname="tests/features/telecom/lib/analytics-cache.test.ts" name="setCachedAnalyticsForKey &gt; rejects (does NOT swallow) when the put request fails" time="0.0076129">
        </testcase>
        <testcase classname="tests/features/telecom/lib/analytics-cache.test.ts" name="setCachedAnalyticsForKey &gt; setCachedAnalytics derives the key from the file" time="0.0306258">
        </testcase>
        <testcase classname="tests/features/telecom/lib/analytics-cache.test.ts" name="deleteCachedAnalyticsForKey &gt; removes an existing entry" time="0.0013166">
        </testcase>
        <testcase classname="tests/features/telecom/lib/analytics-cache.test.ts" name="deleteCachedAnalyticsForKey &gt; is a no-op when indexedDB is unavailable" time="0.0017454">
        </testcase>
        <testcase classname="tests/features/telecom/lib/analytics-cache.test.ts" name="deleteCachedAnalyticsForKey &gt; rejects (does NOT swallow) when the delete request fails" time="0.0052569">
        </testcase>
        <testcase classname="tests/features/telecom/lib/analytics-cache.test.ts" name="deleteCachedAnalyticsForKey &gt; deleteCachedAnalytics derives the key from the file" time="0.0014848">
        </testcase>
        <testcase classname="tests/features/telecom/lib/analytics-cache.test.ts" name="cacheTelecomSourceFile &gt; returns null when indexedDB is unavailable" time="0.0064762">
        </testcase>
        <testcase classname="tests/features/telecom/lib/analytics-cache.test.ts" name="cacheTelecomSourceFile &gt; stores the file entry, persists meta, mirrors latest meta to localStorage" time="0.0056263">
        </testcase>
        <testcase classname="tests/features/telecom/lib/analytics-cache.test.ts" name="cacheTelecomSourceFile &gt; returns null when the source put fails" time="0.0343902">
        </testcase>
        <testcase classname="tests/features/telecom/lib/analytics-cache.test.ts" name="getCachedTelecomSourceFiles &gt; returns [] when indexedDB is unavailable" time="0.0137053">
        </testcase>
        <testcase classname="tests/features/telecom/lib/analytics-cache.test.ts" name="getCachedTelecomSourceFiles &gt; short-circuits to the single localStorage meta when present and valid" time="0.0128769">
        </testcase>
        <testcase classname="tests/features/telecom/lib/analytics-cache.test.ts" name="getCachedTelecomSourceFiles &gt; ignores a malformed localStorage meta and falls back to the meta store" time="0.0077329">
        </testcase>
        <testcase classname="tests/features/telecom/lib/analytics-cache.test.ts" name="getCachedTelecomSourceFiles &gt; ignores localStorage meta missing required fields" time="0.0037573">
        </testcase>
        <testcase classname="tests/features/telecom/lib/analytics-cache.test.ts" name="getCachedTelecomSourceFiles &gt; returns [] when the meta store does not exist" time="0.0202701">
        </testcase>
        <testcase classname="tests/features/telecom/lib/analytics-cache.test.ts" name="getCachedTelecomSourceFile &gt; returns null when indexedDB is unavailable" time="0.0094236">
        </testcase>
        <testcase classname="tests/features/telecom/lib/analytics-cache.test.ts" name="getCachedTelecomSourceFile &gt; returns null when there is no entry" time="0.0016489">
        </testcase>
        <testcase classname="tests/features/telecom/lib/analytics-cache.test.ts" name="getCachedTelecomSourceFile &gt; returns null when the entry has no file blob" time="0.0013111">
        </testcase>
        <testcase classname="tests/features/telecom/lib/analytics-cache.test.ts" name="getCachedTelecomSourceFile &gt; returns the stored File instance directly" time="0.0060362">
        </testcase>
        <testcase classname="tests/features/telecom/lib/analytics-cache.test.ts" name="getCachedTelecomSourceFile &gt; reconstructs a File from a Blob entry, preserving name/type/lastModified" time="0.0095366">
        </testcase>
        <testcase classname="tests/features/telecom/lib/analytics-cache.test.ts" name="getCachedTelecomSourceFile &gt; returns null when the get request errors" time="0.0010587">
        </testcase>
        <testcase classname="tests/features/telecom/lib/analytics-cache.test.ts" name="cacheTelecomSourceFile pruning (MAX_SOURCE_FILES = 5) &gt; keeps the 5 newest source files and prunes older ones" time="0.0028438">
        </testcase>
        <testcase classname="tests/features/telecom/lib/analytics-cache.test.ts" name="cacheTelecomSourceFile pruning (MAX_SOURCE_FILES = 5) &gt; prunes the oldest when reading meta directly (no localStorage mirror)" time="0.0083989">
        </testcase>
        <testcase classname="tests/features/telecom/lib/analytics-cache.test.ts" name="purgeStaleCache &gt; returns 0 when indexedDB is unavailable" time="0.0054474">
        </testcase>
        <testcase classname="tests/features/telecom/lib/analytics-cache.test.ts" name="purgeStaleCache &gt; returns 0 when the store is empty" time="0.0014463">
        </testcase>
        <testcase classname="tests/features/telecom/lib/analytics-cache.test.ts" name="purgeStaleCache &gt; deletes only entries older than the cutoff and returns the count" time="0.0025966">
        </testcase>
        <testcase classname="tests/features/telecom/lib/analytics-cache.test.ts" name="purgeStaleCache &gt; returns the partial count when the cursor request errors mid-iteration" time="0.0019318">
        </testcase>
    </testsuite>
    <testsuite name="tests/features/telecom/lib/canal-groups.test.ts" timestamp="2026-06-25T18:28:25.996Z" hostname="Desktop" tests="36" failures="0" errors="0" skipped="0" time="0.0372556">
        <testcase classname="tests/features/telecom/lib/canal-groups.test.ts" name="canal-groups — VOUCHER_FOR_PAYMENT splits &gt; VOUCHER_FOR_PAYMENT_GENERATION contains exactly the first element of VOUCHER_FOR_PAYMENT" time="0.0059667">
        </testcase>
        <testcase classname="tests/features/telecom/lib/canal-groups.test.ts" name="canal-groups — VOUCHER_FOR_PAYMENT splits &gt; VOUCHER_FOR_PAYMENT_REDEMPTION contains all elements after the first" time="0.0007923">
        </testcase>
        <testcase classname="tests/features/telecom/lib/canal-groups.test.ts" name="canal-groups — VOUCHER_FOR_PAYMENT splits &gt; GENERATION and REDEMPTION together equal the full VOUCHER_FOR_PAYMENT array length" time="0.0006622">
        </testcase>
        <testcase classname="tests/features/telecom/lib/canal-groups.test.ts" name="canal-groups — ALL_VOICE_FIXED &gt; is the concatenation of RECHARGE_VOICE_FIXED_TTCASH and RECHARGE_VOICE_FIXED_VOUCHER" time="0.0008466">
        </testcase>
        <testcase classname="tests/features/telecom/lib/canal-groups.test.ts" name="canal-groups — ALL_VOICE_FIXED &gt; contains only valid ChannelDef entries" time="0.0015121">
        </testcase>
        <testcase classname="tests/features/telecom/lib/canal-groups.test.ts" name="canal-groups — ALL_VOICE_MOBILE &gt; is the concatenation of RECHARGE_VOICE_MOBILE_TTCASH and RECHARGE_VOICE_MOBILE_VOUCHER" time="0.0008409">
        </testcase>
        <testcase classname="tests/features/telecom/lib/canal-groups.test.ts" name="canal-groups — ALL_VOICE_MOBILE &gt; contains only valid ChannelDef entries" time="0.0013708">
        </testcase>
        <testcase classname="tests/features/telecom/lib/canal-groups.test.ts" name="canal-groups — RECHARGE_SUMMARY_GROUPS &gt; has exactly 4 groups" time="0.0006646">
        </testcase>
        <testcase classname="tests/features/telecom/lib/canal-groups.test.ts" name="canal-groups — RECHARGE_SUMMARY_GROUPS &gt; contains Fixed Lines, Mobile Lines, Internet Sabba, and Data by Voucher" time="0.0017013">
        </testcase>
        <testcase classname="tests/features/telecom/lib/canal-groups.test.ts" name="canal-groups — RECHARGE_SUMMARY_GROUPS &gt; every group has a valid structure with a color" time="0.0007205">
        </testcase>
        <testcase classname="tests/features/telecom/lib/canal-groups.test.ts" name="canal-groups — RECHARGE_SUMMARY_GROUPS &gt; Fixed Lines channels equal ALL_VOICE_FIXED" time="0.0003769">
        </testcase>
        <testcase classname="tests/features/telecom/lib/canal-groups.test.ts" name="canal-groups — RECHARGE_SUMMARY_GROUPS &gt; Mobile Lines channels equal ALL_VOICE_MOBILE" time="0.0003141">
        </testcase>
        <testcase classname="tests/features/telecom/lib/canal-groups.test.ts" name="canal-groups — VOIX_SUMMARY_GROUPS &gt; has exactly 2 groups (Fixed and Mobile)" time="0.0004153">
        </testcase>
        <testcase classname="tests/features/telecom/lib/canal-groups.test.ts" name="canal-groups — VOIX_SUMMARY_GROUPS &gt; contains Fixed Lines and Mobile Lines only" time="0.0005085">
        </testcase>
        <testcase classname="tests/features/telecom/lib/canal-groups.test.ts" name="canal-groups — VOIX_SUMMARY_GROUPS &gt; every group is valid with a color" time="0.0004555">
        </testcase>
        <testcase classname="tests/features/telecom/lib/canal-groups.test.ts" name="canal-groups — DATA_SUMMARY_GROUPS &gt; has exactly 2 groups" time="0.000422">
        </testcase>
        <testcase classname="tests/features/telecom/lib/canal-groups.test.ts" name="canal-groups — DATA_SUMMARY_GROUPS &gt; contains Internet Sabba and Data by Voucher" time="0.0004282">
        </testcase>
        <testcase classname="tests/features/telecom/lib/canal-groups.test.ts" name="canal-groups — DATA_SUMMARY_GROUPS &gt; every group is valid with a color" time="0.0004066">
        </testcase>
        <testcase classname="tests/features/telecom/lib/canal-groups.test.ts" name="canal-groups — VOUCHER_PAYMENT_SUMMARY_GROUPS &gt; has exactly 2 groups" time="0.0003749">
        </testcase>
        <testcase classname="tests/features/telecom/lib/canal-groups.test.ts" name="canal-groups — VOUCHER_PAYMENT_SUMMARY_GROUPS &gt; contains Génération and Rédemption &amp; Remboursement" time="0.0005373">
        </testcase>
        <testcase classname="tests/features/telecom/lib/canal-groups.test.ts" name="canal-groups — VOUCHER_PAYMENT_SUMMARY_GROUPS &gt; Génération group uses VOUCHER_FOR_PAYMENT_GENERATION channels" time="0.0003302">
        </testcase>
        <testcase classname="tests/features/telecom/lib/canal-groups.test.ts" name="canal-groups — VOUCHER_PAYMENT_SUMMARY_GROUPS &gt; Rédemption group uses VOUCHER_FOR_PAYMENT_REDEMPTION channels" time="0.000228">
        </testcase>
        <testcase classname="tests/features/telecom/lib/canal-groups.test.ts" name="canal-groups — VOUCHER_PAYMENT_SUMMARY_GROUPS &gt; every group has a color" time="0.0002461">
        </testcase>
        <testcase classname="tests/features/telecom/lib/canal-groups.test.ts" name="canal-groups — VOUCHER_CONVERGENT_SUMMARY_GROUPS &gt; has exactly 3 groups" time="0.0003976">
        </testcase>
        <testcase classname="tests/features/telecom/lib/canal-groups.test.ts" name="canal-groups — VOUCHER_CONVERGENT_SUMMARY_GROUPS &gt; contains Evoucher on Demand, Génération, and Activation" time="0.0005798">
        </testcase>
        <testcase classname="tests/features/telecom/lib/canal-groups.test.ts" name="canal-groups — VOUCHER_CONVERGENT_SUMMARY_GROUPS &gt; every group has a valid structure and a color" time="0.000587">
        </testcase>
        <testcase classname="tests/features/telecom/lib/canal-groups.test.ts" name="canal-groups — VOUCHER_CONVERGENT_SUMMARY_GROUPS &gt; Activation group channels come from VOUCHER_CONVERGENT_CARTE_ACTIVATION" time="0.0004034">
        </testcase>
        <testcase classname="tests/features/telecom/lib/canal-groups.test.ts" name="canal-groups — COMPARE_GROUPS &gt; has exactly 13 groups" time="0.0004527">
        </testcase>
        <testcase classname="tests/features/telecom/lib/canal-groups.test.ts" name="canal-groups — COMPARE_GROUPS &gt; contains all expected labels" time="0.0012939">
        </testcase>
        <testcase classname="tests/features/telecom/lib/canal-groups.test.ts" name="canal-groups — COMPARE_GROUPS &gt; every group has a valid structure" time="0.0008649">
        </testcase>
        <testcase classname="tests/features/telecom/lib/canal-groups.test.ts" name="canal-groups — COMPARE_GROUPS &gt; every group has a color string" time="0.0012246">
        </testcase>
        <testcase classname="tests/features/telecom/lib/canal-groups.test.ts" name="canal-groups — COMPARE_GROUPS &gt; Bill Payment group channels come from BILL_PAYMENT_CHANNELS" time="0.0007207">
        </testcase>
        <testcase classname="tests/features/telecom/lib/canal-groups.test.ts" name="canal-groups — COMPARE_GROUPS &gt; Credit Transfer group channels come from CREDIT_TRANSFER" time="0.0005217">
        </testcase>
        <testcase classname="tests/features/telecom/lib/canal-groups.test.ts" name="canal-groups — COMPARE_GROUPS &gt; Voucher For Payment — Generation uses VOUCHER_FOR_PAYMENT_GENERATION" time="0.0006642">
        </testcase>
        <testcase classname="tests/features/telecom/lib/canal-groups.test.ts" name="canal-groups — COMPARE_GROUPS &gt; Voucher For Payment — Redemption uses VOUCHER_FOR_PAYMENT_REDEMPTION" time="0.0005736">
        </testcase>
        <testcase classname="tests/features/telecom/lib/canal-groups.test.ts" name="canal-groups — COMPARE_GROUPS &gt; no two groups share the same label" time="0.0004352">
        </testcase>
    </testsuite>
    <testsuite name="tests/features/telecom/lib/channel.test.ts" timestamp="2026-06-25T18:28:26.001Z" hostname="Desktop" tests="10" failures="0" errors="0" skipped="0" time="0.0560412">
        <testcase classname="tests/features/telecom/lib/channel.test.ts" name="channel — BroadcastChannel available &gt; broadcast posts the message to the channel" time="0.0243478">
        </testcase>
        <testcase classname="tests/features/telecom/lib/channel.test.ts" name="channel — BroadcastChannel available &gt; broadcast reuses the same BroadcastChannel instance on subsequent calls" time="0.0025133">
        </testcase>
        <testcase classname="tests/features/telecom/lib/channel.test.ts" name="channel — BroadcastChannel available &gt; broadcast works for FILTER_CHANGE messages" time="0.0016232">
        </testcase>
        <testcase classname="tests/features/telecom/lib/channel.test.ts" name="channel — BroadcastChannel available &gt; broadcast works for MAPPING_CHANGE messages" time="0.0020202">
        </testcase>
        <testcase classname="tests/features/telecom/lib/channel.test.ts" name="channel — BroadcastChannel available &gt; broadcast works for ANALYTICS_READY messages" time="0.0015692">
        </testcase>
        <testcase classname="tests/features/telecom/lib/channel.test.ts" name="channel — BroadcastChannel available &gt; onBroadcast registers a message listener and returns a cleanup function" time="0.0056461">
        </testcase>
        <testcase classname="tests/features/telecom/lib/channel.test.ts" name="channel — BroadcastChannel available &gt; onBroadcast forwards every BroadcastMsg variant to the handler" time="0.0025191">
        </testcase>
        <testcase classname="tests/features/telecom/lib/channel.test.ts" name="channel — BroadcastChannel undefined &gt; broadcast is a no-op when BroadcastChannel is not available" time="0.0031381">
        </testcase>
        <testcase classname="tests/features/telecom/lib/channel.test.ts" name="channel — BroadcastChannel undefined &gt; onBroadcast returns an empty cleanup function when BroadcastChannel is not available" time="0.002386">
        </testcase>
        <testcase classname="tests/features/telecom/lib/channel.test.ts" name="channel — BroadcastChannel undefined &gt; getBC returns null (both exported functions degrade gracefully)" time="0.0016781">
        </testcase>
    </testsuite>
    <testsuite name="tests/features/telecom/lib/chart-options.test.ts" timestamp="2026-06-25T18:28:26.002Z" hostname="Desktop" tests="91" failures="0" errors="0" skipped="0" time="4.4660287">
        <testcase classname="tests/features/telecom/lib/chart-options.test.ts" name="chartTheme &gt; returns an object with every required key populated as a non-empty string" time="0.2172007">
        </testcase>
        <testcase classname="tests/features/telecom/lib/chart-options.test.ts" name="chartTheme &gt; resolves splitLine and tooltipBorder to the same string (both come from --border)" time="0.0430723">
        </testcase>
        <testcase classname="tests/features/telecom/lib/chart-options.test.ts" name="retintOption &gt; swaps a direct palette color for the matching color in the new theme" time="0.0008921">
        </testcase>
        <testcase classname="tests/features/telecom/lib/chart-options.test.ts" name="retintOption &gt; leaves config-sourced (non-palette) colors untouched" time="0.0004964">
        </testcase>
        <testcase classname="tests/features/telecom/lib/chart-options.test.ts" name="retintOption &gt; remaps the base hue of an rgba alpha variant to the new theme (actual behavior)" time="0.0005776">
        </testcase>
        <testcase classname="tests/features/telecom/lib/chart-options.test.ts" name="retintOption &gt; leaves an rgba variant untouched when its base hue is not in the swap map" time="0.0003378">
        </testcase>
        <testcase classname="tests/features/telecom/lib/chart-options.test.ts" name="retintOption &gt; recurses through arrays and nested objects" time="0.0004382">
        </testcase>
        <testcase classname="tests/features/telecom/lib/chart-options.test.ts" name="retintOption &gt; preserves function references without invoking them" time="0.000331">
        </testcase>
        <testcase classname="tests/features/telecom/lib/chart-options.test.ts" name="retintOption &gt; does not swap colors that are unchanged between the two themes" time="0.0003615">
        </testcase>
        <testcase classname="tests/features/telecom/lib/chart-options.test.ts" name="retintOption &gt; passes through non-string primitives (numbers, booleans, null) unchanged" time="0.0004896">
        </testcase>
        <testcase classname="tests/features/telecom/lib/chart-options.test.ts" name="retintOption &gt; returns a non-string scalar directly (numbers at root)" time="0.0005356">
        </testcase>
        <testcase classname="tests/features/telecom/lib/chart-options.test.ts" name="buildStatusDonutOption &gt; maps each status row to a pie slice with the correct name and value" time="0.0509719">
        </testcase>
        <testcase classname="tests/features/telecom/lib/chart-options.test.ts" name="buildStatusDonutOption &gt; falls back to a neutral gray for unknown status codes" time="0.0440699">
        </testcase>
        <testcase classname="tests/features/telecom/lib/chart-options.test.ts" name="buildStatusDonutOption &gt; includes a tooltip formatter that renders count and percentage" time="0.0792513">
        </testcase>
        <testcase classname="tests/features/telecom/lib/chart-options.test.ts" name="buildStatusDonutOption &gt; sets donut radius and center" time="0.0395219">
        </testcase>
        <testcase classname="tests/features/telecom/lib/chart-options.test.ts" name="buildCanalShareOption &gt; orders canal categories by descending total" time="0.0505261">
        </testcase>
        <testcase classname="tests/features/telecom/lib/chart-options.test.ts" name="buildCanalShareOption &gt; does not mutate the caller&apos;s array order" time="0.0312108">
        </testcase>
        <testcase classname="tests/features/telecom/lib/chart-options.test.ts" name="buildCanalShareOption &gt; produces four named series (Réussie, Échec, Instance, Remboursement)" time="0.0409616">
        </testcase>
        <testcase classname="tests/features/telecom/lib/chart-options.test.ts" name="buildCanalShareOption &gt; maps canal data correctly to each series" time="0.0440956">
        </testcase>
        <testcase classname="tests/features/telecom/lib/chart-options.test.ts" name="buildRevenuePieOption &gt; maps each group to a pie slice with name, value, and color" time="0.0479981">
        </testcase>
        <testcase classname="tests/features/telecom/lib/chart-options.test.ts" name="buildRevenuePieOption &gt; includes a tooltip formatter that renders amount and percentage" time="0.0346123">
        </testcase>
        <testcase classname="tests/features/telecom/lib/chart-options.test.ts" name="buildRevenuePieOption &gt; produces a ring chart with the expected radius values" time="0.0348415">
        </testcase>
        <testcase classname="tests/features/telecom/lib/chart-options.test.ts" name="buildRevenuePieOption &gt; handles an empty groups array" time="0.0314627">
        </testcase>
        <testcase classname="tests/features/telecom/lib/chart-options.test.ts" name="buildSuccessRateTrendOption &gt; colors bars green/amber/red by success-rate band (&gt;=95, &gt;=80, &lt;80)" time="0.0377937">
        </testcase>
        <testcase classname="tests/features/telecom/lib/chart-options.test.ts" name="buildSuccessRateTrendOption &gt; includes a tooltip formatter that renders the rate correctly" time="0.0376565">
        </testcase>
        <testcase classname="tests/features/telecom/lib/chart-options.test.ts" name="buildSuccessRateTrendOption &gt; includes axis label formatter that appends a percent sign" time="0.036209">
        </testcase>
        <testcase classname="tests/features/telecom/lib/chart-options.test.ts" name="buildSuccessRateTrendOption &gt; includes label formatter that renders the rate value" time="0.0298757">
        </testcase>
        <testcase classname="tests/features/telecom/lib/chart-options.test.ts" name="buildSuccessRateTrendOption &gt; does not mutate the caller&apos;s array" time="0.0375711">
        </testcase>
        <testcase classname="tests/features/telecom/lib/chart-options.test.ts" name="buildAnomalyTimelineOption &gt; produces exactly 24 hours of data on both series" time="0.0348767">
        </testcase>
        <testcase classname="tests/features/telecom/lib/chart-options.test.ts" name="buildAnomalyTimelineOption &gt; colors anomaly bars with the warning color and normal bars with primary" time="0.0387748">
        </testcase>
        <testcase classname="tests/features/telecom/lib/chart-options.test.ts" name="buildAnomalyTimelineOption &gt; fills missing hours with zero volume" time="0.036886">
        </testcase>
        <testcase classname="tests/features/telecom/lib/chart-options.test.ts" name="buildAnomalyTimelineOption &gt; tooltip formatter shows the hour, total, and anomaly warning when applicable" time="0.037083">
        </testcase>
        <testcase classname="tests/features/telecom/lib/chart-options.test.ts" name="buildAnomalyTimelineOption &gt; tooltip formatter shows total even when there is no anomaly" time="0.033732">
        </testcase>
        <testcase classname="tests/features/telecom/lib/chart-options.test.ts" name="buildAnomalyTimelineOption &gt; tooltip formatter handles hours missing from data gracefully" time="0.0317982">
        </testcase>
        <testcase classname="tests/features/telecom/lib/chart-options.test.ts" name="buildAnomalyTimelineOption &gt; échecs line series contains declined counts per hour" time="0.02413">
        </testcase>
        <testcase classname="tests/features/telecom/lib/chart-options.test.ts" name="buildAnomalyTimelineOption &gt; échecs area style has a gradient with two color stops" time="0.0245178">
        </testcase>
        <testcase classname="tests/features/telecom/lib/chart-options.test.ts" name="buildRiskScoreOption &gt; sorts canals by descending computed risk score" time="0.0293261">
        </testcase>
        <testcase classname="tests/features/telecom/lib/chart-options.test.ts" name="buildRiskScoreOption &gt; colors bars by risk band (&gt;=40 danger, &gt;=20 warning, &lt;20 success)" time="0.0342211">
        </testcase>
        <testcase classname="tests/features/telecom/lib/chart-options.test.ts" name="buildRiskScoreOption &gt; includes a tooltip formatter that renders the score out of 100" time="0.0309848">
        </testcase>
        <testcase classname="tests/features/telecom/lib/chart-options.test.ts" name="buildRiskScoreOption &gt; includes a label formatter that renders the raw score" time="0.0238081">
        </testcase>
        <testcase classname="tests/features/telecom/lib/chart-options.test.ts" name="buildGroupSummaryDonutOption &gt; maps each group item to a pie slice with nombre as value" time="0.0456463">
        </testcase>
        <testcase classname="tests/features/telecom/lib/chart-options.test.ts" name="buildGroupSummaryDonutOption &gt; uses the provided color for each slice" time="0.0309124">
        </testcase>
        <testcase classname="tests/features/telecom/lib/chart-options.test.ts" name="buildGroupSummaryDonutOption &gt; tooltip formatter renders nombre and montant correctly" time="0.0336397">
        </testcase>
        <testcase classname="tests/features/telecom/lib/chart-options.test.ts" name="buildGroupSummaryDonutOption &gt; tooltip formatter falls back to 0 montant when the group is not found" time="0.0307222">
        </testcase>
        <testcase classname="tests/features/telecom/lib/chart-options.test.ts" name="buildGroupSummaryDonutOption &gt; produces a ring chart with radius [38%, 66%]" time="0.0367242">
        </testcase>
        <testcase classname="tests/features/telecom/lib/chart-options.test.ts" name="buildGroupSummaryHbarOption &gt; maps group items to bar data with nombre as value" time="0.0369432">
        </testcase>
        <testcase classname="tests/features/telecom/lib/chart-options.test.ts" name="buildGroupSummaryHbarOption &gt; uses the provided color for each bar" time="0.0329858">
        </testcase>
        <testcase classname="tests/features/telecom/lib/chart-options.test.ts" name="buildGroupSummaryHbarOption &gt; y-axis category data matches the group labels in order" time="0.0376953">
        </testcase>
        <testcase classname="tests/features/telecom/lib/chart-options.test.ts" name="buildGroupSummaryHbarOption &gt; label formatter returns empty string for zero values" time="0.0349756">
        </testcase>
        <testcase classname="tests/features/telecom/lib/chart-options.test.ts" name="buildGroupSummaryHbarOption &gt; label formatter returns a formatted number for positive values" time="0.033109">
        </testcase>
        <testcase classname="tests/features/telecom/lib/chart-options.test.ts" name="buildCanalCompareBarOption &gt; maps results to bars with nombre as the value" time="0.0468323">
        </testcase>
        <testcase classname="tests/features/telecom/lib/chart-options.test.ts" name="buildCanalCompareBarOption &gt; x-axis categories match the result labels in order" time="0.0500075">
        </testcase>
        <testcase classname="tests/features/telecom/lib/chart-options.test.ts" name="buildCanalCompareBarOption &gt; tooltip formatter renders nombre and montant for the matched result" time="0.0526242">
        </testcase>
        <testcase classname="tests/features/telecom/lib/chart-options.test.ts" name="buildCanalCompareBarOption &gt; tooltip formatter falls back to 0 montant when the result is not found" time="0.0497254">
        </testcase>
        <testcase classname="tests/features/telecom/lib/chart-options.test.ts" name="buildCanalCompareBarOption &gt; label formatter uses compact notation (fmtCompact)" time="0.058643">
        </testcase>
        <testcase classname="tests/features/telecom/lib/chart-options.test.ts" name="buildCanalCompareBarOption &gt; each bar uses the result color with top-rounded border radius" time="0.0477821">
        </testcase>
        <testcase classname="tests/features/telecom/lib/chart-options.test.ts" name="buildCanalHeatmapOption &gt; computes per-cell success rate as a rounded percentage in rate mode" time="0.0542043">
        </testcase>
        <testcase classname="tests/features/telecom/lib/chart-options.test.ts" name="buildCanalHeatmapOption &gt; drops empty cells (rate of -1) from the rendered heatmap data" time="0.057884">
        </testcase>
        <testcase classname="tests/features/telecom/lib/chart-options.test.ts" name="buildCanalHeatmapOption &gt; uses raw totals and sets a 0..100 success scale for the two view modes" time="0.1438029">
        </testcase>
        <testcase classname="tests/features/telecom/lib/chart-options.test.ts" name="buildCanalHeatmapOption &gt; orders heatmap rows by descending total volume per canal" time="0.0624655">
        </testcase>
        <testcase classname="tests/features/telecom/lib/chart-options.test.ts" name="buildCanalHeatmapOption &gt; tooltip formatter shows canal name and transaction count" time="0.0687891">
        </testcase>
        <testcase classname="tests/features/telecom/lib/chart-options.test.ts" name="buildCanalHeatmapOption &gt; tooltip formatter shows &apos;aucune transaction&apos; for cells with zero total" time="0.0646985">
        </testcase>
        <testcase classname="tests/features/telecom/lib/chart-options.test.ts" name="buildCanalHeatmapOption &gt; visualMap for volume mode uses primary→axisFg color range" time="0.0512778">
        </testcase>
        <testcase classname="tests/features/telecom/lib/chart-options.test.ts" name="buildCanalHeatmapOption &gt; visualMap for rate mode uses danger→warning→success color range" time="0.0578239">
        </testcase>
        <testcase classname="tests/features/telecom/lib/chart-options.test.ts" name="buildCanalHeatmapOption &gt; label formatter for rate mode returns &apos;N%&apos; when value &gt;= 0" time="0.0614991">
        </testcase>
        <testcase classname="tests/features/telecom/lib/chart-options.test.ts" name="buildCanalHeatmapOption &gt; label formatter for volume mode returns compact number when value &gt; 0" time="0.0615703">
        </testcase>
        <testcase classname="tests/features/telecom/lib/chart-options.test.ts" name="buildCanalHeatmapOption &gt; label formatter for volume mode returns empty string when value is 0" time="0.0564482">
        </testcase>
        <testcase classname="tests/features/telecom/lib/chart-options.test.ts" name="buildCanalHeatmapOption &gt; handles multiple canals across different hours" time="0.0727826">
        </testcase>
        <testcase classname="tests/features/telecom/lib/chart-options.test.ts" name="buildHourlyChartOption &gt; produces a 24-slot stacked dataset with zero-filled gaps" time="0.0707895">
        </testcase>
        <testcase classname="tests/features/telecom/lib/chart-options.test.ts" name="buildHourlyChartOption &gt; computes the &apos;Autre&apos; bucket as total minus success minus declined, floored at zero" time="0.0651731">
        </testcase>
        <testcase classname="tests/features/telecom/lib/chart-options.test.ts" name="buildHourlyChartOption &gt; omits the forecast series when no forecast is given" time="0.0916779">
        </testcase>
        <testcase classname="tests/features/telecom/lib/chart-options.test.ts" name="buildHourlyChartOption &gt; adds forecast series and extends the axis for forecast-only hours" time="0.0469906">
        </testcase>
        <testcase classname="tests/features/telecom/lib/chart-options.test.ts" name="buildHourlyChartOption &gt; tooltip formatter with no row and no forecast returns bare hour string" time="0.0563419">
        </testcase>
        <testcase classname="tests/features/telecom/lib/chart-options.test.ts" name="buildHourlyChartOption &gt; tooltip formatter with a forecast-only row renders predicted values" time="0.0442113">
        </testcase>
        <testcase classname="tests/features/telecom/lib/chart-options.test.ts" name="buildHourlyChartOption &gt; tooltip formatter with a real row renders success/failure/rate/amount" time="0.0552439">
        </testcase>
        <testcase classname="tests/features/telecom/lib/chart-options.test.ts" name="buildHourlyChartOption &gt; tooltip formatter shows forecast line when both row and forecast exist for the hour" time="0.0508503">
        </testcase>
        <testcase classname="tests/features/telecom/lib/chart-options.test.ts" name="buildHourlyChartOption &gt; tooltip formatter shows rate as dash when total is zero" time="0.049395">
        </testcase>
        <testcase classname="tests/features/telecom/lib/chart-options.test.ts" name="buildDailyTrendOption &gt; produces a chart with 5 series including bar and line types" time="0.0561099">
        </testcase>
        <testcase classname="tests/features/telecom/lib/chart-options.test.ts" name="buildDailyTrendOption &gt; maps total/success/declined to three separate stacked bar series" time="0.0501796">
        </testcase>
        <testcase classname="tests/features/telecom/lib/chart-options.test.ts" name="buildDailyTrendOption &gt; includes moving average series when maValues is non-empty" time="0.06004">
        </testcase>
        <testcase classname="tests/features/telecom/lib/chart-options.test.ts" name="buildDailyTrendOption &gt; omits moving average series when maValues is empty" time="0.0602655">
        </testcase>
        <testcase classname="tests/features/telecom/lib/chart-options.test.ts" name="buildDailyTrendOption &gt; has two y-axes (transactions and rate)" time="0.091718">
        </testcase>
        <testcase classname="tests/features/telecom/lib/chart-options.test.ts" name="buildDailyTrendOption &gt; MA series valueFormatter renders formatted number for non-null values" time="0.0537182">
        </testcase>
        <testcase classname="tests/features/telecom/lib/chart-options.test.ts" name="buildDailyTrendOption &gt; MA series valueFormatter returns dash for null values" time="0.061672">
        </testcase>
        <testcase classname="tests/features/telecom/lib/chart-options.test.ts" name="buildDailyTrendOption &gt; total series uses the neutral bar color with light border radius" time="0.113748">
        </testcase>
        <testcase classname="tests/features/telecom/lib/chart-options.test.ts" name="buildCustomerHourlyOption &gt; produces a bar chart with exactly 24 data points" time="0.0853517">
        </testcase>
        <testcase classname="tests/features/telecom/lib/chart-options.test.ts" name="buildCustomerHourlyOption &gt; highlights the peak hour with ai color and other hours with primary color" time="0.10761">
        </testcase>
        <testcase classname="tests/features/telecom/lib/chart-options.test.ts" name="buildCustomerHourlyOption &gt; fills missing hours with zero total" time="0.0832191">
        </testcase>
        <testcase classname="tests/features/telecom/lib/chart-options.test.ts" name="buildCustomerHourlyOption &gt; correctly maps the provided hourly totals to the right hour slots" time="0.0932983">
        </testcase>
        <testcase classname="tests/features/telecom/lib/chart-options.test.ts" name="buildCustomerHourlyOption &gt; uses 24-hour x-axis labels from 0h to 23h" time="0.1315931">
        </testcase>
        <testcase classname="tests/features/telecom/lib/chart-options.test.ts" name="buildCustomerHourlyOption &gt; still works when peakHour is out of bounds (no hourly entry for that hour)" time="0.0526559">
        </testcase>
    </testsuite>
    <testsuite name="tests/features/telecom/lib/daily-stats-cache.test.ts" timestamp="2026-06-25T18:28:26.013Z" hostname="Desktop" tests="26" failures="0" errors="0" skipped="0" time="0.0501935">
        <testcase classname="tests/features/telecom/lib/daily-stats-cache.test.ts" name="upsertDailyStat &gt; inserts a brand-new daily stat under its day key" time="0.0081825">
        </testcase>
        <testcase classname="tests/features/telecom/lib/daily-stats-cache.test.ts" name="upsertDailyStat &gt; defaults computedAt to Date.now() when it is omitted" time="0.0047053">
        </testcase>
        <testcase classname="tests/features/telecom/lib/daily-stats-cache.test.ts" name="upsertDailyStat &gt; preserves an explicitly supplied computedAt" time="0.0009554">
        </testcase>
        <testcase classname="tests/features/telecom/lib/daily-stats-cache.test.ts" name="upsertDailyStat &gt; treats a computedAt of 0 as explicit (does not fall back to now)" time="0.0012494">
        </testcase>
        <testcase classname="tests/features/telecom/lib/daily-stats-cache.test.ts" name="upsertDailyStat &gt; keeps the new lineage as-is when there is no existing record" time="0.0021436">
        </testcase>
        <testcase classname="tests/features/telecom/lib/daily-stats-cache.test.ts" name="upsertDailyStat &gt; merges lineage with an existing record, deduping by fileKey (newer wins)" time="0.0012807">
        </testcase>
        <testcase classname="tests/features/telecom/lib/daily-stats-cache.test.ts" name="upsertDailyStat &gt; unions distinct lineage entries and sorts them by ingestedAt ascending" time="0.0018981">
        </testcase>
        <testcase classname="tests/features/telecom/lib/daily-stats-cache.test.ts" name="upsertDailyStat &gt; does not merge when the existing record has an empty (falsy-by-truthiness) lineage absent" time="0.0009549">
        </testcase>
        <testcase classname="tests/features/telecom/lib/daily-stats-cache.test.ts" name="upsertDailyStat &gt; swallows errors silently when opening the DB fails (no throw)" time="0.0024938">
        </testcase>
        <testcase classname="tests/features/telecom/lib/daily-stats-cache.test.ts" name="upsertDailyStat &gt; resolves without throwing when the get lookup errors" time="0.0011827">
        </testcase>
        <testcase classname="tests/features/telecom/lib/daily-stats-cache.test.ts" name="upsertDailyStat &gt; still resolves when the transaction errors instead of completing" time="0.00089">
        </testcase>
        <testcase classname="tests/features/telecom/lib/daily-stats-cache.test.ts" name="upsertDailyStat &gt; swallows a synchronous throw from store.put" time="0.0011871">
        </testcase>
        <testcase classname="tests/features/telecom/lib/daily-stats-cache.test.ts" name="getDailyStat &gt; returns the stored stat for an existing day" time="0.0011376">
        </testcase>
        <testcase classname="tests/features/telecom/lib/daily-stats-cache.test.ts" name="getDailyStat &gt; returns null when the day is not present" time="0.0007702">
        </testcase>
        <testcase classname="tests/features/telecom/lib/daily-stats-cache.test.ts" name="getDailyStat &gt; returns null (not undefined) for a missing day — explicit ?? null" time="0.0010178">
        </testcase>
        <testcase classname="tests/features/telecom/lib/daily-stats-cache.test.ts" name="getDailyStat &gt; returns null when opening the DB throws/errors" time="0.0007756">
        </testcase>
        <testcase classname="tests/features/telecom/lib/daily-stats-cache.test.ts" name="getDailyStat &gt; returns null for the day when the get request errors" time="0.0008034">
        </testcase>
        <testcase classname="tests/features/telecom/lib/daily-stats-cache.test.ts" name="listDailyStats &gt; returns an empty array when the store is empty" time="0.0016908">
        </testcase>
        <testcase classname="tests/features/telecom/lib/daily-stats-cache.test.ts" name="listDailyStats &gt; returns all stored stats" time="0.0012144">
        </testcase>
        <testcase classname="tests/features/telecom/lib/daily-stats-cache.test.ts" name="listDailyStats &gt; sorts results by day descending (most recent first)" time="0.0011934">
        </testcase>
        <testcase classname="tests/features/telecom/lib/daily-stats-cache.test.ts" name="listDailyStats &gt; returns an empty array when opening the DB errors" time="0.0009323">
        </testcase>
        <testcase classname="tests/features/telecom/lib/daily-stats-cache.test.ts" name="listDailyStats &gt; returns an empty array when getAll errors" time="0.0010686">
        </testcase>
        <testcase classname="tests/features/telecom/lib/daily-stats-cache.test.ts" name="removeDailyStat &gt; deletes the stat for the given day" time="0.0013878">
        </testcase>
        <testcase classname="tests/features/telecom/lib/daily-stats-cache.test.ts" name="removeDailyStat &gt; is a no-op (no throw) when the day does not exist" time="0.0013621">
        </testcase>
        <testcase classname="tests/features/telecom/lib/daily-stats-cache.test.ts" name="removeDailyStat &gt; swallows errors silently when opening the DB fails" time="0.0012458">
        </testcase>
        <testcase classname="tests/features/telecom/lib/daily-stats-cache.test.ts" name="removeDailyStat &gt; resolves even when the transaction errors instead of completing" time="0.0011515">
        </testcase>
    </testsuite>
    <testsuite name="tests/features/telecom/lib/deck-ai.test.ts" timestamp="2026-06-25T18:28:26.017Z" hostname="Desktop" tests="55" failures="0" errors="0" skipped="0" time="0.155653">
        <testcase classname="tests/features/telecom/lib/deck-ai.test.ts" name="TelecomDeckBriefSchema &gt; parses a valid TelecomDeckBrief object" time="0.0075887">
        </testcase>
        <testcase classname="tests/features/telecom/lib/deck-ai.test.ts" name="TelecomDeckBriefSchema &gt; rejects an invalid risk value" time="0.0025124">
        </testcase>
        <testcase classname="tests/features/telecom/lib/deck-ai.test.ts" name="TelecomDeckBriefSchema &gt; rejects more than 8 keyFindings" time="0.0012623">
        </testcase>
        <testcase classname="tests/features/telecom/lib/deck-ai.test.ts" name="TelecomDeckBriefSchema &gt; rejects more than 8 recommendedActions" time="0.0008079">
        </testcase>
        <testcase classname="tests/features/telecom/lib/deck-ai.test.ts" name="TelecomDeckBriefSchema &gt; rejects more than 8 speakerNotes" time="0.00074">
        </testcase>
        <testcase classname="tests/features/telecom/lib/deck-ai.test.ts" name="TelecomDeckBriefSchema &gt; accepts all three valid risk enum values" time="0.0006727">
        </testcase>
        <testcase classname="tests/features/telecom/lib/deck-ai.test.ts" name="generateTelecomDeckBrief — no generator (local fallback) &gt; returns source=&apos;local&apos; when no generator is provided" time="0.0316246">
        </testcase>
        <testcase classname="tests/features/telecom/lib/deck-ai.test.ts" name="generateTelecomDeckBrief — no generator (local fallback) &gt; returns a valid brief object conforming to the schema" time="0.0008594">
        </testcase>
        <testcase classname="tests/features/telecom/lib/deck-ai.test.ts" name="generateTelecomDeckBrief — no generator (local fallback) &gt; includes reportDate in the executiveSummary" time="0.0010429">
        </testcase>
        <testcase classname="tests/features/telecom/lib/deck-ai.test.ts" name="generateTelecomDeckBrief — no generator (local fallback) &gt; handles empty reportDate in the executiveSummary" time="0.000579">
        </testcase>
        <testcase classname="tests/features/telecom/lib/deck-ai.test.ts" name="generateTelecomDeckBrief — no generator (local fallback) &gt; returns exactly 4 keyFindings" time="0.0332871">
        </testcase>
        <testcase classname="tests/features/telecom/lib/deck-ai.test.ts" name="generateTelecomDeckBrief — no generator (local fallback) &gt; returns exactly 4 recommendedActions" time="0.0007981">
        </testcase>
        <testcase classname="tests/features/telecom/lib/deck-ai.test.ts" name="generateTelecomDeckBrief — no generator (local fallback) &gt; returns exactly 3 speakerNotes" time="0.0007217">
        </testcase>
        <testcase classname="tests/features/telecom/lib/deck-ai.test.ts" name="buildFallbackBrief — &apos;Volume et réussite&apos; risk &gt; assigns risk=&apos;low&apos; when successRate &gt;= 90" time="0.0006145">
        </testcase>
        <testcase classname="tests/features/telecom/lib/deck-ai.test.ts" name="buildFallbackBrief — &apos;Volume et réussite&apos; risk &gt; assigns risk=&apos;low&apos; when successRate &gt; 90" time="0.0008593">
        </testcase>
        <testcase classname="tests/features/telecom/lib/deck-ai.test.ts" name="buildFallbackBrief — &apos;Volume et réussite&apos; risk &gt; assigns risk=&apos;medium&apos; when successRate is between 75 and 89.9" time="0.0005214">
        </testcase>
        <testcase classname="tests/features/telecom/lib/deck-ai.test.ts" name="buildFallbackBrief — &apos;Volume et réussite&apos; risk &gt; assigns risk=&apos;medium&apos; when successRate is exactly 75" time="0.0004193">
        </testcase>
        <testcase classname="tests/features/telecom/lib/deck-ai.test.ts" name="buildFallbackBrief — &apos;Volume et réussite&apos; risk &gt; assigns risk=&apos;high&apos; when successRate &lt; 75" time="0.0004303">
        </testcase>
        <testcase classname="tests/features/telecom/lib/deck-ai.test.ts" name="buildFallbackBrief — &apos;Volume et réussite&apos; risk &gt; assigns risk=&apos;high&apos; when successRate is 0" time="0.0003451">
        </testcase>
        <testcase classname="tests/features/telecom/lib/deck-ai.test.ts" name="buildFallbackBrief — &apos;Volume et réussite&apos; risk &gt; includes KPI data in bullets" time="0.0007084">
        </testcase>
        <testcase classname="tests/features/telecom/lib/deck-ai.test.ts" name="buildFallbackBrief — &apos;Canal dominant&apos; &gt; uses top canal label in summary when canals are present" time="0.0051578">
        </testcase>
        <testcase classname="tests/features/telecom/lib/deck-ai.test.ts" name="buildFallbackBrief — &apos;Canal dominant&apos; &gt; uses fallback summary when canals is empty" time="0.001749">
        </testcase>
        <testcase classname="tests/features/telecom/lib/deck-ai.test.ts" name="buildFallbackBrief — &apos;Canal dominant&apos; &gt; assigns risk=&apos;high&apos; for Canal dominant when topCanal.successRate &lt; 80" time="0.0006404">
        </testcase>
        <testcase classname="tests/features/telecom/lib/deck-ai.test.ts" name="buildFallbackBrief — &apos;Canal dominant&apos; &gt; assigns risk=&apos;low&apos; for Canal dominant when topCanal.successRate &gt;= 80" time="0.0005051">
        </testcase>
        <testcase classname="tests/features/telecom/lib/deck-ai.test.ts" name="buildFallbackBrief — &apos;Canal dominant&apos; &gt; assigns risk=&apos;low&apos; when canals is empty (topCanal is undefined)" time="0.0004091">
        </testcase>
        <testcase classname="tests/features/telecom/lib/deck-ai.test.ts" name="buildFallbackBrief — &apos;Point de fragilité&apos; &gt; uses weakest canal label in summary when active canals exist" time="0.0007893">
        </testcase>
        <testcase classname="tests/features/telecom/lib/deck-ai.test.ts" name="buildFallbackBrief — &apos;Point de fragilité&apos; &gt; uses fallback when all canals have total=0" time="0.0008222">
        </testcase>
        <testcase classname="tests/features/telecom/lib/deck-ai.test.ts" name="buildFallbackBrief — &apos;Point de fragilité&apos; &gt; uses fallback when canals is empty (weakestCanal is undefined)" time="0.0004941">
        </testcase>
        <testcase classname="tests/features/telecom/lib/deck-ai.test.ts" name="buildFallbackBrief — &apos;Point de fragilité&apos; &gt; assigns risk=&apos;high&apos; for Point de fragilité when weakestCanal.successRate &lt; 80" time="0.0004479">
        </testcase>
        <testcase classname="tests/features/telecom/lib/deck-ai.test.ts" name="buildFallbackBrief — &apos;Point de fragilité&apos; &gt; assigns risk=&apos;medium&apos; for Point de fragilité when weakestCanal.successRate &gt;= 80" time="0.0004277">
        </testcase>
        <testcase classname="tests/features/telecom/lib/deck-ai.test.ts" name="buildFallbackBrief — &apos;Point de fragilité&apos; &gt; assigns risk=&apos;medium&apos; when canals is empty (weakestCanal is undefined)" time="0.0003405">
        </testcase>
        <testcase classname="tests/features/telecom/lib/deck-ai.test.ts" name="buildFallbackBrief — &apos;Charge horaire&apos; &gt; includes peak hour in summary when hourly data is present" time="0.0008346">
        </testcase>
        <testcase classname="tests/features/telecom/lib/deck-ai.test.ts" name="buildFallbackBrief — &apos;Charge horaire&apos; &gt; pads single-digit hours with a leading zero" time="0.0004369">
        </testcase>
        <testcase classname="tests/features/telecom/lib/deck-ai.test.ts" name="buildFallbackBrief — &apos;Charge horaire&apos; &gt; uses fallback when hourly is empty (peakHour is undefined)" time="0.0006145">
        </testcase>
        <testcase classname="tests/features/telecom/lib/deck-ai.test.ts" name="buildFallbackBrief — recommendedActions &gt; includes weakest canal name in action 1 when weakestCanal exists" time="0.0005179">
        </testcase>
        <testcase classname="tests/features/telecom/lib/deck-ai.test.ts" name="buildFallbackBrief — recommendedActions &gt; uses generic action 1 when weakestCanal is undefined (no active canals)" time="0.0003595">
        </testcase>
        <testcase classname="tests/features/telecom/lib/deck-ai.test.ts" name="buildFallbackBrief — recommendedActions &gt; includes failure count in action 2 when failed status is found" time="0.0004111">
        </testcase>
        <testcase classname="tests/features/telecom/lib/deck-ai.test.ts" name="buildFallbackBrief — recommendedActions &gt; uses generic action 2 when no failed status is found" time="0.0003889">
        </testcase>
        <testcase classname="tests/features/telecom/lib/deck-ai.test.ts" name="buildFallbackBrief — recommendedActions &gt; matches &apos;échec&apos; case-insensitively (lowercase)" time="0.0003753">
        </testcase>
        <testcase classname="tests/features/telecom/lib/deck-ai.test.ts" name="buildFallbackBrief — recommendedActions &gt; matches &apos;ÉCHEC&apos; (uppercase) using toLowerCase()" time="0.0003903">
        </testcase>
        <testcase classname="tests/features/telecom/lib/deck-ai.test.ts" name="buildFallbackBrief — recommendedActions &gt; always includes the last two static recommended actions" time="0.0003797">
        </testcase>
        <testcase classname="tests/features/telecom/lib/deck-ai.test.ts" name="generateTelecomDeckBrief — with generator (AI path) &gt; returns source=&apos;ai&apos; when generator succeeds" time="0.0009335">
        </testcase>
        <testcase classname="tests/features/telecom/lib/deck-ai.test.ts" name="generateTelecomDeckBrief — with generator (AI path) &gt; passes correct request parameters to the generator" time="0.0011354">
        </testcase>
        <testcase classname="tests/features/telecom/lib/deck-ai.test.ts" name="generateTelecomDeckBrief — with generator (AI path) &gt; includes the payload JSON in the prompt" time="0.0005482">
        </testcase>
        <testcase classname="tests/features/telecom/lib/deck-ai.test.ts" name="generateTelecomDeckBrief — with generator (AI path) &gt; falls back to local brief when generator throws" time="0.018971">
        </testcase>
        <testcase classname="tests/features/telecom/lib/deck-ai.test.ts" name="generateTelecomDeckBrief — with generator (AI path) &gt; logs the error with the expected prefix when generator throws" time="0.0060756">
        </testcase>
        <testcase classname="tests/features/telecom/lib/deck-ai.test.ts" name="generateTelecomDeckBrief — with generator (AI path) &gt; slices canals to max 12 in the payload" time="0.0011311">
        </testcase>
        <testcase classname="tests/features/telecom/lib/deck-ai.test.ts" name="generateTelecomDeckBrief — with generator (AI path) &gt; passes system prompt in French about offline analysis" time="0.0005767">
        </testcase>
        <testcase classname="tests/features/telecom/lib/deck-ai.test.ts" name="generateTelecomDeckBrief — payload canal mapping &gt; maps all canal fields correctly in the payload" time="0.0008766">
        </testcase>
        <testcase classname="tests/features/telecom/lib/deck-ai.test.ts" name="generateTelecomDeckBrief — edge cases &gt; returns local fallback when no generator is passed (undefined)" time="0.0003952">
        </testcase>
        <testcase classname="tests/features/telecom/lib/deck-ai.test.ts" name="generateTelecomDeckBrief — edge cases &gt; handles a canal with exactly successRate=80 — Canal dominant risk=&apos;low&apos;" time="0.0003435">
        </testcase>
        <testcase classname="tests/features/telecom/lib/deck-ai.test.ts" name="generateTelecomDeckBrief — edge cases &gt; handles a canal with successRate=79.9 — Canal dominant risk=&apos;high&apos;" time="0.0006519">
        </testcase>
        <testcase classname="tests/features/telecom/lib/deck-ai.test.ts" name="generateTelecomDeckBrief — edge cases &gt; handles all canals with zero total — weakestCanal is undefined" time="0.0005825">
        </testcase>
        <testcase classname="tests/features/telecom/lib/deck-ai.test.ts" name="generateTelecomDeckBrief — edge cases &gt; handles status matching &apos;échec&apos; in middle of string" time="0.0004586">
        </testcase>
        <testcase classname="tests/features/telecom/lib/deck-ai.test.ts" name="generateTelecomDeckBrief — edge cases &gt; handles single hourly row correctly" time="0.0004638">
        </testcase>
    </testsuite>
    <testsuite name="tests/features/telecom/lib/insights.test.ts" timestamp="2026-06-25T18:28:26.023Z" hostname="Desktop" tests="58" failures="0" errors="0" skipped="0" time="0.3550056">
        <testcase classname="tests/features/telecom/lib/insights.test.ts" name="detectHourlyAnomalies — sort comparator exercised &gt; sorts multiple anomalies in descending absolute-z-score order (exercises line 29)" time="0.0191643">
        </testcase>
        <testcase classname="tests/features/telecom/lib/insights.test.ts" name="detectHourlyAnomalies — sigma === 0 early return &gt; returns empty array when all hourly totals are identical (sigma = 0)" time="0.0074117">
        </testcase>
        <testcase classname="tests/features/telecom/lib/insights.test.ts" name="linearRegression — non-finite guard &gt; handles a two-point line that yields a clean finite slope" time="0.0025569">
        </testcase>
        <testcase classname="tests/features/telecom/lib/insights.test.ts" name="linearRegression — non-finite guard &gt; returns slope=0 intercept=mean(y) when denom is zero (all same x)" time="0.000683">
        </testcase>
        <testcase classname="tests/features/telecom/lib/insights.test.ts" name="linearRegression — non-finite guard &gt; returns slope=0 intercept=0 for empty points array (pts[0] is undefined)" time="0.0006239">
        </testcase>
        <testcase classname="tests/features/telecom/lib/insights.test.ts" name="linearRegression — non-finite guard &gt; returns slope=0 intercept from single point (pts[0]?.[1] defined)" time="0.0005942">
        </testcase>
        <testcase classname="tests/features/telecom/lib/insights.test.ts" name="linearRegression — non-finite guard &gt; falls back to slope=0 intercept=mean(y) when NaN arises from overflow (lines 63-64)" time="0.0004854">
        </testcase>
        <testcase classname="tests/features/telecom/lib/insights.test.ts" name="generateNarrative — additional branches &gt; uses health word &apos;modérée&apos; for success rate 80–89% (line 90–91)" time="0.0727925">
        </testcase>
        <testcase classname="tests/features/telecom/lib/insights.test.ts" name="generateNarrative — additional branches &gt; uses health word &apos;bonne&apos; for success rate 90–96%" time="0.0012103">
        </testcase>
        <testcase classname="tests/features/telecom/lib/insights.test.ts" name="generateNarrative — additional branches &gt; skips best/worst sentence when best and worst have the same key (line 100)" time="0.0106877">
        </testcase>
        <testcase classname="tests/features/telecom/lib/insights.test.ts" name="generateNarrative — additional branches &gt; includes instanceCount sentence when instanceCount &gt; 0 (line 124–128)" time="0.0018505">
        </testcase>
        <testcase classname="tests/features/telecom/lib/insights.test.ts" name="generateNarrative — additional branches &gt; skips instanceCount sentence when instanceCount is 0" time="0.0011328">
        </testcase>
        <testcase classname="tests/features/telecom/lib/insights.test.ts" name="generateNarrative — additional branches &gt; skips peak-hour sentence when there are no hourly rows" time="0.0161311">
        </testcase>
        <testcase classname="tests/features/telecom/lib/insights.test.ts" name="generateNarrative — additional branches &gt; skips topRev sentence when there are no canal rows" time="0.001561">
        </testcase>
        <testcase classname="tests/features/telecom/lib/insights.test.ts" name="generateNarrative — additional branches &gt; omits worst canal from narrative when no canal has total &gt; 50" time="0.0060271">
        </testcase>
        <testcase classname="tests/features/telecom/lib/insights.test.ts" name="computeAIInsights — unclassified success warning (line 169) &gt; emits unclassified_success warning when classifiedSuccess &gt; 0 but many are unclassified" time="0.0139386">
        </testcase>
        <testcase classname="tests/features/telecom/lib/insights.test.ts" name="computeAIInsights — health_warn (80 ≤ rate &lt; 90, line 196) &gt; emits a warning insight when success rate is between 80% and 89%" time="0.0069526">
        </testcase>
        <testcase classname="tests/features/telecom/lib/insights.test.ts" name="computeAIInsights — failure_concentration insight &gt; emits critical failure_concentration when failShare &gt; 60% and declined &gt;= 50" time="0.006129">
        </testcase>
        <testcase classname="tests/features/telecom/lib/insights.test.ts" name="computeAIInsights — failure_concentration insight &gt; emits warning failure_concentration when failShare is 35–60% and declined &gt;= 50" time="0.0051431">
        </testcase>
        <testcase classname="tests/features/telecom/lib/insights.test.ts" name="computeAIInsights — canal_worst severity branches &gt; emits critical canal_worst when worst success rate is below 80%" time="0.0038757">
        </testcase>
        <testcase classname="tests/features/telecom/lib/insights.test.ts" name="computeAIInsights — canal_worst severity branches &gt; emits warning canal_worst when worst success rate is 80–89%" time="0.0140199">
        </testcase>
        <testcase classname="tests/features/telecom/lib/insights.test.ts" name="computeAIInsights — peak hour fail rate branches &gt; emits warning peak_hour when fail rate at peak is above 10%" time="0.0023356">
        </testcase>
        <testcase classname="tests/features/telecom/lib/insights.test.ts" name="computeAIInsights — peak hour fail rate branches &gt; emits info peak_hour when fail rate at peak is below 10%" time="0.0072402">
        </testcase>
        <testcase classname="tests/features/telecom/lib/insights.test.ts" name="computeAIInsights — instance backlog (pendShare &gt; 5) &gt; emits instance insight when instance share exceeds 5%" time="0.001658">
        </testcase>
        <testcase classname="tests/features/telecom/lib/insights.test.ts" name="computeAIInsights — instance backlog (pendShare &gt; 5) &gt; does not emit instance insight when instance share is below 5%" time="0.0211428">
        </testcase>
        <testcase classname="tests/features/telecom/lib/insights.test.ts" name="computeAIInsights — OTHER status diversity severity (otherShare &gt; 2 vs &lt;= 2) &gt; emits info severity when OTHER share is &lt;= 2%" time="0.0014328">
        </testcase>
        <testcase classname="tests/features/telecom/lib/insights.test.ts" name="computeAIInsights — OTHER status diversity severity (otherShare &gt; 2 vs &lt;= 2) &gt; emits warning severity when OTHER share is &gt; 2%" time="0.0100982">
        </testcase>
        <testcase classname="tests/features/telecom/lib/insights.test.ts" name="computeAIInsights — unresolved backlog severity branches &gt; emits critical unresolved_backlog when share &gt; 15%" time="0.0023956">
        </testcase>
        <testcase classname="tests/features/telecom/lib/insights.test.ts" name="computeAIInsights — unresolved backlog severity branches &gt; emits warning unresolved_backlog when share is 8–15%" time="0.0022164">
        </testcase>
        <testcase classname="tests/features/telecom/lib/insights.test.ts" name="computeAIInsights — hourly anomaly insight (lines 312–313) &gt; emits hourly_anomaly and exercises sort comparator when multiple anomalies exist" time="0.0078045">
        </testcase>
        <testcase classname="tests/features/telecom/lib/insights.test.ts" name="computeAIInsights — hourly anomaly insight (lines 312–313) &gt; emits hourly_anomaly with warning severity for z-score &gt;= 3 (spike)" time="0.0044881">
        </testcase>
        <testcase classname="tests/features/telecom/lib/insights.test.ts" name="computeAIInsights — hourly anomaly insight (lines 312–313) &gt; emits hourly_anomaly with info severity for z-score 2–3 (drop)" time="0.0044685">
        </testcase>
        <testcase classname="tests/features/telecom/lib/insights.test.ts" name="computeAIInsights — hourly anomaly insight (lines 312–313) &gt; emits hourly_anomaly with type drop when a below-mean hour has z &gt;= 2" time="0.0017468">
        </testcase>
        <testcase classname="tests/features/telecom/lib/insights.test.ts" name="computeAIInsights — status_sync_gap not triggered when close enough &gt; does not emit status_sync_gap when the status total is within tolerance" time="0.0007919">
        </testcase>
        <testcase classname="tests/features/telecom/lib/insights.test.ts" name="computeAIInsights — no canal_worst when no significant canals &gt; skips canal_worst when all canals have total &lt;= 100" time="0.0010329">
        </testcase>
        <testcase classname="tests/features/telecom/lib/insights.test.ts" name="computeAIInsights — reduce comparator both ternary branches (line 208) &gt; exercises reduce ternary &apos;c&apos; path when later canal has lower rate than accumulator" time="0.0024876">
        </testcase>
        <testcase classname="tests/features/telecom/lib/insights.test.ts" name="computeAIInsights — reduce comparator both ternary branches (line 208) &gt; exercises reduce ternary &apos;b&apos; path when accumulator is already worst" time="0.0035363">
        </testcase>
        <testcase classname="tests/features/telecom/lib/insights.test.ts" name="computeAIInsights — failLeader.declined === 0 branch (lines 222-224) &gt; skips failure_concentration when declinedCount &gt; 0 but failLeader.declined = 0" time="0.0008761">
        </testcase>
        <testcase classname="tests/features/telecom/lib/insights.test.ts" name="generateNarrative — topErrorCode ternary both branches (line 118-120) &gt; includes the error code in the declined sentence when topErrorCode is set and not N/A" time="0.000889">
        </testcase>
        <testcase classname="tests/features/telecom/lib/insights.test.ts" name="generateNarrative — topErrorCode ternary both branches (line 118-120) &gt; omits the error code phrase when topErrorCode is N/A" time="0.001332">
        </testcase>
        <testcase classname="tests/features/telecom/lib/insights.test.ts" name="generateNarrative — topErrorCode ternary both branches (line 118-120) &gt; omits the error code phrase when topErrorCode is an empty string" time="0.0010781">
        </testcase>
        <testcase classname="tests/features/telecom/lib/insights.test.ts" name="generateNarrative — topErrorCode ternary both branches (line 118-120) &gt; does not include declined sentence when declinedCount is 0 (line 118 false branch)" time="0.0008757">
        </testcase>
        <testcase classname="tests/features/telecom/lib/insights.test.ts" name="generateNarrative — all four healthWord branches &gt; emits &apos;excellente&apos; for successRate &gt;= 97" time="0.0009049">
        </testcase>
        <testcase classname="tests/features/telecom/lib/insights.test.ts" name="generateNarrative — all four healthWord branches &gt; emits &apos;bonne&apos; for 90 &lt;= successRate &lt; 97" time="0.001019">
        </testcase>
        <testcase classname="tests/features/telecom/lib/insights.test.ts" name="generateNarrative — all four healthWord branches &gt; emits &apos;modérée&apos; for 80 &lt;= successRate &lt; 90" time="0.0008903">
        </testcase>
        <testcase classname="tests/features/telecom/lib/insights.test.ts" name="generateNarrative — all four healthWord branches &gt; emits &apos;mauvaise&apos; for successRate &lt; 80" time="0.0007202">
        </testcase>
        <testcase classname="tests/features/telecom/lib/insights.test.ts" name="generateNarrative — all four healthWord branches &gt; falls back to &apos;today&apos; when reportDate is empty string (falsy path of line 77)" time="0.0080485">
        </testcase>
        <testcase classname="tests/features/telecom/lib/insights.test.ts" name="computeAIInsights — reversal not triggered below threshold &gt; does not emit reversal when refundCount is 0" time="0.0041532">
        </testcase>
        <testcase classname="tests/features/telecom/lib/insights.test.ts" name="computeCanalRiskScore — additional coverage &gt; applies zero concentration bonus exactly at share=40" time="0.002109">
        </testcase>
        <testcase classname="tests/features/telecom/lib/insights.test.ts" name="computeCanalRiskScore — additional coverage &gt; applies non-zero concentration bonus above share=40" time="0.0004719">
        </testcase>
        <testcase classname="tests/features/telecom/lib/insights.test.ts" name="generateNarrative — peak hour and topRev sentences &gt; includes the peak hour sentence when hourly data is provided (line 107)" time="0.0016005">
        </testcase>
        <testcase classname="tests/features/telecom/lib/insights.test.ts" name="generateNarrative — peak hour and topRev sentences &gt; includes the topRev sentence when canal data is provided" time="0.0014419">
        </testcase>
        <testcase classname="tests/features/telecom/lib/insights.test.ts" name="generateNarrative — peak hour and topRev sentences &gt; includes best/worst contrast sentence when best.key !== worst.key and worst canal has total &gt; 50 (lines 81, 101)" time="0.0016875">
        </testcase>
        <testcase classname="tests/features/telecom/lib/insights.test.ts" name="computeAIInsights — t === 0 early return (line 144) &gt; returns empty list immediately when totalTransactions is zero" time="0.0009751">
        </testcase>
        <testcase classname="tests/features/telecom/lib/insights.test.ts" name="computeAIInsights — status_sync_gap emitted (line 149) &gt; emits status_sync_gap when statusTotal differs from kpi.totalTransactions by more than 0.5%" time="0.001428">
        </testcase>
        <testcase classname="tests/features/telecom/lib/insights.test.ts" name="computeAIInsights — no_spec_channel_match emitted (line 161) &gt; emits no_spec_channel_match when successCount &gt; 0 and all canal success = 0" time="0.001545">
        </testcase>
        <testcase classname="tests/features/telecom/lib/insights.test.ts" name="computeAIInsights — reversal insight emitted (lines 257–259) &gt; emits reversal warning when refundCount &gt; 0 and refund share &gt; 2%" time="0.0011385">
        </testcase>
        <testcase classname="tests/features/telecom/lib/insights.test.ts" name="computeAIInsights — reversal insight emitted (lines 257–259) &gt; does not emit reversal when refundCount &gt; 0 but refund share is exactly 2% or below" time="0.0010707">
        </testcase>
    </testsuite>
    <testsuite name="tests/features/telecom/lib/names.test.ts" timestamp="2026-06-25T18:28:26.029Z" hostname="Desktop" tests="12" failures="0" errors="0" skipped="0" time="0.0154197">
        <testcase classname="tests/features/telecom/lib/names.test.ts" name="telecom/lib/names — constants &gt; exports TELECOM_TABLE_BASE as the base table name" time="0.0039378">
        </testcase>
        <testcase classname="tests/features/telecom/lib/names.test.ts" name="telecom/lib/names — constants &gt; exports TELECOM_ANALYTICS_DB" time="0.0006445">
        </testcase>
        <testcase classname="tests/features/telecom/lib/names.test.ts" name="telecom/lib/names — constants &gt; exports TELECOM_ANALYTICS_STORE" time="0.0004474">
        </testcase>
        <testcase classname="tests/features/telecom/lib/names.test.ts" name="telecom/lib/names — constants &gt; exports TELECOM_SOURCE_STORE" time="0.0004038">
        </testcase>
        <testcase classname="tests/features/telecom/lib/names.test.ts" name="telecom/lib/names — constants &gt; exports TELECOM_SOURCE_META_STORE" time="0.0003323">
        </testcase>
        <testcase classname="tests/features/telecom/lib/names.test.ts" name="telecom/lib/names — constants &gt; exports TELECOM_ANALYTICS_DB_VERSION as a number" time="0.0002983">
        </testcase>
        <testcase classname="tests/features/telecom/lib/names.test.ts" name="telecom/lib/names — constants &gt; exports TELECOM_META_VFS" time="0.0002537">
        </testcase>
        <testcase classname="tests/features/telecom/lib/names.test.ts" name="telecomTableName &gt; returns the base table name when called with index 0 (explicit)" time="0.0003999">
        </testcase>
        <testcase classname="tests/features/telecom/lib/names.test.ts" name="telecomTableName &gt; returns the base table name when called with no argument (default parameter = 0)" time="0.0003685">
        </testcase>
        <testcase classname="tests/features/telecom/lib/names.test.ts" name="telecomTableName &gt; returns a suffixed name when called with a positive index" time="0.0002719">
        </testcase>
        <testcase classname="tests/features/telecom/lib/names.test.ts" name="telecomTableName &gt; returns a suffixed name for index 2" time="0.000235">
        </testcase>
        <testcase classname="tests/features/telecom/lib/names.test.ts" name="telecomTableName &gt; returns a suffixed name for a large index" time="0.000181">
        </testcase>
    </testsuite>
    <testsuite name="tests/features/telecom/lib/period-queries.test.ts" timestamp="2026-06-25T18:28:26.030Z" hostname="Desktop" tests="50" failures="0" errors="0" skipped="0" time="0.0649675">
        <testcase classname="tests/features/telecom/lib/period-queries.test.ts" name="SUB_STATUS_DEFS &gt; exposes the six configured sub-status groups in order" time="0.0063774">
        </testcase>
        <testcase classname="tests/features/telecom/lib/period-queries.test.ts" name="SUB_STATUS_DEFS &gt; maps HOLD and DOUBT groups to the INSTANCE parent" time="0.0028289">
        </testcase>
        <testcase classname="tests/features/telecom/lib/period-queries.test.ts" name="SUB_STATUS_DEFS &gt; wires the spec status codes into the matching parents" time="0.0006597">
        </testcase>
        <testcase classname="tests/features/telecom/lib/period-queries.test.ts" name="fetchPeriodKPI &gt; computes successRate as success/total*100 from the raw-table branch" time="0.0030386">
        </testcase>
        <testcase classname="tests/features/telecom/lib/period-queries.test.ts" name="fetchPeriodKPI &gt; returns successRate 0 when total is 0 (division-by-zero guard)" time="0.0008182">
        </testcase>
        <testcase classname="tests/features/telecom/lib/period-queries.test.ts" name="fetchPeriodKPI &gt; coerces missing/non-numeric aggregate fields to 0 via safeNum" time="0.0007628">
        </testcase>
        <testcase classname="tests/features/telecom/lib/period-queries.test.ts" name="fetchPeriodKPI &gt; queries the enriched view (not the raw table) when enrichment is available" time="0.0007224">
        </testcase>
        <testcase classname="tests/features/telecom/lib/period-queries.test.ts" name="fetchPeriodKPI &gt; falls back to the raw table when the enriched query throws" time="0.0014392">
        </testcase>
        <testcase classname="tests/features/telecom/lib/period-queries.test.ts" name="fetchPeriodKPI &gt; returns null when the enriched branch yields no rows" time="0.0005605">
        </testcase>
        <testcase classname="tests/features/telecom/lib/period-queries.test.ts" name="fetchPeriodKPI &gt; returns null when the raw-table branch yields no rows" time="0.0008188">
        </testcase>
        <testcase classname="tests/features/telecom/lib/period-queries.test.ts" name="fetchPeriodKPI &gt; returns null when the raw-table query throws (catch path)" time="0.0007253">
        </testcase>
        <testcase classname="tests/features/telecom/lib/period-queries.test.ts" name="fetchPeriodKPI &gt; embeds the date-range filter built from the mapping column" time="0.0005655">
        </testcase>
        <testcase classname="tests/features/telecom/lib/period-queries.test.ts" name="fetchSubStatusBreakdown &gt; computes share as count/total*100 and resolves the parent group" time="0.0019836">
        </testcase>
        <testcase classname="tests/features/telecom/lib/period-queries.test.ts" name="fetchSubStatusBreakdown &gt; maps INSTANCE sub-codes (HOLD/DOUBT) back to the INSTANCE parent" time="0.00064">
        </testcase>
        <testcase classname="tests/features/telecom/lib/period-queries.test.ts" name="fetchSubStatusBreakdown &gt; labels an unknown code&apos;s parent as OTHER" time="0.0004263">
        </testcase>
        <testcase classname="tests/features/telecom/lib/period-queries.test.ts" name="fetchSubStatusBreakdown &gt; treats a null code as empty string with OTHER parent and zero share when total is 0" time="0.0004637">
        </testcase>
        <testcase classname="tests/features/telecom/lib/period-queries.test.ts" name="fetchSubStatusBreakdown &gt; returns an empty array when the query yields no rows" time="0.0003964">
        </testcase>
        <testcase classname="tests/features/telecom/lib/period-queries.test.ts" name="fetchSubStatusBreakdown &gt; returns an empty array when the query throws (catch path)" time="0.0003912">
        </testcase>
        <testcase classname="tests/features/telecom/lib/period-queries.test.ts" name="fetchSubStatusBreakdown &gt; builds an IN-list of all configured sub-status codes" time="0.0004871">
        </testcase>
        <testcase classname="tests/features/telecom/lib/period-queries.test.ts" name="fetchTopAccounts &gt; maps rows and computes per-account successRate" time="0.0028626">
        </testcase>
        <testcase classname="tests/features/telecom/lib/period-queries.test.ts" name="fetchTopAccounts &gt; guards successRate against zero total and stringifies null fields" time="0.0007586">
        </testcase>
        <testcase classname="tests/features/telecom/lib/period-queries.test.ts" name="fetchTopAccounts &gt; orders by amount and applies the default limit of 25" time="0.0005343">
        </testcase>
        <testcase classname="tests/features/telecom/lib/period-queries.test.ts" name="fetchTopAccounts &gt; orders by total and honours a custom limit when by=&apos;count&apos;" time="0.0004017">
        </testcase>
        <testcase classname="tests/features/telecom/lib/period-queries.test.ts" name="fetchTopAccounts &gt; returns an empty array when the query throws" time="0.0004358">
        </testcase>
        <testcase classname="tests/features/telecom/lib/period-queries.test.ts" name="fetchDayBuckets &gt; maps day buckets and truncates the day string to 10 chars (YYYY-MM-DD)" time="0.0008738">
        </testcase>
        <testcase classname="tests/features/telecom/lib/period-queries.test.ts" name="fetchDayBuckets &gt; coerces a null day to empty string and missing numbers to 0" time="0.0004193">
        </testcase>
        <testcase classname="tests/features/telecom/lib/period-queries.test.ts" name="fetchDayBuckets &gt; returns an empty array when the query throws" time="0.0004895">
        </testcase>
        <testcase classname="tests/features/telecom/lib/period-queries.test.ts" name="fetchAvailableDays &gt; returns only well-formed 10-char day strings" time="0.0006983">
        </testcase>
        <testcase classname="tests/features/telecom/lib/period-queries.test.ts" name="fetchAvailableDays &gt; works without an explicit mapping (defaults to TRANSACTION_DATE)" time="0.0004807">
        </testcase>
        <testcase classname="tests/features/telecom/lib/period-queries.test.ts" name="fetchAvailableDays &gt; returns an empty array when the query throws" time="0.000462">
        </testcase>
        <testcase classname="tests/features/telecom/lib/period-queries.test.ts" name="fetchCanalHourPeriod &gt; maps canal-hour cells with numeric coercion" time="0.0010376">
        </testcase>
        <testcase classname="tests/features/telecom/lib/period-queries.test.ts" name="fetchCanalHourPeriod &gt; coerces null canal to empty string and null numbers to 0" time="0.0005768">
        </testcase>
        <testcase classname="tests/features/telecom/lib/period-queries.test.ts" name="fetchCanalHourPeriod &gt; excludes the &apos;Other&apos; canal and constrains the hour to 0..23 in SQL" time="0.0004862">
        </testcase>
        <testcase classname="tests/features/telecom/lib/period-queries.test.ts" name="fetchCanalHourPeriod &gt; returns an empty array when the query throws" time="0.0005706">
        </testcase>
        <testcase classname="tests/features/telecom/lib/period-queries.test.ts" name="fetchBrandBreakdown &gt; maps brand rows and computes successRate" time="0.0010946">
        </testcase>
        <testcase classname="tests/features/telecom/lib/period-queries.test.ts" name="fetchBrandBreakdown &gt; guards successRate against zero total and coerces null brand fields" time="0.000598">
        </testcase>
        <testcase classname="tests/features/telecom/lib/period-queries.test.ts" name="fetchBrandBreakdown &gt; applies the default LIMIT 30 and a custom limit" time="0.0005368">
        </testcase>
        <testcase classname="tests/features/telecom/lib/period-queries.test.ts" name="fetchBrandBreakdown &gt; returns an empty array when the query throws" time="0.0004911">
        </testcase>
        <testcase classname="tests/features/telecom/lib/period-queries.test.ts" name="fetchAnomalies &gt; skips canals with fewer than 3 cells (insufficient sample)" time="0.0010423">
        </testcase>
        <testcase classname="tests/features/telecom/lib/period-queries.test.ts" name="fetchAnomalies &gt; flags a success-rate collapse with z &lt;= -2 and a French reason" time="0.0014426">
        </testcase>
        <testcase classname="tests/features/telecom/lib/period-queries.test.ts" name="fetchAnomalies &gt; flags a volume spike with z &gt;= 2.5 (&apos;Pic de volume&apos;)" time="0.0009987">
        </testcase>
        <testcase classname="tests/features/telecom/lib/period-queries.test.ts" name="fetchAnomalies &gt; returns no anomalies when all cells are statistically identical (sd=0)" time="0.000698">
        </testcase>
        <testcase classname="tests/features/telecom/lib/period-queries.test.ts" name="fetchAnomalies &gt; sorts anomalies by descending z and caps the result at 50" time="0.0050493">
        </testcase>
        <testcase classname="tests/features/telecom/lib/period-queries.test.ts" name="fetchAnomalies &gt; returns an empty array when the underlying query throws" time="0.0043668">
        </testcase>
        <testcase classname="tests/features/telecom/lib/period-queries.test.ts" name="fetchRowCount &gt; returns the COUNT(*) scalar from the first row" time="0.000604">
        </testcase>
        <testcase classname="tests/features/telecom/lib/period-queries.test.ts" name="fetchRowCount &gt; returns 0 when there are no rows" time="0.000331">
        </testcase>
        <testcase classname="tests/features/telecom/lib/period-queries.test.ts" name="fetchRowCount &gt; returns 0 when the query throws" time="0.0004927">
        </testcase>
        <testcase classname="tests/features/telecom/lib/period-queries.test.ts" name="fetchRowCountForDay &gt; returns the row count for the requested day" time="0.0014291">
        </testcase>
        <testcase classname="tests/features/telecom/lib/period-queries.test.ts" name="fetchRowCountForDay &gt; returns 0 when no rows match" time="0.0005254">
        </testcase>
        <testcase classname="tests/features/telecom/lib/period-queries.test.ts" name="fetchRowCountForDay &gt; returns 0 when the query throws" time="0.0005509">
        </testcase>
    </testsuite>
    <testsuite name="tests/features/telecom/lib/queries.test.ts" timestamp="2026-06-25T18:28:26.036Z" hostname="Desktop" tests="99" failures="0" errors="0" skipped="0" time="0.1176849">
        <testcase classname="tests/features/telecom/lib/queries.test.ts" name="enrichedViewName / dailyAggTableName &gt; derives the enriched view name by suffixing _enriched" time="0.0042598">
        </testcase>
        <testcase classname="tests/features/telecom/lib/queries.test.ts" name="enrichedViewName / dailyAggTableName &gt; derives the daily aggregate name by suffixing _daily" time="0.0007078">
        </testcase>
        <testcase classname="tests/features/telecom/lib/queries.test.ts" name="enrichedViewName / dailyAggTableName &gt; suffixes an empty base name without throwing" time="0.0004746">
        </testcase>
        <testcase classname="tests/features/telecom/lib/queries.test.ts" name="CANAL_KEY_TO_LABEL &gt; maps every canal key to a non-empty, unique label" time="0.0006385">
        </testcase>
        <testcase classname="tests/features/telecom/lib/queries.test.ts" name="ensureTelecomEnrichedView &gt; always resolves false (renderer DuckDB is read-only) without issuing a query" time="0.001077">
        </testcase>
        <testcase classname="tests/features/telecom/lib/queries.test.ts" name="fetchKPI &gt; maps the raw-table aggregate row into a KPISummary" time="0.0036905">
        </testcase>
        <testcase classname="tests/features/telecom/lib/queries.test.ts" name="fetchKPI &gt; defaults topErrorCode to &apos;N/A&apos; when top_error is missing" time="0.0009584">
        </testcase>
        <testcase classname="tests/features/telecom/lib/queries.test.ts" name="fetchKPI &gt; runs the raw-table fallback (enriched view is disabled) over the base table" time="0.0010692">
        </testcase>
        <testcase classname="tests/features/telecom/lib/queries.test.ts" name="fetchKPI &gt; returns null when the raw query yields no rows" time="0.0006945">
        </testcase>
        <testcase classname="tests/features/telecom/lib/queries.test.ts" name="fetchKPI &gt; returns null when the raw query throws (catch path)" time="0.0008826">
        </testcase>
        <testcase classname="tests/features/telecom/lib/queries.test.ts" name="fetchRawCanalSummaries &gt; maps a known canal label to its key and derives successRate + share" time="0.0032602">
        </testcase>
        <testcase classname="tests/features/telecom/lib/queries.test.ts" name="fetchRawCanalSummaries &gt; drops rows whose canal_group is not a recognised label (e.g. &apos;Other&apos;)" time="0.000893">
        </testcase>
        <testcase classname="tests/features/telecom/lib/queries.test.ts" name="fetchRawCanalSummaries &gt; falls back to summing row totals for share when totalTx is 0" time="0.0008357">
        </testcase>
        <testcase classname="tests/features/telecom/lib/queries.test.ts" name="fetchRawCanalSummaries &gt; guards successRate (0) when a canal has zero total" time="0.0005871">
        </testcase>
        <testcase classname="tests/features/telecom/lib/queries.test.ts" name="fetchRawCanalSummaries &gt; returns an empty array when the query throws" time="0.0019196">
        </testcase>
        <testcase classname="tests/features/telecom/lib/queries.test.ts" name="fetchHourly &gt; maps hourly rows with numeric coercion" time="0.0013032">
        </testcase>
        <testcase classname="tests/features/telecom/lib/queries.test.ts" name="fetchHourly &gt; coerces null fields to 0" time="0.0006535">
        </testcase>
        <testcase classname="tests/features/telecom/lib/queries.test.ts" name="fetchHourly &gt; constrains the hour to 0..23 in SQL" time="0.0004816">
        </testcase>
        <testcase classname="tests/features/telecom/lib/queries.test.ts" name="fetchHourly &gt; returns an empty array when the query throws" time="0.0005258">
        </testcase>
        <testcase classname="tests/features/telecom/lib/queries.test.ts" name="fetchStatusBreakdown &gt; maps status rows and coerces count/amount" time="0.0009696">
        </testcase>
        <testcase classname="tests/features/telecom/lib/queries.test.ts" name="fetchStatusBreakdown &gt; labels a null status as UNKNOWN" time="0.0005987">
        </testcase>
        <testcase classname="tests/features/telecom/lib/queries.test.ts" name="fetchStatusBreakdown &gt; returns an empty array when the query throws" time="0.0005221">
        </testcase>
        <testcase classname="tests/features/telecom/lib/queries.test.ts" name="fetchOperators &gt; concatenates source and destination rows with the right accountType" time="0.0015198">
        </testcase>
        <testcase classname="tests/features/telecom/lib/queries.test.ts" name="fetchOperators &gt; still returns source rows when the destination query throws (missing column)" time="0.000925">
        </testcase>
        <testcase classname="tests/features/telecom/lib/queries.test.ts" name="fetchOperators &gt; guards successRate when total is 0 and stringifies a null operator" time="0.0005706">
        </testcase>
        <testcase classname="tests/features/telecom/lib/queries.test.ts" name="fetchOperators &gt; returns an empty array when the source query throws" time="0.0005146">
        </testcase>
        <testcase classname="tests/features/telecom/lib/queries.test.ts" name="fetchOperatorsForGroup &gt; maps rows with source accountType and computes successRate" time="0.0011239">
        </testcase>
        <testcase classname="tests/features/telecom/lib/queries.test.ts" name="fetchOperatorsForGroup &gt; embeds the group labels as SQL string literals in an IN-list" time="0.0006119">
        </testcase>
        <testcase classname="tests/features/telecom/lib/queries.test.ts" name="fetchOperatorsForGroup &gt; returns an empty array when the query throws" time="0.0006871">
        </testcase>
        <testcase classname="tests/features/telecom/lib/queries.test.ts" name="fetchDestinationsForGroup &gt; maps rows with destination accountType" time="0.0009859">
        </testcase>
        <testcase classname="tests/features/telecom/lib/queries.test.ts" name="fetchDestinationsForGroup &gt; returns an empty array when the query throws" time="0.0005599">
        </testcase>
        <testcase classname="tests/features/telecom/lib/queries.test.ts" name="fetchRegionsForGroup &gt; maps region rows with numeric coercion" time="0.0009393">
        </testcase>
        <testcase classname="tests/features/telecom/lib/queries.test.ts" name="fetchRegionsForGroup &gt; stringifies a null region to empty string" time="0.0005044">
        </testcase>
        <testcase classname="tests/features/telecom/lib/queries.test.ts" name="fetchRegionsForGroup &gt; returns an empty array when the query throws" time="0.0005672">
        </testcase>
        <testcase classname="tests/features/telecom/lib/queries.test.ts" name="fetchRegions &gt; maps region rows and excludes empty/NULL region strings in SQL" time="0.0038973">
        </testcase>
        <testcase classname="tests/features/telecom/lib/queries.test.ts" name="fetchRegions &gt; returns an empty array when the query throws" time="0.0006421">
        </testcase>
        <testcase classname="tests/features/telecom/lib/queries.test.ts" name="fetchCanalHourly &gt; maps hourly rows for a canal key" time="0.0009761">
        </testcase>
        <testcase classname="tests/features/telecom/lib/queries.test.ts" name="fetchCanalHourly &gt; returns an empty array when the query throws" time="0.0005416">
        </testcase>
        <testcase classname="tests/features/telecom/lib/queries.test.ts" name="fetchCanalHourlyMatrix &gt; maps canal-hour cells and excludes &apos;Other&apos; in SQL" time="0.0011302">
        </testcase>
        <testcase classname="tests/features/telecom/lib/queries.test.ts" name="fetchCanalHourlyMatrix &gt; coerces a null canal to empty string" time="0.0007792">
        </testcase>
        <testcase classname="tests/features/telecom/lib/queries.test.ts" name="fetchCanalHourlyMatrix &gt; returns an empty array when the query throws" time="0.0005409">
        </testcase>
        <testcase classname="tests/features/telecom/lib/queries.test.ts" name="fetchDailyTrend &gt; maps daily rows and truncates the day to YYYY-MM-DD (10 chars)" time="0.001126">
        </testcase>
        <testcase classname="tests/features/telecom/lib/queries.test.ts" name="fetchDailyTrend &gt; returns an empty array when fewer than 2 distinct days are present (single-day guard)" time="0.0004917">
        </testcase>
        <testcase classname="tests/features/telecom/lib/queries.test.ts" name="fetchDailyTrend &gt; returns an empty array when there are zero rows" time="0.0004737">
        </testcase>
        <testcase classname="tests/features/telecom/lib/queries.test.ts" name="fetchDailyTrend &gt; returns an empty array when the query throws" time="0.0005276">
        </testcase>
        <testcase classname="tests/features/telecom/lib/queries.test.ts" name="fetchCustomerProfile &gt; aggregates a customer profile, hourly histogram, and recent rows" time="0.0020112">
        </testcase>
        <testcase classname="tests/features/telecom/lib/queries.test.ts" name="fetchCustomerProfile &gt; embeds the msisdn as an escaped SQL literal (single quote doubled)" time="0.0009528">
        </testcase>
        <testcase classname="tests/features/telecom/lib/queries.test.ts" name="fetchCustomerProfile &gt; returns null when the aggregate query yields no rows" time="0.0008158">
        </testcase>
        <testcase classname="tests/features/telecom/lib/queries.test.ts" name="fetchCustomerProfile &gt; returns null when any of the parallel queries throws" time="0.0007153">
        </testcase>
        <testcase classname="tests/features/telecom/lib/queries.test.ts" name="fetchCustomerProfile &gt; falls back to the supplied msisdn when the aggregate omits identity fields" time="0.0007491">
        </testcase>
        <testcase classname="tests/features/telecom/lib/queries.test.ts" name="fetchCanalRows &gt; returns raw rows verbatim and applies the default limit of 100" time="0.0007234">
        </testcase>
        <testcase classname="tests/features/telecom/lib/queries.test.ts" name="fetchCanalRows &gt; honours a custom limit" time="0.00046">
        </testcase>
        <testcase classname="tests/features/telecom/lib/queries.test.ts" name="fetchCanalRows &gt; returns an empty array when the query throws" time="0.0004893">
        </testcase>
        <testcase classname="tests/features/telecom/lib/queries.test.ts" name="fetchFilteredCount &gt; returns the COUNT scalar from the first row" time="0.0008668">
        </testcase>
        <testcase classname="tests/features/telecom/lib/queries.test.ts" name="fetchFilteredCount &gt; emits no WHERE clause when no filter is active" time="0.0004926">
        </testcase>
        <testcase classname="tests/features/telecom/lib/queries.test.ts" name="fetchFilteredCount &gt; builds a WHERE clause from each active filter field" time="0.0007931">
        </testcase>
        <testcase classname="tests/features/telecom/lib/queries.test.ts" name="fetchFilteredCount &gt; returns 0 when the query throws" time="0.0009812">
        </testcase>
        <testcase classname="tests/features/telecom/lib/queries.test.ts" name="fetchFilteredPage &gt; returns the page rows and applies LIMIT/OFFSET defaults" time="0.0009669">
        </testcase>
        <testcase classname="tests/features/telecom/lib/queries.test.ts" name="fetchFilteredPage &gt; emits an ORDER BY only when a sort column is supplied" time="0.0009187">
        </testcase>
        <testcase classname="tests/features/telecom/lib/queries.test.ts" name="fetchFilteredPage &gt; defaults the sort direction to DESC for any non-&apos;asc&apos; value" time="0.0005207">
        </testcase>
        <testcase classname="tests/features/telecom/lib/queries.test.ts" name="fetchFilteredPage &gt; returns an empty array when the query throws" time="0.0009763">
        </testcase>
        <testcase classname="tests/features/telecom/lib/queries.test.ts" name="fetchFiltered &gt; returns rows and total from the parallel count+page queries" time="0.0013907">
        </testcase>
        <testcase classname="tests/features/telecom/lib/queries.test.ts" name="fetchFiltered &gt; returns empty rows and total 0 when a query throws" time="0.0008301">
        </testcase>
        <testcase classname="tests/features/telecom/lib/queries.test.ts" name="detectAvailableColumns &gt; returns the column_name list from a DESCRIBE" time="0.001203">
        </testcase>
        <testcase classname="tests/features/telecom/lib/queries.test.ts" name="detectAvailableColumns &gt; coerces a missing column_name to empty string" time="0.0009666">
        </testcase>
        <testcase classname="tests/features/telecom/lib/queries.test.ts" name="detectAvailableColumns &gt; returns an empty array when the query throws" time="0.0005382">
        </testcase>
        <testcase classname="tests/features/telecom/lib/queries.test.ts" name="fetchDistinctStatuses &gt; maps raw status codes with count/amount" time="0.0052272">
        </testcase>
        <testcase classname="tests/features/telecom/lib/queries.test.ts" name="fetchDistinctStatuses &gt; coerces a null raw_code to empty string" time="0.0005207">
        </testcase>
        <testcase classname="tests/features/telecom/lib/queries.test.ts" name="fetchDistinctStatuses &gt; returns an empty array when the query throws" time="0.0006103">
        </testcase>
        <testcase classname="tests/features/telecom/lib/queries.test.ts" name="fetchSpecChannelStats &gt; returns an empty result + zero total when no channels are supplied" time="0.0009312">
        </testcase>
        <testcase classname="tests/features/telecom/lib/queries.test.ts" name="fetchSpecChannelStats &gt; maps per-channel n_i/m_i columns and sums the grand total" time="0.0010229">
        </testcase>
        <testcase classname="tests/features/telecom/lib/queries.test.ts" name="fetchSpecChannelStats &gt; emits a per-channel COUNT/SUM FILTER for each channel condition" time="0.0006684">
        </testcase>
        <testcase classname="tests/features/telecom/lib/queries.test.ts" name="fetchSpecChannelStats &gt; threads the date filter into the WHERE clause when both bounds are present" time="0.0042847">
        </testcase>
        <testcase classname="tests/features/telecom/lib/queries.test.ts" name="fetchSpecChannelStats &gt; returns zeroed per-channel rows + zero total when the query throws" time="0.0009113">
        </testcase>
        <testcase classname="tests/features/telecom/lib/queries.test.ts" name="fetchSpecChannelStats &gt; coerces missing aggregate columns to 0 (empty result row)" time="0.0006145">
        </testcase>
        <testcase classname="tests/features/telecom/lib/queries.test.ts" name="fetchSpecStatusStats &gt; maps the four spec status rows and the in-scope grand total" time="0.0013756">
        </testcase>
        <testcase classname="tests/features/telecom/lib/queries.test.ts" name="fetchSpecStatusStats &gt; uses COUNT(*) (no channel scope) for the total when channels is empty" time="0.0007043">
        </testcase>
        <testcase classname="tests/features/telecom/lib/queries.test.ts" name="fetchSpecStatusStats &gt; scopes the total by the channel OR-list when channels are supplied" time="0.0006152">
        </testcase>
        <testcase classname="tests/features/telecom/lib/queries.test.ts" name="fetchSpecStatusStats &gt; returns empty rows + zero total when the query throws (logged catch path)" time="0.0022117">
        </testcase>
        <testcase classname="tests/features/telecom/lib/queries.test.ts" name="fetchSpecStatusStats &gt; coerces a missing total_all column to 0" time="0.0006405">
        </testcase>
        <testcase classname="tests/features/telecom/lib/queries.test.ts" name="fetchSpecUnitAmountStats &gt; maps unit-amount buckets and reduces to a TOTAL row" time="0.0010819">
        </testcase>
        <testcase classname="tests/features/telecom/lib/queries.test.ts" name="fetchSpecUnitAmountStats &gt; coerces a null unit_amount to &apos;0&apos;" time="0.0004308">
        </testcase>
        <testcase classname="tests/features/telecom/lib/queries.test.ts" name="fetchSpecUnitAmountStats &gt; returns empty rows + zero total when the query throws (logged catch path)" time="0.000821">
        </testcase>
        <testcase classname="tests/features/telecom/lib/queries.test.ts" name="fetchSpecUnitAmountStats &gt; scopes the query by the channel OR-list when channels are supplied" time="0.000427">
        </testcase>
        <testcase classname="tests/features/telecom/lib/queries.test.ts" name="fetchServiceCodeRows &gt; maps service-code rows with matched canal" time="0.0018229">
        </testcase>
        <testcase classname="tests/features/telecom/lib/queries.test.ts" name="fetchServiceCodeRows &gt; defaults matchedCanal to &apos;Other&apos; and stringifies null code/category" time="0.0005272">
        </testcase>
        <testcase classname="tests/features/telecom/lib/queries.test.ts" name="fetchServiceCodeRows &gt; returns an empty array when the query throws" time="0.0004696">
        </testcase>
        <testcase classname="tests/features/telecom/lib/queries.test.ts" name="runCustomKPIExpr &gt; wraps the caller expression in a SELECT ... AS val and returns the scalar" time="0.0007357">
        </testcase>
        <testcase classname="tests/features/telecom/lib/queries.test.ts" name="runCustomKPIExpr &gt; returns 0 (via safeNum) when the result row has no value" time="0.0004931">
        </testcase>
        <testcase classname="tests/features/telecom/lib/queries.test.ts" name="runCustomKPIExpr &gt; RE-THROWS when the query fails (unlike the other fetchers which swallow)" time="0.0037622">
        </testcase>
        <testcase classname="tests/features/telecom/lib/queries.test.ts" name="createTelecomEnrichedView &gt; issues a CREATE OR REPLACE TABLE for the enriched view with derived columns" time="0.0012561">
        </testcase>
        <testcase classname="tests/features/telecom/lib/queries.test.ts" name="createTelecomEnrichedView &gt; propagates the (rejected) write error from the read-only channel" time="0.0009076">
        </testcase>
        <testcase classname="tests/features/telecom/lib/queries.test.ts" name="createTelecomDailyAgg &gt; issues a CREATE OR REPLACE TABLE grouping the enriched view by day/canal/status" time="0.0006749">
        </testcase>
        <testcase classname="tests/features/telecom/lib/queries.test.ts" name="French-decimal money bug (characterization) &gt; KPI money still uses the locale-naive TRY_CAST(... AS DOUBLE), not a comma-aware parse" time="0.0005957">
        </testcase>
        <testcase classname="tests/features/telecom/lib/queries.test.ts" name="French-decimal money bug (characterization) &gt; fetchHourly sums money via the unguarded DOUBLE cast (no comma normalisation)" time="0.000622">
        </testcase>
        <testcase classname="tests/features/telecom/lib/queries.test.ts" name="French-decimal money bug (characterization) &gt; fetchStatusBreakdown sums money via the unguarded DOUBLE cast (no comma normalisation)" time="0.0004628">
        </testcase>
        <testcase classname="tests/features/telecom/lib/queries.test.ts" name="French-decimal money bug (characterization) &gt; fetchRegions sums money via the unguarded DOUBLE cast (no comma normalisation)" time="0.000473">
        </testcase>
        <testcase classname="tests/features/telecom/lib/queries.test.ts" name="French-decimal money bug (characterization) &gt; fetchDistinctStatuses sums money via the unguarded DOUBLE cast (no comma normalisation)" time="0.0003827">
        </testcase>
        <testcase classname="tests/features/telecom/lib/queries.test.ts" name="French-decimal money bug (characterization) &gt; passes whatever the DOUBLE cast yields straight through safeNum (NULL → 0)" time="0.0017438">
        </testcase>
    </testsuite>
    <testsuite name="tests/features/telecom/lib/report-engine.test.ts" timestamp="2026-06-25T18:28:26.047Z" hostname="Desktop" tests="83" failures="0" errors="0" skipped="0" time="0.0834227">
        <testcase classname="tests/features/telecom/lib/report-engine.test.ts" name="REPORT_TABLE &gt; equals &apos;telecom_transactions&apos; (the canonical base table name)" time="0.0041905">
        </testcase>
        <testcase classname="tests/features/telecom/lib/report-engine.test.ts" name="TRANSACTION_COLUMNS &gt; contains at least 50 column names (covers all declared pipe-delimited fields)" time="0.0007964">
        </testcase>
        <testcase classname="tests/features/telecom/lib/report-engine.test.ts" name="TRANSACTION_COLUMNS &gt; starts with ACCOUNT_ID and ends with EXTRA_INFO5" time="0.0005061">
        </testcase>
        <testcase classname="tests/features/telecom/lib/report-engine.test.ts" name="TRANSACTION_COLUMNS &gt; includes core transaction identity columns" time="0.0023826">
        </testcase>
        <testcase classname="tests/features/telecom/lib/report-engine.test.ts" name="TRANSACTION_COLUMNS &gt; has all unique column names (no duplicates)" time="0.0005002">
        </testcase>
        <testcase classname="tests/features/telecom/lib/report-engine.test.ts" name="STATUS_MAP &gt; has entries for all six expected status categories" time="0.0010118">
        </testcase>
        <testcase classname="tests/features/telecom/lib/report-engine.test.ts" name="STATUS_MAP &gt; SUCCESS maps to the label &apos;Réussie&apos;" time="0.0004578">
        </testcase>
        <testcase classname="tests/features/telecom/lib/report-engine.test.ts" name="STATUS_MAP &gt; REFUND maps to the label &apos;Annulation&apos;" time="0.0003418">
        </testcase>
        <testcase classname="tests/features/telecom/lib/report-engine.test.ts" name="STATUS_MAP &gt; DECLINED maps to the label &apos;Echec&apos;" time="0.0003576">
        </testcase>
        <testcase classname="tests/features/telecom/lib/report-engine.test.ts" name="STATUS_MAP &gt; SUBMITTED maps to the label &apos;Confirmé&apos;" time="0.0004919">
        </testcase>
        <testcase classname="tests/features/telecom/lib/report-engine.test.ts" name="STATUS_MAP &gt; each category has a non-empty subStatuses array" time="0.0009131">
        </testcase>
        <testcase classname="tests/features/telecom/lib/report-engine.test.ts" name="BILL_PAYMENT_CHANNELS &gt; contains exactly 5 channels" time="0.0010579">
        </testcase>
        <testcase classname="tests/features/telecom/lib/report-engine.test.ts" name="BILL_PAYMENT_CHANNELS &gt; first channel is IZIPAY" time="0.0002696">
        </testcase>
        <testcase classname="tests/features/telecom/lib/report-engine.test.ts" name="BILL_PAYMENT_CHANNELS &gt; last channel is KASHY" time="0.0002495">
        </testcase>
        <testcase classname="tests/features/telecom/lib/report-engine.test.ts" name="BILL_PAYMENT_CHANNELS &gt; every channel has a non-empty name and condition" time="0.0005314">
        </testcase>
        <testcase classname="tests/features/telecom/lib/report-engine.test.ts" name="RECHARGE_VOICE_FIXED_TTCASH &gt; contains more than 10 channels" time="0.0002903">
        </testcase>
        <testcase classname="tests/features/telecom/lib/report-engine.test.ts" name="RECHARGE_VOICE_FIXED_TTCASH &gt; includes Espaces TT and MyTT" time="0.0004681">
        </testcase>
        <testcase classname="tests/features/telecom/lib/report-engine.test.ts" name="RECHARGE_VOICE_FIXED_VOUCHER &gt; contains 6 channels" time="0.0003232">
        </testcase>
        <testcase classname="tests/features/telecom/lib/report-engine.test.ts" name="RECHARGE_VOICE_FIXED_VOUCHER &gt; includes USSD 123 and CallCenter/XV" time="0.0004483">
        </testcase>
        <testcase classname="tests/features/telecom/lib/report-engine.test.ts" name="RECHARGE_VOICE_MOBILE_TTCASH &gt; contains more than 15 channels" time="0.0003025">
        </testcase>
        <testcase classname="tests/features/telecom/lib/report-engine.test.ts" name="RECHARGE_VOICE_MOBILE_TTCASH &gt; includes DTOne and Bonus DTone channels" time="0.0003976">
        </testcase>
        <testcase classname="tests/features/telecom/lib/report-engine.test.ts" name="RECHARGE_VOICE_MOBILE_VOUCHER &gt; contains 6 channels" time="0.0004118">
        </testcase>
        <testcase classname="tests/features/telecom/lib/report-engine.test.ts" name="RECHARGE_DATA_SABBA &gt; contains more than 5 channels" time="0.0002788">
        </testcase>
        <testcase classname="tests/features/telecom/lib/report-engine.test.ts" name="RECHARGE_DATA_SABBA &gt; includes TOPNET and MYTT channels" time="0.0004812">
        </testcase>
        <testcase classname="tests/features/telecom/lib/report-engine.test.ts" name="RECHARGE_DATA_EVOUCHER &gt; contains exactly 1 channel (USSD 227)" time="0.0004883">
        </testcase>
        <testcase classname="tests/features/telecom/lib/report-engine.test.ts" name="VOUCHER_FOR_PAYMENT &gt; contains exactly 3 channels" time="0.0004243">
        </testcase>
        <testcase classname="tests/features/telecom/lib/report-engine.test.ts" name="VOUCHER_FOR_PAYMENT &gt; includes generation, redemption and refund entries" time="0.0005467">
        </testcase>
        <testcase classname="tests/features/telecom/lib/report-engine.test.ts" name="CREDIT_TRANSFER &gt; contains exactly 4 channels" time="0.00045">
        </testcase>
        <testcase classname="tests/features/telecom/lib/report-engine.test.ts" name="CREDIT_TRANSFER &gt; first channel is Credit Transfer" time="0.0002704">
        </testcase>
        <testcase classname="tests/features/telecom/lib/report-engine.test.ts" name="EVOUCHER_ON_DEMAND_GENERATION &gt; contains 8 channels" time="0.000382">
        </testcase>
        <testcase classname="tests/features/telecom/lib/report-engine.test.ts" name="EVOUCHER_ON_DEMAND_GENERATION &gt; includes MyTT, AZIZA and USSD 170" time="0.0005133">
        </testcase>
        <testcase classname="tests/features/telecom/lib/report-engine.test.ts" name="VOUCHER_CONVERGENT_CARTE_GENERATION &gt; has exactly 1 channel" time="0.0005047">
        </testcase>
        <testcase classname="tests/features/telecom/lib/report-engine.test.ts" name="VOUCHER_CONVERGENT_CARTE_ACTIVATION &gt; has exactly 2 channels (activation + annulation)" time="0.0010015">
        </testcase>
        <testcase classname="tests/features/telecom/lib/report-engine.test.ts" name="VOUCHER_CONVERGENT (spread) &gt; equals the concatenation of EVOUCHER_ON_DEMAND_GENERATION + CARTE_GENERATION + CARTE_ACTIVATION" time="0.0011451">
        </testcase>
        <testcase classname="tests/features/telecom/lib/report-engine.test.ts" name="REPORT_SECTIONS &gt; contains 12 sections" time="0.000592">
        </testcase>
        <testcase classname="tests/features/telecom/lib/report-engine.test.ts" name="REPORT_SECTIONS &gt; each section has an id, title and non-empty channels array" time="0.0023434">
        </testcase>
        <testcase classname="tests/features/telecom/lib/report-engine.test.ts" name="REPORT_SECTIONS &gt; first section is bill-payment" time="0.0004746">
        </testcase>
        <testcase classname="tests/features/telecom/lib/report-engine.test.ts" name="REPORT_SECTIONS &gt; section ids are unique" time="0.0004409">
        </testcase>
        <testcase classname="tests/features/telecom/lib/report-engine.test.ts" name="REPORT_SECTIONS &gt; contains the credit-transfer section" time="0.0004691">
        </testcase>
        <testcase classname="tests/features/telecom/lib/report-engine.test.ts" name="getStatusSummary &gt; returns correct numeric counts from parallel query results" time="0.0012167">
        </testcase>
        <testcase classname="tests/features/telecom/lib/report-engine.test.ts" name="getStatusSummary &gt; fires exactly 5 queries (success, refund, instance, declined, total)" time="0.0006842">
        </testcase>
        <testcase classname="tests/features/telecom/lib/report-engine.test.ts" name="getStatusSummary &gt; falls back to 0 for any field when the result row is missing cnt" time="0.000471">
        </testcase>
        <testcase classname="tests/features/telecom/lib/report-engine.test.ts" name="getStatusSummary &gt; falls back to 0 when the result array is empty" time="0.0004378">
        </testcase>
        <testcase classname="tests/features/telecom/lib/report-engine.test.ts" name="getStatusSummary &gt; references the report table in each query" time="0.0036955">
        </testcase>
        <testcase classname="tests/features/telecom/lib/report-engine.test.ts" name="getStatusSummary &gt; queries use COUNT(*) with a status filter (not bare SELECT *)" time="0.0006047">
        </testcase>
        <testcase classname="tests/features/telecom/lib/report-engine.test.ts" name="getStatusSummary &gt; coerces BigInt-style cnt values via Number()" time="0.0010695">
        </testcase>
        <testcase classname="tests/features/telecom/lib/report-engine.test.ts" name="getChannelStats — happy paths &gt; returns one row per channel with correct nombre and montant" time="0.0031366">
        </testcase>
        <testcase classname="tests/features/telecom/lib/report-engine.test.ts" name="getChannelStats — happy paths &gt; accumulates correct grand totals" time="0.0005745">
        </testcase>
        <testcase classname="tests/features/telecom/lib/report-engine.test.ts" name="getChannelStats — happy paths &gt; fires one query per channel in order" time="0.000483">
        </testcase>
        <testcase classname="tests/features/telecom/lib/report-engine.test.ts" name="getChannelStats — happy paths &gt; falls back nombre and montant to 0 when the row is empty" time="0.0004366">
        </testcase>
        <testcase classname="tests/features/telecom/lib/report-engine.test.ts" name="getChannelStats — happy paths &gt; returns empty rows and zero totals for an empty channels array" time="0.0011289">
        </testcase>
        <testcase classname="tests/features/telecom/lib/report-engine.test.ts" name="getChannelStats — date filters &gt; emits no date clause when both dateFrom and dateTo are undefined" time="0.0005617">
        </testcase>
        <testcase classname="tests/features/telecom/lib/report-engine.test.ts" name="getChannelStats — date filters &gt; emits a BETWEEN clause when both dateFrom and dateTo are supplied" time="0.0004836">
        </testcase>
        <testcase classname="tests/features/telecom/lib/report-engine.test.ts" name="getChannelStats — date filters &gt; emits a &gt;= clause when only dateFrom is supplied" time="0.0003894">
        </testcase>
        <testcase classname="tests/features/telecom/lib/report-engine.test.ts" name="getChannelStats — date filters &gt; emits a &lt;= clause when only dateTo is supplied" time="0.0021861">
        </testcase>
        <testcase classname="tests/features/telecom/lib/report-engine.test.ts" name="getChannelStats — date filters &gt; uses the STRPTIME format %Y-%m-%d to parse the date bounds" time="0.001236">
        </testcase>
        <testcase classname="tests/features/telecom/lib/report-engine.test.ts" name="getChannelStats — date filters &gt; uses TRY_STRPTIME on TRANSACTION_DATE to parse row dates" time="0.0006476">
        </testcase>
        <testcase classname="tests/features/telecom/lib/report-engine.test.ts" name="getTopTransactionsByAmount &gt; returns rows verbatim from the underlying query" time="0.000686">
        </testcase>
        <testcase classname="tests/features/telecom/lib/report-engine.test.ts" name="getTopTransactionsByAmount &gt; uses default limit of 20" time="0.0003983">
        </testcase>
        <testcase classname="tests/features/telecom/lib/report-engine.test.ts" name="getTopTransactionsByAmount &gt; honours a custom limit" time="0.0003498">
        </testcase>
        <testcase classname="tests/features/telecom/lib/report-engine.test.ts" name="getTopTransactionsByAmount &gt; queries the report table ordered by ORIGINAL_AMOUNT DESC" time="0.000358">
        </testcase>
        <testcase classname="tests/features/telecom/lib/report-engine.test.ts" name="getTopTransactionsByAmount &gt; filters by the success status IN-list" time="0.0004481">
        </testcase>
        <testcase classname="tests/features/telecom/lib/report-engine.test.ts" name="getHourlyDistribution &gt; maps query rows to {hour, count, amount} with numeric coercion" time="0.001181">
        </testcase>
        <testcase classname="tests/features/telecom/lib/report-engine.test.ts" name="getHourlyDistribution &gt; coerces null fields to 0" time="0.0005784">
        </testcase>
        <testcase classname="tests/features/telecom/lib/report-engine.test.ts" name="getHourlyDistribution &gt; returns an empty array when the query returns no rows" time="0.0004637">
        </testcase>
        <testcase classname="tests/features/telecom/lib/report-engine.test.ts" name="getHourlyDistribution &gt; uses EXTRACT(HOUR FROM ...) and GROUP BY 1 ORDER BY 1" time="0.000526">
        </testcase>
        <testcase classname="tests/features/telecom/lib/report-engine.test.ts" name="getHourlyDistribution &gt; sums ORIGINAL_AMOUNT using COALESCE+SUM with TRY_CAST" time="0.0004496">
        </testcase>
        <testcase classname="tests/features/telecom/lib/report-engine.test.ts" name="getHourlyDistribution &gt; filters by the success status list" time="0.0004612">
        </testcase>
        <testcase classname="tests/features/telecom/lib/report-engine.test.ts" name="loadReportCSV — happy path &gt; writes the CSV content to a local file via writeLocalFile" time="0.0021193">
        </testcase>
        <testcase classname="tests/features/telecom/lib/report-engine.test.ts" name="loadReportCSV — happy path &gt; calls localDataPath with a path under imports/" time="0.0011161">
        </testcase>
        <testcase classname="tests/features/telecom/lib/report-engine.test.ts" name="loadReportCSV — happy path &gt; calls registerLocalDatasetFile with hasHeader=true, delimiter=&apos;,&apos;, previewLimit=100" time="0.0006609">
        </testcase>
        <testcase classname="tests/features/telecom/lib/report-engine.test.ts" name="loadReportCSV — happy path &gt; returns the correct shape from the dataset registration" time="0.0010469">
        </testcase>
        <testcase classname="tests/features/telecom/lib/report-engine.test.ts" name="loadReportCSV — happy path &gt; does NOT call createTelecomEnrichedView when no mapping is provided" time="0.0005419">
        </testcase>
        <testcase classname="tests/features/telecom/lib/report-engine.test.ts" name="loadReportCSV — with column mapping &gt; calls createTelecomEnrichedView with the viewName and mapping when mapping is supplied" time="0.000617">
        </testcase>
        <testcase classname="tests/features/telecom/lib/report-engine.test.ts" name="loadReportCSV — with column mapping &gt; still returns the full result even when createTelecomEnrichedView throws" time="0.0071136">
        </testcase>
        <testcase classname="tests/features/telecom/lib/report-engine.test.ts" name="loadReportCSV — display name generation &gt; generates a unique display name on each invocation (using Date.now())" time="0.0011642">
        </testcase>
        <testcase classname="tests/features/telecom/lib/report-engine.test.ts" name="getStatusSummary — SQL filter correctness &gt; success query contains known success status codes (PST, PST1)" time="0.0011658">
        </testcase>
        <testcase classname="tests/features/telecom/lib/report-engine.test.ts" name="getStatusSummary — SQL filter correctness &gt; refund query contains known refund status codes (RFD)" time="0.0008767">
        </testcase>
        <testcase classname="tests/features/telecom/lib/report-engine.test.ts" name="getStatusSummary — SQL filter correctness &gt; instance query contains known hold status codes (HLD)" time="0.0011345">
        </testcase>
        <testcase classname="tests/features/telecom/lib/report-engine.test.ts" name="getStatusSummary — SQL filter correctness &gt; declined query contains known declined status codes (DCL)" time="0.0011503">
        </testcase>
        <testcase classname="tests/features/telecom/lib/report-engine.test.ts" name="getChannelStats — SQL content validation &gt; includes COALESCE(SUM(TRY_CAST(ORIGINAL_AMOUNT AS DOUBLE)), 0) for montant" time="0.0005298">
        </testcase>
        <testcase classname="tests/features/telecom/lib/report-engine.test.ts" name="getChannelStats — SQL content validation &gt; embeds the channel condition in the WHERE clause" time="0.0004937">
        </testcase>
        <testcase classname="tests/features/telecom/lib/report-engine.test.ts" name="getChannelStats — SQL content validation &gt; queries the report table" time="0.0005577">
        </testcase>
    </testsuite>
    <testsuite name="tests/features/telecom/lib/revenue-groups.test.ts" timestamp="2026-06-25T18:28:26.057Z" hostname="Desktop" tests="32" failures="0" errors="0" skipped="0" time="0.0278511">
        <testcase classname="tests/features/telecom/lib/revenue-groups.test.ts" name="REVENUE_GROUPS — top-level shape &gt; is a plain object (Record)" time="0.0040014">
        </testcase>
        <testcase classname="tests/features/telecom/lib/revenue-groups.test.ts" name="REVENUE_GROUPS — top-level shape &gt; has exactly 5 top-level keys" time="0.0020048">
        </testcase>
        <testcase classname="tests/features/telecom/lib/revenue-groups.test.ts" name="REVENUE_GROUPS — top-level shape &gt; contains the expected group names" time="0.0016825">
        </testcase>
        <testcase classname="tests/features/telecom/lib/revenue-groups.test.ts" name="REVENUE_GROUPS — top-level shape &gt; every group has a non-empty keys array" time="0.0010749">
        </testcase>
        <testcase classname="tests/features/telecom/lib/revenue-groups.test.ts" name="REVENUE_GROUPS — top-level shape &gt; every group has a non-empty color string" time="0.0009329">
        </testcase>
        <testcase classname="tests/features/telecom/lib/revenue-groups.test.ts" name="REVENUE_GROUPS — top-level shape &gt; every color starts with &apos;#&apos; (hex format)" time="0.0007444">
        </testcase>
        <testcase classname="tests/features/telecom/lib/revenue-groups.test.ts" name="REVENUE_GROUPS — Bill Payment &gt; exists" time="0.0003533">
        </testcase>
        <testcase classname="tests/features/telecom/lib/revenue-groups.test.ts" name="REVENUE_GROUPS — Bill Payment &gt; has exactly one key: bill_payment" time="0.0017853">
        </testcase>
        <testcase classname="tests/features/telecom/lib/revenue-groups.test.ts" name="REVENUE_GROUPS — Bill Payment &gt; has color #89b4fa" time="0.0004384">
        </testcase>
        <testcase classname="tests/features/telecom/lib/revenue-groups.test.ts" name="REVENUE_GROUPS — Recharge &gt; exists" time="0.000299">
        </testcase>
        <testcase classname="tests/features/telecom/lib/revenue-groups.test.ts" name="REVENUE_GROUPS — Recharge &gt; has exactly 6 keys" time="0.0004561">
        </testcase>
        <testcase classname="tests/features/telecom/lib/revenue-groups.test.ts" name="REVENUE_GROUPS — Recharge &gt; contains voice_fixed_ttcash" time="0.0003742">
        </testcase>
        <testcase classname="tests/features/telecom/lib/revenue-groups.test.ts" name="REVENUE_GROUPS — Recharge &gt; contains voice_fixed_voucher" time="0.0003792">
        </testcase>
        <testcase classname="tests/features/telecom/lib/revenue-groups.test.ts" name="REVENUE_GROUPS — Recharge &gt; contains voice_mobile_ttcash" time="0.0003627">
        </testcase>
        <testcase classname="tests/features/telecom/lib/revenue-groups.test.ts" name="REVENUE_GROUPS — Recharge &gt; contains voice_mobile_voucher" time="0.0003379">
        </testcase>
        <testcase classname="tests/features/telecom/lib/revenue-groups.test.ts" name="REVENUE_GROUPS — Recharge &gt; contains data_sabba" time="0.0003051">
        </testcase>
        <testcase classname="tests/features/telecom/lib/revenue-groups.test.ts" name="REVENUE_GROUPS — Recharge &gt; contains data_evoucher" time="0.0002879">
        </testcase>
        <testcase classname="tests/features/telecom/lib/revenue-groups.test.ts" name="REVENUE_GROUPS — Recharge &gt; has color #a6e3a1" time="0.0002574">
        </testcase>
        <testcase classname="tests/features/telecom/lib/revenue-groups.test.ts" name="REVENUE_GROUPS — Recharge &gt; keys match the full expected array in order" time="0.0004747">
        </testcase>
        <testcase classname="tests/features/telecom/lib/revenue-groups.test.ts" name="REVENUE_GROUPS — Voucher For Payment &gt; exists" time="0.0002403">
        </testcase>
        <testcase classname="tests/features/telecom/lib/revenue-groups.test.ts" name="REVENUE_GROUPS — Voucher For Payment &gt; has exactly one key: voucher_for_payment" time="0.0002613">
        </testcase>
        <testcase classname="tests/features/telecom/lib/revenue-groups.test.ts" name="REVENUE_GROUPS — Voucher For Payment &gt; has color #94e2d5" time="0.0002487">
        </testcase>
        <testcase classname="tests/features/telecom/lib/revenue-groups.test.ts" name="REVENUE_GROUPS — Credit Transfer &gt; exists" time="0.0002337">
        </testcase>
        <testcase classname="tests/features/telecom/lib/revenue-groups.test.ts" name="REVENUE_GROUPS — Credit Transfer &gt; has exactly one key: credit_transfer" time="0.0002592">
        </testcase>
        <testcase classname="tests/features/telecom/lib/revenue-groups.test.ts" name="REVENUE_GROUPS — Credit Transfer &gt; has color #fab387" time="0.000255">
        </testcase>
        <testcase classname="tests/features/telecom/lib/revenue-groups.test.ts" name="REVENUE_GROUPS — Voucher Convergent &gt; exists" time="0.0002582">
        </testcase>
        <testcase classname="tests/features/telecom/lib/revenue-groups.test.ts" name="REVENUE_GROUPS — Voucher Convergent &gt; has exactly one key: voucher_convergent" time="0.0002871">
        </testcase>
        <testcase classname="tests/features/telecom/lib/revenue-groups.test.ts" name="REVENUE_GROUPS — Voucher Convergent &gt; has color #cba6f7" time="0.0002012">
        </testcase>
        <testcase classname="tests/features/telecom/lib/revenue-groups.test.ts" name="REVENUE_GROUPS — CanalKey union coverage &gt; collectively contains all 10 CanalKey values across groups" time="0.0005697">
        </testcase>
        <testcase classname="tests/features/telecom/lib/revenue-groups.test.ts" name="REVENUE_GROUPS — CanalKey union coverage &gt; has no duplicate keys across all groups" time="0.0002834">
        </testcase>
        <testcase classname="tests/features/telecom/lib/revenue-groups.test.ts" name="REVENUE_GROUPS — CanalKey union coverage &gt; total key count across all groups is 10" time="0.0003238">
        </testcase>
        <testcase classname="tests/features/telecom/lib/revenue-groups.test.ts" name="REVENUE_GROUPS — color uniqueness &gt; no two groups share the same color" time="0.0002669">
        </testcase>
    </testsuite>
    <testsuite name="tests/features/telecom/lib/sql.test.ts" timestamp="2026-06-25T18:28:26.060Z" hostname="Desktop" tests="66" failures="0" errors="0" skipped="0" time="0.1716585">
        <testcase classname="tests/features/telecom/lib/sql.test.ts" name="exported constants &gt; BUILTIN_STATUS_CODES is re-exported and contains success codes" time="0.0116397">
        </testcase>
        <testcase classname="tests/features/telecom/lib/sql.test.ts" name="exported constants &gt; SEMANTIC_TO_CATEGORY is re-exported and maps known semantics" time="0.002209">
        </testcase>
        <testcase classname="tests/features/telecom/lib/sql.test.ts" name="qc — safe identifier quoting &gt; wraps a plain column name in double quotes" time="0.0008541">
        </testcase>
        <testcase classname="tests/features/telecom/lib/sql.test.ts" name="qc — safe identifier quoting &gt; preserves spaces and mixed case inside the quotes" time="0.0005776">
        </testcase>
        <testcase classname="tests/features/telecom/lib/sql.test.ts" name="qc — safe identifier quoting &gt; doubles EVERY embedded double quote" time="0.0027332">
        </testcase>
        <testcase classname="tests/features/telecom/lib/sql.test.ts" name="qc — safe identifier quoting &gt; throws a TypeError on an empty string (falsy col branch)" time="0.010804">
        </testcase>
        <testcase classname="tests/features/telecom/lib/sql.test.ts" name="qc — safe identifier quoting &gt; throws a TypeError on null (falsy col branch)" time="0.0005725">
        </testcase>
        <testcase classname="tests/features/telecom/lib/sql.test.ts" name="qc — safe identifier quoting &gt; throws a TypeError on undefined (falsy col branch)" time="0.000392">
        </testcase>
        <testcase classname="tests/features/telecom/lib/sql.test.ts" name="qc — safe identifier quoting &gt; throws a TypeError on a non-string (typeof branch)" time="0.0009949">
        </testcase>
        <testcase classname="tests/features/telecom/lib/sql.test.ts" name="qc — safe identifier quoting &gt; throws on identifiers containing a semicolon" time="0.0010855">
        </testcase>
        <testcase classname="tests/features/telecom/lib/sql.test.ts" name="qc — safe identifier quoting &gt; throws on identifiers containing a SQL line comment --" time="0.0018842">
        </testcase>
        <testcase classname="tests/features/telecom/lib/sql.test.ts" name="qc — safe identifier quoting &gt; throws on identifiers containing a block comment opener /*" time="0.0012103">
        </testcase>
        <testcase classname="tests/features/telecom/lib/sql.test.ts" name="qc — safe identifier quoting &gt; throws on identifiers containing a block comment closer */" time="0.0008008">
        </testcase>
        <testcase classname="tests/features/telecom/lib/sql.test.ts" name="qc — safe identifier quoting &gt; throws on identifiers containing a backslash" time="0.0012618">
        </testcase>
        <testcase classname="tests/features/telecom/lib/sql.test.ts" name="colExpr — column expression or NULL &gt; quotes a present (non-empty) column" time="0.0037251">
        </testcase>
        <testcase classname="tests/features/telecom/lib/sql.test.ts" name="colExpr — column expression or NULL &gt; returns the NULL literal for an unmapped (empty) column" time="0.0003375">
        </testcase>
        <testcase classname="tests/features/telecom/lib/sql.test.ts" name="sqlLiteral — string literal quoting &gt; wraps a plain value in single quotes" time="0.0004122">
        </testcase>
        <testcase classname="tests/features/telecom/lib/sql.test.ts" name="sqlLiteral — string literal quoting &gt; doubles EVERY embedded single quote" time="0.0004927">
        </testcase>
        <testcase classname="tests/features/telecom/lib/sql.test.ts" name="sqlLiteral — string literal quoting &gt; leaves a value with no quotes unchanged inside the wrapper" time="0.0018897">
        </testcase>
        <testcase classname="tests/features/telecom/lib/sql.test.ts" name="sqlLiteral — string literal quoting &gt; wraps PST correctly" time="0.0004451">
        </testcase>
        <testcase classname="tests/features/telecom/lib/sql.test.ts" name="sqlLiteral — string literal quoting &gt; handles empty string" time="0.0006699">
        </testcase>
        <testcase classname="tests/features/telecom/lib/sql.test.ts" name="normalizeStatusCode — raw code → business category &gt; maps a configured success code to SUCCESS" time="0.0011053">
        </testcase>
        <testcase classname="tests/features/telecom/lib/sql.test.ts" name="normalizeStatusCode — raw code → business category &gt; is case-insensitive and trims surrounding whitespace" time="0.0003452">
        </testcase>
        <testcase classname="tests/features/telecom/lib/sql.test.ts" name="normalizeStatusCode — raw code → business category &gt; maps a declined code to DECLINED" time="0.000258">
        </testcase>
        <testcase classname="tests/features/telecom/lib/sql.test.ts" name="normalizeStatusCode — raw code → business category &gt; maps a refund code to REFUND" time="0.000214">
        </testcase>
        <testcase classname="tests/features/telecom/lib/sql.test.ts" name="normalizeStatusCode — raw code → business category &gt; maps an instance/hold code to INSTANCE via builtin fallback" time="0.0001908">
        </testcase>
        <testcase classname="tests/features/telecom/lib/sql.test.ts" name="normalizeStatusCode — raw code → business category &gt; maps SBM (submitted) to SUBMITTED" time="0.0001674">
        </testcase>
        <testcase classname="tests/features/telecom/lib/sql.test.ts" name="normalizeStatusCode — raw code → business category &gt; returns an empty string for blank input" time="0.0001653">
        </testcase>
        <testcase classname="tests/features/telecom/lib/sql.test.ts" name="normalizeStatusCode — raw code → business category &gt; falls back to OTHER for an unknown code" time="0.0002248">
        </testcase>
        <testcase classname="tests/features/telecom/lib/sql.test.ts" name="normalizeStatusCode — raw code → business category &gt; falls back to OTHER for entirely whitespace after trim" time="0.0001919">
        </testcase>
        <testcase classname="tests/features/telecom/lib/sql.test.ts" name="normalizeStatusCode — raw code → business category &gt; honours a configured mapping that overrides builtin classification" time="0.0026548">
        </testcase>
        <testcase classname="tests/features/telecom/lib/sql.test.ts" name="normalizeStatusCode — raw code → business category &gt; returns OTHER when a configured mapping marks the code as &apos;other&apos;" time="0.0004666">
        </testcase>
        <testcase classname="tests/features/telecom/lib/sql.test.ts" name="normalizeStatusCode — raw code → business category &gt; handles a code only in BUILTIN_STATUS_CODES (not in DEFAULT_STATUS_MAPPINGS)" time="0.0005274">
        </testcase>
        <testcase classname="tests/features/telecom/lib/sql.test.ts" name="normalizeStatusCode — raw code → business category &gt; returns OTHER for truly unknown code with empty mapping" time="0.0002866">
        </testcase>
        <testcase classname="tests/features/telecom/lib/sql.test.ts" name="normalizeStatusCode — raw code → business category &gt; uses default mapping when no second argument provided" time="0.0002182">
        </testcase>
        <testcase classname="tests/features/telecom/lib/sql.test.ts" name="normalizeStatusCode — raw code → business category &gt; tests the ?? OTHER fallback when semantic has no category (edge case)" time="0.0002121">
        </testcase>
        <testcase classname="tests/features/telecom/lib/sql.test.ts" name="normalizeStatusCode — raw code → business category &gt; triggers ?? OTHER fallback in normalizeStatusCode with an unknown semantic" time="0.0001832">
        </testcase>
        <testcase classname="tests/features/telecom/lib/sql.test.ts" name="statusNorm — SQL CASE expression for status normalisation &gt; produces a CASE...END expression referencing the mapped status column" time="0.0020558">
        </testcase>
        <testcase classname="tests/features/telecom/lib/sql.test.ts" name="statusNorm — SQL CASE expression for status normalisation &gt; emits a WHEN clause mapping PST to SUCCESS" time="0.0008697">
        </testcase>
        <testcase classname="tests/features/telecom/lib/sql.test.ts" name="statusNorm — SQL CASE expression for status normalisation &gt; defaults unmatched codes to OTHER via ELSE branch" time="0.0010828">
        </testcase>
        <testcase classname="tests/features/telecom/lib/sql.test.ts" name="statusNorm — SQL CASE expression for status normalisation &gt; includes the empty-string WHEN clause" time="0.0013174">
        </testcase>
        <testcase classname="tests/features/telecom/lib/sql.test.ts" name="statusNorm — SQL CASE expression for status normalisation &gt; uses default mapping when no second argument is provided" time="0.000664">
        </testcase>
        <testcase classname="tests/features/telecom/lib/sql.test.ts" name="statusNorm — SQL CASE expression for status normalisation &gt; includes builtin codes not present in the configured mapping" time="0.0004277">
        </testcase>
        <testcase classname="tests/features/telecom/lib/sql.test.ts" name="statusNorm — SQL CASE expression for status normalisation &gt; handles an &apos;other&apos; semantic in configured mapping (emits OTHER category)" time="0.0010065">
        </testcase>
        <testcase classname="tests/features/telecom/lib/sql.test.ts" name="statusNorm — SQL CASE expression for status normalisation &gt; handles configured codes that are a superset of all builtins (all missingCodes empty)" time="0.0010291">
        </testcase>
        <testcase classname="tests/features/telecom/lib/sql.test.ts" name="statusNorm — SQL CASE expression for status normalisation &gt; returns the constant OTHER literal when configured mapping has no valid raw codes AND no builtins are missing" time="0.0007652">
        </testcase>
        <testcase classname="tests/features/telecom/lib/sql.test.ts" name="statusNorm — SQL CASE expression for status normalisation &gt; filters out whitespace-only rawCode entries from WHEN clauses" time="0.0006086">
        </testcase>
        <testcase classname="tests/features/telecom/lib/sql.test.ts" name="statusNorm — SQL CASE expression for status normalisation &gt; produces an IN() clause for builtin codes missing from the configured mapping" time="0.0017923">
        </testcase>
        <testcase classname="tests/features/telecom/lib/sql.test.ts" name="statusNorm — SQL CASE expression for status normalisation &gt; does not duplicate codes that are in both configured mapping and builtins" time="0.0005916">
        </testcase>
        <testcase classname="tests/features/telecom/lib/sql.test.ts" name="statusNorm — SQL CASE expression for status normalisation &gt; handles a semantic with a category not in SEMANTIC_TO_CATEGORY via ?? OTHER fallback" time="0.0004489">
        </testcase>
        <testcase classname="tests/features/telecom/lib/sql.test.ts" name="hourExpr — hour extraction expression &gt; references the mapped transaction date column" time="0.0004222">
        </testcase>
        <testcase classname="tests/features/telecom/lib/sql.test.ts" name="hourExpr — hour extraction expression &gt; splits on space then colon to isolate the hour" time="0.0003193">
        </testcase>
        <testcase classname="tests/features/telecom/lib/sql.test.ts" name="hourExpr — hour extraction expression &gt; uses TRY_CAST for safe integer conversion" time="0.000247">
        </testcase>
        <testcase classname="tests/features/telecom/lib/sql.test.ts" name="hourExpr — hour extraction expression &gt; wraps the transaction date in CAST AS VARCHAR" time="0.0010813">
        </testcase>
        <testcase classname="tests/features/telecom/lib/sql.test.ts" name="hourExpr — hour extraction expression &gt; references TRANSACTION_DATE from the default mapping" time="0.0004356">
        </testcase>
        <testcase classname="tests/features/telecom/lib/sql.test.ts" name="canalWhere — per-canal SQL predicates &gt; returns a predicate for every CanalKey" time="0.0034436">
        </testcase>
        <testcase classname="tests/features/telecom/lib/sql.test.ts" name="canalWhere — per-canal SQL predicates &gt; ORs the underlying channel conditions inside a parenthesised group" time="0.001806">
        </testcase>
        <testcase classname="tests/features/telecom/lib/sql.test.ts" name="canalWhere — per-canal SQL predicates &gt; each predicate wraps each channel condition in its own parens" time="0.0010136">
        </testcase>
        <testcase classname="tests/features/telecom/lib/sql.test.ts" name="canalWhere — per-canal SQL predicates &gt; voucher_convergent combines multiple channel groups" time="0.0015986">
        </testcase>
        <testcase classname="tests/features/telecom/lib/sql.test.ts" name="canalWhere — per-canal SQL predicates &gt; ignores the mapping parameter (uses void m)" time="0.001218">
        </testcase>
        <testcase classname="tests/features/telecom/lib/sql.test.ts" name="canalCaseExpr — canal classification CASE &gt; opens with CASE and closes with END" time="0.0015386">
        </testcase>
        <testcase classname="tests/features/telecom/lib/sql.test.ts" name="canalCaseExpr — canal classification CASE &gt; labels each canal with its business label" time="0.0012791">
        </testcase>
        <testcase classname="tests/features/telecom/lib/sql.test.ts" name="canalCaseExpr — canal classification CASE &gt; falls back to &apos;Other&apos; when nothing matches" time="0.0004212">
        </testcase>
        <testcase classname="tests/features/telecom/lib/sql.test.ts" name="canalCaseExpr — canal classification CASE &gt; prioritises voucher_for_payment before bill_payment" time="0.0004004">
        </testcase>
        <testcase classname="tests/features/telecom/lib/sql.test.ts" name="canalCaseExpr — canal classification CASE &gt; prioritises credit_transfer before bill_payment" time="0.000316">
        </testcase>
        <testcase classname="tests/features/telecom/lib/sql.test.ts" name="statusNorm — constant OTHER literal (line 104) &gt; returns &quot;&apos;OTHER&apos;&quot; when no when-clauses are generated (BUILTIN_STATUS_CODES empty, sm empty)" time="0.0669654">
        </testcase>
    </testsuite>
    <testsuite name="tests/features/telecom/lib/users.test.ts" timestamp="2026-06-25T18:28:26.068Z" hostname="Desktop" tests="41" failures="0" errors="0" skipped="0" time="0.0496114">
        <testcase classname="tests/features/telecom/lib/users.test.ts" name="ensureBootstrapUser &gt; creates a default admin user when localStorage is empty" time="0.0065818">
        </testcase>
        <testcase classname="tests/features/telecom/lib/users.test.ts" name="ensureBootstrapUser &gt; persists the admin user to localStorage after bootstrapping" time="0.0029611">
        </testcase>
        <testcase classname="tests/features/telecom/lib/users.test.ts" name="ensureBootstrapUser &gt; sets the current user to the new admin after bootstrapping" time="0.0011197">
        </testcase>
        <testcase classname="tests/features/telecom/lib/users.test.ts" name="ensureBootstrapUser &gt; returns the admin user with a non-empty id after bootstrapping" time="0.0017278">
        </testcase>
        <testcase classname="tests/features/telecom/lib/users.test.ts" name="ensureBootstrapUser &gt; returns the current user when users already exist and one is logged in" time="0.0018802">
        </testcase>
        <testcase classname="tests/features/telecom/lib/users.test.ts" name="ensureBootstrapUser &gt; returns the first user when users exist but no current user is set" time="0.0012792">
        </testcase>
        <testcase classname="tests/features/telecom/lib/users.test.ts" name="ensureBootstrapUser &gt; does not create duplicate admin users on repeated calls" time="0.0013369">
        </testcase>
        <testcase classname="tests/features/telecom/lib/users.test.ts" name="listUsers &gt; returns an empty array when no users exist" time="0.0022062">
        </testcase>
        <testcase classname="tests/features/telecom/lib/users.test.ts" name="listUsers &gt; returns all users sorted ascending by createdAt" time="0.0009714">
        </testcase>
        <testcase classname="tests/features/telecom/lib/users.test.ts" name="listUsers &gt; returns a single user in a one-element array" time="0.0006157">
        </testcase>
        <testcase classname="tests/features/telecom/lib/users.test.ts" name="listUsers &gt; handles corrupted localStorage gracefully by returning empty array" time="0.0005176">
        </testcase>
        <testcase classname="tests/features/telecom/lib/users.test.ts" name="createUser &gt; creates and returns a new user with the supplied fields" time="0.0008436">
        </testcase>
        <testcase classname="tests/features/telecom/lib/users.test.ts" name="createUser &gt; uses username as fullName when fullName is an empty string" time="0.0004693">
        </testcase>
        <testcase classname="tests/features/telecom/lib/users.test.ts" name="createUser &gt; persists the new user to localStorage" time="0.0005191">
        </testcase>
        <testcase classname="tests/features/telecom/lib/users.test.ts" name="createUser &gt; throws when a duplicate username is used" time="0.0021442">
        </testcase>
        <testcase classname="tests/features/telecom/lib/users.test.ts" name="createUser &gt; appends the user to existing users without replacing them" time="0.0009381">
        </testcase>
        <testcase classname="tests/features/telecom/lib/users.test.ts" name="createUser &gt; assigns a createdAt timestamp close to Date.now()" time="0.0007328">
        </testcase>
        <testcase classname="tests/features/telecom/lib/users.test.ts" name="updateUser &gt; updates the fullName of a user in place" time="0.000773">
        </testcase>
        <testcase classname="tests/features/telecom/lib/users.test.ts" name="updateUser &gt; updates the role of a user" time="0.0005598">
        </testcase>
        <testcase classname="tests/features/telecom/lib/users.test.ts" name="updateUser &gt; updates the active flag of a user" time="0.0004915">
        </testcase>
        <testcase classname="tests/features/telecom/lib/users.test.ts" name="updateUser &gt; can update multiple fields simultaneously via a single patch" time="0.0005857">
        </testcase>
        <testcase classname="tests/features/telecom/lib/users.test.ts" name="updateUser &gt; does not affect other users when updating one" time="0.0005433">
        </testcase>
        <testcase classname="tests/features/telecom/lib/users.test.ts" name="updateUser &gt; is a no-op (no error thrown) when id does not match any user" time="0.0006967">
        </testcase>
        <testcase classname="tests/features/telecom/lib/users.test.ts" name="removeUser &gt; removes the specified user from storage" time="0.0006673">
        </testcase>
        <testcase classname="tests/features/telecom/lib/users.test.ts" name="removeUser &gt; does not remove other users" time="0.0005861">
        </testcase>
        <testcase classname="tests/features/telecom/lib/users.test.ts" name="removeUser &gt; clears the current user pointer when the current user is removed" time="0.000548">
        </testcase>
        <testcase classname="tests/features/telecom/lib/users.test.ts" name="removeUser &gt; does NOT clear the current user pointer when a different user is removed" time="0.0004519">
        </testcase>
        <testcase classname="tests/features/telecom/lib/users.test.ts" name="removeUser &gt; is a no-op when the id does not match any user" time="0.0009038">
        </testcase>
        <testcase classname="tests/features/telecom/lib/users.test.ts" name="getCurrentUserId &gt; returns null when no current user is set" time="0.0006633">
        </testcase>
        <testcase classname="tests/features/telecom/lib/users.test.ts" name="getCurrentUserId &gt; returns the stored id string when a current user is set" time="0.0004674">
        </testcase>
        <testcase classname="tests/features/telecom/lib/users.test.ts" name="getCurrentUser &gt; returns null when no current user id is stored" time="0.0003599">
        </testcase>
        <testcase classname="tests/features/telecom/lib/users.test.ts" name="getCurrentUser &gt; returns null when current user id points to a non-existent user" time="0.0005306">
        </testcase>
        <testcase classname="tests/features/telecom/lib/users.test.ts" name="getCurrentUser &gt; returns the user object matching the stored current id" time="0.0005663">
        </testcase>
        <testcase classname="tests/features/telecom/lib/users.test.ts" name="getCurrentUser &gt; returns null when users list contains different ids than the current pointer" time="0.000519">
        </testcase>
        <testcase classname="tests/features/telecom/lib/users.test.ts" name="setCurrentUser &gt; stores the provided id as the current user" time="0.0005217">
        </testcase>
        <testcase classname="tests/features/telecom/lib/users.test.ts" name="setCurrentUser &gt; removes the current user pointer when called with null" time="0.000408">
        </testcase>
        <testcase classname="tests/features/telecom/lib/users.test.ts" name="setCurrentUser &gt; updates lastLoginAt on the target user when setting a non-null id" time="0.0006562">
        </testcase>
        <testcase classname="tests/features/telecom/lib/users.test.ts" name="setCurrentUser &gt; does not update lastLoginAt on other users" time="0.0005658">
        </testcase>
        <testcase classname="tests/features/telecom/lib/users.test.ts" name="setCurrentUser &gt; does not update any lastLoginAt when called with null" time="0.0004628">
        </testcase>
        <testcase classname="tests/features/telecom/lib/users.test.ts" name="setCurrentUser &gt; is a no-op when localStorage is not available" time="0.0006432">
        </testcase>
        <testcase classname="tests/features/telecom/lib/users.test.ts" name="full user lifecycle &gt; bootstrap → create → login → update → remove flows end-to-end" time="0.0017884">
        </testcase>
    </testsuite>
    <testsuite name="tests/features/reconciliation/lib/auto-map.test.ts" timestamp="2026-06-25T18:28:26.073Z" hostname="Desktop" tests="18" failures="0" errors="0" skipped="0" time="0.029707">
        <testcase classname="tests/features/reconciliation/lib/auto-map.test.ts" name="isNumericType &gt; returns false for an undefined or empty type" time="0.003784">
        </testcase>
        <testcase classname="tests/features/reconciliation/lib/auto-map.test.ts" name="isNumericType &gt; recognizes common DuckDB numeric type labels (case-insensitive)" time="0.0008666">
        </testcase>
        <testcase classname="tests/features/reconciliation/lib/auto-map.test.ts" name="isNumericType &gt; returns false for non-numeric types" time="0.0005056">
        </testcase>
        <testcase classname="tests/features/reconciliation/lib/auto-map.test.ts" name="suggestColumnMapping &gt; returns an exact case-insensitive match with confidence 1" time="0.0038687">
        </testcase>
        <testcase classname="tests/features/reconciliation/lib/auto-map.test.ts" name="suggestColumnMapping &gt; fuzzy-matches differently-named but similar columns with partial confidence" time="0.0049751">
        </testcase>
        <testcase classname="tests/features/reconciliation/lib/auto-map.test.ts" name="suggestColumnMapping &gt; returns a null mapping with zero confidence when nothing is close enough" time="0.0009774">
        </testcase>
        <testcase classname="tests/features/reconciliation/lib/auto-map.test.ts" name="suggestColumnMapping &gt; produces one suggestion per expected column" time="0.0007462">
        </testcase>
        <testcase classname="tests/features/reconciliation/lib/auto-map.test.ts" name="suggestColumnMapping &gt; returns an empty array when there are no expected columns" time="0.0004382">
        </testcase>
        <testcase classname="tests/features/reconciliation/lib/auto-map.test.ts" name="suggestColumnMapping &gt; never produces a negative confidence even for a worst-case fuzzy hit" time="0.0007515">
        </testcase>
        <testcase classname="tests/features/reconciliation/lib/auto-map.test.ts" name="pickDefaultKey &gt; returns the highest-confidence non-numeric mapped column" time="0.0005777">
        </testcase>
        <testcase classname="tests/features/reconciliation/lib/auto-map.test.ts" name="pickDefaultKey &gt; ignores numeric columns even when they have the highest confidence" time="0.000384">
        </testcase>
        <testcase classname="tests/features/reconciliation/lib/auto-map.test.ts" name="pickDefaultKey &gt; ignores suggestions that did not resolve to an actual column" time="0.0003445">
        </testcase>
        <testcase classname="tests/features/reconciliation/lib/auto-map.test.ts" name="pickDefaultKey &gt; returns null when there are no non-numeric candidates" time="0.0002816">
        </testcase>
        <testcase classname="tests/features/reconciliation/lib/auto-map.test.ts" name="pickDefaultKey &gt; treats unknown-type columns as eligible keys (non-numeric by default)" time="0.0002753">
        </testcase>
        <testcase classname="tests/features/reconciliation/lib/auto-map.test.ts" name="pickDefaultMeasures &gt; returns confidently-mapped numeric columns, excluding the chosen key" time="0.0016047">
        </testcase>
        <testcase classname="tests/features/reconciliation/lib/auto-map.test.ts" name="pickDefaultMeasures &gt; excludes low-confidence (&lt;=0.4) and unmapped numeric columns" time="0.0004892">
        </testcase>
        <testcase classname="tests/features/reconciliation/lib/auto-map.test.ts" name="pickDefaultMeasures &gt; respects the result limit and orders by descending confidence" time="0.0009292">
        </testcase>
        <testcase classname="tests/features/reconciliation/lib/auto-map.test.ts" name="pickDefaultMeasures &gt; returns an empty array when no numeric measures qualify" time="0.0004908">
        </testcase>
    </testsuite>
    <testsuite name="tests/features/reconciliation/lib/materiality.test.ts" timestamp="2026-06-25T18:28:26.076Z" hostname="Desktop" tests="12" failures="0" errors="0" skipped="0" time="0.016389">
        <testcase classname="tests/features/reconciliation/lib/materiality.test.ts" name="fitMateriality &gt; falls back to the flat tolerance floor when fewer than four finite samples" time="0.0038906">
        </testcase>
        <testcase classname="tests/features/reconciliation/lib/materiality.test.ts" name="fitMateriality &gt; uses the absolute value of the tolerance as the floor" time="0.0005859">
        </testcase>
        <testcase classname="tests/features/reconciliation/lib/materiality.test.ts" name="fitMateriality &gt; ignores null and non-finite variance%% samples when counting" time="0.0004002">
        </testcase>
        <testcase classname="tests/features/reconciliation/lib/materiality.test.ts" name="fitMateriality &gt; fits a median/MAD model on a tight distribution and clamps to the floor" time="0.0012539">
        </testcase>
        <testcase classname="tests/features/reconciliation/lib/materiality.test.ts" name="fitMateriality &gt; derives a threshold above the median for a spread distribution" time="0.0006492">
        </testcase>
        <testcase classname="tests/features/reconciliation/lib/materiality.test.ts" name="fitMateriality &gt; uses |variance%%| so negative variances widen the distribution like positives" time="0.0007343">
        </testcase>
        <testcase classname="tests/features/reconciliation/lib/materiality.test.ts" name="fitMateriality &gt; never returns a threshold looser than the explicit user tolerance" time="0.0004731">
        </testcase>
        <testcase classname="tests/features/reconciliation/lib/materiality.test.ts" name="isMaterialRow &gt; treats ADDED rows as always material" time="0.0005185">
        </testcase>
        <testcase classname="tests/features/reconciliation/lib/materiality.test.ts" name="isMaterialRow &gt; treats REMOVED rows as always material" time="0.0003849">
        </testcase>
        <testcase classname="tests/features/reconciliation/lib/materiality.test.ts" name="isMaterialRow &gt; treats UNCHANGED rows as never material" time="0.0002548">
        </testcase>
        <testcase classname="tests/features/reconciliation/lib/materiality.test.ts" name="isMaterialRow &gt; returns false for a CHANGED row with null or non-finite variance%%" time="0.0003079">
        </testcase>
        <testcase classname="tests/features/reconciliation/lib/materiality.test.ts" name="isMaterialRow &gt; flags a CHANGED row only when |variance%%| strictly exceeds the threshold" time="0.0003605">
        </testcase>
    </testsuite>
    <testsuite name="tests/features/reconciliation/lib/recon-export.test.ts" timestamp="2026-06-25T18:28:26.077Z" hostname="Desktop" tests="30" failures="0" errors="0" skipped="0" time="2.4488409">
        <testcase classname="tests/features/reconciliation/lib/recon-export.test.ts" name="exportReconciliation — null guard &gt; returns null immediately when no export proxy is available" time="0.0069984">
        </testcase>
        <testcase classname="tests/features/reconciliation/lib/recon-export.test.ts" name="exportReconciliation — XLSX happy path &gt; calls exp.xlsx() and saves the file" time="0.0451121">
        </testcase>
        <testcase classname="tests/features/reconciliation/lib/recon-export.test.ts" name="exportReconciliation — XLSX happy path &gt; generates a filename with today&apos;s date and the .xlsx extension" time="0.0030261">
        </testcase>
        <testcase classname="tests/features/reconciliation/lib/recon-export.test.ts" name="exportReconciliation — XLSX happy path &gt; passes document title &apos;Data Reconciliation Report&apos; to the worker" time="0.0016297">
        </testcase>
        <testcase classname="tests/features/reconciliation/lib/recon-export.test.ts" name="exportReconciliation — XLSX happy path &gt; embeds expectedLabel and actualLabel in the subtitle" time="0.0033756">
        </testcase>
        <testcase classname="tests/features/reconciliation/lib/recon-export.test.ts" name="exportReconciliation — XLSX happy path &gt; subtitle contains the count of differences streamed from DuckDB" time="0.002923">
        </testcase>
        <testcase classname="tests/features/reconciliation/lib/recon-export.test.ts" name="exportReconciliation — XLSX happy path &gt; always sets paperSize to &apos;a4&apos; and includeCharts to false" time="0.001716">
        </testcase>
        <testcase classname="tests/features/reconciliation/lib/recon-export.test.ts" name="exportReconciliation — XLSX happy path &gt; document has exactly two sections: summary and differences" time="0.0048175">
        </testcase>
        <testcase classname="tests/features/reconciliation/lib/recon-export.test.ts" name="exportReconciliation — PDF happy path &gt; calls exp.pdf() and saves the file" time="0.0083894">
        </testcase>
        <testcase classname="tests/features/reconciliation/lib/recon-export.test.ts" name="exportReconciliation — PDF happy path &gt; generates a filename ending in .pdf for PDF exports" time="0.0074388">
        </testcase>
        <testcase classname="tests/features/reconciliation/lib/recon-export.test.ts" name="exportReconciliation — summary section content &gt; summary rows include all six standard metrics" time="0.003436">
        </testcase>
        <testcase classname="tests/features/reconciliation/lib/recon-export.test.ts" name="exportReconciliation — summary section content &gt; summary section headers are [&apos;Metric&apos;, &apos;Value&apos;]" time="0.0018943">
        </testcase>
        <testcase classname="tests/features/reconciliation/lib/recon-export.test.ts" name="exportReconciliation — summary section content &gt; summary section includes per-measure totals rows when totals exist" time="0.0033771">
        </testcase>
        <testcase classname="tests/features/reconciliation/lib/recon-export.test.ts" name="exportReconciliation — summary section content &gt; summary section skips totals for a measure label not in cfg.measures" time="0.0012862">
        </testcase>
        <testcase classname="tests/features/reconciliation/lib/recon-export.test.ts" name="exportReconciliation — differences section content &gt; differences section has correct column headers for one measure" time="0.0014534">
        </testcase>
        <testcase classname="tests/features/reconciliation/lib/recon-export.test.ts" name="exportReconciliation — differences section content &gt; maps a CHANGED diff row into the differences table" time="0.0025607">
        </testcase>
        <testcase classname="tests/features/reconciliation/lib/recon-export.test.ts" name="exportReconciliation — differences section content &gt; fills annotation columns (Reason, Notes, Escalated) from the annotations map" time="0.0028112">
        </testcase>
        <testcase classname="tests/features/reconciliation/lib/recon-export.test.ts" name="exportReconciliation — differences section content &gt; leaves annotation columns empty when row has no annotation" time="0.0019831">
        </testcase>
        <testcase classname="tests/features/reconciliation/lib/recon-export.test.ts" name="exportReconciliation — differences section content &gt; formats a null variance%% cell as the em-dash sentinel &apos;—&apos;" time="0.0075192">
        </testcase>
        <testcase classname="tests/features/reconciliation/lib/recon-export.test.ts" name="exportReconciliation — differences section content &gt; formats null numeric measure cells as the em-dash sentinel &apos;—&apos;" time="0.0067967">
        </testcase>
        <testcase classname="tests/features/reconciliation/lib/recon-export.test.ts" name="exportReconciliation — multi-measure headers &gt; expands headers for each measure in cfg.measures" time="0.0051408">
        </testcase>
        <testcase classname="tests/features/reconciliation/lib/recon-export.test.ts" name="exportReconciliation — streaming pagination &gt; fetches a second page when the first page is full (PAGE_SIZE = 5000)" time="2.2687037">
        </testcase>
        <testcase classname="tests/features/reconciliation/lib/recon-export.test.ts" name="exportReconciliation — streaming pagination &gt; stops fetching when DuckDB returns an empty page" time="0.0021319">
        </testcase>
        <testcase classname="tests/features/reconciliation/lib/recon-export.test.ts" name="exportReconciliation — streaming pagination &gt; stops fetching when a partial page is returned (rows.length &lt; PAGE_SIZE)" time="0.0132536">
        </testcase>
        <testcase classname="tests/features/reconciliation/lib/recon-export.test.ts" name="exportReconciliation — saveBytes passthrough &gt; returns the full saveBytes result including saved and path" time="0.0064636">
        </testcase>
        <testcase classname="tests/features/reconciliation/lib/recon-export.test.ts" name="exportReconciliation — saveBytes passthrough &gt; returns { saved: false } when the user cancels the save dialog" time="0.0046589">
        </testcase>
        <testcase classname="tests/features/reconciliation/lib/recon-export.test.ts" name="exportReconciliation — saveBytes passthrough &gt; passes the ArrayBuffer from the worker directly to saveBytes" time="0.0045928">
        </testcase>
        <testcase classname="tests/features/reconciliation/lib/recon-export.test.ts" name="exportReconciliation — fmt helper edge cases (via differences rows) &gt; formats a large number with comma separators" time="0.0022031">
        </testcase>
        <testcase classname="tests/features/reconciliation/lib/recon-export.test.ts" name="exportReconciliation — fmt helper edge cases (via differences rows) &gt; formats a negative variance correctly (with sign preserved)" time="0.0042999">
        </testcase>
        <testcase classname="tests/features/reconciliation/lib/recon-export.test.ts" name="exportReconciliation — fmt helper edge cases (via differences rows) &gt; formats zero correctly (not em-dash)" time="0.0063305">
        </testcase>
    </testsuite>
    <testsuite name="tests/features/reconciliation/lib/recon-persistence.test.ts" timestamp="2026-06-25T18:28:26.081Z" hostname="Desktop" tests="36" failures="0" errors="0" skipped="0" time="0.0623585">
        <testcase classname="tests/features/reconciliation/lib/recon-persistence.test.ts" name="RECON_RUN_FORMAT &gt; is the expected discriminator string" time="0.0049473">
        </testcase>
        <testcase classname="tests/features/reconciliation/lib/recon-persistence.test.ts" name="newRunId &gt; returns a string prefixed with &apos;recon_&apos;" time="0.0016248">
        </testcase>
        <testcase classname="tests/features/reconciliation/lib/recon-persistence.test.ts" name="newRunId &gt; delegates to newId from the storage layer" time="0.0009184">
        </testcase>
        <testcase classname="tests/features/reconciliation/lib/recon-persistence.test.ts" name="newRunId &gt; produces a different value each time newId returns a different value" time="0.0006587">
        </testcase>
        <testcase classname="tests/features/reconciliation/lib/recon-persistence.test.ts" name="hashRun &gt; returns an 8-character lowercase hex string" time="0.0008907">
        </testcase>
        <testcase classname="tests/features/reconciliation/lib/recon-persistence.test.ts" name="hashRun &gt; is deterministic: same record produces the same hash twice" time="0.0005122">
        </testcase>
        <testcase classname="tests/features/reconciliation/lib/recon-persistence.test.ts" name="hashRun &gt; changes when expectedView changes" time="0.00234">
        </testcase>
        <testcase classname="tests/features/reconciliation/lib/recon-persistence.test.ts" name="hashRun &gt; changes when actualView changes" time="0.0017516">
        </testcase>
        <testcase classname="tests/features/reconciliation/lib/recon-persistence.test.ts" name="hashRun &gt; changes when config changes" time="0.0017704">
        </testcase>
        <testcase classname="tests/features/reconciliation/lib/recon-persistence.test.ts" name="hashRun &gt; changes when summary changes" time="0.0008035">
        </testcase>
        <testcase classname="tests/features/reconciliation/lib/recon-persistence.test.ts" name="hashRun &gt; changes when annotations change" time="0.0007415">
        </testcase>
        <testcase classname="tests/features/reconciliation/lib/recon-persistence.test.ts" name="hashRun &gt; is order-independent: annotation key order does not affect the hash" time="0.000641">
        </testcase>
        <testcase classname="tests/features/reconciliation/lib/recon-persistence.test.ts" name="hashRun &gt; handles an empty-string record without throwing" time="0.0032939">
        </testcase>
        <testcase classname="tests/features/reconciliation/lib/recon-persistence.test.ts" name="saveReconRun &gt; calls putReportDefinition with the run id, name, and correct format" time="0.0043548">
        </testcase>
        <testcase classname="tests/features/reconciliation/lib/recon-persistence.test.ts" name="saveReconRun &gt; embeds the record data inside a { __recon: true, record } config blob" time="0.0013193">
        </testcase>
        <testcase classname="tests/features/reconciliation/lib/recon-persistence.test.ts" name="saveReconRun &gt; does NOT stamp a contentHash on unsigned runs" time="0.0009685">
        </testcase>
        <testcase classname="tests/features/reconciliation/lib/recon-persistence.test.ts" name="saveReconRun &gt; stamps a contentHash on signed-off runs when none is already present" time="0.0008162">
        </testcase>
        <testcase classname="tests/features/reconciliation/lib/recon-persistence.test.ts" name="saveReconRun &gt; preserves an existing contentHash on signed-off runs (no re-hash)" time="0.0005144">
        </testcase>
        <testcase classname="tests/features/reconciliation/lib/recon-persistence.test.ts" name="saveReconRun &gt; returns the run id" time="0.0004072">
        </testcase>
        <testcase classname="tests/features/reconciliation/lib/recon-persistence.test.ts" name="saveReconRun &gt; returns the signed-off run id (not altered after sign-off)" time="0.007199">
        </testcase>
        <testcase classname="tests/features/reconciliation/lib/recon-persistence.test.ts" name="listReconRuns &gt; returns an empty array when no report definitions exist" time="0.0016566">
        </testcase>
        <testcase classname="tests/features/reconciliation/lib/recon-persistence.test.ts" name="listReconRuns &gt; filters out non-reconciliation report definitions" time="0.0045707">
        </testcase>
        <testcase classname="tests/features/reconciliation/lib/recon-persistence.test.ts" name="listReconRuns &gt; filters out reconciliation defs whose config blob is malformed" time="0.0006699">
        </testcase>
        <testcase classname="tests/features/reconciliation/lib/recon-persistence.test.ts" name="listReconRuns &gt; filters out reconciliation defs whose config is null" time="0.0005462">
        </testcase>
        <testcase classname="tests/features/reconciliation/lib/recon-persistence.test.ts" name="listReconRuns &gt; filters out reconciliation defs where __recon is not exactly true" time="0.0005352">
        </testcase>
        <testcase classname="tests/features/reconciliation/lib/recon-persistence.test.ts" name="listReconRuns &gt; filters out reconciliation defs where record is missing" time="0.000691">
        </testcase>
        <testcase classname="tests/features/reconciliation/lib/recon-persistence.test.ts" name="listReconRuns &gt; reconstructs a valid ReconRunRecord with top-level id/name/updatedAt" time="0.0006802">
        </testcase>
        <testcase classname="tests/features/reconciliation/lib/recon-persistence.test.ts" name="listReconRuns &gt; sorts runs newest-first by createdAt" time="0.0009093">
        </testcase>
        <testcase classname="tests/features/reconciliation/lib/recon-persistence.test.ts" name="deleteReconRun &gt; delegates to deleteReportDefinition with the given id" time="0.0019264">
        </testcase>
        <testcase classname="tests/features/reconciliation/lib/recon-persistence.test.ts" name="deleteReconRun &gt; resolves without a return value (void)" time="0.0004739">
        </testcase>
        <testcase classname="tests/features/reconciliation/lib/recon-persistence.test.ts" name="verifyRunIntegrity &gt; returns true for an unsigned run (signedOff: false)" time="0.0004054">
        </testcase>
        <testcase classname="tests/features/reconciliation/lib/recon-persistence.test.ts" name="verifyRunIntegrity &gt; returns true for a signed-off run with no stored contentHash" time="0.0002999">
        </testcase>
        <testcase classname="tests/features/reconciliation/lib/recon-persistence.test.ts" name="verifyRunIntegrity &gt; returns true for a signed-off run whose stored hash matches the computed hash" time="0.0004101">
        </testcase>
        <testcase classname="tests/features/reconciliation/lib/recon-persistence.test.ts" name="verifyRunIntegrity &gt; returns false when the stored hash differs from the recomputed hash (tamper detected)" time="0.0005329">
        </testcase>
        <testcase classname="tests/features/reconciliation/lib/recon-persistence.test.ts" name="verifyRunIntegrity &gt; detects tamper even if only the expectedView was changed after sign-off" time="0.0005594">
        </testcase>
        <testcase classname="tests/features/reconciliation/lib/recon-persistence.test.ts" name="verifyRunIntegrity &gt; detects tamper when annotations were altered after sign-off" time="0.0006034">
        </testcase>
    </testsuite>
    <testsuite name="tests/features/reconciliation/lib/recon-sql.test.ts" timestamp="2026-06-25T18:28:26.086Z" hostname="Desktop" tests="39" failures="0" errors="0" skipped="0" time="0.0904935">
        <testcase classname="tests/features/reconciliation/lib/recon-sql.test.ts" name="quoteIdent &gt; wraps a plain identifier in double quotes" time="0.0107674">
        </testcase>
        <testcase classname="tests/features/reconciliation/lib/recon-sql.test.ts" name="quoteIdent &gt; escapes embedded double quotes by doubling them" time="0.0027625">
        </testcase>
        <testcase classname="tests/features/reconciliation/lib/recon-sql.test.ts" name="quoteIdent &gt; escapes every embedded quote, preventing identifier breakout" time="0.0012085">
        </testcase>
        <testcase classname="tests/features/reconciliation/lib/recon-sql.test.ts" name="quoteIdent &gt; quotes an empty identifier without throwing" time="0.0010444">
        </testcase>
        <testcase classname="tests/features/reconciliation/lib/recon-sql.test.ts" name="slugifyMeasure &gt; lowercases and replaces non-word runs with single underscores" time="0.000881">
        </testcase>
        <testcase classname="tests/features/reconciliation/lib/recon-sql.test.ts" name="slugifyMeasure &gt; trims leading and trailing underscores" time="0.0006554">
        </testcase>
        <testcase classname="tests/features/reconciliation/lib/recon-sql.test.ts" name="slugifyMeasure &gt; collapses consecutive separators into one underscore" time="0.000391">
        </testcase>
        <testcase classname="tests/features/reconciliation/lib/recon-sql.test.ts" name="slugifyMeasure &gt; falls back to &apos;m&apos; when the label has no word characters" time="0.0004657">
        </testcase>
        <testcase classname="tests/features/reconciliation/lib/recon-sql.test.ts" name="slugifyMeasure &gt; normalizes accented characters via NFKD, dropping combining marks" time="0.0005092">
        </testcase>
        <testcase classname="tests/features/reconciliation/lib/recon-sql.test.ts" name="generated column-name helpers &gt; derives the expected/actual/variance/variance%% column names from a label" time="0.0009525">
        </testcase>
        <testcase classname="tests/features/reconciliation/lib/recon-sql.test.ts" name="generated column-name helpers &gt; indexes coalesced key columns by position" time="0.0005164">
        </testcase>
        <testcase classname="tests/features/reconciliation/lib/recon-sql.test.ts" name="buildDiffSQL &gt; throws when no key mappings are provided" time="0.0089874">
        </testcase>
        <testcase classname="tests/features/reconciliation/lib/recon-sql.test.ts" name="buildDiffSQL &gt; throws when no measure mappings are provided" time="0.0009499">
        </testcase>
        <testcase classname="tests/features/reconciliation/lib/recon-sql.test.ts" name="buildDiffSQL &gt; emits a FULL OUTER JOIN between the two registered views" time="0.0048183">
        </testcase>
        <testcase classname="tests/features/reconciliation/lib/recon-sql.test.ts" name="buildDiffSQL &gt; classifies ADDED / REMOVED / CHANGED / UNCHANGED in the diff_status case" time="0.0055354">
        </testcase>
        <testcase classname="tests/features/reconciliation/lib/recon-sql.test.ts" name="buildDiffSQL &gt; emits per-measure expected/actual/variance/variance%% projections" time="0.0008348">
        </testcase>
        <testcase classname="tests/features/reconciliation/lib/recon-sql.test.ts" name="buildDiffSQL &gt; guards variance%% against divide-by-zero and null expected values" time="0.0026525">
        </testcase>
        <testcase classname="tests/features/reconciliation/lib/recon-sql.test.ts" name="buildDiffSQL &gt; joins composite keys with AND and coalesces each into its own key column" time="0.0008963">
        </testcase>
        <testcase classname="tests/features/reconciliation/lib/recon-sql.test.ts" name="buildDiffSQL &gt; ORs the changed-detection across every mapped measure (NULL-safe)" time="0.0024778">
        </testcase>
        <testcase classname="tests/features/reconciliation/lib/recon-sql.test.ts" name="buildDiffSQL &gt; escapes a quote-containing column name into the join predicate" time="0.0004651">
        </testcase>
        <testcase classname="tests/features/reconciliation/lib/recon-sql.test.ts" name="buildSummarySQL &gt; wraps the diff in a CTE and aggregates status counts" time="0.0037738">
        </testcase>
        <testcase classname="tests/features/reconciliation/lib/recon-sql.test.ts" name="buildSummarySQL &gt; uses the primary measure&apos;s variance%% and the numeric tolerance for rows_material" time="0.0005169">
        </testcase>
        <testcase classname="tests/features/reconciliation/lib/recon-sql.test.ts" name="buildSummarySQL &gt; coerces a non-numeric tolerance to a safe SQL number" time="0.000453">
        </testcase>
        <testcase classname="tests/features/reconciliation/lib/recon-sql.test.ts" name="buildSummarySQL &gt; emits expected/actual/variance sums for each measure" time="0.0004456">
        </testcase>
        <testcase classname="tests/features/reconciliation/lib/recon-sql.test.ts" name="buildPageSQL &gt; orders by status priority then by absolute primary variance" time="0.0031821">
        </testcase>
        <testcase classname="tests/features/reconciliation/lib/recon-sql.test.ts" name="buildPageSQL &gt; omits the WHERE clause by default and adds it when onlyChanged is set" time="0.0005888">
        </testcase>
        <testcase classname="tests/features/reconciliation/lib/recon-sql.test.ts" name="buildPageSQL &gt; floors and clamps limit/offset so negatives and fractions can&apos;t inject SQL" time="0.000465">
        </testcase>
        <testcase classname="tests/features/reconciliation/lib/recon-sql.test.ts" name="buildMaterialRowsSQL &gt; filters out unchanged rows and orders by absolute primary variance" time="0.0021413">
        </testcase>
        <testcase classname="tests/features/reconciliation/lib/recon-sql.test.ts" name="buildMaterialRowsSQL &gt; clamps a negative or fractional limit to a floored non-negative integer" time="0.0005007">
        </testcase>
        <testcase classname="tests/features/reconciliation/lib/recon-sql.test.ts" name="toNum &gt; returns 0 for null and undefined" time="0.0004625">
        </testcase>
        <testcase classname="tests/features/reconciliation/lib/recon-sql.test.ts" name="toNum &gt; passes through finite numbers" time="0.0031298">
        </testcase>
        <testcase classname="tests/features/reconciliation/lib/recon-sql.test.ts" name="toNum &gt; converts a BigInt aggregate to a plain number" time="0.0003852">
        </testcase>
        <testcase classname="tests/features/reconciliation/lib/recon-sql.test.ts" name="toNum &gt; unwraps the first element of a typed array (DuckDB aggregate shape)" time="0.0013736">
        </testcase>
        <testcase classname="tests/features/reconciliation/lib/recon-sql.test.ts" name="toNum &gt; returns 0 for non-finite results (NaN / Infinity)" time="0.0006542">
        </testcase>
        <testcase classname="tests/features/reconciliation/lib/recon-sql.test.ts" name="toNum &gt; does not treat a DataView as an unwrappable typed array" time="0.0007802">
        </testcase>
        <testcase classname="tests/features/reconciliation/lib/recon-sql.test.ts" name="toNullableNum &gt; preserves null for null/undefined input" time="0.0004881">
        </testcase>
        <testcase classname="tests/features/reconciliation/lib/recon-sql.test.ts" name="toNullableNum &gt; returns the numeric value for finite input" time="0.0002994">
        </testcase>
        <testcase classname="tests/features/reconciliation/lib/recon-sql.test.ts" name="toNullableNum &gt; collapses a non-finite scalar to 0 (toNum runs first, then the finite check passes)" time="0.0003188">
        </testcase>
        <testcase classname="tests/features/reconciliation/lib/recon-sql.test.ts" name="toNullableNum &gt; unwraps a typed-array variance% cell" time="0.000236">
        </testcase>
    </testsuite>
    <testsuite name="tests/features/reconciliation/lib/use-hypotheses.test.ts" timestamp="2026-06-25T18:28:26.091Z" hostname="Desktop" tests="26" failures="0" errors="0" skipped="0" time="0.3241084">
        <testcase classname="tests/features/reconciliation/lib/use-hypotheses.test.ts" name="REASON_CODES &gt; exports the canonical 7-element tuple" time="0.0103403">
        </testcase>
        <testcase classname="tests/features/reconciliation/lib/use-hypotheses.test.ts" name="HypothesisSchema &gt; accepts a fully valid hypothesis object" time="0.0050285">
        </testcase>
        <testcase classname="tests/features/reconciliation/lib/use-hypotheses.test.ts" name="HypothesisSchema &gt; rejects an unknown reasonCode" time="0.0021629">
        </testcase>
        <testcase classname="tests/features/reconciliation/lib/use-hypotheses.test.ts" name="HypothesisSchema &gt; rejects confidence below 0" time="0.0037593">
        </testcase>
        <testcase classname="tests/features/reconciliation/lib/use-hypotheses.test.ts" name="HypothesisSchema &gt; rejects confidence above 1" time="0.001116">
        </testcase>
        <testcase classname="tests/features/reconciliation/lib/use-hypotheses.test.ts" name="HypothesisSchema &gt; rejects a hypothesis string that exceeds 600 characters" time="0.003954">
        </testcase>
        <testcase classname="tests/features/reconciliation/lib/use-hypotheses.test.ts" name="HypothesisSchema &gt; accepts a hypothesis exactly at the 600 character limit" time="0.0039099">
        </testcase>
        <testcase classname="tests/features/reconciliation/lib/use-hypotheses.test.ts" name="HypothesisSchema &gt; accepts confidence at boundary values 0 and 1" time="0.0006384">
        </testcase>
        <testcase classname="tests/features/reconciliation/lib/use-hypotheses.test.ts" name="HypothesisSchema &gt; accepts every valid reason code" time="0.0021198">
        </testcase>
        <testcase classname="tests/features/reconciliation/lib/use-hypotheses.test.ts" name="useHypotheses &gt; starts with idle progress (not running, done=0, total=0, no error)" time="0.0552112">
        </testcase>
        <testcase classname="tests/features/reconciliation/lib/use-hypotheses.test.ts" name="useHypotheses &gt; exposes ai.progress and ai.availability from useAI" time="0.0130775">
        </testcase>
        <testcase classname="tests/features/reconciliation/lib/use-hypotheses.test.ts" name="useHypotheses &gt; run() is a no-op when cfg is null (progress stays idle)" time="0.0116367">
        </testcase>
        <testcase classname="tests/features/reconciliation/lib/use-hypotheses.test.ts" name="useHypotheses &gt; processes a single row and writes its annotation to the store" time="0.034945">
        </testcase>
        <testcase classname="tests/features/reconciliation/lib/use-hypotheses.test.ts" name="useHypotheses &gt; processes multiple rows sequentially, incrementing done after each" time="0.0125237">
        </testcase>
        <testcase classname="tests/features/reconciliation/lib/use-hypotheses.test.ts" name="useHypotheses &gt; passes maxRows to fetchMaterialRows (forwarded to runReadOnlyQuery)" time="0.0141699">
        </testcase>
        <testcase classname="tests/features/reconciliation/lib/use-hypotheses.test.ts" name="useHypotheses &gt; uses default maxRows of 12 when run() is called with no argument" time="0.0118265">
        </testcase>
        <testcase classname="tests/features/reconciliation/lib/use-hypotheses.test.ts" name="useHypotheses &gt; continues processing remaining rows when one AI call fails" time="0.0123733">
        </testcase>
        <testcase classname="tests/features/reconciliation/lib/use-hypotheses.test.ts" name="useHypotheses &gt; sets progress.error when fetchMaterialRows itself throws" time="0.0159586">
        </testcase>
        <testcase classname="tests/features/reconciliation/lib/use-hypotheses.test.ts" name="useHypotheses &gt; sets a fallback error message when the thrown value is not an Error instance" time="0.008643">
        </testcase>
        <testcase classname="tests/features/reconciliation/lib/use-hypotheses.test.ts" name="useHypotheses &gt; sets running=true and total=rows.length after material rows are fetched" time="0.0384188">
        </testcase>
        <testcase classname="tests/features/reconciliation/lib/use-hypotheses.test.ts" name="useHypotheses &gt; completes immediately and sets running=false when there are no material rows" time="0.0098234">
        </testcase>
        <testcase classname="tests/features/reconciliation/lib/use-hypotheses.test.ts" name="useHypotheses &gt; calls generateStructured with the correct system prompt and HypothesisSchema" time="0.0074179">
        </testcase>
        <testcase classname="tests/features/reconciliation/lib/use-hypotheses.test.ts" name="useHypotheses &gt; includes variancePct as &apos;n/a&apos; in the prompt when variancePct is null" time="0.0110655">
        </testcase>
        <testcase classname="tests/features/reconciliation/lib/use-hypotheses.test.ts" name="useHypotheses &gt; formats positive variance with a &apos;+&apos; prefix in the prompt" time="0.009535">
        </testcase>
        <testcase classname="tests/features/reconciliation/lib/use-hypotheses.test.ts" name="useHypotheses &gt; does NOT add a &apos;+&apos; prefix for negative variance in the prompt" time="0.0081043">
        </testcase>
        <testcase classname="tests/features/reconciliation/lib/use-hypotheses.test.ts" name="useHypotheses &gt; formats null expected/actual as &apos;∅&apos; in the prompt" time="0.0041954">
        </testcase>
    </testsuite>
    <testsuite name="tests/features/reconciliation/lib/use-reconciliation.test.ts" timestamp="2026-06-25T18:28:26.094Z" hostname="Desktop" tests="7" failures="0" errors="0" skipped="0" time="0.0200773">
        <testcase classname="tests/features/reconciliation/lib/use-reconciliation.test.ts" name="mapDiffRow &gt; maps a fully-populated CHANGED row into typed cells" time="0.0068977">
        </testcase>
        <testcase classname="tests/features/reconciliation/lib/use-reconciliation.test.ts" name="mapDiffRow &gt; joins composite key parts with a middot separator" time="0.0010256">
        </testcase>
        <testcase classname="tests/features/reconciliation/lib/use-reconciliation.test.ts" name="mapDiffRow &gt; substitutes the empty-set glyph for a missing key part" time="0.0006259">
        </testcase>
        <testcase classname="tests/features/reconciliation/lib/use-reconciliation.test.ts" name="mapDiffRow &gt; preserves null expected/actual/variance%% while coercing variance to a number" time="0.0007196">
        </testcase>
        <testcase classname="tests/features/reconciliation/lib/use-reconciliation.test.ts" name="mapDiffRow &gt; defaults the status to UNCHANGED when diff_status is absent" time="0.0004759">
        </testcase>
        <testcase classname="tests/features/reconciliation/lib/use-reconciliation.test.ts" name="mapDiffRow &gt; maps multiple measures and uses the first as the primary" time="0.0027167">
        </testcase>
        <testcase classname="tests/features/reconciliation/lib/use-reconciliation.test.ts" name="mapDiffRow &gt; unwraps DuckDB BigInt / typed-array scalars in measure cells" time="0.0008529">
        </testcase>
    </testsuite>
    <testsuite name="tests/features/settings/lib/build-info.test.ts" timestamp="2026-06-25T18:28:26.095Z" hostname="Desktop" tests="17" failures="0" errors="0" skipped="0" time="0.0097148">
        <testcase classname="tests/features/settings/lib/build-info.test.ts" name="BUILD_INFO &gt; has the expected version" time="0.0024411">
        </testcase>
        <testcase classname="tests/features/settings/lib/build-info.test.ts" name="BUILD_INFO &gt; has a non-empty commit hash" time="0.0003144">
        </testcase>
        <testcase classname="tests/features/settings/lib/build-info.test.ts" name="BUILD_INFO &gt; has the duckdb field" time="0.0002119">
        </testcase>
        <testcase classname="tests/features/settings/lib/build-info.test.ts" name="BUILD_INFO &gt; has the echarts field" time="0.0001852">
        </testcase>
        <testcase classname="tests/features/settings/lib/build-info.test.ts" name="BUILD_INFO &gt; has the motion field" time="0.0001452">
        </testcase>
        <testcase classname="tests/features/settings/lib/build-info.test.ts" name="BUILD_INFO &gt; has the next field" time="0.000135">
        </testcase>
        <testcase classname="tests/features/settings/lib/build-info.test.ts" name="BUILD_INFO &gt; has the react field" time="0.0001918">
        </testcase>
        <testcase classname="tests/features/settings/lib/build-info.test.ts" name="BUILD_INFO &gt; has the transformers field" time="0.0001697">
        </testcase>
        <testcase classname="tests/features/settings/lib/build-info.test.ts" name="BUILD_INFO &gt; has the maplibre field" time="0.0001894">
        </testcase>
        <testcase classname="tests/features/settings/lib/build-info.test.ts" name="BUILD_INFO &gt; has the betterAuth field" time="0.0001496">
        </testcase>
        <testcase classname="tests/features/settings/lib/build-info.test.ts" name="BUILD_INFO &gt; has the MIT license" time="0.0001065">
        </testcase>
        <testcase classname="tests/features/settings/lib/build-info.test.ts" name="runtimeLabel() – Electron branch &gt; returns &apos;Electron desktop (native DuckDB)&apos; when userAgent contains &apos;Electron&apos;" time="0.0003755">
        </testcase>
        <testcase classname="tests/features/settings/lib/build-info.test.ts" name="runtimeLabel() – Electron branch &gt; returns &apos;Electron desktop (native DuckDB)&apos; for lowercase &apos;electron&apos; in userAgent (case-insensitive match)" time="0.0002019">
        </testcase>
        <testcase classname="tests/features/settings/lib/build-info.test.ts" name="runtimeLabel() – Electron branch &gt; returns &apos;Electron desktop (native DuckDB)&apos; for uppercase &apos;ELECTRON&apos; in userAgent" time="0.0001551">
        </testcase>
        <testcase classname="tests/features/settings/lib/build-info.test.ts" name="runtimeLabel() – Web branch &gt; returns &apos;Web (DuckDB WASM)&apos; when userAgent does not contain &apos;electron&apos;" time="0.0001693">
        </testcase>
        <testcase classname="tests/features/settings/lib/build-info.test.ts" name="runtimeLabel() – Web branch &gt; returns &apos;Web (DuckDB WASM)&apos; for an empty userAgent string" time="0.000117">
        </testcase>
        <testcase classname="tests/features/settings/lib/build-info.test.ts" name="runtimeLabel() – Web branch &gt; returns &apos;Web (DuckDB WASM)&apos; when userAgent is undefined (nullish coalescing falls back to empty string)" time="0.0001109">
        </testcase>
    </testsuite>
    <testsuite name="tests/features/settings/lib/format.test.ts" timestamp="2026-06-25T18:28:26.097Z" hostname="Desktop" tests="32" failures="0" errors="0" skipped="0" time="0.0202137">
        <testcase classname="tests/features/settings/lib/format.test.ts" name="formatBytes – null / undefined / non-finite inputs &gt; returns — for null" time="0.0038625">
        </testcase>
        <testcase classname="tests/features/settings/lib/format.test.ts" name="formatBytes – null / undefined / non-finite inputs &gt; returns — for undefined" time="0.0004894">
        </testcase>
        <testcase classname="tests/features/settings/lib/format.test.ts" name="formatBytes – null / undefined / non-finite inputs &gt; returns — for NaN" time="0.000358">
        </testcase>
        <testcase classname="tests/features/settings/lib/format.test.ts" name="formatBytes – null / undefined / non-finite inputs &gt; returns — for Infinity" time="0.0003753">
        </testcase>
        <testcase classname="tests/features/settings/lib/format.test.ts" name="formatBytes – null / undefined / non-finite inputs &gt; returns — for -Infinity" time="0.0003184">
        </testcase>
        <testcase classname="tests/features/settings/lib/format.test.ts" name="formatBytes – null / undefined / non-finite inputs &gt; returns — for negative values" time="0.0002855">
        </testcase>
        <testcase classname="tests/features/settings/lib/format.test.ts" name="formatBytes – null / undefined / non-finite inputs &gt; returns — for -0.001" time="0.0003017">
        </testcase>
        <testcase classname="tests/features/settings/lib/format.test.ts" name="formatBytes – zero &gt; returns &apos;0 B&apos; for 0" time="0.0003599">
        </testcase>
        <testcase classname="tests/features/settings/lib/format.test.ts" name="formatBytes – bytes range (exponent = 0) &gt; formats 1 byte as &apos;1 B&apos;" time="0.0003893">
        </testcase>
        <testcase classname="tests/features/settings/lib/format.test.ts" name="formatBytes – bytes range (exponent = 0) &gt; formats 512 bytes as &apos;512 B&apos;" time="0.0002219">
        </testcase>
        <testcase classname="tests/features/settings/lib/format.test.ts" name="formatBytes – bytes range (exponent = 0) &gt; formats 1023 bytes as &apos;1023 B&apos;" time="0.0002053">
        </testcase>
        <testcase classname="tests/features/settings/lib/format.test.ts" name="formatBytes – kilobytes range (exponent = 1) &gt; formats 1024 bytes as &apos;1.0 KB&apos;" time="0.0002625">
        </testcase>
        <testcase classname="tests/features/settings/lib/format.test.ts" name="formatBytes – kilobytes range (exponent = 1) &gt; formats 1536 bytes as &apos;1.5 KB&apos;" time="0.0002008">
        </testcase>
        <testcase classname="tests/features/settings/lib/format.test.ts" name="formatBytes – kilobytes range (exponent = 1) &gt; formats 10240 bytes (10 KB) with 1 decimal" time="0.0001824">
        </testcase>
        <testcase classname="tests/features/settings/lib/format.test.ts" name="formatBytes – kilobytes range (exponent = 1) &gt; formats value &gt;= 100 KB with 0 decimals" time="0.0002159">
        </testcase>
        <testcase classname="tests/features/settings/lib/format.test.ts" name="formatBytes – kilobytes range (exponent = 1) &gt; formats 500 KB (512000 bytes) with 0 decimals because value &gt;= 100" time="0.0002435">
        </testcase>
        <testcase classname="tests/features/settings/lib/format.test.ts" name="formatBytes – megabytes range (exponent = 2) &gt; formats 1 MB as &apos;1.0 MB&apos;" time="0.0002135">
        </testcase>
        <testcase classname="tests/features/settings/lib/format.test.ts" name="formatBytes – megabytes range (exponent = 2) &gt; formats 1.5 MB with 1 decimal" time="0.0002016">
        </testcase>
        <testcase classname="tests/features/settings/lib/format.test.ts" name="formatBytes – megabytes range (exponent = 2) &gt; formats 100 MB with 0 decimals because value &gt;= 100" time="0.0002816">
        </testcase>
        <testcase classname="tests/features/settings/lib/format.test.ts" name="formatBytes – megabytes range (exponent = 2) &gt; formats 500 MB with 0 decimals" time="0.0002235">
        </testcase>
        <testcase classname="tests/features/settings/lib/format.test.ts" name="formatBytes – gigabytes range (exponent = 3) &gt; formats 1 GB as &apos;1.0 GB&apos;" time="0.0002474">
        </testcase>
        <testcase classname="tests/features/settings/lib/format.test.ts" name="formatBytes – gigabytes range (exponent = 3) &gt; formats 1.4 GB correctly" time="0.0002337">
        </testcase>
        <testcase classname="tests/features/settings/lib/format.test.ts" name="formatBytes – gigabytes range (exponent = 3) &gt; formats 100 GB with 0 decimals" time="0.0002248">
        </testcase>
        <testcase classname="tests/features/settings/lib/format.test.ts" name="formatBytes – terabytes range (exponent = 4) &gt; formats 1 TB as &apos;1.0 TB&apos;" time="0.0002894">
        </testcase>
        <testcase classname="tests/features/settings/lib/format.test.ts" name="formatBytes – terabytes range (exponent = 4) &gt; formats 2.5 TB as &apos;2.5 TB&apos;" time="0.0002192">
        </testcase>
        <testcase classname="tests/features/settings/lib/format.test.ts" name="formatBytes – terabytes range (exponent = 4) &gt; caps at TB for very large values (exponent clamped to 4)" time="0.0003924">
        </testcase>
        <testcase classname="tests/features/settings/lib/format.test.ts" name="formatBytes – terabytes range (exponent = 4) &gt; formats 100 TB with 0 decimals" time="0.0002413">
        </testcase>
        <testcase classname="tests/features/settings/lib/format.test.ts" name="formatBytes – toFixed ternary branch &gt; uses 1 decimal when value is between 1 and 99.9 (KB)" time="0.0002473">
        </testcase>
        <testcase classname="tests/features/settings/lib/format.test.ts" name="formatBytes – toFixed ternary branch &gt; uses 0 decimals when value &gt;= 100 (KB)" time="0.0002313">
        </testcase>
        <testcase classname="tests/features/settings/lib/format.test.ts" name="formatBytes – toFixed ternary branch &gt; uses 0 decimals when exponent === 0 regardless of value" time="0.0002018">
        </testcase>
        <testcase classname="tests/features/settings/lib/format.test.ts" name="formatBytes – toFixed ternary branch &gt; uses 0 decimals for exactly 100 MB" time="0.0002801">
        </testcase>
        <testcase classname="tests/features/settings/lib/format.test.ts" name="formatBytes – toFixed ternary branch &gt; uses 1 decimal for 99.9 MB (value just below 100)" time="0.0002175">
        </testcase>
    </testsuite>
    <testsuite name="tests/features/settings/lib/notifications.test.ts" timestamp="2026-06-25T18:28:26.101Z" hostname="Desktop" tests="36" failures="0" errors="0" skipped="0" time="0.0369793">
        <testcase classname="tests/features/settings/lib/notifications.test.ts" name="isNotificationEnabled &gt; returns true when the category is enabled in the store" time="0.0049663">
        </testcase>
        <testcase classname="tests/features/settings/lib/notifications.test.ts" name="isNotificationEnabled &gt; returns false when the category is disabled in the store" time="0.0008212">
        </testcase>
        <testcase classname="tests/features/settings/lib/notifications.test.ts" name="isNotificationEnabled &gt; returns true for errors when enabled" time="0.0005332">
        </testcase>
        <testcase classname="tests/features/settings/lib/notifications.test.ts" name="isNotificationEnabled &gt; returns false for errors when disabled" time="0.0004837">
        </testcase>
        <testcase classname="tests/features/settings/lib/notifications.test.ts" name="isNotificationEnabled &gt; returns true for collaboration when enabled" time="0.0003934">
        </testcase>
        <testcase classname="tests/features/settings/lib/notifications.test.ts" name="isNotificationEnabled &gt; returns false for collaboration when disabled" time="0.0004016">
        </testcase>
        <testcase classname="tests/features/settings/lib/notifications.test.ts" name="isNotificationEnabled &gt; returns false for digest when disabled" time="0.000371">
        </testcase>
        <testcase classname="tests/features/settings/lib/notifications.test.ts" name="isNotificationEnabled &gt; returns true for digest when enabled" time="0.0003443">
        </testcase>
        <testcase classname="tests/features/settings/lib/notifications.test.ts" name="notify – gating &gt; returns false and skips toast when category is disabled and force is false" time="0.0013804">
        </testcase>
        <testcase classname="tests/features/settings/lib/notifications.test.ts" name="notify – gating &gt; returns true and emits a toast when category is enabled" time="0.000653">
        </testcase>
        <testcase classname="tests/features/settings/lib/notifications.test.ts" name="notify – gating &gt; returns true and emits a toast when force is true even if category is disabled" time="0.0004608">
        </testcase>
        <testcase classname="tests/features/settings/lib/notifications.test.ts" name="notify – gating &gt; uses default options (force=false, kind=&apos;info&apos;) when options object is omitted" time="0.0029302">
        </testcase>
        <testcase classname="tests/features/settings/lib/notifications.test.ts" name="notify – kind dispatch &gt; calls toast.success for kind=&apos;success&apos;" time="0.0012561">
        </testcase>
        <testcase classname="tests/features/settings/lib/notifications.test.ts" name="notify – kind dispatch &gt; calls toast.error for kind=&apos;error&apos;" time="0.0007038">
        </testcase>
        <testcase classname="tests/features/settings/lib/notifications.test.ts" name="notify – kind dispatch &gt; calls toast.warning for kind=&apos;warning&apos;" time="0.0005648">
        </testcase>
        <testcase classname="tests/features/settings/lib/notifications.test.ts" name="notify – kind dispatch &gt; calls toast.info for kind=&apos;info&apos; (explicit)" time="0.0006624">
        </testcase>
        <testcase classname="tests/features/settings/lib/notifications.test.ts" name="notify – kind dispatch &gt; calls toast.info when kind is omitted (default branch)" time="0.0004815">
        </testcase>
        <testcase classname="tests/features/settings/lib/notifications.test.ts" name="notify – description payload &gt; passes { description } payload when description is provided" time="0.0015395">
        </testcase>
        <testcase classname="tests/features/settings/lib/notifications.test.ts" name="notify – description payload &gt; passes undefined payload when description is omitted" time="0.000589">
        </testcase>
        <testcase classname="tests/features/settings/lib/notifications.test.ts" name="notify – description payload &gt; passes description along with kind=success" time="0.0007624">
        </testcase>
        <testcase classname="tests/features/settings/lib/notifications.test.ts" name="notify – description payload &gt; passes description along with kind=error" time="0.0005352">
        </testcase>
        <testcase classname="tests/features/settings/lib/notifications.test.ts" name="notify – description payload &gt; passes description along with kind=warning" time="0.0005076">
        </testcase>
        <testcase classname="tests/features/settings/lib/notifications.test.ts" name="notifyUpload &gt; delegates to notify(&apos;uploads&apos;, ...) and returns true when enabled" time="0.0005623">
        </testcase>
        <testcase classname="tests/features/settings/lib/notifications.test.ts" name="notifyUpload &gt; returns false when uploads is disabled" time="0.0004343">
        </testcase>
        <testcase classname="tests/features/settings/lib/notifications.test.ts" name="notifyUpload &gt; forwards options to notify" time="0.000483">
        </testcase>
        <testcase classname="tests/features/settings/lib/notifications.test.ts" name="notifyQuery &gt; delegates to notify(&apos;queries&apos;, ...) and returns true when enabled" time="0.000571">
        </testcase>
        <testcase classname="tests/features/settings/lib/notifications.test.ts" name="notifyQuery &gt; returns false when queries is disabled" time="0.0003178">
        </testcase>
        <testcase classname="tests/features/settings/lib/notifications.test.ts" name="notifyQuery &gt; forwards options to notify" time="0.0002978">
        </testcase>
        <testcase classname="tests/features/settings/lib/notifications.test.ts" name="notifyError &gt; always shows the toast even when errors category is disabled (force: true default)" time="0.0004557">
        </testcase>
        <testcase classname="tests/features/settings/lib/notifications.test.ts" name="notifyError &gt; shows the toast when errors category is enabled" time="0.0003157">
        </testcase>
        <testcase classname="tests/features/settings/lib/notifications.test.ts" name="notifyError &gt; uses kind=error by default" time="0.0002846">
        </testcase>
        <testcase classname="tests/features/settings/lib/notifications.test.ts" name="notifyError &gt; forwards description in options" time="0.000481">
        </testcase>
        <testcase classname="tests/features/settings/lib/notifications.test.ts" name="notifyError &gt; caller options spread over defaults — kind override is still error (forced)" time="0.000377">
        </testcase>
        <testcase classname="tests/features/settings/lib/notifications.test.ts" name="notifyCollaboration &gt; delegates to notify(&apos;collaboration&apos;, ...) and returns true when enabled" time="0.0005402">
        </testcase>
        <testcase classname="tests/features/settings/lib/notifications.test.ts" name="notifyCollaboration &gt; returns false when collaboration is disabled" time="0.0005549">
        </testcase>
        <testcase classname="tests/features/settings/lib/notifications.test.ts" name="notifyCollaboration &gt; forwards options to notify" time="0.000938">
        </testcase>
    </testsuite>
    <testsuite name="tests/features/settings/lib/settings-backup.test.ts" timestamp="2026-06-25T18:28:26.106Z" hostname="Desktop" tests="28" failures="0" errors="0" skipped="0" time="0.2028039">
        <testcase classname="tests/features/settings/lib/settings-backup.test.ts" name="buildSettingsBackup &gt; returns a backup file with the correct kind and version" time="0.0191841">
        </testcase>
        <testcase classname="tests/features/settings/lib/settings-backup.test.ts" name="buildSettingsBackup &gt; exportedAt is a valid ISO timestamp close to now" time="0.0178124">
        </testcase>
        <testcase classname="tests/features/settings/lib/settings-backup.test.ts" name="buildSettingsBackup &gt; uses the settings object from the API envelope when present" time="0.0041">
        </testcase>
        <testcase classname="tests/features/settings/lib/settings-backup.test.ts" name="buildSettingsBackup &gt; falls back to exported[namespace] when envelope.settings is absent" time="0.0009507">
        </testcase>
        <testcase classname="tests/features/settings/lib/settings-backup.test.ts" name="buildSettingsBackup &gt; falls back to in-memory store when API export returns empty object" time="0.0025838">
        </testcase>
        <testcase classname="tests/features/settings/lib/settings-backup.test.ts" name="buildSettingsBackup &gt; falls back to in-memory store when API export returns empty settings record" time="0.0029823">
        </testcase>
        <testcase classname="tests/features/settings/lib/settings-backup.test.ts" name="buildSettingsBackup &gt; falls back to in-memory store when API throws" time="0.0010209">
        </testcase>
        <testcase classname="tests/features/settings/lib/settings-backup.test.ts" name="buildSettingsBackup &gt; calls exportAppSettingsRemote with namespace &apos;settings&apos;" time="0.0128283">
        </testcase>
        <testcase classname="tests/features/settings/lib/settings-backup.test.ts" name="buildSettingsBackup &gt; includes getState() result in the in-memory fallback blob" time="0.0018131">
        </testcase>
        <testcase classname="tests/features/settings/lib/settings-backup.test.ts" name="downloadSettingsBackup &gt; creates a blob URL and revokes it after download" time="0.0131832">
        </testcase>
        <testcase classname="tests/features/settings/lib/settings-backup.test.ts" name="downloadSettingsBackup &gt; appends an anchor, clicks it, then removes it" time="0.0071385">
        </testcase>
        <testcase classname="tests/features/settings/lib/settings-backup.test.ts" name="downloadSettingsBackup &gt; sets the anchor download attribute to a filename with today&apos;s date" time="0.0179025">
        </testcase>
        <testcase classname="tests/features/settings/lib/settings-backup.test.ts" name="downloadSettingsBackup &gt; revokes the URL even when an error occurs inside the try block" time="0.015968">
        </testcase>
        <testcase classname="tests/features/settings/lib/settings-backup.test.ts" name="restoreSettingsFromFile – invalid JSON &gt; returns ok:false with &apos;not valid JSON&apos; message for malformed content" time="0.0109075">
        </testcase>
        <testcase classname="tests/features/settings/lib/settings-backup.test.ts" name="restoreSettingsFromFile – schema validation failures &gt; returns ok:false when the file does not match the envelope schema (no settings key)" time="0.004887">
        </testcase>
        <testcase classname="tests/features/settings/lib/settings-backup.test.ts" name="restoreSettingsFromFile – schema validation failures &gt; returns ok:false when settings is null (envelope parse fails)" time="0.0106024">
        </testcase>
        <testcase classname="tests/features/settings/lib/settings-backup.test.ts" name="restoreSettingsFromFile – empty settings &gt; returns ok:false with &apos;no settings&apos; error when the settings map is empty" time="0.0009816">
        </testcase>
        <testcase classname="tests/features/settings/lib/settings-backup.test.ts" name="restoreSettingsFromFile – persist key state validation &gt; returns ok:false when the persist blob state fails SettingsBackupSchema" time="0.0087398">
        </testcase>
        <testcase classname="tests/features/settings/lib/settings-backup.test.ts" name="restoreSettingsFromFile – persist key state validation &gt; accepts the persist blob when state passes SettingsBackupSchema (valid theme)" time="0.0032494">
        </testcase>
        <testcase classname="tests/features/settings/lib/settings-backup.test.ts" name="restoreSettingsFromFile – persist key state validation &gt; accepts the persist blob when state is an empty object (all fields optional)" time="0.0043203">
        </testcase>
        <testcase classname="tests/features/settings/lib/settings-backup.test.ts" name="restoreSettingsFromFile – putAppSettingRemote write errors &gt; returns ok:false with the failed key name when put throws" time="0.0028679">
        </testcase>
        <testcase classname="tests/features/settings/lib/settings-backup.test.ts" name="restoreSettingsFromFile – happy path &gt; returns ok:true with restoredKeys count matching the settings map size" time="0.0013189">
        </testcase>
        <testcase classname="tests/features/settings/lib/settings-backup.test.ts" name="restoreSettingsFromFile – happy path &gt; calls putAppSettingRemote once per key with namespace &apos;settings&apos;" time="0.0013635">
        </testcase>
        <testcase classname="tests/features/settings/lib/settings-backup.test.ts" name="restoreSettingsFromFile – happy path &gt; calls useSettingsStore.persist.rehydrate() after writing keys" time="0.0031224">
        </testcase>
        <testcase classname="tests/features/settings/lib/settings-backup.test.ts" name="restoreSettingsFromFile – happy path &gt; returns ok:true even when rehydrate() throws (non-fatal path)" time="0.0009661">
        </testcase>
        <testcase classname="tests/features/settings/lib/settings-backup.test.ts" name="restoreSettingsFromFile – happy path &gt; passes the full value object through to putAppSettingRemote" time="0.003312">
        </testcase>
        <testcase classname="tests/features/settings/lib/settings-backup.test.ts" name="restoreSettingsFromFile – happy path &gt; handles a single-key backup that is not the persist key" time="0.0025207">
        </testcase>
        <testcase classname="tests/features/settings/lib/settings-backup.test.ts" name="restoreSettingsFromFile – partial write failure stops at first error &gt; stops writing after the first put failure and returns error for that key" time="0.0014559">
        </testcase>
    </testsuite>
    <testsuite name="tests/features/settings/lib/settings-schema.test.ts" timestamp="2026-06-25T18:28:26.109Z" hostname="Desktop" tests="96" failures="0" errors="0" skipped="0" time="0.2545363">
        <testcase classname="tests/features/settings/lib/settings-schema.test.ts" name="AccentColorSchema &gt; accepts valid accent color: blue" time="0.01516">
        </testcase>
        <testcase classname="tests/features/settings/lib/settings-schema.test.ts" name="AccentColorSchema &gt; accepts valid accent color: indigo" time="0.0017061">
        </testcase>
        <testcase classname="tests/features/settings/lib/settings-schema.test.ts" name="AccentColorSchema &gt; accepts valid accent color: violet" time="0.0022592">
        </testcase>
        <testcase classname="tests/features/settings/lib/settings-schema.test.ts" name="AccentColorSchema &gt; accepts valid accent color: cyan" time="0.0011526">
        </testcase>
        <testcase classname="tests/features/settings/lib/settings-schema.test.ts" name="AccentColorSchema &gt; accepts valid accent color: emerald" time="0.0034653">
        </testcase>
        <testcase classname="tests/features/settings/lib/settings-schema.test.ts" name="AccentColorSchema &gt; accepts valid accent color: amber" time="0.0005145">
        </testcase>
        <testcase classname="tests/features/settings/lib/settings-schema.test.ts" name="AccentColorSchema &gt; accepts valid accent color: rose" time="0.0003454">
        </testcase>
        <testcase classname="tests/features/settings/lib/settings-schema.test.ts" name="AccentColorSchema &gt; rejects an invalid accent color" time="0.0037163">
        </testcase>
        <testcase classname="tests/features/settings/lib/settings-schema.test.ts" name="AccentColorSchema &gt; rejects an empty string" time="0.0029599">
        </testcase>
        <testcase classname="tests/features/settings/lib/settings-schema.test.ts" name="AccentColorSchema &gt; rejects a number" time="0.0007943">
        </testcase>
        <testcase classname="tests/features/settings/lib/settings-schema.test.ts" name="DensityModeSchema &gt; accepts valid density mode: compact" time="0.0058308">
        </testcase>
        <testcase classname="tests/features/settings/lib/settings-schema.test.ts" name="DensityModeSchema &gt; accepts valid density mode: comfortable" time="0.0014042">
        </testcase>
        <testcase classname="tests/features/settings/lib/settings-schema.test.ts" name="DensityModeSchema &gt; accepts valid density mode: spacious" time="0.0073336">
        </testcase>
        <testcase classname="tests/features/settings/lib/settings-schema.test.ts" name="DensityModeSchema &gt; rejects an invalid density mode" time="0.000675">
        </testcase>
        <testcase classname="tests/features/settings/lib/settings-schema.test.ts" name="DensityModeSchema &gt; rejects a number" time="0.0056867">
        </testcase>
        <testcase classname="tests/features/settings/lib/settings-schema.test.ts" name="ThemeSchema &gt; accepts valid theme: light" time="0.001353">
        </testcase>
        <testcase classname="tests/features/settings/lib/settings-schema.test.ts" name="ThemeSchema &gt; accepts valid theme: dark" time="0.0003566">
        </testcase>
        <testcase classname="tests/features/settings/lib/settings-schema.test.ts" name="ThemeSchema &gt; accepts valid theme: system" time="0.0032681">
        </testcase>
        <testcase classname="tests/features/settings/lib/settings-schema.test.ts" name="ThemeSchema &gt; rejects an invalid theme" time="0.0087748">
        </testcase>
        <testcase classname="tests/features/settings/lib/settings-schema.test.ts" name="ThemeSchema &gt; rejects null" time="0.0010303">
        </testcase>
        <testcase classname="tests/features/settings/lib/settings-schema.test.ts" name="NumericFields – defaultRowLimit &gt; accepts minimum valid value 100" time="0.0081643">
        </testcase>
        <testcase classname="tests/features/settings/lib/settings-schema.test.ts" name="NumericFields – defaultRowLimit &gt; accepts maximum valid value 1_000_000" time="0.002787">
        </testcase>
        <testcase classname="tests/features/settings/lib/settings-schema.test.ts" name="NumericFields – defaultRowLimit &gt; coerces a string number to integer" time="0.0051164">
        </testcase>
        <testcase classname="tests/features/settings/lib/settings-schema.test.ts" name="NumericFields – defaultRowLimit &gt; rejects a value below minimum (99)" time="0.0012265">
        </testcase>
        <testcase classname="tests/features/settings/lib/settings-schema.test.ts" name="NumericFields – defaultRowLimit &gt; rejects a value above maximum (1_000_001)" time="0.0014673">
        </testcase>
        <testcase classname="tests/features/settings/lib/settings-schema.test.ts" name="NumericFields – defaultRowLimit &gt; has fallback of 10_000" time="0.000392">
        </testcase>
        <testcase classname="tests/features/settings/lib/settings-schema.test.ts" name="NumericFields – autoRefreshInterval &gt; accepts minimum valid value 0" time="0.0004353">
        </testcase>
        <testcase classname="tests/features/settings/lib/settings-schema.test.ts" name="NumericFields – autoRefreshInterval &gt; accepts maximum valid value 3600" time="0.0006793">
        </testcase>
        <testcase classname="tests/features/settings/lib/settings-schema.test.ts" name="NumericFields – autoRefreshInterval &gt; rejects a value above maximum (3601)" time="0.0007514">
        </testcase>
        <testcase classname="tests/features/settings/lib/settings-schema.test.ts" name="NumericFields – autoRefreshInterval &gt; rejects a negative value" time="0.0005576">
        </testcase>
        <testcase classname="tests/features/settings/lib/settings-schema.test.ts" name="NumericFields – autoRefreshInterval &gt; has fallback of 0" time="0.0059998">
        </testcase>
        <testcase classname="tests/features/settings/lib/settings-schema.test.ts" name="NumericFields – duckdbWorkers &gt; accepts minimum valid value 1" time="0.0004485">
        </testcase>
        <testcase classname="tests/features/settings/lib/settings-schema.test.ts" name="NumericFields – duckdbWorkers &gt; accepts maximum valid value 8" time="0.000304">
        </testcase>
        <testcase classname="tests/features/settings/lib/settings-schema.test.ts" name="NumericFields – duckdbWorkers &gt; rejects a value below minimum (0)" time="0.0019764">
        </testcase>
        <testcase classname="tests/features/settings/lib/settings-schema.test.ts" name="NumericFields – duckdbWorkers &gt; rejects a value above maximum (9)" time="0.0045808">
        </testcase>
        <testcase classname="tests/features/settings/lib/settings-schema.test.ts" name="NumericFields – duckdbWorkers &gt; has fallback of 4" time="0.0011212">
        </testcase>
        <testcase classname="tests/features/settings/lib/settings-schema.test.ts" name="NumericFields – maxMemoryMB &gt; accepts minimum valid value 256" time="0.001481">
        </testcase>
        <testcase classname="tests/features/settings/lib/settings-schema.test.ts" name="NumericFields – maxMemoryMB &gt; accepts maximum valid value 4096" time="0.0005145">
        </testcase>
        <testcase classname="tests/features/settings/lib/settings-schema.test.ts" name="NumericFields – maxMemoryMB &gt; rejects a value below minimum (255)" time="0.0015642">
        </testcase>
        <testcase classname="tests/features/settings/lib/settings-schema.test.ts" name="NumericFields – maxMemoryMB &gt; rejects a value above maximum (4097)" time="0.0007847">
        </testcase>
        <testcase classname="tests/features/settings/lib/settings-schema.test.ts" name="NumericFields – maxMemoryMB &gt; has fallback of 512" time="0.0008682">
        </testcase>
        <testcase classname="tests/features/settings/lib/settings-schema.test.ts" name="NumericFields – virtualizeThreshold &gt; accepts minimum valid value 50" time="0.0011803">
        </testcase>
        <testcase classname="tests/features/settings/lib/settings-schema.test.ts" name="NumericFields – virtualizeThreshold &gt; accepts maximum valid value 5000" time="0.0020864">
        </testcase>
        <testcase classname="tests/features/settings/lib/settings-schema.test.ts" name="NumericFields – virtualizeThreshold &gt; rejects a value below minimum (49)" time="0.0005978">
        </testcase>
        <testcase classname="tests/features/settings/lib/settings-schema.test.ts" name="NumericFields – virtualizeThreshold &gt; rejects a value above maximum (5001)" time="0.0008939">
        </testcase>
        <testcase classname="tests/features/settings/lib/settings-schema.test.ts" name="NumericFields – virtualizeThreshold &gt; has fallback of 500" time="0.0011702">
        </testcase>
        <testcase classname="tests/features/settings/lib/settings-schema.test.ts" name="clampNumericSetting &gt; returns the parsed value when input is valid (success branch)" time="0.0011906">
        </testcase>
        <testcase classname="tests/features/settings/lib/settings-schema.test.ts" name="clampNumericSetting &gt; returns the fallback when input is invalid (failure branch)" time="0.0023952">
        </testcase>
        <testcase classname="tests/features/settings/lib/settings-schema.test.ts" name="clampNumericSetting &gt; coerces a string to number and returns it when valid" time="0.0010319">
        </testcase>
        <testcase classname="tests/features/settings/lib/settings-schema.test.ts" name="clampNumericSetting &gt; returns fallback for NaN input string" time="0.0038799">
        </testcase>
        <testcase classname="tests/features/settings/lib/settings-schema.test.ts" name="clampNumericSetting &gt; returns fallback when value exceeds max for autoRefreshInterval" time="0.0029578">
        </testcase>
        <testcase classname="tests/features/settings/lib/settings-schema.test.ts" name="clampNumericSetting &gt; returns parsed value at boundary for maxMemoryMB (256)" time="0.0008546">
        </testcase>
        <testcase classname="tests/features/settings/lib/settings-schema.test.ts" name="clampNumericSetting &gt; returns fallback for out-of-range maxMemoryMB (0)" time="0.0013176">
        </testcase>
        <testcase classname="tests/features/settings/lib/settings-schema.test.ts" name="clampNumericSetting &gt; returns parsed value for virtualizeThreshold (1000)" time="0.0004521">
        </testcase>
        <testcase classname="tests/features/settings/lib/settings-schema.test.ts" name="clampNumericSetting &gt; returns fallback for virtualizeThreshold too low (10)" time="0.0004563">
        </testcase>
        <testcase classname="tests/features/settings/lib/settings-schema.test.ts" name="clampNumericSetting &gt; works with string input that coerces to a valid number for maxMemoryMB" time="0.0003195">
        </testcase>
        <testcase classname="tests/features/settings/lib/settings-schema.test.ts" name="parseNumericSetting &gt; returns success:true with value when input is valid" time="0.0109882">
        </testcase>
        <testcase classname="tests/features/settings/lib/settings-schema.test.ts" name="parseNumericSetting &gt; returns success:false when input is below minimum" time="0.0012614">
        </testcase>
        <testcase classname="tests/features/settings/lib/settings-schema.test.ts" name="parseNumericSetting &gt; returns success:false when input is a non-numeric string" time="0.0009573">
        </testcase>
        <testcase classname="tests/features/settings/lib/settings-schema.test.ts" name="parseNumericSetting &gt; returns success:true with coerced number when given valid string" time="0.0005936">
        </testcase>
        <testcase classname="tests/features/settings/lib/settings-schema.test.ts" name="parseNumericSetting &gt; returns success:false for autoRefreshInterval above max" time="0.0005804">
        </testcase>
        <testcase classname="tests/features/settings/lib/settings-schema.test.ts" name="parseNumericSetting &gt; returns success:true for autoRefreshInterval at exact max (3600)" time="0.0004252">
        </testcase>
        <testcase classname="tests/features/settings/lib/settings-schema.test.ts" name="parseNumericSetting &gt; returns success:true for maxMemoryMB at min boundary (256)" time="0.0004438">
        </testcase>
        <testcase classname="tests/features/settings/lib/settings-schema.test.ts" name="parseNumericSetting &gt; returns success:false for maxMemoryMB below minimum (100)" time="0.000445">
        </testcase>
        <testcase classname="tests/features/settings/lib/settings-schema.test.ts" name="parseNumericSetting &gt; returns success:true for virtualizeThreshold at mid-range (2500)" time="0.0003956">
        </testcase>
        <testcase classname="tests/features/settings/lib/settings-schema.test.ts" name="parseNumericSetting &gt; returns success:false for virtualizeThreshold above max (5001)" time="0.000466">
        </testcase>
        <testcase classname="tests/features/settings/lib/settings-schema.test.ts" name="parseNullDisplay &gt; returns success:true with value for a short string" time="0.0008408">
        </testcase>
        <testcase classname="tests/features/settings/lib/settings-schema.test.ts" name="parseNullDisplay &gt; returns success:true for an empty string (length 0 &lt;= 8)" time="0.0111365">
        </testcase>
        <testcase classname="tests/features/settings/lib/settings-schema.test.ts" name="parseNullDisplay &gt; returns success:true for a string of exactly 8 characters" time="0.0028626">
        </testcase>
        <testcase classname="tests/features/settings/lib/settings-schema.test.ts" name="parseNullDisplay &gt; returns success:false for a string longer than 8 characters (failure branch)" time="0.0033581">
        </testcase>
        <testcase classname="tests/features/settings/lib/settings-schema.test.ts" name="parseNullDisplay &gt; returns success:true for a single-character null display" time="0.0010249">
        </testcase>
        <testcase classname="tests/features/settings/lib/settings-schema.test.ts" name="parseNullDisplay &gt; returns success:false for a 9-character string" time="0.0006558">
        </testcase>
        <testcase classname="tests/features/settings/lib/settings-schema.test.ts" name="SettingsBackupSchema &gt; accepts an empty object (all fields optional)" time="0.0048318">
        </testcase>
        <testcase classname="tests/features/settings/lib/settings-schema.test.ts" name="SettingsBackupSchema &gt; accepts a fully populated valid settings backup object" time="0.0028426">
        </testcase>
        <testcase classname="tests/features/settings/lib/settings-schema.test.ts" name="SettingsBackupSchema &gt; rejects an invalid theme value" time="0.0028955">
        </testcase>
        <testcase classname="tests/features/settings/lib/settings-schema.test.ts" name="SettingsBackupSchema &gt; rejects an invalid accentColor value" time="0.0123243">
        </testcase>
        <testcase classname="tests/features/settings/lib/settings-schema.test.ts" name="SettingsBackupSchema &gt; rejects an invalid density value" time="0.0012557">
        </testcase>
        <testcase classname="tests/features/settings/lib/settings-schema.test.ts" name="SettingsBackupSchema &gt; accepts each valid theme separately" time="0.0008313">
        </testcase>
        <testcase classname="tests/features/settings/lib/settings-schema.test.ts" name="SettingsBackupSchema &gt; accepts each valid density separately" time="0.0084971">
        </testcase>
        <testcase classname="tests/features/settings/lib/settings-schema.test.ts" name="SettingsBackupSchema &gt; accepts each valid accentColor separately" time="0.0012358">
        </testcase>
        <testcase classname="tests/features/settings/lib/settings-schema.test.ts" name="SettingsBackupSchema &gt; accepts animationsEnabled as a boolean" time="0.0004996">
        </testcase>
        <testcase classname="tests/features/settings/lib/settings-schema.test.ts" name="SettingsBackupSchema &gt; rejects animationsEnabled as a string" time="0.000567">
        </testcase>
        <testcase classname="tests/features/settings/lib/settings-schema.test.ts" name="SettingsBackupSchema &gt; accepts sidebarPinned as a boolean" time="0.002766">
        </testcase>
        <testcase classname="tests/features/settings/lib/settings-schema.test.ts" name="SettingsBackupSchema &gt; accepts showBreadcrumbs as a boolean" time="0.0007095">
        </testcase>
        <testcase classname="tests/features/settings/lib/settings-schema.test.ts" name="SettingsBackupSchema &gt; accepts compactNumbers as a boolean" time="0.0005111">
        </testcase>
        <testcase classname="tests/features/settings/lib/settings-schema.test.ts" name="SettingsBackupSchema &gt; accepts data as a record" time="0.0004149">
        </testcase>
        <testcase classname="tests/features/settings/lib/settings-schema.test.ts" name="SettingsBackupSchema &gt; accepts performance as a record" time="0.0003601">
        </testcase>
        <testcase classname="tests/features/settings/lib/settings-schema.test.ts" name="SettingsBackupSchema &gt; accepts notifications as a record" time="0.0008983">
        </testcase>
        <testcase classname="tests/features/settings/lib/settings-schema.test.ts" name="SettingsBackupSchema &gt; accepts pinnedItems as an array of strings" time="0.0005851">
        </testcase>
        <testcase classname="tests/features/settings/lib/settings-schema.test.ts" name="SettingsBackupSchema &gt; rejects pinnedItems as an array of non-strings" time="0.0008888">
        </testcase>
        <testcase classname="tests/features/settings/lib/settings-schema.test.ts" name="SettingsBackupSchema &gt; passes through unknown keys (passthrough mode)" time="0.0006742">
        </testcase>
        <testcase classname="tests/features/settings/lib/settings-schema.test.ts" name="SettingsExportEnvelopeSchema &gt; accepts an empty object (settings is optional)" time="0.0010287">
        </testcase>
        <testcase classname="tests/features/settings/lib/settings-schema.test.ts" name="SettingsExportEnvelopeSchema &gt; accepts an object with a settings record" time="0.0006267">
        </testcase>
        <testcase classname="tests/features/settings/lib/settings-schema.test.ts" name="SettingsExportEnvelopeSchema &gt; accepts an object with an empty settings record" time="0.0003773">
        </testcase>
        <testcase classname="tests/features/settings/lib/settings-schema.test.ts" name="SettingsExportEnvelopeSchema &gt; passes through unknown keys (passthrough mode)" time="0.0004443">
        </testcase>
        <testcase classname="tests/features/settings/lib/settings-schema.test.ts" name="SettingsExportEnvelopeSchema &gt; rejects when settings is a non-record value (array)" time="0.0009336">
        </testcase>
    </testsuite>
    <testsuite name="tests/features/settings/lib/storage-stats.test.ts" timestamp="2026-06-25T18:28:26.119Z" hostname="Desktop" tests="27" failures="0" errors="0" skipped="0" time="0.037388">
        <testcase classname="tests/features/settings/lib/storage-stats.test.ts" name="readStorageStats – OPFS not available &gt; returns overall from getStorageInfo" time="0.0054878">
        </testcase>
        <testcase classname="tests/features/settings/lib/storage-stats.test.ts" name="readStorageStats – OPFS not available &gt; returns opfsAvailable: false" time="0.0009455">
        </testcase>
        <testcase classname="tests/features/settings/lib/storage-stats.test.ts" name="readStorageStats – OPFS not available &gt; returns exactly 4 cache namespace entries" time="0.0023198">
        </testcase>
        <testcase classname="tests/features/settings/lib/storage-stats.test.ts" name="readStorageStats – OPFS not available &gt; sets bytes to 0 for every cache namespace when OPFS is unavailable" time="0.0008174">
        </testcase>
        <testcase classname="tests/features/settings/lib/storage-stats.test.ts" name="readStorageStats – OPFS not available &gt; maps each namespace id and dir correctly when OPFS is unavailable" time="0.0019215">
        </testcase>
        <testcase classname="tests/features/settings/lib/storage-stats.test.ts" name="readStorageStats – OPFS not available &gt; includes label and description for all namespaces" time="0.0013059">
        </testcase>
        <testcase classname="tests/features/settings/lib/storage-stats.test.ts" name="readStorageStats – OPFS not available &gt; does not call dirSize when OPFS is unavailable" time="0.0013674">
        </testcase>
        <testcase classname="tests/features/settings/lib/storage-stats.test.ts" name="readStorageStats – OPFS available (happy path) &gt; returns opfsAvailable: true" time="0.0006848">
        </testcase>
        <testcase classname="tests/features/settings/lib/storage-stats.test.ts" name="readStorageStats – OPFS available (happy path) &gt; returns overall from getStorageInfo" time="0.0006226">
        </testcase>
        <testcase classname="tests/features/settings/lib/storage-stats.test.ts" name="readStorageStats – OPFS available (happy path) &gt; returns exactly 4 cache entries" time="0.0005692">
        </testcase>
        <testcase classname="tests/features/settings/lib/storage-stats.test.ts" name="readStorageStats – OPFS available (happy path) &gt; calls dirSize for each namespace dir" time="0.0018689">
        </testcase>
        <testcase classname="tests/features/settings/lib/storage-stats.test.ts" name="readStorageStats – OPFS available (happy path) &gt; populates bytes from dirSize for each namespace" time="0.0008269">
        </testcase>
        <testcase classname="tests/features/settings/lib/storage-stats.test.ts" name="readStorageStats – OPFS available (happy path) &gt; sets the dir field from OPFS_NS for each cache" time="0.0005824">
        </testcase>
        <testcase classname="tests/features/settings/lib/storage-stats.test.ts" name="readStorageStats – OPFS available (happy path) &gt; includes label and description for each namespace" time="0.00105">
        </testcase>
        <testcase classname="tests/features/settings/lib/storage-stats.test.ts" name="readStorageStats – dirSize throws (catch branch) &gt; sets bytes to 0 when dirSize throws for a namespace" time="0.0009847">
        </testcase>
        <testcase classname="tests/features/settings/lib/storage-stats.test.ts" name="readStorageStats – dirSize throws (catch branch) &gt; still returns all 4 cache entries even when dirSize always throws" time="0.0007032">
        </testcase>
        <testcase classname="tests/features/settings/lib/storage-stats.test.ts" name="readStorageStats – dirSize throws (catch branch) &gt; falls back to 0 bytes for the erroring namespace but returns real bytes for others" time="0.0009559">
        </testcase>
        <testcase classname="tests/features/settings/lib/storage-stats.test.ts" name="clearCacheNamespace – OPFS not available &gt; returns undefined without calling deleteDir" time="0.0006385">
        </testcase>
        <testcase classname="tests/features/settings/lib/storage-stats.test.ts" name="clearCacheNamespace – OPFS not available &gt; does nothing for parquetCache when OPFS is unavailable" time="0.0003471">
        </testcase>
        <testcase classname="tests/features/settings/lib/storage-stats.test.ts" name="clearCacheNamespace – OPFS not available &gt; does nothing for pmtiles when OPFS is unavailable" time="0.0003059">
        </testcase>
        <testcase classname="tests/features/settings/lib/storage-stats.test.ts" name="clearCacheNamespace – OPFS not available &gt; does nothing for pyodide when OPFS is unavailable" time="0.000288">
        </testcase>
        <testcase classname="tests/features/settings/lib/storage-stats.test.ts" name="clearCacheNamespace – OPFS available &gt; calls deleteDir with the correct OPFS path for modelWeights" time="0.0004685">
        </testcase>
        <testcase classname="tests/features/settings/lib/storage-stats.test.ts" name="clearCacheNamespace – OPFS available &gt; calls deleteDir with the correct OPFS path for parquetCache" time="0.0004241">
        </testcase>
        <testcase classname="tests/features/settings/lib/storage-stats.test.ts" name="clearCacheNamespace – OPFS available &gt; calls deleteDir with the correct OPFS path for pmtiles" time="0.0003926">
        </testcase>
        <testcase classname="tests/features/settings/lib/storage-stats.test.ts" name="clearCacheNamespace – OPFS available &gt; calls deleteDir with the correct OPFS path for pyodide" time="0.0003374">
        </testcase>
        <testcase classname="tests/features/settings/lib/storage-stats.test.ts" name="clearCacheNamespace – OPFS available &gt; awaits deleteDir and resolves to undefined" time="0.0002608">
        </testcase>
        <testcase classname="tests/features/settings/lib/storage-stats.test.ts" name="clearCacheNamespace – OPFS available &gt; propagates errors thrown by deleteDir" time="0.0033307">
        </testcase>
    </testsuite>
    <testsuite name="tests/platform/ai/provider/adapters/base.test.ts" timestamp="2026-06-25T18:28:26.122Z" hostname="Desktop" tests="24" failures="0" errors="0" skipped="0" time="0.0345483">
        <testcase classname="tests/platform/ai/provider/adapters/base.test.ts" name="generateStructuredByPrompt &gt; appends json instruction to an existing system prompt and calls provider.generate" time="0.0064253">
        </testcase>
        <testcase classname="tests/platform/ai/provider/adapters/base.test.ts" name="generateStructuredByPrompt &gt; uses json instruction alone when no system prompt is provided" time="0.0011827">
        </testcase>
        <testcase classname="tests/platform/ai/provider/adapters/base.test.ts" name="generateStructuredByPrompt &gt; defaults temperature to 0 when temperature is undefined in req" time="0.0006545">
        </testcase>
        <testcase classname="tests/platform/ai/provider/adapters/base.test.ts" name="generateStructuredByPrompt &gt; preserves the caller-supplied temperature when provided" time="0.0006189">
        </testcase>
        <testcase classname="tests/platform/ai/provider/adapters/base.test.ts" name="generateStructuredByPrompt &gt; passes the generated text to parseStructured with the label &apos;structured-output&apos;" time="0.0036121">
        </testcase>
        <testcase classname="tests/platform/ai/provider/adapters/base.test.ts" name="generateStructuredByPrompt &gt; propagates errors thrown by provider.generate" time="0.0041868">
        </testcase>
        <testcase classname="tests/platform/ai/provider/adapters/base.test.ts" name="generateStructuredByPrompt &gt; propagates errors thrown by parseStructured" time="0.0012113">
        </testcase>
        <testcase classname="tests/platform/ai/provider/adapters/base.test.ts" name="generateStructuredByPrompt &gt; spreads all original request fields into the generate call" time="0.0009174">
        </testcase>
        <testcase classname="tests/platform/ai/provider/adapters/base.test.ts" name="toMessages &gt; returns an empty array when req has no system, messages, or prompt" time="0.0008043">
        </testcase>
        <testcase classname="tests/platform/ai/provider/adapters/base.test.ts" name="toMessages &gt; adds a system message first when req.system is present" time="0.0005905">
        </testcase>
        <testcase classname="tests/platform/ai/provider/adapters/base.test.ts" name="toMessages &gt; adds a user message last when req.prompt is present" time="0.000472">
        </testcase>
        <testcase classname="tests/platform/ai/provider/adapters/base.test.ts" name="toMessages &gt; spreads req.messages into the output array" time="0.000474">
        </testcase>
        <testcase classname="tests/platform/ai/provider/adapters/base.test.ts" name="toMessages &gt; returns all three sections in order: system, messages, prompt" time="0.0004776">
        </testcase>
        <testcase classname="tests/platform/ai/provider/adapters/base.test.ts" name="toMessages &gt; omits the system entry when req.system is undefined" time="0.0004321">
        </testcase>
        <testcase classname="tests/platform/ai/provider/adapters/base.test.ts" name="toMessages &gt; omits the prompt entry when req.prompt is undefined" time="0.0003899">
        </testcase>
        <testcase classname="tests/platform/ai/provider/adapters/base.test.ts" name="toSystemUser &gt; extracts system from req.system and user from req.prompt when both are provided" time="0.0005228">
        </testcase>
        <testcase classname="tests/platform/ai/provider/adapters/base.test.ts" name="toSystemUser &gt; returns empty strings for both when req has nothing" time="0.000348">
        </testcase>
        <testcase classname="tests/platform/ai/provider/adapters/base.test.ts" name="toSystemUser &gt; falls back to a system-role message when req.system is absent" time="0.0004135">
        </testcase>
        <testcase classname="tests/platform/ai/provider/adapters/base.test.ts" name="toSystemUser &gt; returns empty string for system when no system prompt and no system message" time="0.0003905">
        </testcase>
        <testcase classname="tests/platform/ai/provider/adapters/base.test.ts" name="toSystemUser &gt; joins non-system messages with double newlines when req.prompt is absent" time="0.0003505">
        </testcase>
        <testcase classname="tests/platform/ai/provider/adapters/base.test.ts" name="toSystemUser &gt; prefers req.prompt over messages for the user field" time="0.0003551">
        </testcase>
        <testcase classname="tests/platform/ai/provider/adapters/base.test.ts" name="toSystemUser &gt; returns empty string for user when messages is empty and no prompt" time="0.0020336">
        </testcase>
        <testcase classname="tests/platform/ai/provider/adapters/base.test.ts" name="toSystemUser &gt; returns empty string for user when all messages are system-role and no prompt" time="0.0004397">
        </testcase>
        <testcase classname="tests/platform/ai/provider/adapters/base.test.ts" name="toSystemUser &gt; returns empty string for system when messages is undefined and req.system is absent" time="0.0002879">
        </testcase>
    </testsuite>
    <testsuite name="tests/platform/ai/provider/adapters/llamacpp.test.ts" timestamp="2026-06-25T18:28:26.125Z" hostname="Desktop" tests="58" failures="0" errors="0" skipped="0" time="0.2253859">
        <testcase classname="tests/platform/ai/provider/adapters/llamacpp.test.ts" name="llamacppProvider static properties &gt; has id = &apos;llamacpp&apos;" time="0.0116331">
        </testcase>
        <testcase classname="tests/platform/ai/provider/adapters/llamacpp.test.ts" name="llamacppProvider static properties &gt; has a non-empty label string" time="0.0016569">
        </testcase>
        <testcase classname="tests/platform/ai/provider/adapters/llamacpp.test.ts" name="llamacppProvider static properties &gt; advertises streaming = true" time="0.0009585">
        </testcase>
        <testcase classname="tests/platform/ai/provider/adapters/llamacpp.test.ts" name="llamacppProvider static properties &gt; advertises structuredNative = true" time="0.0004091">
        </testcase>
        <testcase classname="tests/platform/ai/provider/adapters/llamacpp.test.ts" name="llamacppProvider static properties &gt; advertises offline = true" time="0.0005733">
        </testcase>
        <testcase classname="tests/platform/ai/provider/adapters/llamacpp.test.ts" name="llamacppProvider static properties &gt; advertises requiresWebGPU = false" time="0.0004741">
        </testcase>
        <testcase classname="tests/platform/ai/provider/adapters/llamacpp.test.ts" name="llamacppProvider.isAvailable &gt; returns true when electronLlama.isAvailable resolves true and isElectron() is true" time="0.0026616">
        </testcase>
        <testcase classname="tests/platform/ai/provider/adapters/llamacpp.test.ts" name="llamacppProvider.isAvailable &gt; returns false when electronLlama.isAvailable resolves false" time="0.0033066">
        </testcase>
        <testcase classname="tests/platform/ai/provider/adapters/llamacpp.test.ts" name="llamacppProvider.isAvailable &gt; returns false when isElectron() returns false" time="0.0009499">
        </testcase>
        <testcase classname="tests/platform/ai/provider/adapters/llamacpp.test.ts" name="llamacppProvider.isAvailable &gt; returns false when electronLlama bridge is not present (null)" time="0.0087291">
        </testcase>
        <testcase classname="tests/platform/ai/provider/adapters/llamacpp.test.ts" name="llamacppProvider.isAvailable &gt; returns false when electronLlama.isAvailable throws" time="0.0032583">
        </testcase>
        <testcase classname="tests/platform/ai/provider/adapters/llamacpp.test.ts" name="llamacppProvider.listModels &gt; returns the two curated GGUF models" time="0.0035608">
        </testcase>
        <testcase classname="tests/platform/ai/provider/adapters/llamacpp.test.ts" name="llamacppProvider.listModels &gt; each model has a label, family, sizeLabel, and downloadMb" time="0.004306">
        </testcase>
        <testcase classname="tests/platform/ai/provider/adapters/llamacpp.test.ts" name="llamacppProvider.listModels &gt; first model is the 1.5B (larger) variant" time="0.0011459">
        </testcase>
        <testcase classname="tests/platform/ai/provider/adapters/llamacpp.test.ts" name="llamacppProvider.listModels &gt; second model is the 0.5B (smaller) low-RAM fallback" time="0.0009399">
        </testcase>
        <testcase classname="tests/platform/ai/provider/adapters/llamacpp.test.ts" name="llamacppProvider.ensureReady &gt; calls api.ensureModel with the model file when a known GGUF id is passed" time="0.0133827">
        </testcase>
        <testcase classname="tests/platform/ai/provider/adapters/llamacpp.test.ts" name="llamacppProvider.ensureReady &gt; falls back to the first GGUF model when an unknown model id is passed" time="0.0031079">
        </testcase>
        <testcase classname="tests/platform/ai/provider/adapters/llamacpp.test.ts" name="llamacppProvider.ensureReady &gt; calls onProgress with loading (10%) then ready (100%) in order" time="0.0014822">
        </testcase>
        <testcase classname="tests/platform/ai/provider/adapters/llamacpp.test.ts" name="llamacppProvider.ensureReady &gt; loading progress message mentions the file name" time="0.0101634">
        </testcase>
        <testcase classname="tests/platform/ai/provider/adapters/llamacpp.test.ts" name="llamacppProvider.ensureReady &gt; does not throw when onProgress is omitted" time="0.0047464">
        </testcase>
        <testcase classname="tests/platform/ai/provider/adapters/llamacpp.test.ts" name="llamacppProvider.ensureReady &gt; returns immediately without calling api.ensureModel when bridge is absent" time="0.0031917">
        </testcase>
        <testcase classname="tests/platform/ai/provider/adapters/llamacpp.test.ts" name="llamacppProvider.ensureReady &gt; uses the 0.5B fallback when model id does not match any catalog entry" time="0.0017923">
        </testcase>
        <testcase classname="tests/platform/ai/provider/adapters/llamacpp.test.ts" name="llamacppProvider.ensureReady &gt; recognizes the second catalog model (0.5B) as a known id" time="0.000813">
        </testcase>
        <testcase classname="tests/platform/ai/provider/adapters/llamacpp.test.ts" name="llamacppProvider.generate &gt; throws when the bridge is not present" time="0.0077556">
        </testcase>
        <testcase classname="tests/platform/ai/provider/adapters/llamacpp.test.ts" name="llamacppProvider.generate &gt; returns text, model, provider, and elapsedMs from a successful generation" time="0.0199469">
        </testcase>
        <testcase classname="tests/platform/ai/provider/adapters/llamacpp.test.ts" name="llamacppProvider.generate &gt; sets finishReason to &apos;stop&apos; by default" time="0.0010642">
        </testcase>
        <testcase classname="tests/platform/ai/provider/adapters/llamacpp.test.ts" name="llamacppProvider.generate &gt; sets finishReason to &apos;abort&apos; when the signal is already aborted" time="0.0034748">
        </testcase>
        <testcase classname="tests/platform/ai/provider/adapters/llamacpp.test.ts" name="llamacppProvider.generate &gt; uses finishReason from the IPC result when signal is not aborted" time="0.0009715">
        </testcase>
        <testcase classname="tests/platform/ai/provider/adapters/llamacpp.test.ts" name="llamacppProvider.generate &gt; passes maxTokens=512 by default and temperature=0 by default" time="0.0007114">
        </testcase>
        <testcase classname="tests/platform/ai/provider/adapters/llamacpp.test.ts" name="llamacppProvider.generate &gt; passes custom maxTokens and temperature when provided" time="0.0029582">
        </testcase>
        <testcase classname="tests/platform/ai/provider/adapters/llamacpp.test.ts" name="llamacppProvider.generate &gt; includes topP in the IPC call when provided" time="0.0009733">
        </testcase>
        <testcase classname="tests/platform/ai/provider/adapters/llamacpp.test.ts" name="llamacppProvider.generate &gt; omits topP from the IPC call when not provided" time="0.0028711">
        </testcase>
        <testcase classname="tests/platform/ai/provider/adapters/llamacpp.test.ts" name="llamacppProvider.generate &gt; subscribes to onToken events and calls onToken for each chunk" time="0.004934">
        </testcase>
        <testcase classname="tests/platform/ai/provider/adapters/llamacpp.test.ts" name="llamacppProvider.generate &gt; does not subscribe to onToken events when onToken is not in the request" time="0.0010675">
        </testcase>
        <testcase classname="tests/platform/ai/provider/adapters/llamacpp.test.ts" name="llamacppProvider.generate &gt; unsubscribes even when api.generate throws" time="0.0014083">
        </testcase>
        <testcase classname="tests/platform/ai/provider/adapters/llamacpp.test.ts" name="llamacppProvider.generate &gt; strips the systemPrefix from the user prompt when it is a leading prefix" time="0.0010756">
        </testcase>
        <testcase classname="tests/platform/ai/provider/adapters/llamacpp.test.ts" name="llamacppProvider.generate &gt; does not strip systemPrefix when it is not a leading prefix of user" time="0.0015891">
        </testcase>
        <testcase classname="tests/platform/ai/provider/adapters/llamacpp.test.ts" name="llamacppProvider.generate &gt; passes system prompt when present" time="0.0019286">
        </testcase>
        <testcase classname="tests/platform/ai/provider/adapters/llamacpp.test.ts" name="llamacppProvider.generate &gt; passes undefined for system when system is empty string" time="0.0009285">
        </testcase>
        <testcase classname="tests/platform/ai/provider/adapters/llamacpp.test.ts" name="llamacppProvider.generate &gt; mints a requestId even when crypto.randomUUID is not available" time="0.0012419">
        </testcase>
        <testcase classname="tests/platform/ai/provider/adapters/llamacpp.test.ts" name="llamacppProvider.generateStructured &gt; throws when the bridge is not present" time="0.0018217">
        </testcase>
        <testcase classname="tests/platform/ai/provider/adapters/llamacpp.test.ts" name="llamacppProvider.generateStructured &gt; falls back to generateStructuredByPrompt when zodToInlineJsonSchema returns null" time="0.0013069">
        </testcase>
        <testcase classname="tests/platform/ai/provider/adapters/llamacpp.test.ts" name="llamacppProvider.generateStructured &gt; calls api.generateStructured with the json schema when zodToInlineJsonSchema succeeds" time="0.0047722">
        </testcase>
        <testcase classname="tests/platform/ai/provider/adapters/llamacpp.test.ts" name="llamacppProvider.generateStructured &gt; passes the prompt as promptTail to generateStructured" time="0.0024664">
        </testcase>
        <testcase classname="tests/platform/ai/provider/adapters/llamacpp.test.ts" name="llamacppProvider.generateStructured &gt; strips systemPrefix from the prompt in generateStructured" time="0.0013069">
        </testcase>
        <testcase classname="tests/platform/ai/provider/adapters/llamacpp.test.ts" name="llamacppProvider.generateStructured &gt; uses maxTokens=700 by default in generateStructured" time="0.001455">
        </testcase>
        <testcase classname="tests/platform/ai/provider/adapters/llamacpp.test.ts" name="llamacppProvider.generateStructured &gt; uses custom maxTokens when provided" time="0.001023">
        </testcase>
        <testcase classname="tests/platform/ai/provider/adapters/llamacpp.test.ts" name="llamacppProvider.generateStructured &gt; uses temperature=0 by default in generateStructured" time="0.003514">
        </testcase>
        <testcase classname="tests/platform/ai/provider/adapters/llamacpp.test.ts" name="llamacppProvider.generateStructured &gt; passes custom temperature when provided" time="0.0023131">
        </testcase>
        <testcase classname="tests/platform/ai/provider/adapters/llamacpp.test.ts" name="llamacppProvider.generateStructured &gt; parses the result through the Zod schema (applies coercions / refinements)" time="0.0046542">
        </testcase>
        <testcase classname="tests/platform/ai/provider/adapters/llamacpp.test.ts" name="llamacppProvider.generateStructured &gt; throws a ZodError when the IPC result does not match the schema" time="0.0092978">
        </testcase>
        <testcase classname="tests/platform/ai/provider/adapters/llamacpp.test.ts" name="llamacppProvider.generateStructured &gt; passes system string to generateStructured when present" time="0.0081673">
        </testcase>
        <testcase classname="tests/platform/ai/provider/adapters/llamacpp.test.ts" name="llamacppProvider.generateStructured &gt; passes undefined for system in generateStructured when system is empty" time="0.0032982">
        </testcase>
        <testcase classname="tests/platform/ai/provider/adapters/llamacpp.test.ts" name="llamacppProvider.generateStructured &gt; calls zodToInlineJsonSchema with stripAdditionalProperties=true" time="0.0027286">
        </testcase>
        <testcase classname="tests/platform/ai/provider/adapters/llamacpp.test.ts" name="llamacppProvider — window undefined scenario &gt; isAvailable returns false when window is undefined" time="0.0054686">
        </testcase>
        <testcase classname="tests/platform/ai/provider/adapters/llamacpp.test.ts" name="llamacppProvider — window undefined scenario &gt; ensureReady returns immediately when window is undefined" time="0.0010651">
        </testcase>
        <testcase classname="tests/platform/ai/provider/adapters/llamacpp.test.ts" name="llamacppProvider — window undefined scenario &gt; generate throws when window is undefined" time="0.0018265">
        </testcase>
        <testcase classname="tests/platform/ai/provider/adapters/llamacpp.test.ts" name="llamacppProvider — window undefined scenario &gt; generateStructured throws when window is undefined" time="0.0069181">
        </testcase>
    </testsuite>
    <testsuite name="tests/platform/ai/provider/adapters/ollama.test.ts" timestamp="2026-06-25T18:28:26.132Z" hostname="Desktop" tests="51" failures="0" errors="0" skipped="0" time="0.2566133">
        <testcase classname="tests/platform/ai/provider/adapters/ollama.test.ts" name="ollamaProvider static properties &gt; has id = &apos;ollama&apos;" time="0.0175988">
        </testcase>
        <testcase classname="tests/platform/ai/provider/adapters/ollama.test.ts" name="ollamaProvider static properties &gt; has a non-empty label string" time="0.0063636">
        </testcase>
        <testcase classname="tests/platform/ai/provider/adapters/ollama.test.ts" name="ollamaProvider static properties &gt; advertises streaming = true" time="0.0021458">
        </testcase>
        <testcase classname="tests/platform/ai/provider/adapters/ollama.test.ts" name="ollamaProvider static properties &gt; advertises structuredNative = true" time="0.0014903">
        </testcase>
        <testcase classname="tests/platform/ai/provider/adapters/ollama.test.ts" name="ollamaProvider static properties &gt; advertises offline = true" time="0.0007992">
        </testcase>
        <testcase classname="tests/platform/ai/provider/adapters/ollama.test.ts" name="ollamaProvider static properties &gt; advertises requiresWebGPU = false" time="0.0007959">
        </testcase>
        <testcase classname="tests/platform/ai/provider/adapters/ollama.test.ts" name="ollamaProvider.isAvailable &gt; returns true when /api/tags responds with ok=true" time="0.0095266">
        </testcase>
        <testcase classname="tests/platform/ai/provider/adapters/ollama.test.ts" name="ollamaProvider.isAvailable &gt; returns false when /api/tags responds with ok=false" time="0.000777">
        </testcase>
        <testcase classname="tests/platform/ai/provider/adapters/ollama.test.ts" name="ollamaProvider.isAvailable &gt; returns false when fetch throws (network error)" time="0.001883">
        </testcase>
        <testcase classname="tests/platform/ai/provider/adapters/ollama.test.ts" name="ollamaProvider.listModels &gt; maps model entries from the API response" time="0.0065472">
        </testcase>
        <testcase classname="tests/platform/ai/provider/adapters/ollama.test.ts" name="ollamaProvider.listModels &gt; returns an empty array when models property is missing from the response" time="0.004483">
        </testcase>
        <testcase classname="tests/platform/ai/provider/adapters/ollama.test.ts" name="ollamaProvider.listModels &gt; omits family and sizeLabel when the model&apos;s details are missing" time="0.0015228">
        </testcase>
        <testcase classname="tests/platform/ai/provider/adapters/ollama.test.ts" name="ollamaProvider.listModels &gt; returns an empty array when the HTTP response is not ok" time="0.0058763">
        </testcase>
        <testcase classname="tests/platform/ai/provider/adapters/ollama.test.ts" name="ollamaProvider.listModels &gt; returns an empty array when fetch throws" time="0.0070707">
        </testcase>
        <testcase classname="tests/platform/ai/provider/adapters/ollama.test.ts" name="ollamaProvider.ensureReady &gt; calls onProgress with loading then ready status" time="0.0063614">
        </testcase>
        <testcase classname="tests/platform/ai/provider/adapters/ollama.test.ts" name="ollamaProvider.ensureReady &gt; does not throw when onProgress is omitted" time="0.0233093">
        </testcase>
        <testcase classname="tests/platform/ai/provider/adapters/ollama.test.ts" name="ollamaProvider.ensureReady &gt; silently ignores fetch errors during warmup and still fires onProgress" time="0.0022311">
        </testcase>
        <testcase classname="tests/platform/ai/provider/adapters/ollama.test.ts" name="ollamaProvider.ensureReady &gt; sends a POST to /api/generate with an empty prompt for warmup" time="0.0009735">
        </testcase>
        <testcase classname="tests/platform/ai/provider/adapters/ollama.test.ts" name="ollamaProvider.generate — non-streaming &gt; returns text from the message.content field" time="0.0065245">
        </testcase>
        <testcase classname="tests/platform/ai/provider/adapters/ollama.test.ts" name="ollamaProvider.generate — non-streaming &gt; returns empty string when message.content is absent" time="0.0007568">
        </testcase>
        <testcase classname="tests/platform/ai/provider/adapters/ollama.test.ts" name="ollamaProvider.generate — non-streaming &gt; returns empty string when message itself is absent" time="0.0009956">
        </testcase>
        <testcase classname="tests/platform/ai/provider/adapters/ollama.test.ts" name="ollamaProvider.generate — non-streaming &gt; throws AIUnavailableError when fetch rejects with an Error" time="0.0050768">
        </testcase>
        <testcase classname="tests/platform/ai/provider/adapters/ollama.test.ts" name="ollamaProvider.generate — non-streaming &gt; throws AIUnavailableError when fetch rejects with a non-Error value" time="0.002423">
        </testcase>
        <testcase classname="tests/platform/ai/provider/adapters/ollama.test.ts" name="ollamaProvider.generate — non-streaming &gt; throws AIUnavailableError including HTTP status when response is not ok" time="0.0015114">
        </testcase>
        <testcase classname="tests/platform/ai/provider/adapters/ollama.test.ts" name="ollamaProvider.generate — non-streaming &gt; includes a non-negative elapsedMs in the result" time="0.0011935">
        </testcase>
        <testcase classname="tests/platform/ai/provider/adapters/ollama.test.ts" name="ollamaProvider.generate — non-streaming &gt; sends temperature=0 when temperature is not provided" time="0.0006514">
        </testcase>
        <testcase classname="tests/platform/ai/provider/adapters/ollama.test.ts" name="ollamaProvider.generate — non-streaming &gt; sends the provided temperature" time="0.0010817">
        </testcase>
        <testcase classname="tests/platform/ai/provider/adapters/ollama.test.ts" name="ollamaProvider.generate — non-streaming &gt; includes top_p in options when topP is specified" time="0.0008229">
        </testcase>
        <testcase classname="tests/platform/ai/provider/adapters/ollama.test.ts" name="ollamaProvider.generate — non-streaming &gt; omits top_p when topP is not specified" time="0.0018555">
        </testcase>
        <testcase classname="tests/platform/ai/provider/adapters/ollama.test.ts" name="ollamaProvider.generate — non-streaming &gt; includes num_predict in options when maxTokens is specified" time="0.0012336">
        </testcase>
        <testcase classname="tests/platform/ai/provider/adapters/ollama.test.ts" name="ollamaProvider.generate — non-streaming &gt; omits num_predict when maxTokens is not specified" time="0.0009831">
        </testcase>
        <testcase classname="tests/platform/ai/provider/adapters/ollama.test.ts" name="ollamaProvider.generate — non-streaming &gt; sets stream=false in the request body when onToken is not provided" time="0.0008415">
        </testcase>
        <testcase classname="tests/platform/ai/provider/adapters/ollama.test.ts" name="ollamaProvider.generate — non-streaming &gt; returns finishReason=&apos;abort&apos; when signal is already aborted" time="0.0109247">
        </testcase>
        <testcase classname="tests/platform/ai/provider/adapters/ollama.test.ts" name="ollamaProvider.generate — non-streaming &gt; returns finishReason=&apos;stop&apos; when signal is not aborted" time="0.00188">
        </testcase>
        <testcase classname="tests/platform/ai/provider/adapters/ollama.test.ts" name="ollamaProvider.generate — streaming &gt; accumulates tokens and calls onToken for each non-empty chunk" time="0.0144833">
        </testcase>
        <testcase classname="tests/platform/ai/provider/adapters/ollama.test.ts" name="ollamaProvider.generate — streaming &gt; sets stream=true in the request body when onToken is provided" time="0.0014664">
        </testcase>
        <testcase classname="tests/platform/ai/provider/adapters/ollama.test.ts" name="ollamaProvider.generate — streaming &gt; skips blank lines in the NDJSON stream" time="0.0057342">
        </testcase>
        <testcase classname="tests/platform/ai/provider/adapters/ollama.test.ts" name="ollamaProvider.generate — streaming &gt; skips chunks with empty string content without calling onToken" time="0.0036856">
        </testcase>
        <testcase classname="tests/platform/ai/provider/adapters/ollama.test.ts" name="ollamaProvider.generate — streaming &gt; falls back to the JSON path when res.body is null (onToken provided but no body)" time="0.0068461">
        </testcase>
        <testcase classname="tests/platform/ai/provider/adapters/ollama.test.ts" name="ollamaProvider.generateStructured &gt; uses the native JSON-schema path when zodToInlineJsonSchema returns a schema" time="0.0086276">
        </testcase>
        <testcase classname="tests/platform/ai/provider/adapters/ollama.test.ts" name="ollamaProvider.generateStructured &gt; falls back to generateStructuredByPrompt when zodToInlineJsonSchema returns null" time="0.0089305">
        </testcase>
        <testcase classname="tests/platform/ai/provider/adapters/ollama.test.ts" name="ollamaProvider.generateStructured &gt; sends the JSON schema as the format field in the request body" time="0.0012531">
        </testcase>
        <testcase classname="tests/platform/ai/provider/adapters/ollama.test.ts" name="ollamaProvider.generateStructured &gt; throws AIUnavailableError when fetch rejects with an Error in the structured path" time="0.0141854">
        </testcase>
        <testcase classname="tests/platform/ai/provider/adapters/ollama.test.ts" name="ollamaProvider.generateStructured &gt; throws AIUnavailableError when fetch rejects with a non-Error string" time="0.0060577">
        </testcase>
        <testcase classname="tests/platform/ai/provider/adapters/ollama.test.ts" name="ollamaProvider.generateStructured &gt; throws AIUnavailableError including HTTP status when structured response is not ok" time="0.000828">
        </testcase>
        <testcase classname="tests/platform/ai/provider/adapters/ollama.test.ts" name="ollamaProvider.generateStructured &gt; sends temperature=0 by default in the structured request" time="0.0020686">
        </testcase>
        <testcase classname="tests/platform/ai/provider/adapters/ollama.test.ts" name="ollamaProvider.generateStructured &gt; forwards a custom temperature in the structured request" time="0.000975">
        </testcase>
        <testcase classname="tests/platform/ai/provider/adapters/ollama.test.ts" name="ollamaProvider.generateStructured &gt; calls parseStructured with empty string when message content is absent" time="0.0016488">
        </testcase>
        <testcase classname="tests/platform/ai/provider/adapters/ollama.test.ts" name="host() — localStorage override &gt; uses DEFAULT_HOST (127.0.0.1:11434) when localStorage is empty" time="0.0011887">
        </testcase>
        <testcase classname="tests/platform/ai/provider/adapters/ollama.test.ts" name="host() — localStorage override &gt; uses the stored host when ai.ollama.host is set in localStorage" time="0.004475">
        </testcase>
        <testcase classname="tests/platform/ai/provider/adapters/ollama.test.ts" name="host() — localStorage override &gt; falls back to DEFAULT_HOST when the stored value is blank whitespace" time="0.0034022">
        </testcase>
    </testsuite>
    <testsuite name="tests/platform/ai/provider/adapters/openai.test.ts" timestamp="2026-06-25T18:28:26.137Z" hostname="Desktop" tests="48" failures="0" errors="0" skipped="0" time="0.1489198">
        <testcase classname="tests/platform/ai/provider/adapters/openai.test.ts" name="openaiProvider static properties &gt; has id = &apos;openai&apos;" time="0.0114294">
        </testcase>
        <testcase classname="tests/platform/ai/provider/adapters/openai.test.ts" name="openaiProvider static properties &gt; has a non-empty label string" time="0.0079198">
        </testcase>
        <testcase classname="tests/platform/ai/provider/adapters/openai.test.ts" name="openaiProvider static properties &gt; advertises streaming = false" time="0.0042551">
        </testcase>
        <testcase classname="tests/platform/ai/provider/adapters/openai.test.ts" name="openaiProvider static properties &gt; advertises structuredNative = true" time="0.0009162">
        </testcase>
        <testcase classname="tests/platform/ai/provider/adapters/openai.test.ts" name="openaiProvider static properties &gt; advertises offline = false" time="0.0027538">
        </testcase>
        <testcase classname="tests/platform/ai/provider/adapters/openai.test.ts" name="openaiProvider static properties &gt; advertises requiresWebGPU = false" time="0.000664">
        </testcase>
        <testcase classname="tests/platform/ai/provider/adapters/openai.test.ts" name="openaiProvider.isAvailable &gt; returns true when ai.openai.baseUrl is set in localStorage" time="0.0045453">
        </testcase>
        <testcase classname="tests/platform/ai/provider/adapters/openai.test.ts" name="openaiProvider.isAvailable &gt; returns false when ai.openai.baseUrl is not set in localStorage" time="0.0008055">
        </testcase>
        <testcase classname="tests/platform/ai/provider/adapters/openai.test.ts" name="openaiProvider.isAvailable &gt; returns false when ai.openai.baseUrl is only whitespace" time="0.0008223">
        </testcase>
        <testcase classname="tests/platform/ai/provider/adapters/openai.test.ts" name="openaiProvider.listModels &gt; returns default gpt-4o-mini model when ai.openai.models is not set" time="0.0090512">
        </testcase>
        <testcase classname="tests/platform/ai/provider/adapters/openai.test.ts" name="openaiProvider.listModels &gt; returns default model when ai.openai.models is blank whitespace" time="0.000904">
        </testcase>
        <testcase classname="tests/platform/ai/provider/adapters/openai.test.ts" name="openaiProvider.listModels &gt; splits ai.openai.models by comma and returns each as an AIModelInfo" time="0.0017343">
        </testcase>
        <testcase classname="tests/platform/ai/provider/adapters/openai.test.ts" name="openaiProvider.listModels &gt; trims whitespace from model names when splitting" time="0.0008517">
        </testcase>
        <testcase classname="tests/platform/ai/provider/adapters/openai.test.ts" name="openaiProvider.ensureReady &gt; resolves without error (cloud models need no warm-up)" time="0.0035956">
        </testcase>
        <testcase classname="tests/platform/ai/provider/adapters/openai.test.ts" name="openaiProvider.ensureReady &gt; resolves even when onProgress is provided" time="0.0048275">
        </testcase>
        <testcase classname="tests/platform/ai/provider/adapters/openai.test.ts" name="openaiProvider.generate — success &gt; returns text from choices[0].message.content" time="0.0023577">
        </testcase>
        <testcase classname="tests/platform/ai/provider/adapters/openai.test.ts" name="openaiProvider.generate — success &gt; returns empty string when choices is missing" time="0.0007995">
        </testcase>
        <testcase classname="tests/platform/ai/provider/adapters/openai.test.ts" name="openaiProvider.generate — success &gt; returns empty string when choices[0] is missing" time="0.0037113">
        </testcase>
        <testcase classname="tests/platform/ai/provider/adapters/openai.test.ts" name="openaiProvider.generate — success &gt; returns empty string when message is missing from choice" time="0.0007736">
        </testcase>
        <testcase classname="tests/platform/ai/provider/adapters/openai.test.ts" name="openaiProvider.generate — success &gt; returns empty string when message.content is absent" time="0.0010137">
        </testcase>
        <testcase classname="tests/platform/ai/provider/adapters/openai.test.ts" name="openaiProvider.generate — success &gt; defaults finishReason to &apos;stop&apos; when finish_reason is absent" time="0.0007212">
        </testcase>
        <testcase classname="tests/platform/ai/provider/adapters/openai.test.ts" name="openaiProvider.generate — success &gt; passes through finish_reason from the response" time="0.0006236">
        </testcase>
        <testcase classname="tests/platform/ai/provider/adapters/openai.test.ts" name="openaiProvider.generate — success &gt; includes a non-negative elapsedMs" time="0.0011577">
        </testcase>
        <testcase classname="tests/platform/ai/provider/adapters/openai.test.ts" name="openaiProvider.generate — HTTP errors &gt; throws AIUnavailableError when response is not ok" time="0.0027915">
        </testcase>
        <testcase classname="tests/platform/ai/provider/adapters/openai.test.ts" name="openaiProvider.generate — HTTP errors &gt; includes the HTTP status in the error message" time="0.0014123">
        </testcase>
        <testcase classname="tests/platform/ai/provider/adapters/openai.test.ts" name="openaiProvider.generate — missing baseUrl &gt; throws AIUnavailableError when no base URL is configured" time="0.0012369">
        </testcase>
        <testcase classname="tests/platform/ai/provider/adapters/openai.test.ts" name="openaiProvider.generate — missing baseUrl &gt; error message contains &apos;no base URL configured&apos;" time="0.001285">
        </testcase>
        <testcase classname="tests/platform/ai/provider/adapters/openai.test.ts" name="openaiProvider.generate — request body construction &gt; sends temperature=0 when temperature is not provided" time="0.0014411">
        </testcase>
        <testcase classname="tests/platform/ai/provider/adapters/openai.test.ts" name="openaiProvider.generate — request body construction &gt; sends the provided temperature" time="0.003248">
        </testcase>
        <testcase classname="tests/platform/ai/provider/adapters/openai.test.ts" name="openaiProvider.generate — request body construction &gt; includes top_p when topP is specified" time="0.0134569">
        </testcase>
        <testcase classname="tests/platform/ai/provider/adapters/openai.test.ts" name="openaiProvider.generate — request body construction &gt; omits top_p when topP is not specified" time="0.0028548">
        </testcase>
        <testcase classname="tests/platform/ai/provider/adapters/openai.test.ts" name="openaiProvider.generate — request body construction &gt; includes max_tokens when maxTokens is specified" time="0.0007748">
        </testcase>
        <testcase classname="tests/platform/ai/provider/adapters/openai.test.ts" name="openaiProvider.generate — request body construction &gt; omits max_tokens when maxTokens is not specified" time="0.0008111">
        </testcase>
        <testcase classname="tests/platform/ai/provider/adapters/openai.test.ts" name="openaiProvider.generate — request body construction &gt; includes Authorization header when apiKey is set" time="0.0013341">
        </testcase>
        <testcase classname="tests/platform/ai/provider/adapters/openai.test.ts" name="openaiProvider.generate — request body construction &gt; omits Authorization header when apiKey is not set" time="0.0022866">
        </testcase>
        <testcase classname="tests/platform/ai/provider/adapters/openai.test.ts" name="openaiProvider.generate — request body construction &gt; strips trailing slash from baseUrl before appending the path" time="0.0014709">
        </testcase>
        <testcase classname="tests/platform/ai/provider/adapters/openai.test.ts" name="openaiProvider.generate — request body construction &gt; passes the signal from the request to fetch" time="0.0009267">
        </testcase>
        <testcase classname="tests/platform/ai/provider/adapters/openai.test.ts" name="openaiProvider.generateStructured &gt; falls back to generateStructuredByPrompt when zodToInlineJsonSchema returns null" time="0.0037495">
        </testcase>
        <testcase classname="tests/platform/ai/provider/adapters/openai.test.ts" name="openaiProvider.generateStructured &gt; uses native JSON-schema path when zodToInlineJsonSchema returns a schema" time="0.0036866">
        </testcase>
        <testcase classname="tests/platform/ai/provider/adapters/openai.test.ts" name="openaiProvider.generateStructured &gt; sends response_format with json_schema in the request body" time="0.0010936">
        </testcase>
        <testcase classname="tests/platform/ai/provider/adapters/openai.test.ts" name="openaiProvider.generateStructured &gt; throws AIUnavailableError when structured HTTP response is not ok" time="0.0011063">
        </testcase>
        <testcase classname="tests/platform/ai/provider/adapters/openai.test.ts" name="openaiProvider.generateStructured &gt; includes HTTP status in the error message for structured failure" time="0.0009673">
        </testcase>
        <testcase classname="tests/platform/ai/provider/adapters/openai.test.ts" name="openaiProvider.generateStructured &gt; calls parseStructured with empty string when choices[0].message.content is absent" time="0.0018355">
        </testcase>
        <testcase classname="tests/platform/ai/provider/adapters/openai.test.ts" name="openaiProvider.generateStructured &gt; calls parseStructured with empty string when choices is absent" time="0.0018702">
        </testcase>
        <testcase classname="tests/platform/ai/provider/adapters/openai.test.ts" name="openaiProvider.generateStructured &gt; throws AIUnavailableError from generateStructured when no baseUrl is configured" time="0.0017558">
        </testcase>
        <testcase classname="tests/platform/ai/provider/adapters/openai.test.ts" name="cfg() — localStorage key reading &gt; returns empty string when localStorage key is not present" time="0.0011148">
        </testcase>
        <testcase classname="tests/platform/ai/provider/adapters/openai.test.ts" name="cfg() — localStorage key reading &gt; trims whitespace from the stored value" time="0.0009025">
        </testcase>
        <testcase classname="tests/platform/ai/provider/adapters/openai.test.ts" name="cfg() — localStorage key reading &gt; uses empty-string fallback when localStorage.getItem returns null (key absent)" time="0.0011817">
        </testcase>
    </testsuite>
    <testsuite name="tests/platform/ai/provider/adapters/transformers.test.ts" timestamp="2026-06-25T18:28:26.144Z" hostname="Desktop" tests="48" failures="0" errors="0" skipped="0" time="0.2015365">
        <testcase classname="tests/platform/ai/provider/adapters/transformers.test.ts" name="transformersProvider static properties &gt; has id = &apos;transformers&apos;" time="0.0131172">
        </testcase>
        <testcase classname="tests/platform/ai/provider/adapters/transformers.test.ts" name="transformersProvider static properties &gt; has a non-empty label string" time="0.0070706">
        </testcase>
        <testcase classname="tests/platform/ai/provider/adapters/transformers.test.ts" name="transformersProvider static properties &gt; advertises streaming = true" time="0.0004537">
        </testcase>
        <testcase classname="tests/platform/ai/provider/adapters/transformers.test.ts" name="transformersProvider static properties &gt; advertises structuredNative = false" time="0.0002702">
        </testcase>
        <testcase classname="tests/platform/ai/provider/adapters/transformers.test.ts" name="transformersProvider static properties &gt; advertises offline = true" time="0.0002341">
        </testcase>
        <testcase classname="tests/platform/ai/provider/adapters/transformers.test.ts" name="transformersProvider static properties &gt; advertises requiresWebGPU = false" time="0.0037102">
        </testcase>
        <testcase classname="tests/platform/ai/provider/adapters/transformers.test.ts" name="transformersProvider.isAvailable &gt; returns true when window and Worker are defined (browser environment)" time="0.0008237">
        </testcase>
        <testcase classname="tests/platform/ai/provider/adapters/transformers.test.ts" name="transformersProvider.isAvailable &gt; returns false when window is undefined (non-browser environment)" time="0.0005853">
        </testcase>
        <testcase classname="tests/platform/ai/provider/adapters/transformers.test.ts" name="transformersProvider.isAvailable &gt; returns false when Worker is undefined (no worker support)" time="0.0043007">
        </testcase>
        <testcase classname="tests/platform/ai/provider/adapters/transformers.test.ts" name="transformersProvider.listModels &gt; returns exactly 3 curated models" time="0.0064962">
        </testcase>
        <testcase classname="tests/platform/ai/provider/adapters/transformers.test.ts" name="transformersProvider.listModels &gt; first model is the Qwen2.5 0.5B ONNX variant" time="0.0039297">
        </testcase>
        <testcase classname="tests/platform/ai/provider/adapters/transformers.test.ts" name="transformersProvider.listModels &gt; second model is SmolLM2 360M" time="0.001257">
        </testcase>
        <testcase classname="tests/platform/ai/provider/adapters/transformers.test.ts" name="transformersProvider.listModels &gt; third model is SmolLM2 1.7B" time="0.0007277">
        </testcase>
        <testcase classname="tests/platform/ai/provider/adapters/transformers.test.ts" name="transformersProvider.listModels &gt; each model has id, label, family, and sizeLabel as strings" time="0.0034242">
        </testcase>
        <testcase classname="tests/platform/ai/provider/adapters/transformers.test.ts" name="transformersProvider.ensureReady &gt; calls loadLLM with the provided model id" time="0.0251199">
        </testcase>
        <testcase classname="tests/platform/ai/provider/adapters/transformers.test.ts" name="transformersProvider.ensureReady &gt; calls loadLLM with preferredDevice=&apos;auto&apos;" time="0.0017841">
        </testcase>
        <testcase classname="tests/platform/ai/provider/adapters/transformers.test.ts" name="transformersProvider.ensureReady &gt; calls loadLLM with allowRemoteModels=false (air-gapped posture)" time="0.0008337">
        </testcase>
        <testcase classname="tests/platform/ai/provider/adapters/transformers.test.ts" name="transformersProvider.ensureReady &gt; resolves without error when onProgress is omitted" time="0.0026539">
        </testcase>
        <testcase classname="tests/platform/ai/provider/adapters/transformers.test.ts" name="transformersProvider.ensureReady &gt; forwards the AbortSignal to loadLLM" time="0.0025974">
        </testcase>
        <testcase classname="tests/platform/ai/provider/adapters/transformers.test.ts" name="transformersProvider.ensureReady &gt; calls onProgress with status=&apos;loading&apos; when progress &lt; 1" time="0.0061702">
        </testcase>
        <testcase classname="tests/platform/ai/provider/adapters/transformers.test.ts" name="transformersProvider.ensureReady &gt; calls onProgress with status=&apos;ready&apos; when progress &gt;= 1" time="0.0045355">
        </testcase>
        <testcase classname="tests/platform/ai/provider/adapters/transformers.test.ts" name="transformersProvider.ensureReady &gt; does not call onProgress when the callback is undefined" time="0.002199">
        </testcase>
        <testcase classname="tests/platform/ai/provider/adapters/transformers.test.ts" name="transformersProvider.ensureReady &gt; propagates errors from loadLLM" time="0.0048881">
        </testcase>
        <testcase classname="tests/platform/ai/provider/adapters/transformers.test.ts" name="transformersProvider.generate &gt; calls ensureReady when model is not loaded (modelId mismatch)" time="0.0011719">
        </testcase>
        <testcase classname="tests/platform/ai/provider/adapters/transformers.test.ts" name="transformersProvider.generate &gt; calls ensureReady when modelId matches but model is not loaded" time="0.0006333">
        </testcase>
        <testcase classname="tests/platform/ai/provider/adapters/transformers.test.ts" name="transformersProvider.generate &gt; skips ensureReady when modelId matches and model is loaded" time="0.0037119">
        </testcase>
        <testcase classname="tests/platform/ai/provider/adapters/transformers.test.ts" name="transformersProvider.generate &gt; returns the generated text in result.text" time="0.0025294">
        </testcase>
        <testcase classname="tests/platform/ai/provider/adapters/transformers.test.ts" name="transformersProvider.generate &gt; returns provider = &apos;transformers&apos;" time="0.0017326">
        </testcase>
        <testcase classname="tests/platform/ai/provider/adapters/transformers.test.ts" name="transformersProvider.generate &gt; returns the model from getLLMStatus when modelId is set" time="0.0006872">
        </testcase>
        <testcase classname="tests/platform/ai/provider/adapters/transformers.test.ts" name="transformersProvider.generate &gt; falls back to req.model when getLLMStatus().modelId is null" time="0.0026666">
        </testcase>
        <testcase classname="tests/platform/ai/provider/adapters/transformers.test.ts" name="transformersProvider.generate &gt; returns finishReason=&apos;stop&apos; when signal is not aborted" time="0.0008623">
        </testcase>
        <testcase classname="tests/platform/ai/provider/adapters/transformers.test.ts" name="transformersProvider.generate &gt; returns finishReason=&apos;abort&apos; when signal is already aborted" time="0.0138421">
        </testcase>
        <testcase classname="tests/platform/ai/provider/adapters/transformers.test.ts" name="transformersProvider.generate &gt; returns finishReason=&apos;stop&apos; when no signal is provided" time="0.0006078">
        </testcase>
        <testcase classname="tests/platform/ai/provider/adapters/transformers.test.ts" name="transformersProvider.generate &gt; includes a non-negative elapsedMs in the result" time="0.0039588">
        </testcase>
        <testcase classname="tests/platform/ai/provider/adapters/transformers.test.ts" name="transformersProvider.generate &gt; calls chat with default maxTokens=256 when not specified" time="0.0057847">
        </testcase>
        <testcase classname="tests/platform/ai/provider/adapters/transformers.test.ts" name="transformersProvider.generate &gt; calls chat with custom maxTokens when provided" time="0.0015273">
        </testcase>
        <testcase classname="tests/platform/ai/provider/adapters/transformers.test.ts" name="transformersProvider.generate &gt; calls chat with default temperature=0 when not specified" time="0.0048033">
        </testcase>
        <testcase classname="tests/platform/ai/provider/adapters/transformers.test.ts" name="transformersProvider.generate &gt; calls chat with custom temperature when provided" time="0.0018894">
        </testcase>
        <testcase classname="tests/platform/ai/provider/adapters/transformers.test.ts" name="transformersProvider.generate &gt; passes topP through to chat when provided" time="0.0066945">
        </testcase>
        <testcase classname="tests/platform/ai/provider/adapters/transformers.test.ts" name="transformersProvider.generate &gt; passes onToken streaming callback through to chat" time="0.0046519">
        </testcase>
        <testcase classname="tests/platform/ai/provider/adapters/transformers.test.ts" name="transformersProvider.generate &gt; passes signal through to chat" time="0.0012559">
        </testcase>
        <testcase classname="tests/platform/ai/provider/adapters/transformers.test.ts" name="transformersProvider.generate &gt; calls chat with agentName=&apos;ai-provider&apos;" time="0.0014718">
        </testcase>
        <testcase classname="tests/platform/ai/provider/adapters/transformers.test.ts" name="transformersProvider.generateStructured &gt; delegates to generateStructuredByPrompt" time="0.0017549">
        </testcase>
        <testcase classname="tests/platform/ai/provider/adapters/transformers.test.ts" name="transformersProvider.generateStructured &gt; passes the provider, request, and schema to generateStructuredByPrompt" time="0.003465">
        </testcase>
        <testcase classname="tests/platform/ai/provider/adapters/transformers.test.ts" name="transformersProvider.generateStructured &gt; propagates errors from generateStructuredByPrompt" time="0.0017022">
        </testcase>
        <testcase classname="tests/platform/ai/provider/adapters/transformers.test.ts" name="transformersProvider.unload &gt; calls unloadLLM" time="0.0049216">
        </testcase>
        <testcase classname="tests/platform/ai/provider/adapters/transformers.test.ts" name="transformersProvider.unload &gt; resolves without error" time="0.0007062">
        </testcase>
        <testcase classname="tests/platform/ai/provider/adapters/transformers.test.ts" name="transformersProvider.unload &gt; propagates errors from unloadLLM" time="0.0066314">
        </testcase>
    </testsuite>
    <testsuite name="tests/platform/ai/provider/adapters/webllm.test.ts" timestamp="2026-06-25T18:28:26.149Z" hostname="Desktop" tests="57" failures="0" errors="0" skipped="0" time="0.0930855">
        <testcase classname="tests/platform/ai/provider/adapters/webllm.test.ts" name="isWebLLMOptIn &gt; returns false when localStorage does not have the flag set" time="0.0050814">
        </testcase>
        <testcase classname="tests/platform/ai/provider/adapters/webllm.test.ts" name="isWebLLMOptIn &gt; returns true when localStorage has the flag set to &apos;true&apos;" time="0.00149">
        </testcase>
        <testcase classname="tests/platform/ai/provider/adapters/webllm.test.ts" name="isWebLLMOptIn &gt; returns false when localStorage has the flag set to &apos;false&apos;" time="0.0008051">
        </testcase>
        <testcase classname="tests/platform/ai/provider/adapters/webllm.test.ts" name="isWebLLMOptIn &gt; returns false when localStorage has an arbitrary value (not &apos;true&apos;)" time="0.0006293">
        </testcase>
        <testcase classname="tests/platform/ai/provider/adapters/webllm.test.ts" name="isWebLLMOptIn &gt; returns false when localStorage is undefined (non-browser environment)" time="0.0005726">
        </testcase>
        <testcase classname="tests/platform/ai/provider/adapters/webllm.test.ts" name="setWebLLMOptIn &gt; persists &apos;true&apos; in localStorage when enabled=true" time="0.0005999">
        </testcase>
        <testcase classname="tests/platform/ai/provider/adapters/webllm.test.ts" name="setWebLLMOptIn &gt; persists &apos;false&apos; in localStorage when enabled=false" time="0.0005097">
        </testcase>
        <testcase classname="tests/platform/ai/provider/adapters/webllm.test.ts" name="setWebLLMOptIn &gt; does nothing when localStorage is undefined" time="0.0020024">
        </testcase>
        <testcase classname="tests/platform/ai/provider/adapters/webllm.test.ts" name="setWebLLMOptIn &gt; round-trips: setWebLLMOptIn(true) then isWebLLMOptIn() returns true" time="0.0005229">
        </testcase>
        <testcase classname="tests/platform/ai/provider/adapters/webllm.test.ts" name="setWebLLMOptIn &gt; round-trips: setWebLLMOptIn(false) then isWebLLMOptIn() returns false" time="0.0003425">
        </testcase>
        <testcase classname="tests/platform/ai/provider/adapters/webllm.test.ts" name="webllmProvider static properties &gt; has id = &apos;webllm&apos;" time="0.0003746">
        </testcase>
        <testcase classname="tests/platform/ai/provider/adapters/webllm.test.ts" name="webllmProvider static properties &gt; has a non-empty label string" time="0.0004758">
        </testcase>
        <testcase classname="tests/platform/ai/provider/adapters/webllm.test.ts" name="webllmProvider static properties &gt; advertises streaming = false" time="0.0002594">
        </testcase>
        <testcase classname="tests/platform/ai/provider/adapters/webllm.test.ts" name="webllmProvider static properties &gt; advertises structuredNative = false" time="0.0002236">
        </testcase>
        <testcase classname="tests/platform/ai/provider/adapters/webllm.test.ts" name="webllmProvider static properties &gt; advertises offline = true" time="0.0002105">
        </testcase>
        <testcase classname="tests/platform/ai/provider/adapters/webllm.test.ts" name="webllmProvider static properties &gt; advertises requiresWebGPU = true" time="0.0002651">
        </testcase>
        <testcase classname="tests/platform/ai/provider/adapters/webllm.test.ts" name="webllmProvider.isAvailable &gt; returns false when opt-in flag is not set (even if WebGPU is present)" time="0.0005907">
        </testcase>
        <testcase classname="tests/platform/ai/provider/adapters/webllm.test.ts" name="webllmProvider.isAvailable &gt; returns false when opt-in is true but navigator.gpu is absent" time="0.0005098">
        </testcase>
        <testcase classname="tests/platform/ai/provider/adapters/webllm.test.ts" name="webllmProvider.isAvailable &gt; returns false when opt-in is true but requestAdapter returns null" time="0.0007954">
        </testcase>
        <testcase classname="tests/platform/ai/provider/adapters/webllm.test.ts" name="webllmProvider.isAvailable &gt; returns true when opt-in is set AND requestAdapter returns a truthy adapter" time="0.0004957">
        </testcase>
        <testcase classname="tests/platform/ai/provider/adapters/webllm.test.ts" name="webllmProvider.isAvailable &gt; returns false when opt-in is true but requestAdapter throws" time="0.0007646">
        </testcase>
        <testcase classname="tests/platform/ai/provider/adapters/webllm.test.ts" name="webllmProvider.isAvailable &gt; returns false when navigator is undefined" time="0.0004156">
        </testcase>
        <testcase classname="tests/platform/ai/provider/adapters/webllm.test.ts" name="webllmProvider.listModels &gt; returns exactly 3 curated models" time="0.0022244">
        </testcase>
        <testcase classname="tests/platform/ai/provider/adapters/webllm.test.ts" name="webllmProvider.listModels &gt; first model is the Qwen2 0.5B variant" time="0.0007469">
        </testcase>
        <testcase classname="tests/platform/ai/provider/adapters/webllm.test.ts" name="webllmProvider.listModels &gt; second model is the TinyLlama 1.1B variant" time="0.00065">
        </testcase>
        <testcase classname="tests/platform/ai/provider/adapters/webllm.test.ts" name="webllmProvider.listModels &gt; third model is the Llama 3.2 1B variant" time="0.0006668">
        </testcase>
        <testcase classname="tests/platform/ai/provider/adapters/webllm.test.ts" name="webllmProvider.listModels &gt; each model has id, label, family, sizeLabel, and downloadMb" time="0.0008166">
        </testcase>
        <testcase classname="tests/platform/ai/provider/adapters/webllm.test.ts" name="webllmProvider.ensureReady &gt; calls initLLMEngine with the provided model id" time="0.0048905">
        </testcase>
        <testcase classname="tests/platform/ai/provider/adapters/webllm.test.ts" name="webllmProvider.ensureReady &gt; does not throw when onProgress is omitted" time="0.0019806">
        </testcase>
        <testcase classname="tests/platform/ai/provider/adapters/webllm.test.ts" name="webllmProvider.ensureReady &gt; maps known status values and forwards progress to onProgress" time="0.0012272">
        </testcase>
        <testcase classname="tests/platform/ai/provider/adapters/webllm.test.ts" name="webllmProvider.ensureReady &gt; maps &apos;idle&apos; status through to AIProgress" time="0.0008045">
        </testcase>
        <testcase classname="tests/platform/ai/provider/adapters/webllm.test.ts" name="webllmProvider.ensureReady &gt; maps &apos;inferring&apos; status through to AIProgress" time="0.0010278">
        </testcase>
        <testcase classname="tests/platform/ai/provider/adapters/webllm.test.ts" name="webllmProvider.ensureReady &gt; maps &apos;error&apos; status through to AIProgress and includes error message" time="0.0008473">
        </testcase>
        <testcase classname="tests/platform/ai/provider/adapters/webllm.test.ts" name="webllmProvider.ensureReady &gt; defaults unknown status to &apos;loading&apos;" time="0.0006089">
        </testcase>
        <testcase classname="tests/platform/ai/provider/adapters/webllm.test.ts" name="webllmProvider.ensureReady &gt; sets message to undefined when error is null" time="0.0005457">
        </testcase>
        <testcase classname="tests/platform/ai/provider/adapters/webllm.test.ts" name="webllmProvider.generate &gt; calls ensureReady when LLM is not ready" time="0.0008173">
        </testcase>
        <testcase classname="tests/platform/ai/provider/adapters/webllm.test.ts" name="webllmProvider.generate &gt; skips ensureReady when LLM is already ready" time="0.0008268">
        </testcase>
        <testcase classname="tests/platform/ai/provider/adapters/webllm.test.ts" name="webllmProvider.generate &gt; returns the generated text in result.text" time="0.0006202">
        </testcase>
        <testcase classname="tests/platform/ai/provider/adapters/webllm.test.ts" name="webllmProvider.generate &gt; returns provider = &apos;webllm&apos;" time="0.0005968">
        </testcase>
        <testcase classname="tests/platform/ai/provider/adapters/webllm.test.ts" name="webllmProvider.generate &gt; returns the model from getLLMEngineState when it is set" time="0.0004585">
        </testcase>
        <testcase classname="tests/platform/ai/provider/adapters/webllm.test.ts" name="webllmProvider.generate &gt; falls back to req.model when getLLMEngineState().model is null" time="0.0004335">
        </testcase>
        <testcase classname="tests/platform/ai/provider/adapters/webllm.test.ts" name="webllmProvider.generate &gt; returns finishReason=&apos;stop&apos; when signal is not aborted" time="0.0144339">
        </testcase>
        <testcase classname="tests/platform/ai/provider/adapters/webllm.test.ts" name="webllmProvider.generate &gt; returns finishReason=&apos;abort&apos; when signal is already aborted" time="0.0032747">
        </testcase>
        <testcase classname="tests/platform/ai/provider/adapters/webllm.test.ts" name="webllmProvider.generate &gt; returns finishReason=&apos;stop&apos; when no signal is provided" time="0.000708">
        </testcase>
        <testcase classname="tests/platform/ai/provider/adapters/webllm.test.ts" name="webllmProvider.generate &gt; includes a non-negative elapsedMs in the result" time="0.0007959">
        </testcase>
        <testcase classname="tests/platform/ai/provider/adapters/webllm.test.ts" name="webllmProvider.generate &gt; calls generateText with default maxTokens=512 when not specified" time="0.003422">
        </testcase>
        <testcase classname="tests/platform/ai/provider/adapters/webllm.test.ts" name="webllmProvider.generate &gt; calls generateText with custom maxTokens when provided" time="0.0010364">
        </testcase>
        <testcase classname="tests/platform/ai/provider/adapters/webllm.test.ts" name="webllmProvider.generate &gt; calls generateText with default temperature=0.7 when not specified" time="0.0008817">
        </testcase>
        <testcase classname="tests/platform/ai/provider/adapters/webllm.test.ts" name="webllmProvider.generate &gt; calls generateText with custom temperature when provided" time="0.0007619">
        </testcase>
        <testcase classname="tests/platform/ai/provider/adapters/webllm.test.ts" name="webllmProvider.generate &gt; passes systemPrompt to generateText when system is non-empty" time="0.0007242">
        </testcase>
        <testcase classname="tests/platform/ai/provider/adapters/webllm.test.ts" name="webllmProvider.generate &gt; passes systemPrompt=undefined to generateText when system is empty string" time="0.000822">
        </testcase>
        <testcase classname="tests/platform/ai/provider/adapters/webllm.test.ts" name="webllmProvider.generateStructured &gt; delegates to generateStructuredByPrompt" time="0.0024632">
        </testcase>
        <testcase classname="tests/platform/ai/provider/adapters/webllm.test.ts" name="webllmProvider.generateStructured &gt; passes the provider, request, and schema to generateStructuredByPrompt" time="0.0114463">
        </testcase>
        <testcase classname="tests/platform/ai/provider/adapters/webllm.test.ts" name="webllmProvider.generateStructured &gt; propagates errors from generateStructuredByPrompt" time="0.0023116">
        </testcase>
        <testcase classname="tests/platform/ai/provider/adapters/webllm.test.ts" name="webllmProvider.unload &gt; calls unloadLLMEngine" time="0.0013591">
        </testcase>
        <testcase classname="tests/platform/ai/provider/adapters/webllm.test.ts" name="webllmProvider.unload &gt; resolves without error" time="0.000829">
        </testcase>
        <testcase classname="tests/platform/ai/provider/adapters/webllm.test.ts" name="webllmProvider.unload &gt; propagates errors from unloadLLMEngine" time="0.0007307">
        </testcase>
    </testsuite>
    <testsuite name="tests/features/data-formulator/core/navigator/routes.test.ts" timestamp="2026-06-25T18:28:26.156Z" hostname="Desktop" tests="34" failures="0" errors="0" skipped="0" time="0.0417163">
        <testcase classname="tests/features/data-formulator/core/navigator/routes.test.ts" name="APP_ROUTES &gt; is a non-empty array" time="0.0035144">
        </testcase>
        <testcase classname="tests/features/data-formulator/core/navigator/routes.test.ts" name="APP_ROUTES &gt; includes all paths from ALL_ITEMS" time="0.0024403">
        </testcase>
        <testcase classname="tests/features/data-formulator/core/navigator/routes.test.ts" name="APP_ROUTES &gt; includes telecom tab routes generated from TELECOM_NAV_ITEMS" time="0.000827">
        </testcase>
        <testcase classname="tests/features/data-formulator/core/navigator/routes.test.ts" name="APP_ROUTES &gt; produces the correct label for telecom tab routes" time="0.0006078">
        </testcase>
        <testcase classname="tests/features/data-formulator/core/navigator/routes.test.ts" name="APP_ROUTES &gt; uses the tab description as the hint for telecom tab routes" time="0.0003935">
        </testcase>
        <testcase classname="tests/features/data-formulator/core/navigator/routes.test.ts" name="APP_ROUTES &gt; joins description and keywords with &apos; · &apos; separator when both are present" time="0.0003074">
        </testcase>
        <testcase classname="tests/features/data-formulator/core/navigator/routes.test.ts" name="APP_ROUTES &gt; handles items with undefined keywords (keywords ?? [] branch) — hint is just description" time="0.0003003">
        </testcase>
        <testcase classname="tests/features/data-formulator/core/navigator/routes.test.ts" name="APP_ROUTES &gt; filters out empty description via .filter(Boolean) — hint is just keywords" time="0.000583">
        </testcase>
        <testcase classname="tests/features/data-formulator/core/navigator/routes.test.ts" name="APP_ROUTES &gt; total count equals ALL_ITEMS count plus TELECOM_NAV_ITEMS count when no duplicates" time="0.0011394">
        </testcase>
        <testcase classname="tests/features/data-formulator/core/navigator/routes.test.ts" name="APP_ROUTES &gt; each route has path, label, and hint string properties" time="0.0009744">
        </testcase>
        <testcase classname="tests/features/data-formulator/core/navigator/routes.test.ts" name="APP_ROUTES deduplication (seen.has branch) &gt; skips duplicate paths — only the first occurrence is kept" time="0.0058819">
        </testcase>
        <testcase classname="tests/features/data-formulator/core/navigator/routes.test.ts" name="APP_ROUTES deduplication (seen.has branch) &gt; skips a TELECOM_NAV_ITEMS tab whose path was already registered by ALL_ITEMS" time="0.0095144">
        </testcase>
        <testcase classname="tests/features/data-formulator/core/navigator/routes.test.ts" name="formatRoutesForPrompt &gt; returns a non-empty string" time="0.0006751">
        </testcase>
        <testcase classname="tests/features/data-formulator/core/navigator/routes.test.ts" name="formatRoutesForPrompt &gt; produces exactly one line per route" time="0.0005589">
        </testcase>
        <testcase classname="tests/features/data-formulator/core/navigator/routes.test.ts" name="formatRoutesForPrompt &gt; every line starts with &apos;- &apos;" time="0.0006176">
        </testcase>
        <testcase classname="tests/features/data-formulator/core/navigator/routes.test.ts" name="formatRoutesForPrompt &gt; each line matches the &apos;- {path} — {label}: {hint}&apos; template" time="0.0005589">
        </testcase>
        <testcase classname="tests/features/data-formulator/core/navigator/routes.test.ts" name="resolveRoute &gt; resolves an exact path match (stage 1)" time="0.0006175">
        </testcase>
        <testcase classname="tests/features/data-formulator/core/navigator/routes.test.ts" name="resolveRoute &gt; exact path match is case-insensitive" time="0.0002823">
        </testcase>
        <testcase classname="tests/features/data-formulator/core/navigator/routes.test.ts" name="resolveRoute &gt; trims whitespace before matching" time="0.0002662">
        </testcase>
        <testcase classname="tests/features/data-formulator/core/navigator/routes.test.ts" name="resolveRoute &gt; resolves by path prefix when no exact path match exists (stage 2)" time="0.0003174">
        </testcase>
        <testcase classname="tests/features/data-formulator/core/navigator/routes.test.ts" name="resolveRoute &gt; stage 2 prefix match is case-insensitive" time="0.0002762">
        </testcase>
        <testcase classname="tests/features/data-formulator/core/navigator/routes.test.ts" name="resolveRoute &gt; resolves by exact label match (stage 3)" time="0.0003288">
        </testcase>
        <testcase classname="tests/features/data-formulator/core/navigator/routes.test.ts" name="resolveRoute &gt; exact label match is case-insensitive (stage 3)" time="0.0002873">
        </testcase>
        <testcase classname="tests/features/data-formulator/core/navigator/routes.test.ts" name="resolveRoute &gt; exact label match is reached only after path stages fail (stage 3)" time="0.0002641">
        </testcase>
        <testcase classname="tests/features/data-formulator/core/navigator/routes.test.ts" name="resolveRoute &gt; resolves by partial label match when target length &gt; 3 (stage 4)" time="0.0003924">
        </testcase>
        <testcase classname="tests/features/data-formulator/core/navigator/routes.test.ts" name="resolveRoute &gt; partial label match is case-insensitive (stage 4)" time="0.0003477">
        </testcase>
        <testcase classname="tests/features/data-formulator/core/navigator/routes.test.ts" name="resolveRoute &gt; does NOT resolve by partial label when target length is exactly 3 (t.length &gt; 3 guard — false branch)" time="0.0002722">
        </testcase>
        <testcase classname="tests/features/data-formulator/core/navigator/routes.test.ts" name="resolveRoute &gt; does NOT resolve by partial label when target length is 1 (t.length &gt; 3 guard — false branch)" time="0.0002471">
        </testcase>
        <testcase classname="tests/features/data-formulator/core/navigator/routes.test.ts" name="resolveRoute &gt; does NOT resolve by partial label when target length is 2 (t.length &gt; 3 guard — false branch)" time="0.0002836">
        </testcase>
        <testcase classname="tests/features/data-formulator/core/navigator/routes.test.ts" name="resolveRoute &gt; DOES resolve by partial label when target length is exactly 4 (t.length &gt; 3 guard — true branch)" time="0.0003761">
        </testcase>
        <testcase classname="tests/features/data-formulator/core/navigator/routes.test.ts" name="resolveRoute &gt; returns null when no stage matches (null fallback)" time="0.0002478">
        </testcase>
        <testcase classname="tests/features/data-formulator/core/navigator/routes.test.ts" name="resolveRoute &gt; returns null for a whitespace-only string after trimming" time="0.0002315">
        </testcase>
        <testcase classname="tests/features/data-formulator/core/navigator/routes.test.ts" name="resolveRoute &gt; resolves telecom tab route by exact path match" time="0.0003033">
        </testcase>
        <testcase classname="tests/features/data-formulator/core/navigator/routes.test.ts" name="resolveRoute &gt; stage 1 exact path wins over stage 2 prefix when exact match exists" time="0.0002625">
        </testcase>
    </testsuite>
    <testsuite name="tests/features/data-formulator/core/swarm/compute.test.ts" timestamp="2026-06-25T18:28:26.162Z" hostname="Desktop" tests="46" failures="0" errors="0" skipped="0" time="0.415132">
        <testcase classname="tests/features/data-formulator/core/swarm/compute.test.ts" name="detectAnomaly &gt; returns null for an empty row set (no numeric column)" time="0.0283275">
        </testcase>
        <testcase classname="tests/features/data-formulator/core/swarm/compute.test.ts" name="detectAnomaly &gt; returns null when there is no all-numeric column" time="0.0086262">
        </testcase>
        <testcase classname="tests/features/data-formulator/core/swarm/compute.test.ts" name="detectAnomaly &gt; returns null when fewer than 3 finite numeric values are present" time="0.0091491">
        </testcase>
        <testcase classname="tests/features/data-formulator/core/swarm/compute.test.ts" name="detectAnomaly &gt; detects a dip when the minimum falls more than 1 sd below the mean" time="0.031445">
        </testcase>
        <testcase classname="tests/features/data-formulator/core/swarm/compute.test.ts" name="detectAnomaly &gt; does not flag a dip when no value falls more than 1 sd below the mean" time="0.0007154">
        </testcase>
        <testcase classname="tests/features/data-formulator/core/swarm/compute.test.ts" name="detectAnomaly &gt; detects a spike when the maximum rises more than 1 sd above the mean" time="0.0057406">
        </testcase>
        <testcase classname="tests/features/data-formulator/core/swarm/compute.test.ts" name="detectAnomaly &gt; does not flag a spike when no value rises more than 1 sd above the mean" time="0.0006119">
        </testcase>
        <testcase classname="tests/features/data-formulator/core/swarm/compute.test.ts" name="detectAnomaly &gt; detects an outlier when a value is more than 2 sd above the mean" time="0.0005128">
        </testcase>
        <testcase classname="tests/features/data-formulator/core/swarm/compute.test.ts" name="detectAnomaly &gt; detects an outlier when a value is more than 2 sd below the mean" time="0.0080146">
        </testcase>
        <testcase classname="tests/features/data-formulator/core/swarm/compute.test.ts" name="detectAnomaly &gt; does not flag an outlier when nothing exceeds 2 sd from the mean" time="0.0007558">
        </testcase>
        <testcase classname="tests/features/data-formulator/core/swarm/compute.test.ts" name="detectAnomaly &gt; reports an upward trend when the last value exceeds the first" time="0.0007105">
        </testcase>
        <testcase classname="tests/features/data-formulator/core/swarm/compute.test.ts" name="detectAnomaly &gt; reports a downward trend when the last value is not greater than the first" time="0.0099952">
        </testcase>
        <testcase classname="tests/features/data-formulator/core/swarm/compute.test.ts" name="detectAnomaly &gt; reports a downward trend when first and last are equal (strict greater-than)" time="0.0113236">
        </testcase>
        <testcase classname="tests/features/data-formulator/core/swarm/compute.test.ts" name="detectAnomaly &gt; treats null cells as numeric (Number(null) === 0) when picking the key" time="0.0005739">
        </testcase>
        <testcase classname="tests/features/data-formulator/core/swarm/compute.test.ts" name="detectAnomaly &gt; skips a column whose values are not all numeric and uses a later numeric one" time="0.0094323">
        </testcase>
        <testcase classname="tests/features/data-formulator/core/swarm/compute.test.ts" name="detectAnomaly &gt; returns null for a recognized kind when its threshold is not met (e.g. spike on a dip)" time="0.0088398">
        </testcase>
        <testcase classname="tests/features/data-formulator/core/swarm/compute.test.ts" name="compute — SQL table specs &gt; returns an empty artifact list for an empty plan and never queries" time="0.0095883">
        </testcase>
        <testcase classname="tests/features/data-formulator/core/swarm/compute.test.ts" name="compute — SQL table specs &gt; runs each sql spec and wraps non-empty results as table artifacts" time="0.0091923">
        </testcase>
        <testcase classname="tests/features/data-formulator/core/swarm/compute.test.ts" name="compute — SQL table specs &gt; drops a sql spec that returns zero rows (no table artifact)" time="0.0019199">
        </testcase>
        <testcase classname="tests/features/data-formulator/core/swarm/compute.test.ts" name="compute — SQL table specs &gt; swallows a sql spec whose statement is rejected by the read-only guard" time="0.0008159">
        </testcase>
        <testcase classname="tests/features/data-formulator/core/swarm/compute.test.ts" name="compute — SQL table specs &gt; swallows a sql spec whose query throws and keeps other specs" time="0.0012012">
        </testcase>
        <testcase classname="tests/features/data-formulator/core/swarm/compute.test.ts" name="compute — SQL table specs &gt; sanitizes the SQL (strips fences/comments) before recording it on the artifact" time="0.0020711">
        </testcase>
        <testcase classname="tests/features/data-formulator/core/swarm/compute.test.ts" name="compute — SQL table specs &gt; sanitizes BigInt cells in the returned rows to JSON-safe numbers" time="0.0043624">
        </testcase>
        <testcase classname="tests/features/data-formulator/core/swarm/compute.test.ts" name="compute — charts &gt; builds a chart artifact for a chart spec backed by a sql spec with rows" time="0.0031802">
        </testcase>
        <testcase classname="tests/features/data-formulator/core/swarm/compute.test.ts" name="compute — charts &gt; titles the chart spec &apos;&lt;y&gt; by &lt;x&gt;&apos; from the chart spec fields" time="0.0036445">
        </testcase>
        <testcase classname="tests/features/data-formulator/core/swarm/compute.test.ts" name="compute — charts &gt; skips a chart whose usesSqlId did not produce rows" time="0.0007341">
        </testcase>
        <testcase classname="tests/features/data-formulator/core/swarm/compute.test.ts" name="compute — charts &gt; skips a chart that references an unknown usesSqlId" time="0.0007561">
        </testcase>
        <testcase classname="tests/features/data-formulator/core/swarm/compute.test.ts" name="compute — charts &gt; skips a chart whose x field is not a known column" time="0.0006425">
        </testcase>
        <testcase classname="tests/features/data-formulator/core/swarm/compute.test.ts" name="compute — charts &gt; skips a chart whose y field is not a known column" time="0.0006075">
        </testcase>
        <testcase classname="tests/features/data-formulator/core/swarm/compute.test.ts" name="compute — charts &gt; adds a color encoding when the series field is a known column" time="0.0017633">
        </testcase>
        <testcase classname="tests/features/data-formulator/core/swarm/compute.test.ts" name="compute — charts &gt; ignores an unknown series field but still renders the chart without a color channel" time="0.0009963">
        </testcase>
        <testcase classname="tests/features/data-formulator/core/swarm/compute.test.ts" name="compute — charts &gt; coerces an unsupported chart type down to &apos;bar&apos;" time="0.0011653">
        </testcase>
        <testcase classname="tests/features/data-formulator/core/swarm/compute.test.ts" name="compute — charts &gt; drops a chart whose built query returns no rows (runChartArtifact throws)" time="0.0050487">
        </testcase>
        <testcase classname="tests/features/data-formulator/core/swarm/compute.test.ts" name="compute — anomalies &gt; emits an insight artifact when an anomaly check fires" time="0.0024972">
        </testcase>
        <testcase classname="tests/features/data-formulator/core/swarm/compute.test.ts" name="compute — anomalies &gt; does not emit an insight when the anomaly check does not fire" time="0.0023341">
        </testcase>
        <testcase classname="tests/features/data-formulator/core/swarm/compute.test.ts" name="compute — anomalies &gt; skips an anomaly check whose usesSqlId produced no rows" time="0.0015521">
        </testcase>
        <testcase classname="tests/features/data-formulator/core/swarm/compute.test.ts" name="compute — anomalies &gt; skips an anomaly check that references an unknown usesSqlId" time="0.0043109">
        </testcase>
        <testcase classname="tests/features/data-formulator/core/swarm/compute.test.ts" name="compute — composition and ordering &gt; returns tables, then charts, then anomalies, in that order" time="0.0231236">
        </testcase>
        <testcase classname="tests/features/data-formulator/core/swarm/compute.test.ts" name="compute — composition and ordering &gt; filters out null artifacts so the final list contains only real artifacts" time="0.0015897">
        </testcase>
        <testcase classname="tests/features/data-formulator/core/swarm/compute.test.ts" name="compute — composition and ordering &gt; assigns a unique id to every produced artifact" time="0.0015922">
        </testcase>
        <testcase classname="tests/features/data-formulator/core/swarm/compute.test.ts" name="compute — read-only SQL memo &gt; reuses cached rows for identical SQL across sequential runs (memo hit)" time="0.0458332">
        </testcase>
        <testcase classname="tests/features/data-formulator/core/swarm/compute.test.ts" name="compute — read-only SQL memo &gt; normalizes whitespace and case in the memo key (a second run is a hit)" time="0.0510624">
        </testcase>
        <testcase classname="tests/features/data-formulator/core/swarm/compute.test.ts" name="compute — read-only SQL memo &gt; does not dedupe identical concurrent queries within a single run" time="0.0154753">
        </testcase>
        <testcase classname="tests/features/data-formulator/core/swarm/compute.test.ts" name="compute — read-only SQL memo &gt; re-queries the same SQL when the row count changes (new import misses the memo)" time="0.0013194">
        </testcase>
        <testcase classname="tests/features/data-formulator/core/swarm/compute.test.ts" name="compute — read-only SQL memo &gt; re-queries the same SQL for a different dataset id" time="0.0005952">
        </testcase>
        <testcase classname="tests/features/data-formulator/core/swarm/compute.test.ts" name="AnomalyFinding shape &gt; detectAnomaly returns the documented finding fields" time="0.0360172">
        </testcase>
    </testsuite>
    <testsuite name="tests/features/data-formulator/core/swarm/orchestrator.test.ts" timestamp="2026-06-25T18:28:26.168Z" hostname="Desktop" tests="15" failures="0" errors="0" skipped="0" time="0.0928801">
        <testcase classname="tests/features/data-formulator/core/swarm/orchestrator.test.ts" name="runSwarm — cache short-circuit &gt; returns the cached answer without touching the model when the cache hits" time="0.0196334">
            <system-err>
[drizzle-storage] set failed for settings/data-navigator-settings [TypeError: Failed to parse URL from /api/settings/settings/data-navigator-settings] {
  [cause]: TypeError: Invalid URL
      at new URL (node:internal/url:819:25)
      at new URL (file:///D:/data-navigator/node_modules/.pnpm/vitest@4.1.8_@opentelemetry_e8045d3dd70c829c3e0cd5bcf0b71907/node_modules/vitest/dist/chunks/index.DC7d2Pf8.js:557:2)
      at new Request (node:internal/deps/undici/undici:11832:25)
      at fetch (node:internal/deps/undici/undici:12757:25)
      at fetch (node:internal/deps/undici/undici:17407:10)
      at fetch (node:internal/bootstrap/web/exposed-window-or-worker:83:12)
      at putAppSettingRemote (D:/data-navigator/src/platform/settings/settings-client.ts:99:26)
      at Object.setItem (D:/data-navigator/src/platform/storage/drizzle-storage.ts:145:12)
      at Object.setItem (file:///D:/data-navigator/node_modules/.pnpm/zustand@5.0.14_@types+react_162857702e0a6d9db9dbe61bddf43b4e/node_modules/zustand/esm/middleware.mjs:300:42)
      at setItem (file:///D:/data-navigator/node_modules/.pnpm/zustand@5.0.14_@types+react_162857702e0a6d9db9dbe61bddf43b4e/node_modules/zustand/esm/middleware.mjs:360:20) {
    code: &apos;ERR_INVALID_URL&apos;,
    input: &apos;/api/settings/settings/data-navigator-settings&apos;
  }
}

            </system-err>
        </testcase>
        <testcase classname="tests/features/data-formulator/core/swarm/orchestrator.test.ts" name="runSwarm — model readiness gate &gt; throws and marks the store failed when no offline model is ready" time="0.0085624">
            <system-err>
[drizzle-storage] set failed for settings/data-navigator-settings [TypeError: Failed to parse URL from /api/settings/settings/data-navigator-settings] {
  [cause]: TypeError: Invalid URL
      at new URL (node:internal/url:819:25)
      at new URL (file:///D:/data-navigator/node_modules/.pnpm/vitest@4.1.8_@opentelemetry_e8045d3dd70c829c3e0cd5bcf0b71907/node_modules/vitest/dist/chunks/index.DC7d2Pf8.js:557:2)
      at new Request (node:internal/deps/undici/undici:11832:25)
      at fetch (node:internal/deps/undici/undici:12757:25)
      at fetch (node:internal/deps/undici/undici:17407:10)
      at fetch (node:internal/bootstrap/web/exposed-window-or-worker:83:12)
      at putAppSettingRemote (D:/data-navigator/src/platform/settings/settings-client.ts:99:26)
      at Object.setItem (D:/data-navigator/src/platform/storage/drizzle-storage.ts:145:12)
      at Object.setItem (file:///D:/data-navigator/node_modules/.pnpm/zustand@5.0.14_@types+react_162857702e0a6d9db9dbe61bddf43b4e/node_modules/zustand/esm/middleware.mjs:300:42)
      at setItem (file:///D:/data-navigator/node_modules/.pnpm/zustand@5.0.14_@types+react_162857702e0a6d9db9dbe61bddf43b4e/node_modules/zustand/esm/middleware.mjs:360:20) {
    code: &apos;ERR_INVALID_URL&apos;,
    input: &apos;/api/settings/settings/data-navigator-settings&apos;
  }
}

            </system-err>
        </testcase>
        <testcase classname="tests/features/data-formulator/core/swarm/orchestrator.test.ts" name="runSwarm — navigate tier &gt; resolves a navigation result and sets navigation without any agent call" time="0.0051451">
            <system-err>
[drizzle-storage] set failed for settings/data-navigator-settings [TypeError: Failed to parse URL from /api/settings/settings/data-navigator-settings] {
  [cause]: TypeError: Invalid URL
      at new URL (node:internal/url:819:25)
      at new URL (file:///D:/data-navigator/node_modules/.pnpm/vitest@4.1.8_@opentelemetry_e8045d3dd70c829c3e0cd5bcf0b71907/node_modules/vitest/dist/chunks/index.DC7d2Pf8.js:557:2)
      at new Request (node:internal/deps/undici/undici:11832:25)
      at fetch (node:internal/deps/undici/undici:12757:25)
      at fetch (node:internal/deps/undici/undici:17407:10)
      at fetch (node:internal/bootstrap/web/exposed-window-or-worker:83:12)
      at putAppSettingRemote (D:/data-navigator/src/platform/settings/settings-client.ts:99:26)
      at Object.setItem (D:/data-navigator/src/platform/storage/drizzle-storage.ts:145:12)
      at Object.setItem (file:///D:/data-navigator/node_modules/.pnpm/zustand@5.0.14_@types+react_162857702e0a6d9db9dbe61bddf43b4e/node_modules/zustand/esm/middleware.mjs:300:42)
      at setItem (file:///D:/data-navigator/node_modules/.pnpm/zustand@5.0.14_@types+react_162857702e0a6d9db9dbe61bddf43b4e/node_modules/zustand/esm/middleware.mjs:360:20) {
    code: &apos;ERR_INVALID_URL&apos;,
    input: &apos;/api/settings/settings/data-navigator-settings&apos;
  }
}

            </system-err>
        </testcase>
        <testcase classname="tests/features/data-formulator/core/swarm/orchestrator.test.ts" name="runSwarm — lookup tier &gt; runs the single-call lookup, caches it, and adds its artifacts to the store" time="0.0073412">
            <system-err>
[drizzle-storage] set failed for settings/data-navigator-settings [TypeError: Failed to parse URL from /api/settings/settings/data-navigator-settings] {
  [cause]: TypeError: Invalid URL
      at new URL (node:internal/url:819:25)
      at new URL (file:///D:/data-navigator/node_modules/.pnpm/vitest@4.1.8_@opentelemetry_e8045d3dd70c829c3e0cd5bcf0b71907/node_modules/vitest/dist/chunks/index.DC7d2Pf8.js:557:2)
      at new Request (node:internal/deps/undici/undici:11832:25)
      at fetch (node:internal/deps/undici/undici:12757:25)
      at fetch (node:internal/deps/undici/undici:17407:10)
      at fetch (node:internal/bootstrap/web/exposed-window-or-worker:83:12)
      at putAppSettingRemote (D:/data-navigator/src/platform/settings/settings-client.ts:99:26)
      at Object.setItem (D:/data-navigator/src/platform/storage/drizzle-storage.ts:145:12)
      at Object.setItem (file:///D:/data-navigator/node_modules/.pnpm/zustand@5.0.14_@types+react_162857702e0a6d9db9dbe61bddf43b4e/node_modules/zustand/esm/middleware.mjs:300:42)
      at setItem (file:///D:/data-navigator/node_modules/.pnpm/zustand@5.0.14_@types+react_162857702e0a6d9db9dbe61bddf43b4e/node_modules/zustand/esm/middleware.mjs:360:20) {
    code: &apos;ERR_INVALID_URL&apos;,
    input: &apos;/api/settings/settings/data-navigator-settings&apos;
  }
}

            </system-err>
        </testcase>
        <testcase classname="tests/features/data-formulator/core/swarm/orchestrator.test.ts" name="runSwarm — analysis tier &gt; runs plan → compute → judge → answer and returns the synthesized result" time="0.0031309">
            <system-err>
[drizzle-storage] set failed for settings/data-navigator-settings [TypeError: Failed to parse URL from /api/settings/settings/data-navigator-settings] {
  [cause]: TypeError: Invalid URL
      at new URL (node:internal/url:819:25)
      at new URL (file:///D:/data-navigator/node_modules/.pnpm/vitest@4.1.8_@opentelemetry_e8045d3dd70c829c3e0cd5bcf0b71907/node_modules/vitest/dist/chunks/index.DC7d2Pf8.js:557:2)
      at new Request (node:internal/deps/undici/undici:11832:25)
      at fetch (node:internal/deps/undici/undici:12757:25)
      at fetch (node:internal/deps/undici/undici:17407:10)
      at fetch (node:internal/bootstrap/web/exposed-window-or-worker:83:12)
      at putAppSettingRemote (D:/data-navigator/src/platform/settings/settings-client.ts:99:26)
      at Object.setItem (D:/data-navigator/src/platform/storage/drizzle-storage.ts:145:12)
      at Object.setItem (file:///D:/data-navigator/node_modules/.pnpm/zustand@5.0.14_@types+react_162857702e0a6d9db9dbe61bddf43b4e/node_modules/zustand/esm/middleware.mjs:300:42)
      at setItem (file:///D:/data-navigator/node_modules/.pnpm/zustand@5.0.14_@types+react_162857702e0a6d9db9dbe61bddf43b4e/node_modules/zustand/esm/middleware.mjs:360:20) {
    code: &apos;ERR_INVALID_URL&apos;,
    input: &apos;/api/settings/settings/data-navigator-settings&apos;
  }
}

            </system-err>
        </testcase>
        <testcase classname="tests/features/data-formulator/core/swarm/orchestrator.test.ts" name="runSwarm — analysis tier &gt; filters out artifacts that hard-fail validation before judging" time="0.0031224">
            <system-err>
[drizzle-storage] set failed for settings/data-navigator-settings [TypeError: Failed to parse URL from /api/settings/settings/data-navigator-settings] {
  [cause]: TypeError: Invalid URL
      at new URL (node:internal/url:819:25)
      at new URL (file:///D:/data-navigator/node_modules/.pnpm/vitest@4.1.8_@opentelemetry_e8045d3dd70c829c3e0cd5bcf0b71907/node_modules/vitest/dist/chunks/index.DC7d2Pf8.js:557:2)
      at new Request (node:internal/deps/undici/undici:11832:25)
      at fetch (node:internal/deps/undici/undici:12757:25)
      at fetch (node:internal/deps/undici/undici:17407:10)
      at fetch (node:internal/bootstrap/web/exposed-window-or-worker:83:12)
      at putAppSettingRemote (D:/data-navigator/src/platform/settings/settings-client.ts:99:26)
      at Object.setItem (D:/data-navigator/src/platform/storage/drizzle-storage.ts:145:12)
      at Object.setItem (file:///D:/data-navigator/node_modules/.pnpm/zustand@5.0.14_@types+react_162857702e0a6d9db9dbe61bddf43b4e/node_modules/zustand/esm/middleware.mjs:300:42)
      at setItem (file:///D:/data-navigator/node_modules/.pnpm/zustand@5.0.14_@types+react_162857702e0a6d9db9dbe61bddf43b4e/node_modules/zustand/esm/middleware.mjs:360:20) {
    code: &apos;ERR_INVALID_URL&apos;,
    input: &apos;/api/settings/settings/data-navigator-settings&apos;
  }
}

            </system-err>
        </testcase>
        <testcase classname="tests/features/data-formulator/core/swarm/orchestrator.test.ts" name="runSwarm — analysis tier &gt; throws when every produced artifact hard-fails validation" time="0.0100685">
            <system-err>
[drizzle-storage] set failed for settings/data-navigator-settings [TypeError: Failed to parse URL from /api/settings/settings/data-navigator-settings] {
  [cause]: TypeError: Invalid URL
      at new URL (node:internal/url:819:25)
      at new URL (file:///D:/data-navigator/node_modules/.pnpm/vitest@4.1.8_@opentelemetry_e8045d3dd70c829c3e0cd5bcf0b71907/node_modules/vitest/dist/chunks/index.DC7d2Pf8.js:557:2)
      at new Request (node:internal/deps/undici/undici:11832:25)
      at fetch (node:internal/deps/undici/undici:12757:25)
      at fetch (node:internal/deps/undici/undici:17407:10)
      at fetch (node:internal/bootstrap/web/exposed-window-or-worker:83:12)
      at putAppSettingRemote (D:/data-navigator/src/platform/settings/settings-client.ts:99:26)
      at Object.setItem (D:/data-navigator/src/platform/storage/drizzle-storage.ts:145:12)
      at Object.setItem (file:///D:/data-navigator/node_modules/.pnpm/zustand@5.0.14_@types+react_162857702e0a6d9db9dbe61bddf43b4e/node_modules/zustand/esm/middleware.mjs:300:42)
      at setItem (file:///D:/data-navigator/node_modules/.pnpm/zustand@5.0.14_@types+react_162857702e0a6d9db9dbe61bddf43b4e/node_modules/zustand/esm/middleware.mjs:360:20) {
    code: &apos;ERR_INVALID_URL&apos;,
    input: &apos;/api/settings/settings/data-navigator-settings&apos;
  }
}

            </system-err>
        </testcase>
        <testcase classname="tests/features/data-formulator/core/swarm/orchestrator.test.ts" name="runSwarm — analysis tier &gt; drops a high-risk insight the batched critic rejects" time="0.004978">
            <system-err>
[drizzle-storage] set failed for settings/data-navigator-settings [TypeError: Failed to parse URL from /api/settings/settings/data-navigator-settings] {
  [cause]: TypeError: Invalid URL
      at new URL (node:internal/url:819:25)
      at new URL (file:///D:/data-navigator/node_modules/.pnpm/vitest@4.1.8_@opentelemetry_e8045d3dd70c829c3e0cd5bcf0b71907/node_modules/vitest/dist/chunks/index.DC7d2Pf8.js:557:2)
      at new Request (node:internal/deps/undici/undici:11832:25)
      at fetch (node:internal/deps/undici/undici:12757:25)
      at fetch (node:internal/deps/undici/undici:17407:10)
      at fetch (node:internal/bootstrap/web/exposed-window-or-worker:83:12)
      at putAppSettingRemote (D:/data-navigator/src/platform/settings/settings-client.ts:99:26)
      at Object.setItem (D:/data-navigator/src/platform/storage/drizzle-storage.ts:145:12)
      at Object.setItem (file:///D:/data-navigator/node_modules/.pnpm/zustand@5.0.14_@types+react_162857702e0a6d9db9dbe61bddf43b4e/node_modules/zustand/esm/middleware.mjs:300:42)
      at setItem (file:///D:/data-navigator/node_modules/.pnpm/zustand@5.0.14_@types+react_162857702e0a6d9db9dbe61bddf43b4e/node_modules/zustand/esm/middleware.mjs:360:20) {
    code: &apos;ERR_INVALID_URL&apos;,
    input: &apos;/api/settings/settings/data-navigator-settings&apos;
  }
}

[drizzle-storage] set failed for settings/data-navigator-settings [TypeError: Failed to parse URL from /api/settings/settings/data-navigator-settings] {
  [cause]: TypeError: Invalid URL
      at new URL (node:internal/url:819:25)
      at new URL (file:///D:/data-navigator/node_modules/.pnpm/vitest@4.1.8_@opentelemetry_e8045d3dd70c829c3e0cd5bcf0b71907/node_modules/vitest/dist/chunks/index.DC7d2Pf8.js:557:2)
      at new Request (node:internal/deps/undici/undici:11832:25)
      at fetch (node:internal/deps/undici/undici:12757:25)
      at fetch (node:internal/deps/undici/undici:17407:10)
      at fetch (node:internal/bootstrap/web/exposed-window-or-worker:83:12)
      at putAppSettingRemote (D:/data-navigator/src/platform/settings/settings-client.ts:99:26)
      at Object.setItem (D:/data-navigator/src/platform/storage/drizzle-storage.ts:145:12)
      at Object.setItem (file:///D:/data-navigator/node_modules/.pnpm/zustand@5.0.14_@types+react_162857702e0a6d9db9dbe61bddf43b4e/node_modules/zustand/esm/middleware.mjs:300:42)
      at setItem (file:///D:/data-navigator/node_modules/.pnpm/zustand@5.0.14_@types+react_162857702e0a6d9db9dbe61bddf43b4e/node_modules/zustand/esm/middleware.mjs:360:20) {
    code: &apos;ERR_INVALID_URL&apos;,
    input: &apos;/api/settings/settings/data-navigator-settings&apos;
  }
}

            </system-err>
        </testcase>
        <testcase classname="tests/features/data-formulator/core/swarm/orchestrator.test.ts" name="runSwarm — analysis tier &gt; keeps a high-risk insight the critic accepts" time="0.0044134">
            <system-err>
[drizzle-storage] set failed for settings/data-navigator-settings [TypeError: Failed to parse URL from /api/settings/settings/data-navigator-settings] {
  [cause]: TypeError: Invalid URL
      at new URL (node:internal/url:819:25)
      at new URL (file:///D:/data-navigator/node_modules/.pnpm/vitest@4.1.8_@opentelemetry_e8045d3dd70c829c3e0cd5bcf0b71907/node_modules/vitest/dist/chunks/index.DC7d2Pf8.js:557:2)
      at new Request (node:internal/deps/undici/undici:11832:25)
      at fetch (node:internal/deps/undici/undici:12757:25)
      at fetch (node:internal/deps/undici/undici:17407:10)
      at fetch (node:internal/bootstrap/web/exposed-window-or-worker:83:12)
      at putAppSettingRemote (D:/data-navigator/src/platform/settings/settings-client.ts:99:26)
      at Object.setItem (D:/data-navigator/src/platform/storage/drizzle-storage.ts:145:12)
      at Object.setItem (file:///D:/data-navigator/node_modules/.pnpm/zustand@5.0.14_@types+react_162857702e0a6d9db9dbe61bddf43b4e/node_modules/zustand/esm/middleware.mjs:300:42)
      at setItem (file:///D:/data-navigator/node_modules/.pnpm/zustand@5.0.14_@types+react_162857702e0a6d9db9dbe61bddf43b4e/node_modules/zustand/esm/middleware.mjs:360:20) {
    code: &apos;ERR_INVALID_URL&apos;,
    input: &apos;/api/settings/settings/data-navigator-settings&apos;
  }
}

[drizzle-storage] set failed for settings/data-navigator-settings [TypeError: Failed to parse URL from /api/settings/settings/data-navigator-settings] {
  [cause]: TypeError: Invalid URL
      at new URL (node:internal/url:819:25)
      at new URL (file:///D:/data-navigator/node_modules/.pnpm/vitest@4.1.8_@opentelemetry_e8045d3dd70c829c3e0cd5bcf0b71907/node_modules/vitest/dist/chunks/index.DC7d2Pf8.js:557:2)
      at new Request (node:internal/deps/undici/undici:11832:25)
      at fetch (node:internal/deps/undici/undici:12757:25)
      at fetch (node:internal/deps/undici/undici:17407:10)
      at fetch (node:internal/bootstrap/web/exposed-window-or-worker:83:12)
      at putAppSettingRemote (D:/data-navigator/src/platform/settings/settings-client.ts:99:26)
      at Object.setItem (D:/data-navigator/src/platform/storage/drizzle-storage.ts:145:12)
      at Object.setItem (file:///D:/data-navigator/node_modules/.pnpm/zustand@5.0.14_@types+react_162857702e0a6d9db9dbe61bddf43b4e/node_modules/zustand/esm/middleware.mjs:300:42)
      at setItem (file:///D:/data-navigator/node_modules/.pnpm/zustand@5.0.14_@types+react_162857702e0a6d9db9dbe61bddf43b4e/node_modules/zustand/esm/middleware.mjs:360:20) {
    code: &apos;ERR_INVALID_URL&apos;,
    input: &apos;/api/settings/settings/data-navigator-settings&apos;
  }
}

            </system-err>
        </testcase>
        <testcase classname="tests/features/data-formulator/core/swarm/orchestrator.test.ts" name="runSwarm — analysis tier &gt; keeps all artifacts when the batched critic throws (judge failure is non-fatal)" time="0.0047725">
            <system-err>
[drizzle-storage] set failed for settings/data-navigator-settings [TypeError: Failed to parse URL from /api/settings/settings/data-navigator-settings] {
  [cause]: TypeError: Invalid URL
      at new URL (node:internal/url:819:25)
      at new URL (file:///D:/data-navigator/node_modules/.pnpm/vitest@4.1.8_@opentelemetry_e8045d3dd70c829c3e0cd5bcf0b71907/node_modules/vitest/dist/chunks/index.DC7d2Pf8.js:557:2)
      at new Request (node:internal/deps/undici/undici:11832:25)
      at fetch (node:internal/deps/undici/undici:12757:25)
      at fetch (node:internal/deps/undici/undici:17407:10)
      at fetch (node:internal/bootstrap/web/exposed-window-or-worker:83:12)
      at putAppSettingRemote (D:/data-navigator/src/platform/settings/settings-client.ts:99:26)
      at Object.setItem (D:/data-navigator/src/platform/storage/drizzle-storage.ts:145:12)
      at Object.setItem (file:///D:/data-navigator/node_modules/.pnpm/zustand@5.0.14_@types+react_162857702e0a6d9db9dbe61bddf43b4e/node_modules/zustand/esm/middleware.mjs:300:42)
      at setItem (file:///D:/data-navigator/node_modules/.pnpm/zustand@5.0.14_@types+react_162857702e0a6d9db9dbe61bddf43b4e/node_modules/zustand/esm/middleware.mjs:360:20) {
    code: &apos;ERR_INVALID_URL&apos;,
    input: &apos;/api/settings/settings/data-navigator-settings&apos;
  }
}

[drizzle-storage] set failed for settings/data-navigator-settings [TypeError: Failed to parse URL from /api/settings/settings/data-navigator-settings] {
  [cause]: TypeError: Invalid URL
      at new URL (node:internal/url:819:25)
      at new URL (file:///D:/data-navigator/node_modules/.pnpm/vitest@4.1.8_@opentelemetry_e8045d3dd70c829c3e0cd5bcf0b71907/node_modules/vitest/dist/chunks/index.DC7d2Pf8.js:557:2)
      at new Request (node:internal/deps/undici/undici:11832:25)
      at fetch (node:internal/deps/undici/undici:12757:25)
      at fetch (node:internal/deps/undici/undici:17407:10)
      at fetch (node:internal/bootstrap/web/exposed-window-or-worker:83:12)
      at putAppSettingRemote (D:/data-navigator/src/platform/settings/settings-client.ts:99:26)
      at Object.setItem (D:/data-navigator/src/platform/storage/drizzle-storage.ts:145:12)
      at Object.setItem (file:///D:/data-navigator/node_modules/.pnpm/zustand@5.0.14_@types+react_162857702e0a6d9db9dbe61bddf43b4e/node_modules/zustand/esm/middleware.mjs:300:42)
      at setItem (file:///D:/data-navigator/node_modules/.pnpm/zustand@5.0.14_@types+react_162857702e0a6d9db9dbe61bddf43b4e/node_modules/zustand/esm/middleware.mjs:360:20) {
    code: &apos;ERR_INVALID_URL&apos;,
    input: &apos;/api/settings/settings/data-navigator-settings&apos;
  }
}

            </system-err>
        </testcase>
        <testcase classname="tests/features/data-formulator/core/swarm/orchestrator.test.ts" name="runSwarm — analysis tier &gt; skips the critic entirely when there are no high-risk artifacts" time="0.0053453">
            <system-err>
[drizzle-storage] set failed for settings/data-navigator-settings [TypeError: Failed to parse URL from /api/settings/settings/data-navigator-settings] {
  [cause]: TypeError: Invalid URL
      at new URL (node:internal/url:819:25)
      at new URL (file:///D:/data-navigator/node_modules/.pnpm/vitest@4.1.8_@opentelemetry_e8045d3dd70c829c3e0cd5bcf0b71907/node_modules/vitest/dist/chunks/index.DC7d2Pf8.js:557:2)
      at new Request (node:internal/deps/undici/undici:11832:25)
      at fetch (node:internal/deps/undici/undici:12757:25)
      at fetch (node:internal/deps/undici/undici:17407:10)
      at fetch (node:internal/bootstrap/web/exposed-window-or-worker:83:12)
      at putAppSettingRemote (D:/data-navigator/src/platform/settings/settings-client.ts:99:26)
      at Object.setItem (D:/data-navigator/src/platform/storage/drizzle-storage.ts:145:12)
      at Object.setItem (file:///D:/data-navigator/node_modules/.pnpm/zustand@5.0.14_@types+react_162857702e0a6d9db9dbe61bddf43b4e/node_modules/zustand/esm/middleware.mjs:300:42)
      at setItem (file:///D:/data-navigator/node_modules/.pnpm/zustand@5.0.14_@types+react_162857702e0a6d9db9dbe61bddf43b4e/node_modules/zustand/esm/middleware.mjs:360:20) {
    code: &apos;ERR_INVALID_URL&apos;,
    input: &apos;/api/settings/settings/data-navigator-settings&apos;
  }
}

[drizzle-storage] set failed for settings/data-navigator-settings [TypeError: Failed to parse URL from /api/settings/settings/data-navigator-settings] {
  [cause]: TypeError: Invalid URL
      at new URL (node:internal/url:819:25)
      at new URL (file:///D:/data-navigator/node_modules/.pnpm/vitest@4.1.8_@opentelemetry_e8045d3dd70c829c3e0cd5bcf0b71907/node_modules/vitest/dist/chunks/index.DC7d2Pf8.js:557:2)
      at new Request (node:internal/deps/undici/undici:11832:25)
      at fetch (node:internal/deps/undici/undici:12757:25)
      at fetch (node:internal/deps/undici/undici:17407:10)
      at fetch (node:internal/bootstrap/web/exposed-window-or-worker:83:12)
      at putAppSettingRemote (D:/data-navigator/src/platform/settings/settings-client.ts:99:26)
      at Object.setItem (D:/data-navigator/src/platform/storage/drizzle-storage.ts:145:12)
      at Object.setItem (file:///D:/data-navigator/node_modules/.pnpm/zustand@5.0.14_@types+react_162857702e0a6d9db9dbe61bddf43b4e/node_modules/zustand/esm/middleware.mjs:300:42)
      at setItem (file:///D:/data-navigator/node_modules/.pnpm/zustand@5.0.14_@types+react_162857702e0a6d9db9dbe61bddf43b4e/node_modules/zustand/esm/middleware.mjs:360:20) {
    code: &apos;ERR_INVALID_URL&apos;,
    input: &apos;/api/settings/settings/data-navigator-settings&apos;
  }
}

            </system-err>
        </testcase>
        <testcase classname="tests/features/data-formulator/core/swarm/orchestrator.test.ts" name="runSwarm — analysis tier &gt; does not run the AI critic by default, keeping high-risk insights" time="0.0024389">
            <system-err>
[drizzle-storage] set failed for settings/data-navigator-settings [TypeError: Failed to parse URL from /api/settings/settings/data-navigator-settings] {
  [cause]: TypeError: Invalid URL
      at new URL (node:internal/url:819:25)
      at new URL (file:///D:/data-navigator/node_modules/.pnpm/vitest@4.1.8_@opentelemetry_e8045d3dd70c829c3e0cd5bcf0b71907/node_modules/vitest/dist/chunks/index.DC7d2Pf8.js:557:2)
      at new Request (node:internal/deps/undici/undici:11832:25)
      at fetch (node:internal/deps/undici/undici:12757:25)
      at fetch (node:internal/deps/undici/undici:17407:10)
      at fetch (node:internal/bootstrap/web/exposed-window-or-worker:83:12)
      at putAppSettingRemote (D:/data-navigator/src/platform/settings/settings-client.ts:99:26)
      at Object.setItem (D:/data-navigator/src/platform/storage/drizzle-storage.ts:145:12)
      at Object.setItem (file:///D:/data-navigator/node_modules/.pnpm/zustand@5.0.14_@types+react_162857702e0a6d9db9dbe61bddf43b4e/node_modules/zustand/esm/middleware.mjs:300:42)
      at setItem (file:///D:/data-navigator/node_modules/.pnpm/zustand@5.0.14_@types+react_162857702e0a6d9db9dbe61bddf43b4e/node_modules/zustand/esm/middleware.mjs:360:20) {
    code: &apos;ERR_INVALID_URL&apos;,
    input: &apos;/api/settings/settings/data-navigator-settings&apos;
  }
}

            </system-err>
        </testcase>
        <testcase classname="tests/features/data-formulator/core/swarm/orchestrator.test.ts" name="runSwarm — routing failure fallback &gt; falls back to the analysis tier when routeQuestion throws" time="0.0022462">
            <system-err>
[drizzle-storage] set failed for settings/data-navigator-settings [TypeError: Failed to parse URL from /api/settings/settings/data-navigator-settings] {
  [cause]: TypeError: Invalid URL
      at new URL (node:internal/url:819:25)
      at new URL (file:///D:/data-navigator/node_modules/.pnpm/vitest@4.1.8_@opentelemetry_e8045d3dd70c829c3e0cd5bcf0b71907/node_modules/vitest/dist/chunks/index.DC7d2Pf8.js:557:2)
      at new Request (node:internal/deps/undici/undici:11832:25)
      at fetch (node:internal/deps/undici/undici:12757:25)
      at fetch (node:internal/deps/undici/undici:17407:10)
      at fetch (node:internal/bootstrap/web/exposed-window-or-worker:83:12)
      at putAppSettingRemote (D:/data-navigator/src/platform/settings/settings-client.ts:99:26)
      at Object.setItem (D:/data-navigator/src/platform/storage/drizzle-storage.ts:145:12)
      at Object.setItem (file:///D:/data-navigator/node_modules/.pnpm/zustand@5.0.14_@types+react_162857702e0a6d9db9dbe61bddf43b4e/node_modules/zustand/esm/middleware.mjs:300:42)
      at setItem (file:///D:/data-navigator/node_modules/.pnpm/zustand@5.0.14_@types+react_162857702e0a6d9db9dbe61bddf43b4e/node_modules/zustand/esm/middleware.mjs:360:20) {
    code: &apos;ERR_INVALID_URL&apos;,
    input: &apos;/api/settings/settings/data-navigator-settings&apos;
  }
}

            </system-err>
        </testcase>
        <testcase classname="tests/features/data-formulator/core/swarm/orchestrator.test.ts" name="runSwarm — failure propagation &gt; marks the store failed and rethrows when an agent stage throws" time="0.002341">
            <system-err>
[drizzle-storage] set failed for settings/data-navigator-settings [TypeError: Failed to parse URL from /api/settings/settings/data-navigator-settings] {
  [cause]: TypeError: Invalid URL
      at new URL (node:internal/url:819:25)
      at new URL (file:///D:/data-navigator/node_modules/.pnpm/vitest@4.1.8_@opentelemetry_e8045d3dd70c829c3e0cd5bcf0b71907/node_modules/vitest/dist/chunks/index.DC7d2Pf8.js:557:2)
      at new Request (node:internal/deps/undici/undici:11832:25)
      at fetch (node:internal/deps/undici/undici:12757:25)
      at fetch (node:internal/deps/undici/undici:17407:10)
      at fetch (node:internal/bootstrap/web/exposed-window-or-worker:83:12)
      at putAppSettingRemote (D:/data-navigator/src/platform/settings/settings-client.ts:99:26)
      at Object.setItem (D:/data-navigator/src/platform/storage/drizzle-storage.ts:145:12)
      at Object.setItem (file:///D:/data-navigator/node_modules/.pnpm/zustand@5.0.14_@types+react_162857702e0a6d9db9dbe61bddf43b4e/node_modules/zustand/esm/middleware.mjs:300:42)
      at setItem (file:///D:/data-navigator/node_modules/.pnpm/zustand@5.0.14_@types+react_162857702e0a6d9db9dbe61bddf43b4e/node_modules/zustand/esm/middleware.mjs:360:20) {
    code: &apos;ERR_INVALID_URL&apos;,
    input: &apos;/api/settings/settings/data-navigator-settings&apos;
  }
}

            </system-err>
        </testcase>
        <testcase classname="tests/features/data-formulator/core/swarm/orchestrator.test.ts" name="runSwarm — failure propagation &gt; passes the verbatim prompt as userPrompt into the run context" time="0.0019609">
            <system-err>
[drizzle-storage] set failed for settings/data-navigator-settings [TypeError: Failed to parse URL from /api/settings/settings/data-navigator-settings] {
  [cause]: TypeError: Invalid URL
      at new URL (node:internal/url:819:25)
      at new URL (file:///D:/data-navigator/node_modules/.pnpm/vitest@4.1.8_@opentelemetry_e8045d3dd70c829c3e0cd5bcf0b71907/node_modules/vitest/dist/chunks/index.DC7d2Pf8.js:557:2)
      at new Request (node:internal/deps/undici/undici:11832:25)
      at fetch (node:internal/deps/undici/undici:12757:25)
      at fetch (node:internal/deps/undici/undici:17407:10)
      at fetch (node:internal/bootstrap/web/exposed-window-or-worker:83:12)
      at putAppSettingRemote (D:/data-navigator/src/platform/settings/settings-client.ts:99:26)
      at Object.setItem (D:/data-navigator/src/platform/storage/drizzle-storage.ts:145:12)
      at Object.setItem (file:///D:/data-navigator/node_modules/.pnpm/zustand@5.0.14_@types+react_162857702e0a6d9db9dbe61bddf43b4e/node_modules/zustand/esm/middleware.mjs:300:42)
      at setItem (file:///D:/data-navigator/node_modules/.pnpm/zustand@5.0.14_@types+react_162857702e0a6d9db9dbe61bddf43b4e/node_modules/zustand/esm/middleware.mjs:360:20) {
    code: &apos;ERR_INVALID_URL&apos;,
    input: &apos;/api/settings/settings/data-navigator-settings&apos;
  }
}

            </system-err>
        </testcase>
    </testsuite>
    <testsuite name="tests/features/data-formulator/core/swarm/response-cache.test.ts" timestamp="2026-06-25T18:28:26.172Z" hostname="Desktop" tests="24" failures="0" errors="0" skipped="0" time="0.036205">
        <testcase classname="tests/features/data-formulator/core/swarm/response-cache.test.ts" name="invalidateCachedAnswers &gt; clears the entire cache when called with no argument" time="0.005924">
        </testcase>
        <testcase classname="tests/features/data-formulator/core/swarm/response-cache.test.ts" name="invalidateCachedAnswers &gt; removes only entries for the specified datasetId" time="0.0018459">
        </testcase>
        <testcase classname="tests/features/data-formulator/core/swarm/response-cache.test.ts" name="invalidateCachedAnswers &gt; does not throw when called on an already-empty cache (with a datasetId)" time="0.0024583">
        </testcase>
        <testcase classname="tests/features/data-formulator/core/swarm/response-cache.test.ts" name="invalidateCachedAnswers &gt; does not throw when called on an already-empty cache (without a datasetId)" time="0.000779">
        </testcase>
        <testcase classname="tests/features/data-formulator/core/swarm/response-cache.test.ts" name="lookupCachedAnswer — exact-normalized fast path &gt; returns the cached result for an identical question on the same dataset" time="0.0011551">
        </testcase>
        <testcase classname="tests/features/data-formulator/core/swarm/response-cache.test.ts" name="lookupCachedAnswer — exact-normalized fast path &gt; matches after normalising whitespace and case differences" time="0.0007402">
        </testcase>
        <testcase classname="tests/features/data-formulator/core/swarm/response-cache.test.ts" name="lookupCachedAnswer — exact-normalized fast path &gt; returns null when the dataset fingerprint differs even on identical questions" time="0.0006331">
        </testcase>
        <testcase classname="tests/features/data-formulator/core/swarm/response-cache.test.ts" name="lookupCachedAnswer — exact-normalized fast path &gt; returns null when the row count changes (different fingerprint)" time="0.0006302">
        </testcase>
        <testcase classname="tests/features/data-formulator/core/swarm/response-cache.test.ts" name="lookupCachedAnswer — exact-normalized fast path &gt; returns null when a column is added (column list differs)" time="0.0006648">
        </testcase>
        <testcase classname="tests/features/data-formulator/core/swarm/response-cache.test.ts" name="lookupCachedAnswer — semantic (cosine) path &gt; returns a cached result when cosine similarity meets the threshold (&gt;= 0.92)" time="0.0008136">
        </testcase>
        <testcase classname="tests/features/data-formulator/core/swarm/response-cache.test.ts" name="lookupCachedAnswer — semantic (cosine) path &gt; returns null when cosine similarity is below the threshold (&lt; 0.92)" time="0.0005525">
        </testcase>
        <testcase classname="tests/features/data-formulator/core/swarm/response-cache.test.ts" name="lookupCachedAnswer — semantic (cosine) path &gt; picks the candidate with the highest cosine similarity (best-of-two)" time="0.0008097">
        </testcase>
        <testcase classname="tests/features/data-formulator/core/swarm/response-cache.test.ts" name="lookupCachedAnswer — semantic (cosine) path &gt; returns null when no candidates exist for the current fingerprint" time="0.0010504">
        </testcase>
        <testcase classname="tests/features/data-formulator/core/swarm/response-cache.test.ts" name="lookupCachedAnswer — semantic (cosine) path &gt; returns null (never throws) when embedRaw rejects during a semantic lookup" time="0.0009655">
        </testcase>
        <testcase classname="tests/features/data-formulator/core/swarm/response-cache.test.ts" name="storeCachedAnswer &gt; stores an entry that is retrievable by exact match on subsequent lookup" time="0.000712">
        </testcase>
        <testcase classname="tests/features/data-formulator/core/swarm/response-cache.test.ts" name="storeCachedAnswer &gt; does not throw (best-effort) when embedRaw rejects during store" time="0.0026943">
        </testcase>
        <testcase classname="tests/features/data-formulator/core/swarm/response-cache.test.ts" name="storeCachedAnswer &gt; converts the raw Float32Array vector to a plain number[] for the stored entry" time="0.0009453">
        </testcase>
        <testcase classname="tests/features/data-formulator/core/swarm/response-cache.test.ts" name="storeCachedAnswer &gt; evicts the oldest entry when the cache exceeds 50 entries (LRU shift)" time="0.0011919">
        </testcase>
        <testcase classname="tests/features/data-formulator/core/swarm/response-cache.test.ts" name="storeCachedAnswer &gt; keeps the cache length at or below 50 after many stores" time="0.0013744">
        </testcase>
        <testcase classname="tests/features/data-formulator/core/swarm/response-cache.test.ts" name="fingerprint — dataset identity &gt; produces the same hit regardless of column order in the context" time="0.0005519">
        </testcase>
        <testcase classname="tests/features/data-formulator/core/swarm/response-cache.test.ts" name="cosine — zero-vector guard &gt; returns null (not an error) when embedRaw returns a zero vector for the lookup" time="0.0004279">
        </testcase>
        <testcase classname="tests/features/data-formulator/core/swarm/response-cache.test.ts" name="integration: full lifecycle &gt; store → exact lookup → invalidate by id → miss" time="0.0005305">
        </testcase>
        <testcase classname="tests/features/data-formulator/core/swarm/response-cache.test.ts" name="integration: full lifecycle &gt; store → invalidate all → store again → lookup succeeds" time="0.0005243">
        </testcase>
        <testcase classname="tests/features/data-formulator/core/swarm/response-cache.test.ts" name="integration: full lifecycle &gt; two different datasets can coexist in the cache independently" time="0.0004862">
        </testcase>
    </testsuite>
    <testsuite name="tests/features/data-formulator/core/swarm/router.test.ts" timestamp="2026-06-25T18:28:26.175Z" hostname="Desktop" tests="12" failures="0" errors="0" skipped="0" time="0.2355104">
        <testcase classname="tests/features/data-formulator/core/swarm/router.test.ts" name="classifyTier &gt; classifies a strong navigation query as navigate with the matched route index" time="0.1174853">
        </testcase>
        <testcase classname="tests/features/data-formulator/core/swarm/router.test.ts" name="classifyTier &gt; classifies a data question that aligns to lookup as lookup" time="0.0073349">
        </testcase>
        <testcase classname="tests/features/data-formulator/core/swarm/router.test.ts" name="classifyTier &gt; classifies a causal question that aligns to analysis as analysis" time="0.0046005">
        </testcase>
        <testcase classname="tests/features/data-formulator/core/swarm/router.test.ts" name="classifyTier &gt; escalates to analysis when navigation similarity is below the 0.5 threshold" time="0.0073108">
        </testcase>
        <testcase classname="tests/features/data-formulator/core/swarm/router.test.ts" name="classifyTier &gt; prefers lookup over analysis when lookup similarity is strictly higher" time="0.0077161">
        </testcase>
        <testcase classname="tests/features/data-formulator/core/swarm/router.test.ts" name="classifyTier &gt; falls back to analysis on a lookup/analysis tie (analysis is the safe default)" time="0.0040939">
        </testcase>
        <testcase classname="tests/features/data-formulator/core/swarm/router.test.ts" name="classifyTier &gt; only embeds the exemplar corpora once across repeated classifications (warm cache)" time="0.0074326">
        </testcase>
        <testcase classname="tests/features/data-formulator/core/swarm/router.test.ts" name="routeQuestion &gt; resolves the destination route object for a navigate classification" time="0.0122136">
        </testcase>
        <testcase classname="tests/features/data-formulator/core/swarm/router.test.ts" name="routeQuestion &gt; returns a lookup tier with no route for a lookup classification" time="0.0184688">
        </testcase>
        <testcase classname="tests/features/data-formulator/core/swarm/router.test.ts" name="routeQuestion &gt; returns an analysis tier for an analysis classification" time="0.0153452">
        </testcase>
        <testcase classname="tests/features/data-formulator/core/swarm/router.test.ts" name="routeQuestion &gt; routes a below-threshold prompt to analysis (never auto-navigates on weak match)" time="0.0099567">
        </testcase>
        <testcase classname="tests/features/data-formulator/core/swarm/router.test.ts" name="warmRouter &gt; precomputes all three exemplar corpora exactly once and is idempotent" time="0.0046321">
        </testcase>
    </testsuite>
    <testsuite name="tests/features/data-formulator/core/swarm/scheduler.test.ts" timestamp="2026-06-25T18:28:26.177Z" hostname="Desktop" tests="25" failures="0" errors="0" skipped="0" time="0.3454653">
        <testcase classname="tests/features/data-formulator/core/swarm/scheduler.test.ts" name="InferenceScheduler.provider / isReady &gt; resolves and caches the provider, calling pickDefaultProvider once" time="0.0338367">
        </testcase>
        <testcase classname="tests/features/data-formulator/core/swarm/scheduler.test.ts" name="InferenceScheduler.provider / isReady &gt; passes the preferProvider option through to pickDefaultProvider" time="0.0093434">
        </testcase>
        <testcase classname="tests/features/data-formulator/core/swarm/scheduler.test.ts" name="InferenceScheduler.provider / isReady &gt; throws AIUnavailableError when the provider reports it is not available" time="0.0070624">
        </testcase>
        <testcase classname="tests/features/data-formulator/core/swarm/scheduler.test.ts" name="InferenceScheduler.provider / isReady &gt; isReady returns true when a provider is available" time="0.0029333">
        </testcase>
        <testcase classname="tests/features/data-formulator/core/swarm/scheduler.test.ts" name="InferenceScheduler.provider / isReady &gt; isReady returns false (never throws) when no provider is available" time="0.000994">
        </testcase>
        <testcase classname="tests/features/data-formulator/core/swarm/scheduler.test.ts" name="InferenceScheduler.provider / isReady &gt; isReady returns false when provider selection itself rejects" time="0.0027537">
        </testcase>
        <testcase classname="tests/features/data-formulator/core/swarm/scheduler.test.ts" name="InferenceScheduler.generate (serialized LLM lane) &gt; returns the provider&apos;s text and binds the run abort signal" time="0.0025325">
        </testcase>
        <testcase classname="tests/features/data-formulator/core/swarm/scheduler.test.ts" name="InferenceScheduler.generate (serialized LLM lane) &gt; runs LLM calls one-at-a-time in arrival order (concurrency 1)" time="0.0042826">
        </testcase>
        <testcase classname="tests/features/data-formulator/core/swarm/scheduler.test.ts" name="InferenceScheduler.generate (serialized LLM lane) &gt; accumulates llmCalls and non-negative llmMs stats" time="0.0018286">
        </testcase>
        <testcase classname="tests/features/data-formulator/core/swarm/scheduler.test.ts" name="InferenceScheduler.generate (serialized LLM lane) &gt; counts the LLM call even when generation rejects" time="0.0291245">
        </testcase>
        <testcase classname="tests/features/data-formulator/core/swarm/scheduler.test.ts" name="InferenceScheduler.generateStructured (retry resilience) &gt; returns the parsed object on first success without retrying" time="0.0086327">
        </testcase>
        <testcase classname="tests/features/data-formulator/core/swarm/scheduler.test.ts" name="InferenceScheduler.generateStructured (retry resilience) &gt; retries transient invalid output up to 3 attempts then succeeds" time="0.0052474">
        </testcase>
        <testcase classname="tests/features/data-formulator/core/swarm/scheduler.test.ts" name="InferenceScheduler.generateStructured (retry resilience) &gt; throws the last error after exhausting all 3 attempts" time="0.0094991">
        </testcase>
        <testcase classname="tests/features/data-formulator/core/swarm/scheduler.test.ts" name="InferenceScheduler.generateStructured (retry resilience) &gt; still increments llmCalls exactly once per structured request despite retries" time="0.0164575">
        </testcase>
        <testcase classname="tests/features/data-formulator/core/swarm/scheduler.test.ts" name="InferenceScheduler.generateStructured (retry resilience) &gt; stops retrying immediately once the run is aborted" time="0.0355069">
        </testcase>
        <testcase classname="tests/features/data-formulator/core/swarm/scheduler.test.ts" name="InferenceScheduler.generateStructured (retry resilience) &gt; throws &apos;Run aborted.&apos; without calling the provider when pre-aborted" time="0.0024075">
        </testcase>
        <testcase classname="tests/features/data-formulator/core/swarm/scheduler.test.ts" name="InferenceScheduler abort signal &gt; exposes a non-aborted signal initially and aborts it on cancel" time="0.0037724">
        </testcase>
        <testcase classname="tests/features/data-formulator/core/swarm/scheduler.test.ts" name="InferenceScheduler IO lane &gt; runs an IO task and counts it in stats" time="0.0013746">
        </testcase>
        <testcase classname="tests/features/data-formulator/core/swarm/scheduler.test.ts" name="InferenceScheduler IO lane &gt; counts an IO task even when its factory rejects" time="0.0074857">
        </testcase>
        <testcase classname="tests/features/data-formulator/core/swarm/scheduler.test.ts" name="InferenceScheduler IO lane &gt; respects ioConcurrency, capping simultaneous in-flight IO tasks" time="0.0357974">
        </testcase>
        <testcase classname="tests/features/data-formulator/core/swarm/scheduler.test.ts" name="InferenceScheduler IO lane &gt; clamps a zero/negative ioConcurrency up to at least 1" time="0.0426105">
        </testcase>
        <testcase classname="tests/features/data-formulator/core/swarm/scheduler.test.ts" name="InferenceScheduler IO lane &gt; ioMap preserves input order even when later tasks resolve first" time="0.0012847">
        </testcase>
        <testcase classname="tests/features/data-formulator/core/swarm/scheduler.test.ts" name="InferenceScheduler IO lane &gt; ioMap returns an empty array for empty input without running tasks" time="0.0375343">
        </testcase>
        <testcase classname="tests/features/data-formulator/core/swarm/scheduler.test.ts" name="InferenceScheduler.ensureReady &gt; delegates to the provider and forwards progress + abort signal" time="0.0027872">
        </testcase>
        <testcase classname="tests/features/data-formulator/core/swarm/scheduler.test.ts" name="InferenceScheduler.ensureReady &gt; supplies a default progress message when the provider omits one" time="0.011445">
        </testcase>
    </testsuite>
    <testsuite name="tests/features/data-formulator/core/voice/voice-model-cache.test.ts" timestamp="2026-06-25T18:28:26.180Z" hostname="Desktop" tests="66" failures="0" errors="0" skipped="0" time="0.1674762">
        <testcase classname="tests/features/data-formulator/core/voice/voice-model-cache.test.ts" name="loadVoiceModelCacheSnapshot &gt; returns an empty snapshot when localStorage has nothing" time="0.0067033">
        </testcase>
        <testcase classname="tests/features/data-formulator/core/voice/voice-model-cache.test.ts" name="loadVoiceModelCacheSnapshot &gt; parses and returns a valid stored snapshot" time="0.003518">
        </testcase>
        <testcase classname="tests/features/data-formulator/core/voice/voice-model-cache.test.ts" name="loadVoiceModelCacheSnapshot &gt; resets to empty snapshot when stored version is stale" time="0.0008759">
        </testcase>
        <testcase classname="tests/features/data-formulator/core/voice/voice-model-cache.test.ts" name="loadVoiceModelCacheSnapshot &gt; returns empty snapshot when localStorage contains invalid JSON" time="0.0008547">
        </testcase>
        <testcase classname="tests/features/data-formulator/core/voice/voice-model-cache.test.ts" name="loadVoiceModelCacheSnapshot &gt; tolerates a stored snapshot with null assets / models fields" time="0.000937">
        </testcase>
        <testcase classname="tests/features/data-formulator/core/voice/voice-model-cache.test.ts" name="saveVoiceModelCacheSnapshot &gt; persists the snapshot to localStorage and fires a custom event" time="0.0044003">
        </testcase>
        <testcase classname="tests/features/data-formulator/core/voice/voice-model-cache.test.ts" name="saveVoiceModelCacheSnapshot &gt; stamps a fresh updatedAt timestamp on save" time="0.0009639">
        </testcase>
        <testcase classname="tests/features/data-formulator/core/voice/voice-model-cache.test.ts" name="saveVoiceModelCacheSnapshot &gt; always stamps version 1 on the stored record" time="0.0008575">
        </testcase>
        <testcase classname="tests/features/data-formulator/core/voice/voice-model-cache.test.ts" name="clearVoiceModelCacheSnapshot &gt; removes the key from localStorage" time="0.0013356">
        </testcase>
        <testcase classname="tests/features/data-formulator/core/voice/voice-model-cache.test.ts" name="clearVoiceModelCacheSnapshot &gt; dispatches the change event after clearing" time="0.0009713">
        </testcase>
        <testcase classname="tests/features/data-formulator/core/voice/voice-model-cache.test.ts" name="clearVoiceModelCacheSnapshot &gt; returns an empty snapshot object" time="0.0008536">
        </testcase>
        <testcase classname="tests/features/data-formulator/core/voice/voice-model-cache.test.ts" name="markVoiceModelReady &gt; writes a ready=true record for the given model" time="0.0011905">
        </testcase>
        <testcase classname="tests/features/data-formulator/core/voice/voice-model-cache.test.ts" name="markVoiceModelReady &gt; persists the record into localStorage" time="0.001165">
        </testcase>
        <testcase classname="tests/features/data-formulator/core/voice/voice-model-cache.test.ts" name="markVoiceModelReady &gt; respects patch overrides for source and state" time="0.0009474">
        </testcase>
        <testcase classname="tests/features/data-formulator/core/voice/voice-model-cache.test.ts" name="markVoiceModelReady &gt; carries sizeHintMb from the model definition" time="0.0007021">
        </testcase>
        <testcase classname="tests/features/data-formulator/core/voice/voice-model-cache.test.ts" name="markVoiceModelMissing &gt; writes a ready=false, state=missing record when no error is given" time="0.0009195">
        </testcase>
        <testcase classname="tests/features/data-formulator/core/voice/voice-model-cache.test.ts" name="markVoiceModelMissing &gt; writes a ready=false, state=error record when an error string is given" time="0.0007883">
        </testcase>
        <testcase classname="tests/features/data-formulator/core/voice/voice-model-cache.test.ts" name="markVoiceModelMissing &gt; persists the record into localStorage" time="0.000747">
        </testcase>
        <testcase classname="tests/features/data-formulator/core/voice/voice-model-cache.test.ts" name="getCachedModelRecord &gt; returns null when no record exists for the model" time="0.000675">
        </testcase>
        <testcase classname="tests/features/data-formulator/core/voice/voice-model-cache.test.ts" name="getCachedModelRecord &gt; returns the stored record when one exists" time="0.0008871">
        </testcase>
        <testcase classname="tests/features/data-formulator/core/voice/voice-model-cache.test.ts" name="checkVoiceAsset &gt; returns ready=true when HEAD request succeeds" time="0.0031011">
        </testcase>
        <testcase classname="tests/features/data-formulator/core/voice/voice-model-cache.test.ts" name="checkVoiceAsset &gt; falls back to GET when HEAD returns a non-ok status, and returns ready=true if GET succeeds" time="0.0015138">
        </testcase>
        <testcase classname="tests/features/data-formulator/core/voice/voice-model-cache.test.ts" name="checkVoiceAsset &gt; returns ready=false with an HTTP error message when both HEAD and GET fail" time="0.0017804">
        </testcase>
        <testcase classname="tests/features/data-formulator/core/voice/voice-model-cache.test.ts" name="checkVoiceAsset &gt; returns ready=false with the thrown error message when fetch throws" time="0.0015724">
        </testcase>
        <testcase classname="tests/features/data-formulator/core/voice/voice-model-cache.test.ts" name="checkVoiceAsset &gt; returns state=missing when HEAD is non-ok and no error message is set" time="0.0015442">
        </testcase>
        <testcase classname="tests/features/data-formulator/core/voice/voice-model-cache.test.ts" name="checkVoiceAssets &gt; returns one record per readiness item" time="0.0161493">
        </testcase>
        <testcase classname="tests/features/data-formulator/core/voice/voice-model-cache.test.ts" name="checkVoiceAssets &gt; returns a mix of ready and not-ready records when some assets fail" time="0.0010978">
        </testcase>
        <testcase classname="tests/features/data-formulator/core/voice/voice-model-cache.test.ts" name="checkVoiceModelCache &gt; immediately returns ready=true for engine=off models" time="0.0016833">
        </testcase>
        <testcase classname="tests/features/data-formulator/core/voice/voice-model-cache.test.ts" name="checkVoiceModelCache &gt; checks local assets for source=local-assets models with required assets" time="0.0017776">
        </testcase>
        <testcase classname="tests/features/data-formulator/core/voice/voice-model-cache.test.ts" name="checkVoiceModelCache &gt; returns ready=false and joins asset errors when required local assets are missing" time="0.0011799">
        </testcase>
        <testcase classname="tests/features/data-formulator/core/voice/voice-model-cache.test.ts" name="checkVoiceModelCache &gt; returns the existing localStorage record when it is ready (skips asset check)" time="0.0012006">
        </testcase>
        <testcase classname="tests/features/data-formulator/core/voice/voice-model-cache.test.ts" name="checkVoiceModelCache &gt; falls through to Cache Storage inspection when inspectCacheStorage=true and no ready record" time="0.0016954">
        </testcase>
        <testcase classname="tests/features/data-formulator/core/voice/voice-model-cache.test.ts" name="checkVoiceModelCache &gt; returns source=unknown, state=unknown when no record and inspectCacheStorage=false" time="0.0010241">
        </testcase>
        <testcase classname="tests/features/data-formulator/core/voice/voice-model-cache.test.ts" name="checkVoiceModelCache &gt; returns cache-storage source with no match when nothing is found in Cache Storage" time="0.0014497">
        </testcase>
        <testcase classname="tests/features/data-formulator/core/voice/voice-model-cache.test.ts" name="checkVoiceModelCache &gt; returns error record when Cache Storage throws" time="0.001247">
        </testcase>
        <testcase classname="tests/features/data-formulator/core/voice/voice-model-cache.test.ts" name="checkVoiceModelCache &gt; stops cache inspection after the CACHE_INSPECTION_LIMIT and returns an error" time="0.004365">
        </testcase>
        <testcase classname="tests/features/data-formulator/core/voice/voice-model-cache.test.ts" name="refreshVoiceModelCache &gt; returns a VoiceOfflineReadinessReport after running all checks" time="0.004466">
        </testcase>
        <testcase classname="tests/features/data-formulator/core/voice/voice-model-cache.test.ts" name="refreshVoiceModelCache &gt; persists the refreshed snapshot to localStorage" time="0.0016482">
        </testcase>
        <testcase classname="tests/features/data-formulator/core/voice/voice-model-cache.test.ts" name="refreshVoiceModelCache &gt; checks all models when includeAllModels=true" time="0.0014269">
        </testcase>
        <testcase classname="tests/features/data-formulator/core/voice/voice-model-cache.test.ts" name="refreshVoiceModelCache &gt; checks only the selected three models by default" time="0.0012671">
        </testcase>
        <testcase classname="tests/features/data-formulator/core/voice/voice-model-cache.test.ts" name="refreshVoiceModelCache &gt; respects custom engine options" time="0.002003">
        </testcase>
        <testcase classname="tests/features/data-formulator/core/voice/voice-model-cache.test.ts" name="createVoiceOfflineReadinessReport &gt; returns score=100 and ready=true for an all-ready snapshot" time="0.0015059">
        </testcase>
        <testcase classname="tests/features/data-formulator/core/voice/voice-model-cache.test.ts" name="createVoiceOfflineReadinessReport &gt; returns ready=false when a required asset is missing" time="0.0011883">
        </testcase>
        <testcase classname="tests/features/data-formulator/core/voice/voice-model-cache.test.ts" name="createVoiceOfflineReadinessReport &gt; populates missingRecommendedModels for non-ready model records" time="0.0268926">
        </testcase>
        <testcase classname="tests/features/data-formulator/core/voice/voice-model-cache.test.ts" name="createVoiceOfflineReadinessReport &gt; fills summary counts correctly" time="0.0077443">
        </testcase>
        <testcase classname="tests/features/data-formulator/core/voice/voice-model-cache.test.ts" name="createVoiceOfflineReadinessReport &gt; uses the snapshot from localStorage when called with no argument" time="0.0027332">
        </testcase>
        <testcase classname="tests/features/data-formulator/core/voice/voice-model-cache.test.ts" name="getVoiceOfflineReadinessReport &gt; delegates to createVoiceOfflineReadinessReport over the stored snapshot" time="0.0028333">
        </testcase>
        <testcase classname="tests/features/data-formulator/core/voice/voice-model-cache.test.ts" name="isVoiceStackReady &gt; returns false when no required assets are checked (all missing)" time="0.0014229">
        </testcase>
        <testcase classname="tests/features/data-formulator/core/voice/voice-model-cache.test.ts" name="isVoiceStackReady &gt; returns true when all required assets are ready" time="0.0022278">
        </testcase>
        <testcase classname="tests/features/data-formulator/core/voice/voice-model-cache.test.ts" name="getMissingRequiredVoiceAssets &gt; returns an empty array when no required assets are missing" time="0.0012145">
        </testcase>
        <testcase classname="tests/features/data-formulator/core/voice/voice-model-cache.test.ts" name="getMissingRequiredVoiceAssets &gt; returns the missing required assets" time="0.0013282">
        </testcase>
        <testcase classname="tests/features/data-formulator/core/voice/voice-model-cache.test.ts" name="markVoiceModelDownloadStarted &gt; stores a checking record with source=remote" time="0.0020737">
        </testcase>
        <testcase classname="tests/features/data-formulator/core/voice/voice-model-cache.test.ts" name="markVoiceModelDownloadStarted &gt; persists the record to localStorage" time="0.006599">
        </testcase>
        <testcase classname="tests/features/data-formulator/core/voice/voice-model-cache.test.ts" name="markVoiceModelLoaded &gt; marks a model ready with source=browser-cache by default" time="0.0018813">
        </testcase>
        <testcase classname="tests/features/data-formulator/core/voice/voice-model-cache.test.ts" name="markVoiceModelLoaded &gt; accepts patch override for source" time="0.0011404">
        </testcase>
        <testcase classname="tests/features/data-formulator/core/voice/voice-model-cache.test.ts" name="markVoiceModelLoaded &gt; passes cacheName and matchedRequestUrl through to the record" time="0.0010602">
        </testcase>
        <testcase classname="tests/features/data-formulator/core/voice/voice-model-cache.test.ts" name="markVoiceModelLoadFailed &gt; marks the model missing with the error message string" time="0.0012392">
        </testcase>
        <testcase classname="tests/features/data-formulator/core/voice/voice-model-cache.test.ts" name="markVoiceModelLoadFailed &gt; converts non-Error error values to strings" time="0.0010232">
        </testcase>
        <testcase classname="tests/features/data-formulator/core/voice/voice-model-cache.test.ts" name="markVoiceModelLoadFailed &gt; converts numeric errors to strings" time="0.0012508">
        </testcase>
        <testcase classname="tests/features/data-formulator/core/voice/voice-model-cache.test.ts" name="getSelectedVoiceModelRecords &gt; returns null for all three when the snapshot has no model records" time="0.0015016">
        </testcase>
        <testcase classname="tests/features/data-formulator/core/voice/voice-model-cache.test.ts" name="getSelectedVoiceModelRecords &gt; returns the persisted record for a model that has been marked ready" time="0.0013381">
        </testcase>
        <testcase classname="tests/features/data-formulator/core/voice/voice-model-cache.test.ts" name="getVoiceModelCacheBadge &gt; returns tone=success when score&gt;=90 and ready=true" time="0.0014168">
        </testcase>
        <testcase classname="tests/features/data-formulator/core/voice/voice-model-cache.test.ts" name="getVoiceModelCacheBadge &gt; returns tone=warning when ready=true but score&lt;90" time="0.0012571">
        </testcase>
        <testcase classname="tests/features/data-formulator/core/voice/voice-model-cache.test.ts" name="getVoiceModelCacheBadge &gt; returns tone=danger when required assets are missing" time="0.0012289">
        </testcase>
        <testcase classname="tests/features/data-formulator/core/voice/voice-model-cache.test.ts" name="getVoiceModelCacheBadge &gt; returns tone=neutral when not ready and no required assets are missing (but some models are not ready)" time="0.0010017">
        </testcase>
        <testcase classname="tests/features/data-formulator/core/voice/voice-model-cache.test.ts" name="cache storage inspection edge cases &gt; returns an error result when Cache Storage API throws unexpectedly" time="0.0015191">
        </testcase>
    </testsuite>
    <testsuite name="tests/features/data-formulator/core/voice/voice-model-registry.test.ts" timestamp="2026-06-25T18:28:26.187Z" hostname="Desktop" tests="150" failures="0" errors="0" skipped="0" time="0.3530039">
        <testcase classname="tests/features/data-formulator/core/voice/voice-model-registry.test.ts" name="VOICE_PUBLIC_PATHS &gt; exposes the correct vad base path" time="0.0042517">
        </testcase>
        <testcase classname="tests/features/data-formulator/core/voice/voice-model-registry.test.ts" name="VOICE_PUBLIC_PATHS &gt; exposes sttModels under /models/stt" time="0.0005757">
        </testcase>
        <testcase classname="tests/features/data-formulator/core/voice/voice-model-registry.test.ts" name="VOICE_PUBLIC_PATHS &gt; exposes piperModels under /models/piper" time="0.0004502">
        </testcase>
        <testcase classname="tests/features/data-formulator/core/voice/voice-model-registry.test.ts" name="VOICE_PUBLIC_PATHS &gt; exposes onnxRuntime under /models/onnx-runtime" time="0.0003889">
        </testcase>
        <testcase classname="tests/features/data-formulator/core/voice/voice-model-registry.test.ts" name="VOICE_REGISTRY_DEFAULTS &gt; defaults vadEngine to silero-v5" time="0.0004273">
        </testcase>
        <testcase classname="tests/features/data-formulator/core/voice/voice-model-registry.test.ts" name="VOICE_REGISTRY_DEFAULTS &gt; defaults sttEngine to whisper-tiny" time="0.0003121">
        </testcase>
        <testcase classname="tests/features/data-formulator/core/voice/voice-model-registry.test.ts" name="VOICE_REGISTRY_DEFAULTS &gt; defaults ttsEngine to kokoro" time="0.0002749">
        </testcase>
        <testcase classname="tests/features/data-formulator/core/voice/voice-model-registry.test.ts" name="VOICE_REGISTRY_DEFAULTS &gt; defaults runtime to auto" time="0.0002848">
        </testcase>
        <testcase classname="tests/features/data-formulator/core/voice/voice-model-registry.test.ts" name="VOICE_REGISTRY_DEFAULTS &gt; defaults languageHint to auto" time="0.0003196">
        </testcase>
        <testcase classname="tests/features/data-formulator/core/voice/voice-model-registry.test.ts" name="VOICE_REGISTRY_DEFAULTS &gt; defaults speakMode to summary" time="0.000263">
        </testcase>
        <testcase classname="tests/features/data-formulator/core/voice/voice-model-registry.test.ts" name="VOICE_REGISTRY_DEFAULTS &gt; defaults ttsVoice to af_sky" time="0.0005902">
        </testcase>
        <testcase classname="tests/features/data-formulator/core/voice/voice-model-registry.test.ts" name="VOICE_REGISTRY_DEFAULTS &gt; defaults ttsSpeed to 1" time="0.0002903">
        </testcase>
        <testcase classname="tests/features/data-formulator/core/voice/voice-model-registry.test.ts" name="VOICE_RUNTIMES &gt; has entries for auto, webgpu, and wasm" time="0.0017354">
        </testcase>
        <testcase classname="tests/features/data-formulator/core/voice/voice-model-registry.test.ts" name="VOICE_RUNTIMES &gt; auto runtime has id=auto and tries WebGPU first" time="0.0007064">
        </testcase>
        <testcase classname="tests/features/data-formulator/core/voice/voice-model-registry.test.ts" name="VOICE_RUNTIMES &gt; webgpu runtime has id=webgpu" time="0.0003592">
        </testcase>
        <testcase classname="tests/features/data-formulator/core/voice/voice-model-registry.test.ts" name="VOICE_RUNTIMES &gt; wasm runtime has id=wasm" time="0.0003365">
        </testcase>
        <testcase classname="tests/features/data-formulator/core/voice/voice-model-registry.test.ts" name="VAD_MODELS &gt; has a silero-v5 entry" time="0.000341">
        </testcase>
        <testcase classname="tests/features/data-formulator/core/voice/voice-model-registry.test.ts" name="VAD_MODELS &gt; silero-v5 has kind=vad and status=ready" time="0.0003332">
        </testcase>
        <testcase classname="tests/features/data-formulator/core/voice/voice-model-registry.test.ts" name="VAD_MODELS &gt; silero-v5 baseAssetPath starts with /vad/" time="0.000287">
        </testcase>
        <testcase classname="tests/features/data-formulator/core/voice/voice-model-registry.test.ts" name="VAD_MODELS &gt; silero-v5 has 5 assets" time="0.0023327">
        </testcase>
        <testcase classname="tests/features/data-formulator/core/voice/voice-model-registry.test.ts" name="VAD_MODELS &gt; silero-v5 required assets are the onnx model and worklet bundle" time="0.0006369">
        </testcase>
        <testcase classname="tests/features/data-formulator/core/voice/voice-model-registry.test.ts" name="VAD_MODELS &gt; silero-v5 public paths are rooted under /vad" time="0.0007253">
        </testcase>
        <testcase classname="tests/features/data-formulator/core/voice/voice-model-registry.test.ts" name="VAD_MODELS &gt; silero-v5 sample rate is 16000" time="0.0003389">
        </testcase>
        <testcase classname="tests/features/data-formulator/core/voice/voice-model-registry.test.ts" name="VAD_MODELS &gt; silero-v5 recommendedRuntime is wasm" time="0.0002622">
        </testcase>
        <testcase classname="tests/features/data-formulator/core/voice/voice-model-registry.test.ts" name="STT_MODELS &gt; contains whisper-tiny, whisper-base, whisper-small, and moonshine" time="0.0003365">
        </testcase>
        <testcase classname="tests/features/data-formulator/core/voice/voice-model-registry.test.ts" name="STT_MODELS &gt; whisper-tiny has status=ready" time="0.0002059">
        </testcase>
        <testcase classname="tests/features/data-formulator/core/voice/voice-model-registry.test.ts" name="STT_MODELS &gt; whisper-base has status=experimental" time="0.0001903">
        </testcase>
        <testcase classname="tests/features/data-formulator/core/voice/voice-model-registry.test.ts" name="STT_MODELS &gt; whisper-small has status=experimental and recommendedRuntime=webgpu" time="0.0002219">
        </testcase>
        <testcase classname="tests/features/data-formulator/core/voice/voice-model-registry.test.ts" name="STT_MODELS &gt; moonshine has status=planned" time="0.00035">
        </testcase>
        <testcase classname="tests/features/data-formulator/core/voice/voice-model-registry.test.ts" name="STT_MODELS &gt; whisper-tiny sizeHintMb is 75" time="0.0002543">
        </testcase>
        <testcase classname="tests/features/data-formulator/core/voice/voice-model-registry.test.ts" name="STT_MODELS &gt; whisper-base sizeHintMb is 145" time="0.0002202">
        </testcase>
        <testcase classname="tests/features/data-formulator/core/voice/voice-model-registry.test.ts" name="STT_MODELS &gt; whisper-small sizeHintMb is 480" time="0.0001965">
        </testcase>
        <testcase classname="tests/features/data-formulator/core/voice/voice-model-registry.test.ts" name="STT_MODELS &gt; all STT models have kind=stt" time="0.0010216">
        </testcase>
        <testcase classname="tests/features/data-formulator/core/voice/voice-model-registry.test.ts" name="STT_MODELS &gt; all STT models have sampleRate=16000" time="0.0005607">
        </testcase>
        <testcase classname="tests/features/data-formulator/core/voice/voice-model-registry.test.ts" name="TTS_MODELS &gt; contains off, kokoro, and piper" time="0.0004079">
        </testcase>
        <testcase classname="tests/features/data-formulator/core/voice/voice-model-registry.test.ts" name="TTS_MODELS &gt; tts:off has status=ready and kind=tts" time="0.0007686">
        </testcase>
        <testcase classname="tests/features/data-formulator/core/voice/voice-model-registry.test.ts" name="TTS_MODELS &gt; kokoro has status=experimental" time="0.0004879">
        </testcase>
        <testcase classname="tests/features/data-formulator/core/voice/voice-model-registry.test.ts" name="TTS_MODELS &gt; piper has status=planned" time="0.0027771">
        </testcase>
        <testcase classname="tests/features/data-formulator/core/voice/voice-model-registry.test.ts" name="TTS_MODELS &gt; piper has 2 assets with publicPaths rooted under /models/piper" time="0.0018123">
        </testcase>
        <testcase classname="tests/features/data-formulator/core/voice/voice-model-registry.test.ts" name="TTS_MODELS &gt; kokoro sizeHintMb is 320" time="0.0007429">
        </testcase>
        <testcase classname="tests/features/data-formulator/core/voice/voice-model-registry.test.ts" name="KOKORO_VOICES &gt; has 4 voices" time="0.001221">
        </testcase>
        <testcase classname="tests/features/data-formulator/core/voice/voice-model-registry.test.ts" name="KOKORO_VOICES &gt; af_sky and af_heart are recommended" time="0.0005944">
        </testcase>
        <testcase classname="tests/features/data-formulator/core/voice/voice-model-registry.test.ts" name="KOKORO_VOICES &gt; am_adam and am_michael are not recommended" time="0.0003887">
        </testcase>
        <testcase classname="tests/features/data-formulator/core/voice/voice-model-registry.test.ts" name="KOKORO_VOICES &gt; all voices have language=en" time="0.0003921">
        </testcase>
        <testcase classname="tests/features/data-formulator/core/voice/voice-model-registry.test.ts" name="KOKORO_VOICES &gt; sky and heart are female; adam and michael are male" time="0.0004642">
        </testcase>
        <testcase classname="tests/features/data-formulator/core/voice/voice-model-registry.test.ts" name="VOICE_OFFLINE_READINESS_ITEMS &gt; includes items derived from VAD silero-v5 assets" time="0.0005488">
        </testcase>
        <testcase classname="tests/features/data-formulator/core/voice/voice-model-registry.test.ts" name="VOICE_OFFLINE_READINESS_ITEMS &gt; includes items derived from piper TTS assets" time="0.0005393">
        </testcase>
        <testcase classname="tests/features/data-formulator/core/voice/voice-model-registry.test.ts" name="VOICE_OFFLINE_READINESS_ITEMS &gt; VAD items have keys prefixed with vad:" time="0.0011861">
        </testcase>
        <testcase classname="tests/features/data-formulator/core/voice/voice-model-registry.test.ts" name="VOICE_OFFLINE_READINESS_ITEMS &gt; TTS items have keys prefixed with piper:" time="0.0015177">
        </testcase>
        <testcase classname="tests/features/data-formulator/core/voice/voice-model-registry.test.ts" name="VOICE_OFFLINE_READINESS_ITEMS &gt; VAD items inherit the required flag from their source asset" time="0.0013851">
        </testcase>
        <testcase classname="tests/features/data-formulator/core/voice/voice-model-registry.test.ts" name="VOICE_OFFLINE_READINESS_ITEMS &gt; TTS piper items are all required=false" time="0.0167628">
        </testcase>
        <testcase classname="tests/features/data-formulator/core/voice/voice-model-registry.test.ts" name="getVadModel &gt; returns the silero-v5 definition for &apos;silero-v5&apos;" time="0.0009642">
        </testcase>
        <testcase classname="tests/features/data-formulator/core/voice/voice-model-registry.test.ts" name="getSttModel &gt; returns whisper-tiny model" time="0.0010112">
        </testcase>
        <testcase classname="tests/features/data-formulator/core/voice/voice-model-registry.test.ts" name="getSttModel &gt; returns whisper-base model" time="0.0005421">
        </testcase>
        <testcase classname="tests/features/data-formulator/core/voice/voice-model-registry.test.ts" name="getSttModel &gt; returns whisper-small model" time="0.0002894">
        </testcase>
        <testcase classname="tests/features/data-formulator/core/voice/voice-model-registry.test.ts" name="getSttModel &gt; returns moonshine model" time="0.0002676">
        </testcase>
        <testcase classname="tests/features/data-formulator/core/voice/voice-model-registry.test.ts" name="getTtsModel &gt; returns the off model" time="0.0003271">
        </testcase>
        <testcase classname="tests/features/data-formulator/core/voice/voice-model-registry.test.ts" name="getTtsModel &gt; returns the kokoro model" time="0.0002932">
        </testcase>
        <testcase classname="tests/features/data-formulator/core/voice/voice-model-registry.test.ts" name="getTtsModel &gt; returns the piper model" time="0.0009106">
        </testcase>
        <testcase classname="tests/features/data-formulator/core/voice/voice-model-registry.test.ts" name="getVoiceModel &gt; routes kind=vad to VAD_MODELS" time="0.0037213">
        </testcase>
        <testcase classname="tests/features/data-formulator/core/voice/voice-model-registry.test.ts" name="getVoiceModel &gt; routes kind=stt to STT_MODELS" time="0.0010093">
        </testcase>
        <testcase classname="tests/features/data-formulator/core/voice/voice-model-registry.test.ts" name="getVoiceModel &gt; routes kind=tts to TTS_MODELS" time="0.0045117">
        </testcase>
        <testcase classname="tests/features/data-formulator/core/voice/voice-model-registry.test.ts" name="getVoiceModel &gt; routes kind=tts to the off model" time="0.0005724">
        </testcase>
        <testcase classname="tests/features/data-formulator/core/voice/voice-model-registry.test.ts" name="getRuntimeOrder &gt; returns [webgpu, wasm] for runtime=auto (default)" time="0.0012014">
        </testcase>
        <testcase classname="tests/features/data-formulator/core/voice/voice-model-registry.test.ts" name="getRuntimeOrder &gt; returns [webgpu, wasm] for runtime=webgpu" time="0.0006974">
        </testcase>
        <testcase classname="tests/features/data-formulator/core/voice/voice-model-registry.test.ts" name="getRuntimeOrder &gt; returns [wasm] for runtime=wasm" time="0.0003599">
        </testcase>
        <testcase classname="tests/features/data-formulator/core/voice/voice-model-registry.test.ts" name="getDefaultPrecisionForRuntime &gt; returns undefined when model has no supportedPrecisions" time="0.0005013">
        </testcase>
        <testcase classname="tests/features/data-formulator/core/voice/voice-model-registry.test.ts" name="getDefaultPrecisionForRuntime &gt; returns undefined when model has empty supportedPrecisions array" time="0.0004543">
        </testcase>
        <testcase classname="tests/features/data-formulator/core/voice/voice-model-registry.test.ts" name="getDefaultPrecisionForRuntime &gt; returns recommendedPrecision when set (ignores runtime)" time="0.0007569">
        </testcase>
        <testcase classname="tests/features/data-formulator/core/voice/voice-model-registry.test.ts" name="getDefaultPrecisionForRuntime &gt; returns fp16 for webgpu when model has fp16 support but no recommendedPrecision" time="0.0005872">
        </testcase>
        <testcase classname="tests/features/data-formulator/core/voice/voice-model-registry.test.ts" name="getDefaultPrecisionForRuntime &gt; returns q8 for wasm when model has q8 support but no fp16 and no recommendedPrecision" time="0.0005811">
        </testcase>
        <testcase classname="tests/features/data-formulator/core/voice/voice-model-registry.test.ts" name="getDefaultPrecisionForRuntime &gt; falls back to first supported precision when neither recommendedPrecision, fp16 (webgpu), nor q8 is available" time="0.0004953">
        </testcase>
        <testcase classname="tests/features/data-formulator/core/voice/voice-model-registry.test.ts" name="getDefaultPrecisionForRuntime &gt; returns first supported precision for wasm when no q8 is in the list" time="0.0003451">
        </testcase>
        <testcase classname="tests/features/data-formulator/core/voice/voice-model-registry.test.ts" name="isRuntimeSupported &gt; returns true when model supports &apos;auto&apos; and runtime is &apos;auto&apos;" time="0.0005152">
        </testcase>
        <testcase classname="tests/features/data-formulator/core/voice/voice-model-registry.test.ts" name="isRuntimeSupported &gt; returns false when model does not support &apos;auto&apos; and runtime is &apos;auto&apos;" time="0.0004721">
        </testcase>
        <testcase classname="tests/features/data-formulator/core/voice/voice-model-registry.test.ts" name="isRuntimeSupported &gt; returns true for a directly listed runtime" time="0.0006147">
        </testcase>
        <testcase classname="tests/features/data-formulator/core/voice/voice-model-registry.test.ts" name="isRuntimeSupported &gt; returns false for a runtime not in the model&apos;s supportedRuntimes" time="0.0003987">
        </testcase>
        <testcase classname="tests/features/data-formulator/core/voice/voice-model-registry.test.ts" name="isModelEnabled &gt; returns true for status=ready" time="0.0005469">
        </testcase>
        <testcase classname="tests/features/data-formulator/core/voice/voice-model-registry.test.ts" name="isModelEnabled &gt; returns true for status=experimental" time="0.0109272">
        </testcase>
        <testcase classname="tests/features/data-formulator/core/voice/voice-model-registry.test.ts" name="isModelEnabled &gt; returns false for status=planned" time="0.0019848">
        </testcase>
        <testcase classname="tests/features/data-formulator/core/voice/voice-model-registry.test.ts" name="isModelEnabled &gt; returns false for status=disabled" time="0.0004221">
        </testcase>
        <testcase classname="tests/features/data-formulator/core/voice/voice-model-registry.test.ts" name="isSttEngineEnabled &gt; returns true for whisper-tiny (ready)" time="0.0003617">
        </testcase>
        <testcase classname="tests/features/data-formulator/core/voice/voice-model-registry.test.ts" name="isSttEngineEnabled &gt; returns true for whisper-base (experimental)" time="0.0002483">
        </testcase>
        <testcase classname="tests/features/data-formulator/core/voice/voice-model-registry.test.ts" name="isSttEngineEnabled &gt; returns true for whisper-small (experimental)" time="0.0004007">
        </testcase>
        <testcase classname="tests/features/data-formulator/core/voice/voice-model-registry.test.ts" name="isSttEngineEnabled &gt; returns false for moonshine (planned)" time="0.0028295">
        </testcase>
        <testcase classname="tests/features/data-formulator/core/voice/voice-model-registry.test.ts" name="isTtsEngineEnabled &gt; returns true for off (ready)" time="0.0007149">
        </testcase>
        <testcase classname="tests/features/data-formulator/core/voice/voice-model-registry.test.ts" name="isTtsEngineEnabled &gt; returns true for kokoro (experimental)" time="0.0003345">
        </testcase>
        <testcase classname="tests/features/data-formulator/core/voice/voice-model-registry.test.ts" name="isTtsEngineEnabled &gt; returns false for piper (planned)" time="0.0004444">
        </testcase>
        <testcase classname="tests/features/data-formulator/core/voice/voice-model-registry.test.ts" name="getEnabledSttEngines &gt; returns only ready/experimental engines (excludes moonshine)" time="0.0017663">
        </testcase>
        <testcase classname="tests/features/data-formulator/core/voice/voice-model-registry.test.ts" name="getEnabledSttEngines &gt; returns 3 enabled STT engines" time="0.0017758">
        </testcase>
        <testcase classname="tests/features/data-formulator/core/voice/voice-model-registry.test.ts" name="getEnabledTtsEngines &gt; returns only ready/experimental engines (excludes piper)" time="0.0022163">
        </testcase>
        <testcase classname="tests/features/data-formulator/core/voice/voice-model-registry.test.ts" name="getEnabledTtsEngines &gt; returns 2 enabled TTS engines" time="0.002531">
        </testcase>
        <testcase classname="tests/features/data-formulator/core/voice/voice-model-registry.test.ts" name="normalizeSttEngine &gt; maps legacy &apos;whisper-multilingual&apos; to &apos;whisper-tiny&apos;" time="0.0007297">
        </testcase>
        <testcase classname="tests/features/data-formulator/core/voice/voice-model-registry.test.ts" name="normalizeSttEngine &gt; maps legacy &apos;whisper-tunisian&apos; to &apos;whisper-tiny&apos;" time="0.0003107">
        </testcase>
        <testcase classname="tests/features/data-formulator/core/voice/voice-model-registry.test.ts" name="normalizeSttEngine &gt; passes through valid known engine keys unchanged" time="0.001102">
        </testcase>
        <testcase classname="tests/features/data-formulator/core/voice/voice-model-registry.test.ts" name="normalizeSttEngine &gt; returns the default sttEngine for unknown string values" time="0.0004734">
        </testcase>
        <testcase classname="tests/features/data-formulator/core/voice/voice-model-registry.test.ts" name="normalizeSttEngine &gt; returns the default sttEngine for non-string values" time="0.0003965">
        </testcase>
        <testcase classname="tests/features/data-formulator/core/voice/voice-model-registry.test.ts" name="normalizeTtsEngine &gt; passes through known TTS engine keys unchanged" time="0.000523">
        </testcase>
        <testcase classname="tests/features/data-formulator/core/voice/voice-model-registry.test.ts" name="normalizeTtsEngine &gt; returns the default ttsEngine for unknown strings" time="0.0002639">
        </testcase>
        <testcase classname="tests/features/data-formulator/core/voice/voice-model-registry.test.ts" name="normalizeTtsEngine &gt; returns the default ttsEngine for non-string values" time="0.008425">
        </testcase>
        <testcase classname="tests/features/data-formulator/core/voice/voice-model-registry.test.ts" name="normalizeVoiceRuntime &gt; returns &apos;auto&apos; for the string &apos;auto&apos;" time="0.0008214">
        </testcase>
        <testcase classname="tests/features/data-formulator/core/voice/voice-model-registry.test.ts" name="normalizeVoiceRuntime &gt; returns &apos;webgpu&apos; for the string &apos;webgpu&apos;" time="0.0170728">
        </testcase>
        <testcase classname="tests/features/data-formulator/core/voice/voice-model-registry.test.ts" name="normalizeVoiceRuntime &gt; returns &apos;wasm&apos; for the string &apos;wasm&apos;" time="0.0148462">
        </testcase>
        <testcase classname="tests/features/data-formulator/core/voice/voice-model-registry.test.ts" name="normalizeVoiceRuntime &gt; returns the default runtime for unknown values" time="0.0031499">
        </testcase>
        <testcase classname="tests/features/data-formulator/core/voice/voice-model-registry.test.ts" name="normalizeLanguageHint &gt; passes through all valid language hints" time="0.0190911">
        </testcase>
        <testcase classname="tests/features/data-formulator/core/voice/voice-model-registry.test.ts" name="normalizeLanguageHint &gt; returns the default languageHint for unknown strings" time="0.02837">
        </testcase>
        <testcase classname="tests/features/data-formulator/core/voice/voice-model-registry.test.ts" name="normalizeLanguageHint &gt; returns the default languageHint for non-string values" time="0.0008541">
        </testcase>
        <testcase classname="tests/features/data-formulator/core/voice/voice-model-registry.test.ts" name="mapLanguageHintToWhisperLanguage &gt; returns undefined for &apos;auto&apos;" time="0.0004279">
        </testcase>
        <testcase classname="tests/features/data-formulator/core/voice/voice-model-registry.test.ts" name="mapLanguageHintToWhisperLanguage &gt; returns undefined for undefined input" time="0.0002757">
        </testcase>
        <testcase classname="tests/features/data-formulator/core/voice/voice-model-registry.test.ts" name="mapLanguageHintToWhisperLanguage &gt; returns undefined for empty string" time="0.0002153">
        </testcase>
        <testcase classname="tests/features/data-formulator/core/voice/voice-model-registry.test.ts" name="mapLanguageHintToWhisperLanguage &gt; returns &apos;arabic&apos; for &apos;ar&apos;" time="0.0002134">
        </testcase>
        <testcase classname="tests/features/data-formulator/core/voice/voice-model-registry.test.ts" name="mapLanguageHintToWhisperLanguage &gt; returns &apos;arabic&apos; for &apos;ar-TN&apos; (starts with ar)" time="0.000225">
        </testcase>
        <testcase classname="tests/features/data-formulator/core/voice/voice-model-registry.test.ts" name="mapLanguageHintToWhisperLanguage &gt; returns &apos;arabic&apos; for uppercase &apos;AR&apos; (case-insensitive)" time="0.0118369">
        </testcase>
        <testcase classname="tests/features/data-formulator/core/voice/voice-model-registry.test.ts" name="mapLanguageHintToWhisperLanguage &gt; returns &apos;french&apos; for &apos;fr&apos;" time="0.0007333">
        </testcase>
        <testcase classname="tests/features/data-formulator/core/voice/voice-model-registry.test.ts" name="mapLanguageHintToWhisperLanguage &gt; returns &apos;french&apos; for &apos;FR&apos; (case-insensitive)" time="0.0005128">
        </testcase>
        <testcase classname="tests/features/data-formulator/core/voice/voice-model-registry.test.ts" name="mapLanguageHintToWhisperLanguage &gt; returns &apos;english&apos; for &apos;en&apos;" time="0.0009097">
        </testcase>
        <testcase classname="tests/features/data-formulator/core/voice/voice-model-registry.test.ts" name="mapLanguageHintToWhisperLanguage &gt; returns &apos;english&apos; for &apos;EN&apos; (case-insensitive)" time="0.0020115">
        </testcase>
        <testcase classname="tests/features/data-formulator/core/voice/voice-model-registry.test.ts" name="mapLanguageHintToWhisperLanguage &gt; returns undefined for an unknown language code" time="0.0005689">
        </testcase>
        <testcase classname="tests/features/data-formulator/core/voice/voice-model-registry.test.ts" name="mapLanguageHintToWhisperLanguage &gt; trims leading/trailing whitespace before matching" time="0.0004377">
        </testcase>
        <testcase classname="tests/features/data-formulator/core/voice/voice-model-registry.test.ts" name="mapLanguageHintToDisplayLabel &gt; returns &apos;Auto&apos; for &apos;auto&apos;" time="0.0004566">
        </testcase>
        <testcase classname="tests/features/data-formulator/core/voice/voice-model-registry.test.ts" name="mapLanguageHintToDisplayLabel &gt; returns &apos;Tounsi&apos; for &apos;ar-TN&apos;" time="0.0003073">
        </testcase>
        <testcase classname="tests/features/data-formulator/core/voice/voice-model-registry.test.ts" name="mapLanguageHintToDisplayLabel &gt; returns &apos;Arabic&apos; for &apos;ar&apos;" time="0.0003265">
        </testcase>
        <testcase classname="tests/features/data-formulator/core/voice/voice-model-registry.test.ts" name="mapLanguageHintToDisplayLabel &gt; returns &apos;French&apos; for &apos;fr&apos;" time="0.0009727">
        </testcase>
        <testcase classname="tests/features/data-formulator/core/voice/voice-model-registry.test.ts" name="mapLanguageHintToDisplayLabel &gt; returns &apos;English&apos; for &apos;en&apos;" time="0.0004876">
        </testcase>
        <testcase classname="tests/features/data-formulator/core/voice/voice-model-registry.test.ts" name="mapLanguageHintToDisplayLabel &gt; returns the raw string for unknown language codes" time="0.0120372">
        </testcase>
        <testcase classname="tests/features/data-formulator/core/voice/voice-model-registry.test.ts" name="getVoiceReadinessScore &gt; returns 100 for an empty items array" time="0.000845">
        </testcase>
        <testcase classname="tests/features/data-formulator/core/voice/voice-model-registry.test.ts" name="getVoiceReadinessScore &gt; returns 100 when all required and optional items are ready" time="0.0004948">
        </testcase>
        <testcase classname="tests/features/data-formulator/core/voice/voice-model-registry.test.ts" name="getVoiceReadinessScore &gt; returns 80 when all required items are ready but no optional items exist" time="0.0002699">
        </testcase>
        <testcase classname="tests/features/data-formulator/core/voice/voice-model-registry.test.ts" name="getVoiceReadinessScore &gt; returns 0 when all required items are not ready and no optional items exist" time="0.0066577">
        </testcase>
        <testcase classname="tests/features/data-formulator/core/voice/voice-model-registry.test.ts" name="getVoiceReadinessScore &gt; returns 20 when only optional items exist and none are ready" time="0.0003633">
        </testcase>
        <testcase classname="tests/features/data-formulator/core/voice/voice-model-registry.test.ts" name="getVoiceReadinessScore &gt; scores partial required completion proportionally" time="0.001252">
        </testcase>
        <testcase classname="tests/features/data-formulator/core/voice/voice-model-registry.test.ts" name="getVoiceReadinessScore &gt; weights required items at 80% and optional at 20%" time="0.0004521">
        </testcase>
        <testcase classname="tests/features/data-formulator/core/voice/voice-model-registry.test.ts" name="getVoiceReadinessScore &gt; rounds the result to the nearest integer" time="0.0118536">
        </testcase>
        <testcase classname="tests/features/data-formulator/core/voice/voice-model-registry.test.ts" name="createModelCacheKey &gt; uses modelId when present (STT models)" time="0.0013309">
        </testcase>
        <testcase classname="tests/features/data-formulator/core/voice/voice-model-registry.test.ts" name="createModelCacheKey &gt; uses modelId for VAD models (silero-v5)" time="0.0004274">
        </testcase>
        <testcase classname="tests/features/data-formulator/core/voice/voice-model-registry.test.ts" name="createModelCacheKey &gt; uses modelId for TTS off model" time="0.0006821">
        </testcase>
        <testcase classname="tests/features/data-formulator/core/voice/voice-model-registry.test.ts" name="createModelCacheKey &gt; falls back to localPath when modelId is absent" time="0.0064785">
        </testcase>
        <testcase classname="tests/features/data-formulator/core/voice/voice-model-registry.test.ts" name="createModelCacheKey &gt; falls back to baseAssetPath when modelId and localPath are absent" time="0.0164355">
        </testcase>
        <testcase classname="tests/features/data-formulator/core/voice/voice-model-registry.test.ts" name="createModelCacheKey &gt; falls back to id when modelId, localPath, and baseAssetPath are all absent" time="0.0005346">
        </testcase>
        <testcase classname="tests/features/data-formulator/core/voice/voice-model-registry.test.ts" name="getModelDisplaySummary &gt; includes shortLabel and uppercased recommended runtime" time="0.0004957">
        </testcase>
        <testcase classname="tests/features/data-formulator/core/voice/voice-model-registry.test.ts" name="getModelDisplaySummary &gt; includes size hint when present" time="0.0144873">
        </testcase>
        <testcase classname="tests/features/data-formulator/core/voice/voice-model-registry.test.ts" name="getModelDisplaySummary &gt; omits size hint when not present" time="0.0011186">
        </testcase>
        <testcase classname="tests/features/data-formulator/core/voice/voice-model-registry.test.ts" name="getModelDisplaySummary &gt; includes recommendedPrecision when present" time="0.0125323">
        </testcase>
        <testcase classname="tests/features/data-formulator/core/voice/voice-model-registry.test.ts" name="getModelDisplaySummary &gt; omits precision when not present" time="0.0005287">
        </testcase>
        <testcase classname="tests/features/data-formulator/core/voice/voice-model-registry.test.ts" name="getModelDisplaySummary &gt; builds the correct format: shortLabel · RUNTIME · precision · ~sizeHintMb" time="0.0007712">
        </testcase>
        <testcase classname="tests/features/data-formulator/core/voice/voice-model-registry.test.ts" name="getModelDisplaySummary &gt; handles a model with neither size nor precision" time="0.000459">
        </testcase>
        <testcase classname="tests/features/data-formulator/core/voice/voice-model-registry.test.ts" name="ALL_VOICE_MODELS &gt; contains all VAD, STT, and TTS models" time="0.0014723">
        </testcase>
        <testcase classname="tests/features/data-formulator/core/voice/voice-model-registry.test.ts" name="ALL_VOICE_MODELS &gt; includes at least one model of each kind" time="0.0009637">
        </testcase>
        <testcase classname="tests/features/data-formulator/core/voice/voice-model-registry.test.ts" name="ALL_VOICE_MODELS &gt; contains the silero-v5 VAD model" time="0.0003611">
        </testcase>
        <testcase classname="tests/features/data-formulator/core/voice/voice-model-registry.test.ts" name="ALL_VOICE_MODELS &gt; contains the kokoro TTS model" time="0.0003338">
        </testcase>
    </testsuite>
    <testsuite name="tests/features/data-formulator/core/voice/voice-settings.test.ts" timestamp="2026-06-25T18:28:26.203Z" hostname="Desktop" tests="162" failures="0" errors="0" skipped="0" time="0.330503">
        <testcase classname="tests/features/data-formulator/core/voice/voice-settings.test.ts" name="exported constants &gt; VOICE_SETTINGS_STORAGE_KEY is the expected localStorage key" time="0.0071865">
        </testcase>
        <testcase classname="tests/features/data-formulator/core/voice/voice-settings.test.ts" name="exported constants &gt; VOICE_SETTINGS_NAMESPACE is &apos;voice&apos;" time="0.0009051">
        </testcase>
        <testcase classname="tests/features/data-formulator/core/voice/voice-settings.test.ts" name="exported constants &gt; VOICE_SETTINGS_DB_KEY is &apos;settings&apos;" time="0.0005841">
        </testcase>
        <testcase classname="tests/features/data-formulator/core/voice/voice-settings.test.ts" name="exported constants &gt; VOICE_SETTINGS_EVENT_NAME is the correct custom event name" time="0.0007477">
        </testcase>
        <testcase classname="tests/features/data-formulator/core/voice/voice-settings.test.ts" name="exported constants &gt; VOICE_SETTINGS_VERSION is a positive integer" time="0.0007923">
        </testcase>
        <testcase classname="tests/features/data-formulator/core/voice/voice-settings.test.ts" name="exported constants &gt; DEFAULT_VOICE_SETTINGS has the right mode default" time="0.0004518">
        </testcase>
        <testcase classname="tests/features/data-formulator/core/voice/voice-settings.test.ts" name="exported constants &gt; VOICE_SETTINGS_PRESETS is a non-empty array with valid ids" time="0.0054494">
        </testcase>
        <testcase classname="tests/features/data-formulator/core/voice/voice-settings.test.ts" name="getDefaultVoiceSettings &gt; returns an object with version equal to VOICE_SETTINGS_VERSION" time="0.0040046">
        </testcase>
        <testcase classname="tests/features/data-formulator/core/voice/voice-settings.test.ts" name="getDefaultVoiceSettings &gt; has a fresh updatedAt timestamp on each call" time="0.0012282">
        </testcase>
        <testcase classname="tests/features/data-formulator/core/voice/voice-settings.test.ts" name="getDefaultVoiceSettings &gt; spreads default values faithfully" time="0.0026633">
        </testcase>
        <testcase classname="tests/features/data-formulator/core/voice/voice-settings.test.ts" name="normalizeVoiceSettings &gt; returns defaults when called with null" time="0.0029134">
        </testcase>
        <testcase classname="tests/features/data-formulator/core/voice/voice-settings.test.ts" name="normalizeVoiceSettings &gt; returns defaults when called with undefined" time="0.0005897">
        </testcase>
        <testcase classname="tests/features/data-formulator/core/voice/voice-settings.test.ts" name="normalizeVoiceSettings &gt; returns defaults when called with an empty object" time="0.0041253">
        </testcase>
        <testcase classname="tests/features/data-formulator/core/voice/voice-settings.test.ts" name="normalizeVoiceSettings &gt; preserves valid mode &apos;push-to-talk&apos;" time="0.0007326">
        </testcase>
        <testcase classname="tests/features/data-formulator/core/voice/voice-settings.test.ts" name="normalizeVoiceSettings &gt; preserves valid mode &apos;auto-vad&apos;" time="0.000518">
        </testcase>
        <testcase classname="tests/features/data-formulator/core/voice/voice-settings.test.ts" name="normalizeVoiceSettings &gt; maps legacy mode &apos;push&apos; -&gt; &apos;push-to-talk&apos;" time="0.0004534">
        </testcase>
        <testcase classname="tests/features/data-formulator/core/voice/voice-settings.test.ts" name="normalizeVoiceSettings &gt; maps legacy mode &apos;hold&apos; -&gt; &apos;hold-to-talk&apos;" time="0.0003498">
        </testcase>
        <testcase classname="tests/features/data-formulator/core/voice/voice-settings.test.ts" name="normalizeVoiceSettings &gt; maps legacy mode &apos;continuous&apos; -&gt; &apos;auto-vad&apos;" time="0.0002968">
        </testcase>
        <testcase classname="tests/features/data-formulator/core/voice/voice-settings.test.ts" name="normalizeVoiceSettings &gt; falls back to default for unknown mode" time="0.0003531">
        </testcase>
        <testcase classname="tests/features/data-formulator/core/voice/voice-settings.test.ts" name="normalizeVoiceSettings &gt; clamps vadSensitivity to [0, 1]" time="0.0050553">
        </testcase>
        <testcase classname="tests/features/data-formulator/core/voice/voice-settings.test.ts" name="normalizeVoiceSettings &gt; uses default vadSensitivity for NaN input" time="0.000575">
        </testcase>
        <testcase classname="tests/features/data-formulator/core/voice/voice-settings.test.ts" name="normalizeVoiceSettings &gt; clamps maxRecordingMs to [3000, 120000]" time="0.0005761">
        </testcase>
        <testcase classname="tests/features/data-formulator/core/voice/voice-settings.test.ts" name="normalizeVoiceSettings &gt; uses default maxRecordingMs for NaN" time="0.0004485">
        </testcase>
        <testcase classname="tests/features/data-formulator/core/voice/voice-settings.test.ts" name="normalizeVoiceSettings &gt; clamps minSpeechMs to [150, 3000]" time="0.0021378">
        </testcase>
        <testcase classname="tests/features/data-formulator/core/voice/voice-settings.test.ts" name="normalizeVoiceSettings &gt; clamps silenceTimeoutMs to [250, 10000]" time="0.000749">
        </testcase>
        <testcase classname="tests/features/data-formulator/core/voice/voice-settings.test.ts" name="normalizeVoiceSettings &gt; clamps ttsSpeed to [0.5, 2]" time="0.0007465">
        </testcase>
        <testcase classname="tests/features/data-formulator/core/voice/voice-settings.test.ts" name="normalizeVoiceSettings &gt; normalizes string booleans to defaults for vadEnabled" time="0.0034741">
        </testcase>
        <testcase classname="tests/features/data-formulator/core/voice/voice-settings.test.ts" name="normalizeVoiceSettings &gt; accepts valid boolean overrides" time="0.0007727">
        </testcase>
        <testcase classname="tests/features/data-formulator/core/voice/voice-settings.test.ts" name="normalizeVoiceSettings &gt; normalizes inputDeviceId: non-string -&gt; null" time="0.0007441">
        </testcase>
        <testcase classname="tests/features/data-formulator/core/voice/voice-settings.test.ts" name="normalizeVoiceSettings &gt; normalizes inputDeviceId: empty string -&gt; null" time="0.006989">
        </testcase>
        <testcase classname="tests/features/data-formulator/core/voice/voice-settings.test.ts" name="normalizeVoiceSettings &gt; preserves valid inputDeviceId" time="0.0007927">
        </testcase>
        <testcase classname="tests/features/data-formulator/core/voice/voice-settings.test.ts" name="normalizeVoiceSettings &gt; maps legacy languageHint &apos;tounsi&apos; -&gt; &apos;ar-TN&apos;" time="0.0006652">
        </testcase>
        <testcase classname="tests/features/data-formulator/core/voice/voice-settings.test.ts" name="normalizeVoiceSettings &gt; maps legacy languageHint &apos;ar-SA&apos; -&gt; &apos;ar&apos;" time="0.0005668">
        </testcase>
        <testcase classname="tests/features/data-formulator/core/voice/voice-settings.test.ts" name="normalizeVoiceSettings &gt; maps legacy languageHint &apos;fr-FR&apos; -&gt; &apos;fr&apos;" time="0.0042373">
        </testcase>
        <testcase classname="tests/features/data-formulator/core/voice/voice-settings.test.ts" name="normalizeVoiceSettings &gt; maps legacy languageHint &apos;en-US&apos; -&gt; &apos;en&apos;" time="0.000621">
        </testcase>
        <testcase classname="tests/features/data-formulator/core/voice/voice-settings.test.ts" name="normalizeVoiceSettings &gt; passes through valid languageHint &apos;ar-TN&apos;" time="0.0004462">
        </testcase>
        <testcase classname="tests/features/data-formulator/core/voice/voice-settings.test.ts" name="normalizeVoiceSettings &gt; falls back to default for invalid languageHint" time="0.0005384">
        </testcase>
        <testcase classname="tests/features/data-formulator/core/voice/voice-settings.test.ts" name="normalizeVoiceSettings &gt; maps legacy sttEngine &apos;whisper-multilingual&apos; -&gt; &apos;whisper-tiny&apos;" time="0.0007527">
        </testcase>
        <testcase classname="tests/features/data-formulator/core/voice/voice-settings.test.ts" name="normalizeVoiceSettings &gt; maps legacy sttEngine &apos;whisper-tunisian&apos; -&gt; &apos;whisper-tiny&apos;" time="0.0032392">
        </testcase>
        <testcase classname="tests/features/data-formulator/core/voice/voice-settings.test.ts" name="normalizeVoiceSettings &gt; preserves valid sttEngine &apos;whisper-base&apos;" time="0.0008545">
        </testcase>
        <testcase classname="tests/features/data-formulator/core/voice/voice-settings.test.ts" name="normalizeVoiceSettings &gt; falls back to default sttEngine for unknown value" time="0.0011232">
        </testcase>
        <testcase classname="tests/features/data-formulator/core/voice/voice-settings.test.ts" name="normalizeVoiceSettings &gt; normalizes sttRuntime to valid values" time="0.0009782">
        </testcase>
        <testcase classname="tests/features/data-formulator/core/voice/voice-settings.test.ts" name="normalizeVoiceSettings &gt; normalizes valid speakMode values" time="0.0009012">
        </testcase>
        <testcase classname="tests/features/data-formulator/core/voice/voice-settings.test.ts" name="normalizeVoiceSettings &gt; maps legacy speakMode &apos;text-only&apos; -&gt; &apos;off&apos;" time="0.0006111">
        </testcase>
        <testcase classname="tests/features/data-formulator/core/voice/voice-settings.test.ts" name="normalizeVoiceSettings &gt; maps legacy speakMode &apos;speak-summary&apos; -&gt; &apos;summary&apos;" time="0.0009251">
        </testcase>
        <testcase classname="tests/features/data-formulator/core/voice/voice-settings.test.ts" name="normalizeVoiceSettings &gt; maps legacy speakMode &apos;speak-full&apos; -&gt; &apos;full&apos;" time="0.0007865">
        </testcase>
        <testcase classname="tests/features/data-formulator/core/voice/voice-settings.test.ts" name="normalizeVoiceSettings &gt; falls back to default speakMode for unknown value" time="0.0007105">
        </testcase>
        <testcase classname="tests/features/data-formulator/core/voice/voice-settings.test.ts" name="normalizeVoiceSettings &gt; normalizes debugLevel &apos;verbose&apos;" time="0.0008025">
        </testcase>
        <testcase classname="tests/features/data-formulator/core/voice/voice-settings.test.ts" name="normalizeVoiceSettings &gt; normalizes debugLevel &apos;normal&apos;" time="0.000518">
        </testcase>
        <testcase classname="tests/features/data-formulator/core/voice/voice-settings.test.ts" name="normalizeVoiceSettings &gt; normalizes debugLevel &apos;off&apos;" time="0.0008062">
        </testcase>
        <testcase classname="tests/features/data-formulator/core/voice/voice-settings.test.ts" name="normalizeVoiceSettings &gt; falls back to default debugLevel for unknown value" time="0.0014015">
        </testcase>
        <testcase classname="tests/features/data-formulator/core/voice/voice-settings.test.ts" name="normalizeVoiceSettings &gt; forces showTranscript=false when autoSubmit=true" time="0.0007542">
        </testcase>
        <testcase classname="tests/features/data-formulator/core/voice/voice-settings.test.ts" name="normalizeVoiceSettings &gt; forces speakMode=&apos;off&apos; and autoPlayTts=false when ttsEngine=&apos;off&apos;" time="0.0007512">
        </testcase>
        <testcase classname="tests/features/data-formulator/core/voice/voice-settings.test.ts" name="normalizeVoiceSettings &gt; prevents minSpeechMs &gt;= maxRecordingMs by clamping" time="0.0007255">
        </testcase>
        <testcase classname="tests/features/data-formulator/core/voice/voice-settings.test.ts" name="normalizeVoiceSettings &gt; migrates legacy key &apos;minRecordingMs&apos; -&gt; &apos;minSpeechMs&apos;" time="0.0005549">
        </testcase>
        <testcase classname="tests/features/data-formulator/core/voice/voice-settings.test.ts" name="normalizeVoiceSettings &gt; migrates legacy key &apos;silenceHangoverMs&apos; -&gt; &apos;silenceTimeoutMs&apos;" time="0.0004856">
        </testcase>
        <testcase classname="tests/features/data-formulator/core/voice/voice-settings.test.ts" name="normalizeVoiceSettings &gt; migrates legacy key &apos;voiceMode&apos; -&gt; &apos;mode&apos; when &apos;mode&apos; absent" time="0.0004865">
        </testcase>
        <testcase classname="tests/features/data-formulator/core/voice/voice-settings.test.ts" name="normalizeVoiceSettings &gt; does not override &apos;mode&apos; with &apos;voiceMode&apos; when &apos;mode&apos; is already present" time="0.000597">
        </testcase>
        <testcase classname="tests/features/data-formulator/core/voice/voice-settings.test.ts" name="normalizeVoiceSettings &gt; migrates legacy key &apos;ttsEnabled: true&apos; -&gt; speakMode=&apos;summary&apos;" time="0.000607">
        </testcase>
        <testcase classname="tests/features/data-formulator/core/voice/voice-settings.test.ts" name="normalizeVoiceSettings &gt; migrates legacy key &apos;ttsEnabled: false&apos; -&gt; speakMode=&apos;off&apos;" time="0.0005319">
        </testcase>
        <testcase classname="tests/features/data-formulator/core/voice/voice-settings.test.ts" name="normalizeVoiceSettings &gt; migrates legacy &apos;outputMode&apos; -&gt; &apos;speakMode&apos; when &apos;speakMode&apos; absent" time="0.0005699">
        </testcase>
        <testcase classname="tests/features/data-formulator/core/voice/voice-settings.test.ts" name="normalizeVoiceSettings &gt; preserves updatedAt when it is a finite number" time="0.0004777">
        </testcase>
        <testcase classname="tests/features/data-formulator/core/voice/voice-settings.test.ts" name="normalizeVoiceSettings &gt; refreshes updatedAt for NaN input" time="0.0004864">
        </testcase>
        <testcase classname="tests/features/data-formulator/core/voice/voice-settings.test.ts" name="normalizeVoiceSettings &gt; normalizes ttsVoice: null falls back to default" time="0.0005137">
        </testcase>
        <testcase classname="tests/features/data-formulator/core/voice/voice-settings.test.ts" name="normalizeVoiceSettings &gt; normalizes ttsVoice: empty string falls back to default" time="0.000482">
        </testcase>
        <testcase classname="tests/features/data-formulator/core/voice/voice-settings.test.ts" name="normalizeVoiceSettings &gt; preserves a recognized KOKORO voice id" time="0.0006019">
        </testcase>
        <testcase classname="tests/features/data-formulator/core/voice/voice-settings.test.ts" name="normalizeVoiceSettings &gt; preserves an unrecognized TTS voice id (passthrough)" time="0.0014072">
        </testcase>
        <testcase classname="tests/features/data-formulator/core/voice/voice-settings.test.ts" name="normalizeVoiceSettings &gt; normalizes localSttModelPath: non-string -&gt; null" time="0.0006662">
        </testcase>
        <testcase classname="tests/features/data-formulator/core/voice/voice-settings.test.ts" name="normalizeVoiceSettings &gt; normalizes localSttModelPath: whitespace -&gt; null" time="0.0004286">
        </testcase>
        <testcase classname="tests/features/data-formulator/core/voice/voice-settings.test.ts" name="normalizeVoiceSettings &gt; preserves a valid localSttModelPath" time="0.0004868">
        </testcase>
        <testcase classname="tests/features/data-formulator/core/voice/voice-settings.test.ts" name="normalizeVoiceSettings &gt; normalizes localTtsModelPath: whitespace -&gt; null" time="0.0005736">
        </testcase>
        <testcase classname="tests/features/data-formulator/core/voice/voice-settings.test.ts" name="normalizeVoiceSettings &gt; preserves a valid localTtsModelPath" time="0.0004584">
        </testcase>
        <testcase classname="tests/features/data-formulator/core/voice/voice-settings.test.ts" name="validateVoiceSettings &gt; returns valid=true and no errors for a clean config" time="0.0034595">
        </testcase>
        <testcase classname="tests/features/data-formulator/core/voice/voice-settings.test.ts" name="validateVoiceSettings &gt; errors when auto-vad mode is used without vadEnabled=true" time="0.0019897">
        </testcase>
        <testcase classname="tests/features/data-formulator/core/voice/voice-settings.test.ts" name="validateVoiceSettings &gt; errors when speakMode is not off but ttsEngine is off" time="0.0010759">
        </testcase>
        <testcase classname="tests/features/data-formulator/core/voice/voice-settings.test.ts" name="validateVoiceSettings &gt; warns when autoSubmit=true and showTranscript=true" time="0.0007166">
        </testcase>
        <testcase classname="tests/features/data-formulator/core/voice/voice-settings.test.ts" name="validateVoiceSettings &gt; warns when debugLevel=verbose and debugEnabled=false" time="0.0011274">
        </testcase>
        <testcase classname="tests/features/data-formulator/core/voice/voice-settings.test.ts" name="validateVoiceSettings &gt; does not warn about enabled STT/TTS engines" time="0.0009494">
        </testcase>
        <testcase classname="tests/features/data-formulator/core/voice/voice-settings.test.ts" name="validateVoiceSettings &gt; warns when sttEngine is not enabled (moonshine is planned)" time="0.0007702">
        </testcase>
        <testcase classname="tests/features/data-formulator/core/voice/voice-settings.test.ts" name="validateVoiceSettings &gt; returns valid=false only when errors exist" time="0.0006498">
        </testcase>
        <testcase classname="tests/features/data-formulator/core/voice/voice-settings.test.ts" name="loadVoiceSettings / saveVoiceSettings &gt; returns defaults when localStorage is empty" time="0.0020947">
        </testcase>
        <testcase classname="tests/features/data-formulator/core/voice/voice-settings.test.ts" name="loadVoiceSettings / saveVoiceSettings &gt; saveVoiceSettings writes to localStorage and returns normalized settings" time="0.005026">
        </testcase>
        <testcase classname="tests/features/data-formulator/core/voice/voice-settings.test.ts" name="loadVoiceSettings / saveVoiceSettings &gt; loadVoiceSettings reads back what was saved" time="0.0030958">
        </testcase>
        <testcase classname="tests/features/data-formulator/core/voice/voice-settings.test.ts" name="loadVoiceSettings / saveVoiceSettings &gt; saveVoiceSettings dispatches a custom event by default" time="0.0106333">
        </testcase>
        <testcase classname="tests/features/data-formulator/core/voice/voice-settings.test.ts" name="loadVoiceSettings / saveVoiceSettings &gt; saveVoiceSettings does not dispatch when dispatch=false" time="0.0058067">
        </testcase>
        <testcase classname="tests/features/data-formulator/core/voice/voice-settings.test.ts" name="loadVoiceSettings / saveVoiceSettings &gt; saveVoiceSettings uses the provided eventType in the dispatched event" time="0.0041415">
        </testcase>
        <testcase classname="tests/features/data-formulator/core/voice/voice-settings.test.ts" name="loadVoiceSettingsSnapshot &gt; returns source=&apos;defaults&apos; when localStorage is empty" time="0.0044">
        </testcase>
        <testcase classname="tests/features/data-formulator/core/voice/voice-settings.test.ts" name="loadVoiceSettingsSnapshot &gt; returns source=&apos;storage&apos; when localStorage has current-version data" time="0.001486">
        </testcase>
        <testcase classname="tests/features/data-formulator/core/voice/voice-settings.test.ts" name="loadVoiceSettingsSnapshot &gt; returns source=&apos;migration&apos; when localStorage has an older version" time="0.0019482">
        </testcase>
        <testcase classname="tests/features/data-formulator/core/voice/voice-settings.test.ts" name="updateVoiceSettings &gt; merges patch into current settings" time="0.0012324">
        </testcase>
        <testcase classname="tests/features/data-formulator/core/voice/voice-settings.test.ts" name="updateVoiceSettings &gt; dispatches an &apos;updated&apos; event" time="0.006346">
        </testcase>
        <testcase classname="tests/features/data-formulator/core/voice/voice-settings.test.ts" name="resetVoiceSettings &gt; resets settings back to defaults and dispatches a &apos;reset&apos; event" time="0.0022533">
        </testcase>
        <testcase classname="tests/features/data-formulator/core/voice/voice-settings.test.ts" name="clearVoiceSettings &gt; removes the localStorage key and dispatches a reset event" time="0.0069101">
        </testcase>
        <testcase classname="tests/features/data-formulator/core/voice/voice-settings.test.ts" name="dispatchVoiceSettingsChanged &gt; dispatches a CustomEvent with the given payload" time="0.0063515">
        </testcase>
        <testcase classname="tests/features/data-formulator/core/voice/voice-settings.test.ts" name="subscribeVoiceSettings &gt; returns an unsubscribe function" time="0.0025236">
        </testcase>
        <testcase classname="tests/features/data-formulator/core/voice/voice-settings.test.ts" name="subscribeVoiceSettings &gt; calls the listener when a voice settings event is dispatched" time="0.0017526">
        </testcase>
        <testcase classname="tests/features/data-formulator/core/voice/voice-settings.test.ts" name="subscribeVoiceSettings &gt; stops receiving events after unsubscribe" time="0.001089">
        </testcase>
        <testcase classname="tests/features/data-formulator/core/voice/voice-settings.test.ts" name="subscribeVoiceSettings &gt; calls the listener when a storage event with the correct key fires" time="0.0016824">
        </testcase>
        <testcase classname="tests/features/data-formulator/core/voice/voice-settings.test.ts" name="subscribeVoiceSettings &gt; ignores storage events for unrelated keys" time="0.0008496">
        </testcase>
        <testcase classname="tests/features/data-formulator/core/voice/voice-settings.test.ts" name="loadVoiceSettingsFromDatabase &gt; returns null for a 404 response" time="0.0007745">
        </testcase>
        <testcase classname="tests/features/data-formulator/core/voice/voice-settings.test.ts" name="loadVoiceSettingsFromDatabase &gt; throws for a non-ok, non-404 response" time="0.0040967">
        </testcase>
        <testcase classname="tests/features/data-formulator/core/voice/voice-settings.test.ts" name="loadVoiceSettingsFromDatabase &gt; returns null when payload.value is null" time="0.0006794">
        </testcase>
        <testcase classname="tests/features/data-formulator/core/voice/voice-settings.test.ts" name="loadVoiceSettingsFromDatabase &gt; returns null when payload.value is absent" time="0.0005946">
        </testcase>
        <testcase classname="tests/features/data-formulator/core/voice/voice-settings.test.ts" name="loadVoiceSettingsFromDatabase &gt; returns normalized settings when payload.value is present" time="0.0006857">
        </testcase>
        <testcase classname="tests/features/data-formulator/core/voice/voice-settings.test.ts" name="loadVoiceSettingsFromDatabase &gt; calls fetch with the correct API path" time="0.005489">
        </testcase>
        <testcase classname="tests/features/data-formulator/core/voice/voice-settings.test.ts" name="hydrateVoiceSettingsFromDatabase &gt; returns null when loadVoiceSettingsFromDatabase returns null" time="0.0008793">
        </testcase>
        <testcase classname="tests/features/data-formulator/core/voice/voice-settings.test.ts" name="hydrateVoiceSettingsFromDatabase &gt; writes remote to cache and returns remote when no local cache exists" time="0.0012703">
        </testcase>
        <testcase classname="tests/features/data-formulator/core/voice/voice-settings.test.ts" name="hydrateVoiceSettingsFromDatabase &gt; persists local settings and returns local when local is newer than remote" time="0.0024915">
        </testcase>
        <testcase classname="tests/features/data-formulator/core/voice/voice-settings.test.ts" name="hydrateVoiceSettingsFromDatabase &gt; does not dispatch an event when remote and local are identical" time="0.0016042">
        </testcase>
        <testcase classname="tests/features/data-formulator/core/voice/voice-settings.test.ts" name="getVoiceSettingsPreset &gt; returns the preset for a known id" time="0.0017038">
        </testcase>
        <testcase classname="tests/features/data-formulator/core/voice/voice-settings.test.ts" name="getVoiceSettingsPreset &gt; returns null for an unknown id" time="0.0007279">
        </testcase>
        <testcase classname="tests/features/data-formulator/core/voice/voice-settings.test.ts" name="getVoiceSettingsPreset &gt; can find all preset ids" time="0.0012148">
        </testcase>
        <testcase classname="tests/features/data-formulator/core/voice/voice-settings.test.ts" name="applyVoiceSettingsPreset &gt; applies the &apos;safe-review&apos; preset and returns updated settings" time="0.0017605">
        </testcase>
        <testcase classname="tests/features/data-formulator/core/voice/voice-settings.test.ts" name="applyVoiceSettingsPreset &gt; applies the &apos;fast-command&apos; preset" time="0.0035748">
        </testcase>
        <testcase classname="tests/features/data-formulator/core/voice/voice-settings.test.ts" name="applyVoiceSettingsPreset &gt; applies the &apos;hands-free&apos; preset" time="0.0014594">
        </testcase>
        <testcase classname="tests/features/data-formulator/core/voice/voice-settings.test.ts" name="applyVoiceSettingsPreset &gt; applies the &apos;debug&apos; preset" time="0.0020476">
        </testcase>
        <testcase classname="tests/features/data-formulator/core/voice/voice-settings.test.ts" name="applyVoiceSettingsPreset &gt; applies the &apos;text-only&apos; preset" time="0.004198">
        </testcase>
        <testcase classname="tests/features/data-formulator/core/voice/voice-settings.test.ts" name="applyVoiceSettingsPreset &gt; throws for an unknown preset id" time="0.0008016">
        </testcase>
        <testcase classname="tests/features/data-formulator/core/voice/voice-settings.test.ts" name="getVoiceOutputMode &gt; returns &apos;text-only&apos; when ttsEngine is &apos;off&apos;" time="0.0103668">
        </testcase>
        <testcase classname="tests/features/data-formulator/core/voice/voice-settings.test.ts" name="getVoiceOutputMode &gt; returns &apos;text-only&apos; when speakMode is &apos;off&apos;" time="0.0007607">
        </testcase>
        <testcase classname="tests/features/data-formulator/core/voice/voice-settings.test.ts" name="getVoiceOutputMode &gt; returns &apos;speak-summary&apos; when speakMode is &apos;summary&apos;" time="0.0098216">
        </testcase>
        <testcase classname="tests/features/data-formulator/core/voice/voice-settings.test.ts" name="getVoiceOutputMode &gt; returns &apos;speak-full&apos; when speakMode is &apos;full&apos;" time="0.0008991">
        </testcase>
        <testcase classname="tests/features/data-formulator/core/voice/voice-settings.test.ts" name="getTranscriptBehavior &gt; returns &apos;review&apos; when autoSubmit=false" time="0.0006731">
        </testcase>
        <testcase classname="tests/features/data-formulator/core/voice/voice-settings.test.ts" name="getTranscriptBehavior &gt; returns &apos;silent-submit&apos; when autoSubmit=true and showTranscript=false" time="0.000625">
        </testcase>
        <testcase classname="tests/features/data-formulator/core/voice/voice-settings.test.ts" name="getTranscriptBehavior &gt; returns &apos;auto-submit&apos; when autoSubmit=true and showTranscript=true (manual object)" time="0.0005883">
        </testcase>
        <testcase classname="tests/features/data-formulator/core/voice/voice-settings.test.ts" name="getVadThresholdsFromSensitivity &gt; at sensitivity=0, positiveSpeechThreshold is 0.75" time="0.0007833">
        </testcase>
        <testcase classname="tests/features/data-formulator/core/voice/voice-settings.test.ts" name="getVadThresholdsFromSensitivity &gt; at sensitivity=1, positiveSpeechThreshold is 0.40" time="0.0006484">
        </testcase>
        <testcase classname="tests/features/data-formulator/core/voice/voice-settings.test.ts" name="getVadThresholdsFromSensitivity &gt; negativeSpeechThreshold is at least 0.15" time="0.0005971">
        </testcase>
        <testcase classname="tests/features/data-formulator/core/voice/voice-settings.test.ts" name="getVadThresholdsFromSensitivity &gt; negativeSpeechThreshold &lt;= positiveSpeechThreshold for mid sensitivity" time="0.0006625">
        </testcase>
        <testcase classname="tests/features/data-formulator/core/voice/voice-settings.test.ts" name="getVadThresholdsFromSensitivity &gt; returns rounded values to two decimal places" time="0.0005697">
        </testcase>
        <testcase classname="tests/features/data-formulator/core/voice/voice-settings.test.ts" name="getVadFrameSettings &gt; returns positive frame counts for default settings" time="0.001532">
        </testcase>
        <testcase classname="tests/features/data-formulator/core/voice/voice-settings.test.ts" name="getVadFrameSettings &gt; redemptionFrames &gt;= 4 for very short silenceTimeoutMs" time="0.000862">
        </testcase>
        <testcase classname="tests/features/data-formulator/core/voice/voice-settings.test.ts" name="getVadFrameSettings &gt; minSpeechFrames &gt;= 3 for very short minSpeechMs" time="0.0008712">
        </testcase>
        <testcase classname="tests/features/data-formulator/core/voice/voice-settings.test.ts" name="getVadFrameSettings &gt; preSpeechPadFrames is always 10" time="0.0006597">
        </testcase>
        <testcase classname="tests/features/data-formulator/core/voice/voice-settings.test.ts" name="getVadFrameSettings &gt; larger silenceTimeoutMs gives more redemptionFrames" time="0.0007969">
        </testcase>
        <testcase classname="tests/features/data-formulator/core/voice/voice-settings.test.ts" name="mode predicate helpers &gt; shouldAutoStartVad is true for auto-vad" time="0.0018817">
        </testcase>
        <testcase classname="tests/features/data-formulator/core/voice/voice-settings.test.ts" name="mode predicate helpers &gt; shouldStopOnPointerUp is true for hold-to-talk" time="0.0033456">
        </testcase>
        <testcase classname="tests/features/data-formulator/core/voice/voice-settings.test.ts" name="mode predicate helpers &gt; shouldToggleOnPointerDown is true for push-to-talk" time="0.0019291">
        </testcase>
        <testcase classname="tests/features/data-formulator/core/voice/voice-settings.test.ts" name="mode predicate helpers &gt; shouldReviewTranscript is true when not auto-submitting" time="0.0011586">
        </testcase>
        <testcase classname="tests/features/data-formulator/core/voice/voice-settings.test.ts" name="mode predicate helpers &gt; shouldReviewTranscript is false when auto-submitting silently" time="0.0033028">
        </testcase>
        <testcase classname="tests/features/data-formulator/core/voice/voice-settings.test.ts" name="mode predicate helpers &gt; shouldSpeakAssistantResponse is false when ttsEngine=&apos;off&apos;" time="0.0010913">
        </testcase>
        <testcase classname="tests/features/data-formulator/core/voice/voice-settings.test.ts" name="mode predicate helpers &gt; shouldSpeakAssistantResponse is false when speakMode=&apos;off&apos; even with active engine" time="0.0019587">
        </testcase>
        <testcase classname="tests/features/data-formulator/core/voice/voice-settings.test.ts" name="mode predicate helpers &gt; shouldSpeakAssistantResponse is true for kokoro + summary" time="0.0010237">
        </testcase>
        <testcase classname="tests/features/data-formulator/core/voice/voice-settings.test.ts" name="mode predicate helpers &gt; shouldSpeakAssistantResponse is true for kokoro + full" time="0.0006431">
        </testcase>
        <testcase classname="tests/features/data-formulator/core/voice/voice-settings.test.ts" name="getVoiceSettingsSummary &gt; includes mode, languageHint, sttEngine, and sttRuntime" time="0.0016695">
        </testcase>
        <testcase classname="tests/features/data-formulator/core/voice/voice-settings.test.ts" name="getVoiceSettingsSummary &gt; includes debug info when debugEnabled=true" time="0.0103391">
        </testcase>
        <testcase classname="tests/features/data-formulator/core/voice/voice-settings.test.ts" name="getVoiceSettingsSummary &gt; does not include debug info when debugEnabled=false" time="0.0046424">
        </testcase>
        <testcase classname="tests/features/data-formulator/core/voice/voice-settings.test.ts" name="getVoiceSettingsSummary &gt; uses · separator between fields" time="0.0035131">
        </testcase>
        <testcase classname="tests/features/data-formulator/core/voice/voice-settings.test.ts" name="createVoiceWorkerSettingsPayload &gt; returns an object with vad, stt, tts sub-payloads" time="0.0026798">
        </testcase>
        <testcase classname="tests/features/data-formulator/core/voice/voice-settings.test.ts" name="createVoiceWorkerSettingsPayload &gt; vad sub-payload contains expected keys" time="0.0014749">
        </testcase>
        <testcase classname="tests/features/data-formulator/core/voice/voice-settings.test.ts" name="createVoiceWorkerSettingsPayload &gt; stt sub-payload maps fields correctly" time="0.0054652">
        </testcase>
        <testcase classname="tests/features/data-formulator/core/voice/voice-settings.test.ts" name="createVoiceWorkerSettingsPayload &gt; tts sub-payload maps fields correctly" time="0.0023308">
        </testcase>
        <testcase classname="tests/features/data-formulator/core/voice/voice-settings.test.ts" name="createVoiceWorkerSettingsPayload &gt; vad.emitFrameEvents maps from emitVadFrameEvents" time="0.0016005">
        </testcase>
        <testcase classname="tests/features/data-formulator/core/voice/voice-settings.test.ts" name="exportVoiceSettings &gt; returns a valid JSON string of the current settings" time="0.0090358">
        </testcase>
        <testcase classname="tests/features/data-formulator/core/voice/voice-settings.test.ts" name="exportVoiceSettings &gt; returns pretty-printed JSON (with newlines)" time="0.0007413">
        </testcase>
        <testcase classname="tests/features/data-formulator/core/voice/voice-settings.test.ts" name="exportVoiceSettingsFromDatabase &gt; returns serialized settings from the database when available" time="0.0010942">
        </testcase>
        <testcase classname="tests/features/data-formulator/core/voice/voice-settings.test.ts" name="exportVoiceSettingsFromDatabase &gt; falls back to local settings when database returns null" time="0.0009425">
        </testcase>
        <testcase classname="tests/features/data-formulator/core/voice/voice-settings.test.ts" name="importVoiceSettings &gt; imports valid JSON and applies settings" time="0.0053253">
        </testcase>
        <testcase classname="tests/features/data-formulator/core/voice/voice-settings.test.ts" name="importVoiceSettings &gt; persists imported settings to localStorage" time="0.0020197">
        </testcase>
        <testcase classname="tests/features/data-formulator/core/voice/voice-settings.test.ts" name="importVoiceSettings &gt; throws for invalid JSON" time="0.0015897">
        </testcase>
        <testcase classname="tests/features/data-formulator/core/voice/voice-settings.test.ts" name="importVoiceSettings &gt; throws for JSON that parses to non-object (e.g. null literal)" time="0.0013535">
        </testcase>
        <testcase classname="tests/features/data-formulator/core/voice/voice-settings.test.ts" name="importVoiceSettings &gt; accepts JSON that parses to a number and normalizes to defaults (number is truthy)" time="0.0010933">
        </testcase>
    </testsuite>
    <testsuite name="tests/features/data-formulator/core/swarm/agents/analyze.test.ts" timestamp="2026-06-25T18:28:26.220Z" hostname="Desktop" tests="10" failures="0" errors="0" skipped="0" time="0.0768516">
        <testcase classname="tests/features/data-formulator/core/swarm/agents/analyze.test.ts" name="runAnalysisPlan &gt; returns the model&apos;s structured plan unchanged" time="0.0481074">
        </testcase>
        <testcase classname="tests/features/data-formulator/core/swarm/agents/analyze.test.ts" name="runAnalysisPlan &gt; validates against the plan schema and forwards it to the model" time="0.0024393">
        </testcase>
        <testcase classname="tests/features/data-formulator/core/swarm/agents/analyze.test.ts" name="runAnalysisPlan &gt; embeds the dataset grounding block and the user&apos;s question in the prompt" time="0.001357">
        </testcase>
        <testcase classname="tests/features/data-formulator/core/swarm/agents/analyze.test.ts" name="runAnalysisPlan &gt; omits the Question line when there is no user prompt" time="0.0009317">
        </testcase>
        <testcase classname="tests/features/data-formulator/core/swarm/agents/analyze.test.ts" name="analysisPlanSchema &gt; parses a minimal valid plan" time="0.0080356">
        </testcase>
        <testcase classname="tests/features/data-formulator/core/swarm/agents/analyze.test.ts" name="analysisPlanSchema &gt; allows empty spec arrays" time="0.0025208">
        </testcase>
        <testcase classname="tests/features/data-formulator/core/swarm/agents/analyze.test.ts" name="analysisPlanSchema &gt; rejects more than 4 sqlSpecs" time="0.0026827">
        </testcase>
        <testcase classname="tests/features/data-formulator/core/swarm/agents/analyze.test.ts" name="analysisPlanSchema &gt; rejects a chartSpec with a chart type outside the allowed vocabulary" time="0.0017866">
        </testcase>
        <testcase classname="tests/features/data-formulator/core/swarm/agents/analyze.test.ts" name="analysisPlanSchema &gt; rejects an anomaly check with an unknown kind" time="0.0014842">
        </testcase>
        <testcase classname="tests/features/data-formulator/core/swarm/agents/analyze.test.ts" name="analysisPlanSchema &gt; treats the chart series field as optional" time="0.0005619">
        </testcase>
    </testsuite>
    <testsuite name="tests/features/data-formulator/core/swarm/agents/answer.test.ts" timestamp="2026-06-25T18:28:26.222Z" hostname="Desktop" tests="7" failures="0" errors="0" skipped="0" time="0.0500612">
        <testcase classname="tests/features/data-formulator/core/swarm/agents/answer.test.ts" name="runAnswer &gt; shapes the model output into a SwarmResult, trimming and filtering arrays" time="0.0379661">
        </testcase>
        <testcase classname="tests/features/data-formulator/core/swarm/agents/answer.test.ts" name="runAnswer &gt; keeps the model&apos;s confidence when real data backs the answer" time="0.0013706">
        </testcase>
        <testcase classname="tests/features/data-formulator/core/swarm/agents/answer.test.ts" name="runAnswer &gt; caps confidence to &apos;low&apos; when the model claims real data but no rows exist" time="0.0006485">
        </testcase>
        <testcase classname="tests/features/data-formulator/core/swarm/agents/answer.test.ts" name="runAnswer &gt; does not downgrade confidence when the model admits it did not use real data" time="0.0004985">
        </testcase>
        <testcase classname="tests/features/data-formulator/core/swarm/agents/answer.test.ts" name="runAnswer &gt; treats a non-empty chart artifact as real data backing the answer" time="0.0006045">
        </testcase>
        <testcase classname="tests/features/data-formulator/core/swarm/agents/answer.test.ts" name="runAnswer &gt; grounds the prompt in the artifact evidence and the user&apos;s question" time="0.0014462">
        </testcase>
        <testcase classname="tests/features/data-formulator/core/swarm/agents/answer.test.ts" name="runAnswer &gt; includes the &apos;no data&apos; guard in the prompt when there are no artifacts" time="0.0007691">
        </testcase>
    </testsuite>
    <testsuite name="tests/features/data-formulator/core/swarm/agents/base.prop.test.ts" timestamp="2026-06-25T18:28:26.223Z" hostname="Desktop" tests="8" failures="0" errors="0" skipped="0" time="0.6139214">
        <testcase classname="tests/features/data-formulator/core/swarm/agents/base.prop.test.ts" name="assertReadOnlySql — safety properties (fuzzed) &gt; NEVER accepts a statement that begins with a write keyword (any case) (with seed=-983511476)" time="0.1458023">
        </testcase>
        <testcase classname="tests/features/data-formulator/core/swarm/agents/base.prop.test.ts" name="assertReadOnlySql — safety properties (fuzzed) &gt; NEVER accepts a write keyword regardless of letter casing (with seed=1320433718)" time="0.1202039">
        </testcase>
        <testcase classname="tests/features/data-formulator/core/swarm/agents/base.prop.test.ts" name="assertReadOnlySql — safety properties (fuzzed) &gt; NEVER accepts a forbidden keyword smuggled INSIDE a leading SELECT/WITH (with seed=-398118539)" time="0.1171534">
        </testcase>
        <testcase classname="tests/features/data-formulator/core/swarm/agents/base.prop.test.ts" name="assertReadOnlySql — safety properties (fuzzed) &gt; NEVER accepts multiple statements separated by a semicolon (with seed=-1916238364)" time="0.0498799">
        </testcase>
        <testcase classname="tests/features/data-formulator/core/swarm/agents/base.prop.test.ts" name="assertReadOnlySql — safety properties (fuzzed) &gt; is a TOTAL function over arbitrary text: it either returns a SELECT/WITH string or throws (never returns unsafe output) (with seed=1672848308)" time="0.022848">
        </testcase>
        <testcase classname="tests/features/data-formulator/core/swarm/agents/base.prop.test.ts" name="assertReadOnlySql — well-formed SELECTs are accepted (fuzzed) &gt; accepts a plain SELECT over arbitrary identifiers / whitespace / casing (with seed=-1879952005)" time="0.0446097">
        </testcase>
        <testcase classname="tests/features/data-formulator/core/swarm/agents/base.prop.test.ts" name="assertReadOnlySql — well-formed SELECTs are accepted (fuzzed) &gt; accepts a leading WITH / CTE over arbitrary identifiers (with seed=-1473306319)" time="0.0458556">
        </testcase>
        <testcase classname="tests/features/data-formulator/core/swarm/agents/base.prop.test.ts" name="assertReadOnlySql — well-formed SELECTs are accepted (fuzzed) &gt; accepts a SELECT wrapped in a markdown fence / leading comment / trailing semicolon (model wrapping is stripped, not rejected) (with seed=-1674637106)" time="0.0301392">
        </testcase>
    </testsuite>
    <testsuite name="tests/features/data-formulator/core/swarm/agents/base.test.ts" timestamp="2026-06-25T18:28:26.224Z" hostname="Desktop" tests="32" failures="0" errors="0" skipped="0" time="0.1063152">
        <testcase classname="tests/features/data-formulator/core/swarm/agents/base.test.ts" name="coerceChartType &gt; returns the value unchanged when it is an allowed chart type" time="0.0057827">
        </testcase>
        <testcase classname="tests/features/data-formulator/core/swarm/agents/base.test.ts" name="coerceChartType &gt; falls back to &apos;bar&apos; for an unknown chart type" time="0.0006208">
        </testcase>
        <testcase classname="tests/features/data-formulator/core/swarm/agents/base.test.ts" name="schemaSummary &gt; renders one bullet per column with its type" time="0.0007659">
        </testcase>
        <testcase classname="tests/features/data-formulator/core/swarm/agents/base.test.ts" name="schemaSummary &gt; annotates derived columns" time="0.0002986">
        </testcase>
        <testcase classname="tests/features/data-formulator/core/swarm/agents/base.test.ts" name="schemaSummary &gt; returns an empty string for no columns" time="0.0002927">
        </testcase>
        <testcase classname="tests/features/data-formulator/core/swarm/agents/base.test.ts" name="contextBlock &gt; includes dataset name, exact table name, row count, and schema" time="0.0317629">
        </testcase>
        <testcase classname="tests/features/data-formulator/core/swarm/agents/base.test.ts" name="contextBlock &gt; includes a JSON sample-rows block when rows are present" time="0.0006665">
        </testcase>
        <testcase classname="tests/features/data-formulator/core/swarm/agents/base.test.ts" name="contextBlock &gt; omits the sample-rows block entirely when there are no sample rows" time="0.0007061">
        </testcase>
        <testcase classname="tests/features/data-formulator/core/swarm/agents/base.test.ts" name="contextBlock &gt; caps the sample at the first 5 rows" time="0.0007427">
        </testcase>
        <testcase classname="tests/features/data-formulator/core/swarm/agents/base.test.ts" name="sanitizeSql &gt; strips a ```sql fenced block down to the statement" time="0.0016284">
        </testcase>
        <testcase classname="tests/features/data-formulator/core/swarm/agents/base.test.ts" name="sanitizeSql &gt; strips a bare ``` fence" time="0.0008944">
        </testcase>
        <testcase classname="tests/features/data-formulator/core/swarm/agents/base.test.ts" name="sanitizeSql &gt; removes a leading line comment" time="0.000406">
        </testcase>
        <testcase classname="tests/features/data-formulator/core/swarm/agents/base.test.ts" name="sanitizeSql &gt; removes a leading block comment" time="0.0002914">
        </testcase>
        <testcase classname="tests/features/data-formulator/core/swarm/agents/base.test.ts" name="sanitizeSql &gt; trims a trailing semicolon" time="0.0003639">
        </testcase>
        <testcase classname="tests/features/data-formulator/core/swarm/agents/base.test.ts" name="sanitizeSql &gt; leaves a clean statement unchanged" time="0.0002713">
        </testcase>
        <testcase classname="tests/features/data-formulator/core/swarm/agents/base.test.ts" name="assertReadOnlySql &gt; accepts a plain SELECT and returns the sanitized statement" time="0.0007757">
        </testcase>
        <testcase classname="tests/features/data-formulator/core/swarm/agents/base.test.ts" name="assertReadOnlySql &gt; accepts a leading WITH (CTE)" time="0.0005323">
        </testcase>
        <testcase classname="tests/features/data-formulator/core/swarm/agents/base.test.ts" name="assertReadOnlySql &gt; rejects a statement that is not a SELECT/WITH" time="0.0086138">
        </testcase>
        <testcase classname="tests/features/data-formulator/core/swarm/agents/base.test.ts" name="assertReadOnlySql &gt; rejects a forbidden non-read-only keyword" time="0.0009434">
        </testcase>
        <testcase classname="tests/features/data-formulator/core/swarm/agents/base.test.ts" name="assertReadOnlySql &gt; rejects multiple statements separated by a semicolon" time="0.0006753">
        </testcase>
        <testcase classname="tests/features/data-formulator/core/swarm/agents/base.test.ts" name="runTableArtifact &gt; runs the SQL through IO and wraps the rows as a table artifact" time="0.0112765">
        </testcase>
        <testcase classname="tests/features/data-formulator/core/swarm/agents/base.test.ts" name="runTableArtifact &gt; returns an empty-rows table artifact without throwing" time="0.0033991">
        </testcase>
        <testcase classname="tests/features/data-formulator/core/swarm/agents/base.test.ts" name="runTableArtifact &gt; sanitizes BigInt values in the returned rows to JSON-safe numbers" time="0.0035227">
        </testcase>
        <testcase classname="tests/features/data-formulator/core/swarm/agents/base.test.ts" name="runChartArtifact &gt; builds SQL from the spec, queries it, and wraps it as a chart artifact" time="0.0038118">
        </testcase>
        <testcase classname="tests/features/data-formulator/core/swarm/agents/base.test.ts" name="runChartArtifact &gt; throws a descriptive error when the chart query returns no rows" time="0.0026737">
        </testcase>
        <testcase classname="tests/features/data-formulator/core/swarm/agents/base.test.ts" name="chartArtifactToQueryResult &gt; maps a chart artifact into the QueryResult shape with the correct row count" time="0.0007306">
        </testcase>
        <testcase classname="tests/features/data-formulator/core/swarm/agents/base.test.ts" name="chartArtifactToQueryResult &gt; defaults the sql to an empty string when the artifact has none" time="0.0004656">
        </testcase>
        <testcase classname="tests/features/data-formulator/core/swarm/agents/base.test.ts" name="artifactEvidence &gt; returns a &apos;no data&apos; guard string for an empty artifact list" time="0.0012276">
        </testcase>
        <testcase classname="tests/features/data-formulator/core/swarm/agents/base.test.ts" name="artifactEvidence &gt; summarizes a table artifact with its row count and data sample" time="0.0013928">
        </testcase>
        <testcase classname="tests/features/data-formulator/core/swarm/agents/base.test.ts" name="artifactEvidence &gt; renders a KPI artifact with its label, value, and delta" time="0.0008733">
        </testcase>
        <testcase classname="tests/features/data-formulator/core/swarm/agents/base.test.ts" name="artifactEvidence &gt; omits the delta clause for a KPI with no delta" time="0.0073682">
        </testcase>
        <testcase classname="tests/features/data-formulator/core/swarm/agents/base.test.ts" name="artifactEvidence &gt; caps the per-artifact row sample to the first 8 rows" time="0.0046644">
        </testcase>
    </testsuite>
    <testsuite name="tests/features/data-formulator/core/swarm/agents/critic.test.ts" timestamp="2026-06-25T18:28:26.227Z" hostname="Desktop" tests="16" failures="0" errors="0" skipped="0" time="0.0946296">
        <testcase classname="tests/features/data-formulator/core/swarm/agents/critic.test.ts" name="describeArtifact &gt; describes a chart with type, encodings, and row count" time="0.0057999">
        </testcase>
        <testcase classname="tests/features/data-formulator/core/swarm/agents/critic.test.ts" name="describeArtifact &gt; describes a table with its row count and sql" time="0.0008504">
        </testcase>
        <testcase classname="tests/features/data-formulator/core/swarm/agents/critic.test.ts" name="describeArtifact &gt; describes a KPI with label, value, and delta" time="0.0006241">
        </testcase>
        <testcase classname="tests/features/data-formulator/core/swarm/agents/critic.test.ts" name="describeArtifact &gt; omits the delta segment for a KPI with no delta" time="0.0004736">
        </testcase>
        <testcase classname="tests/features/data-formulator/core/swarm/agents/critic.test.ts" name="describeArtifact &gt; describes an insight with severity and body" time="0.0004193">
        </testcase>
        <testcase classname="tests/features/data-formulator/core/swarm/agents/critic.test.ts" name="runCritic &gt; rejects immediately without an LLM call when no artifacts were produced" time="0.0034535">
        </testcase>
        <testcase classname="tests/features/data-formulator/core/swarm/agents/critic.test.ts" name="runCritic &gt; returns an accepted verdict built from the model output" time="0.0524597">
        </testcase>
        <testcase classname="tests/features/data-formulator/core/swarm/agents/critic.test.ts" name="runCritic &gt; returns a rejected verdict when the model rejects" time="0.0009978">
        </testcase>
        <testcase classname="tests/features/data-formulator/core/swarm/agents/critic.test.ts" name="runCritic &gt; passes a grounded prompt with the schema, task, and artifact report to the model" time="0.0018411">
        </testcase>
        <testcase classname="tests/features/data-formulator/core/swarm/agents/critic.test.ts" name="runCritic &gt; throws when the model returns no usable verdict" time="0.0044163">
        </testcase>
        <testcase classname="tests/features/data-formulator/core/swarm/agents/critic.test.ts" name="runCritic &gt; throws when the verdict&apos;s accepted field is not a boolean" time="0.0011009">
        </testcase>
        <testcase classname="tests/features/data-formulator/core/swarm/agents/critic.test.ts" name="runBatchedCritic &gt; returns an empty array without an LLM call for no items" time="0.0012339">
        </testcase>
        <testcase classname="tests/features/data-formulator/core/swarm/agents/critic.test.ts" name="runBatchedCritic &gt; maps each model verdict to a CriticVerdict, trimming reasons" time="0.0012141">
        </testcase>
        <testcase classname="tests/features/data-formulator/core/swarm/agents/critic.test.ts" name="runBatchedCritic &gt; builds one prompt covering every task id and its artifacts" time="0.0009607">
        </testcase>
        <testcase classname="tests/features/data-formulator/core/swarm/agents/critic.test.ts" name="batchedVerdictSchema &gt; accepts a well-formed batched verdict payload" time="0.004968">
        </testcase>
        <testcase classname="tests/features/data-formulator/core/swarm/agents/critic.test.ts" name="batchedVerdictSchema &gt; rejects a verdict with an out-of-enum confidence" time="0.002667">
        </testcase>
    </testsuite>
    <testsuite name="tests/features/data-formulator/core/swarm/agents/lookup.test.ts" timestamp="2026-06-25T18:28:26.229Z" hostname="Desktop" tests="7" failures="0" errors="0" skipped="0" time="0.1300036">
        <testcase classname="tests/features/data-formulator/core/swarm/agents/lookup.test.ts" name="runLookup &gt; runs the model&apos;s SQL once and returns a finished result with the table artifact" time="0.0713698">
        </testcase>
        <testcase classname="tests/features/data-formulator/core/swarm/agents/lookup.test.ts" name="runLookup &gt; falls back to the headline as the goal when there is no user prompt" time="0.0071132">
        </testcase>
        <testcase classname="tests/features/data-formulator/core/swarm/agents/lookup.test.ts" name="runLookup &gt; downgrades confidence to &apos;low&apos; when the query returns no rows" time="0.002425">
        </testcase>
        <testcase classname="tests/features/data-formulator/core/swarm/agents/lookup.test.ts" name="runLookup &gt; retries with a corrected-SQL prompt after a rejected (non-read-only) statement" time="0.0019703">
        </testcase>
        <testcase classname="tests/features/data-formulator/core/swarm/agents/lookup.test.ts" name="runLookup &gt; throws after exhausting attempts when every statement is invalid" time="0.0166258">
        </testcase>
        <testcase classname="tests/features/data-formulator/core/swarm/agents/lookup.test.ts" name="runLookup &gt; retries when the SQL is valid but the query itself throws" time="0.0016271">
        </testcase>
        <testcase classname="tests/features/data-formulator/core/swarm/agents/lookup.test.ts" name="runLookup &gt; sends a grounded base prompt (schema + question) to the model on the first attempt" time="0.006126">
        </testcase>
    </testsuite>
    <testsuite name="tests/features/data-formulator/core/swarm/agents/validate.test.ts" timestamp="2026-06-25T18:28:26.230Z" hostname="Desktop" tests="4" failures="0" errors="0" skipped="0" time="0.011174">
        <testcase classname="tests/features/data-formulator/core/swarm/agents/validate.test.ts" name="validateArtifact &gt; hard-fails a chart that encodes a non-existent column" time="0.0035417">
        </testcase>
        <testcase classname="tests/features/data-formulator/core/swarm/agents/validate.test.ts" name="validateArtifact &gt; hard-fails an empty table" time="0.0004393">
        </testcase>
        <testcase classname="tests/features/data-formulator/core/swarm/agents/validate.test.ts" name="validateArtifact &gt; passes a chart over a real column with rows" time="0.0019394">
        </testcase>
        <testcase classname="tests/features/data-formulator/core/swarm/agents/validate.test.ts" name="validateArtifact &gt; hard-fails a KPI with a non-finite delta" time="0.000543">
        </testcase>
    </testsuite>
</testsuites>
